src/components/ElectronicSignaturePad.tsx(222,18): error TS2741: Property 'watermarkData' is missing in type '{ onCapture: (photo: string) => void; }' but required in type 'PhotoCaptureProps'.
src/components/layout/PublicNavbar.tsx(16,51): error TS2339: Property 'PUBLIC_TRACKING' does not exist on type '{ readonly HOME: "/"; readonly LOGIN: "/login"; readonly DASHBOARD: "/admin/dashboard"; readonly WAREHOUSE: "/warehouse"; readonly OPERATIONS: "/operations"; readonly ACCOUNTING: "/accounting"; readonly REPORTS: "/reports"; readonly TRACKING: "/tracking"; readonly WAY_MANAGEMENT: "/admin/way-management"; readonly CREATE_SHIPMENT: "/shipments/create"; readonly SETTINGS: "/settings"; }'.
src/components/layout/PublicNavbar.tsx(17,54): error TS2339: Property 'SERVICES' does not exist on type '{ readonly HOME: "/"; readonly LOGIN: "/login"; readonly DASHBOARD: "/admin/dashboard"; readonly WAREHOUSE: "/warehouse"; readonly OPERATIONS: "/operations"; readonly ACCOUNTING: "/accounting"; readonly REPORTS: "/reports"; readonly TRACKING: "/tracking"; readonly WAY_MANAGEMENT: "/admin/way-management"; readonly CREATE_SHIPMENT: "/shipments/create"; readonly SETTINGS: "/settings"; }'.
src/components/layout/PublicNavbar.tsx(18,54): error TS2339: Property 'GET_QUOTE' does not exist on type '{ readonly HOME: "/"; readonly LOGIN: "/login"; readonly DASHBOARD: "/admin/dashboard"; readonly WAREHOUSE: "/warehouse"; readonly OPERATIONS: "/operations"; readonly ACCOUNTING: "/accounting"; readonly REPORTS: "/reports"; readonly TRACKING: "/tracking"; readonly WAY_MANAGEMENT: "/admin/way-management"; readonly CREATE_SHIPMENT: "/shipments/create"; readonly SETTINGS: "/settings"; }'.
src/components/layout/PublicNavbar.tsx(19,51): error TS2339: Property 'ABOUT' does not exist on type '{ readonly HOME: "/"; readonly LOGIN: "/login"; readonly DASHBOARD: "/admin/dashboard"; readonly WAREHOUSE: "/warehouse"; readonly OPERATIONS: "/operations"; readonly ACCOUNTING: "/accounting"; readonly REPORTS: "/reports"; readonly TRACKING: "/tracking"; readonly WAY_MANAGEMENT: "/admin/way-management"; readonly CREATE_SHIPMENT: "/shipments/create"; readonly SETTINGS: "/settings"; }'.
src/components/layout/PublicNavbar.tsx(20,50): error TS2339: Property 'NEWS' does not exist on type '{ readonly HOME: "/"; readonly LOGIN: "/login"; readonly DASHBOARD: "/admin/dashboard"; readonly WAREHOUSE: "/warehouse"; readonly OPERATIONS: "/operations"; readonly ACCOUNTING: "/accounting"; readonly REPORTS: "/reports"; readonly TRACKING: "/tracking"; readonly WAY_MANAGEMENT: "/admin/way-management"; readonly CREATE_SHIPMENT: "/shipments/create"; readonly SETTINGS: "/settings"; }'.
src/components/layout/PublicNavbar.tsx(21,53): error TS2339: Property 'CONTACT' does not exist on type '{ readonly HOME: "/"; readonly LOGIN: "/login"; readonly DASHBOARD: "/admin/dashboard"; readonly WAREHOUSE: "/warehouse"; readonly OPERATIONS: "/operations"; readonly ACCOUNTING: "/accounting"; readonly REPORTS: "/reports"; readonly TRACKING: "/tracking"; readonly WAY_MANAGEMENT: "/admin/way-management"; readonly CREATE_SHIPMENT: "/shipments/create"; readonly SETTINGS: "/settings"; }'.
src/components/maps/LogisticsMap.tsx(11,8): error TS2307: Cannot find module 'react-map-gl' or its corresponding type declarations.
src/components/RealTimeTrackingDashboard.tsx(19,3): error TS2305: Module '"@/lib/index"' has no exported member 'getStatusVariant'.
src/components/RealTimeTrackingDashboard.tsx(20,3): error TS2724: '"@/lib/index"' has no exported member named 'ShipmentStatus'. Did you mean 'SHIPMENT_STATUS'?
src/components/RoutePlanningDashboard.tsx(47,3): error TS2305: Module '"@/lib/index.ts"' has no exported member 'getStatusVariant'.
src/components/RoutePlanningDashboard.tsx(48,3): error TS2305: Module '"@/lib/index.ts"' has no exported member 'UserRole'.
src/components/RoutePlanningDashboard.tsx(49,8): error TS5097: An import path can only end with a '.ts' extension when 'allowImportingTsExtensions' is enabled.
src/components/ShipmentQRModal.tsx(27,31): error TS2339: Property 'awb_number' does not exist on type 'Shipment'.
src/components/ShipmentQRModal.tsx(27,54): error TS2339: Property 'trackingNumber' does not exist on type 'Shipment'.
src/components/ShipmentQRModal.tsx(113,36): error TS2339: Property 'origin' does not exist on type 'Shipment'.
src/components/ShipmentQRModal.tsx(113,73): error TS2339: Property 'destination' does not exist on type 'Shipment'.
src/components/ShipmentQRModal.tsx(117,36): error TS2551: Property 'created_at' does not exist on type 'Shipment'. Did you mean 'createdAt'?
src/components/ShipmentQRModal.tsx(117,69): error TS2551: Property 'created_at' does not exist on type 'Shipment'. Did you mean 'createdAt'?
src/components/ShipmentQRModal.tsx(187,68): error TS2339: Property 'destination' does not exist on type 'Shipment'.
src/components/ShipmentQRModal.tsx(195,35): error TS2551: Property 'created_at' does not exist on type 'Shipment'. Did you mean 'createdAt'?
src/components/ShipmentQRModal.tsx(195,68): error TS2551: Property 'created_at' does not exist on type 'Shipment'. Did you mean 'createdAt'?
src/components/Shipments.tsx(26,55): error TS2339: Property 'pieces' does not exist on type 'Partial<Shipment>'.
src/components/SimpleLayout.tsx(25,43): error TS2339: Property 'SHIPMENTS' does not exist on type '{ readonly HOME: "/"; readonly LOGIN: "/login"; readonly DASHBOARD: "/admin/dashboard"; readonly WAREHOUSE: "/warehouse"; readonly OPERATIONS: "/operations"; readonly ACCOUNTING: "/accounting"; readonly REPORTS: "/reports"; readonly TRACKING: "/tracking"; readonly WAY_MANAGEMENT: "/admin/way-management"; readonly CREATE_SHIPMENT: "/shipments/create"; readonly SETTINGS: "/settings"; }'.
src/components/SimpleLayout.tsx(26,39): error TS2339: Property 'FLEET' does not exist on type '{ readonly HOME: "/"; readonly LOGIN: "/login"; readonly DASHBOARD: "/admin/dashboard"; readonly WAREHOUSE: "/warehouse"; readonly OPERATIONS: "/operations"; readonly ACCOUNTING: "/accounting"; readonly REPORTS: "/reports"; readonly TRACKING: "/tracking"; readonly WAY_MANAGEMENT: "/admin/way-management"; readonly CREATE_SHIPMENT: "/shipments/create"; readonly SETTINGS: "/settings"; }'.
src/components/SimpleLayout.tsx(28,42): error TS2339: Property 'DELIVERY' does not exist on type '{ readonly HOME: "/"; readonly LOGIN: "/login"; readonly DASHBOARD: "/admin/dashboard"; readonly WAREHOUSE: "/warehouse"; readonly OPERATIONS: "/operations"; readonly ACCOUNTING: "/accounting"; readonly REPORTS: "/reports"; readonly TRACKING: "/tracking"; readonly WAY_MANAGEMENT: "/admin/way-management"; readonly CREATE_SHIPMENT: "/shipments/create"; readonly SETTINGS: "/settings"; }'.
src/components/SimpleLayout.tsx(29,43): error TS2339: Property 'ANALYTICS' does not exist on type '{ readonly HOME: "/"; readonly LOGIN: "/login"; readonly DASHBOARD: "/admin/dashboard"; readonly WAREHOUSE: "/warehouse"; readonly OPERATIONS: "/operations"; readonly ACCOUNTING: "/accounting"; readonly REPORTS: "/reports"; readonly TRACKING: "/tracking"; readonly WAY_MANAGEMENT: "/admin/way-management"; readonly CREATE_SHIPMENT: "/shipments/create"; readonly SETTINGS: "/settings"; }'.
src/components/SimpleLayout.tsx(30,39): error TS2339: Property 'USERS' does not exist on type '{ readonly HOME: "/"; readonly LOGIN: "/login"; readonly DASHBOARD: "/admin/dashboard"; readonly WAREHOUSE: "/warehouse"; readonly OPERATIONS: "/operations"; readonly ACCOUNTING: "/accounting"; readonly REPORTS: "/reports"; readonly TRACKING: "/tracking"; readonly WAY_MANAGEMENT: "/admin/way-management"; readonly CREATE_SHIPMENT: "/shipments/create"; readonly SETTINGS: "/settings"; }'.
src/components/SimpleLayout.tsx(31,41): error TS2339: Property 'FINANCE' does not exist on type '{ readonly HOME: "/"; readonly LOGIN: "/login"; readonly DASHBOARD: "/admin/dashboard"; readonly WAREHOUSE: "/warehouse"; readonly OPERATIONS: "/operations"; readonly ACCOUNTING: "/accounting"; readonly REPORTS: "/reports"; readonly TRACKING: "/tracking"; readonly WAY_MANAGEMENT: "/admin/way-management"; readonly CREATE_SHIPMENT: "/shipments/create"; readonly SETTINGS: "/settings"; }'.
src/components/SimpleLayout.tsx(32,47): error TS2339: Property 'PARCEL_PICKUP' does not exist on type '{ readonly HOME: "/"; readonly LOGIN: "/login"; readonly DASHBOARD: "/admin/dashboard"; readonly WAREHOUSE: "/warehouse"; readonly OPERATIONS: "/operations"; readonly ACCOUNTING: "/accounting"; readonly REPORTS: "/reports"; readonly TRACKING: "/tracking"; readonly WAY_MANAGEMENT: "/admin/way-management"; readonly CREATE_SHIPMENT: "/shipments/create"; readonly SETTINGS: "/settings"; }'.
src/components/SimpleLayout.tsx(33,52): error TS2339: Property 'ADVANCED_LOGISTICS' does not exist on type '{ readonly HOME: "/"; readonly LOGIN: "/login"; readonly DASHBOARD: "/admin/dashboard"; readonly WAREHOUSE: "/warehouse"; readonly OPERATIONS: "/operations"; readonly ACCOUNTING: "/accounting"; readonly REPORTS: "/reports"; readonly TRACKING: "/tracking"; readonly WAY_MANAGEMENT: "/admin/way-management"; readonly CREATE_SHIPMENT: "/shipments/create"; readonly SETTINGS: "/settings"; }'.
src/components/SimpleLayout.tsx(34,53): error TS2339: Property 'SHIPPING_CALCULATOR' does not exist on type '{ readonly HOME: "/"; readonly LOGIN: "/login"; readonly DASHBOARD: "/admin/dashboard"; readonly WAREHOUSE: "/warehouse"; readonly OPERATIONS: "/operations"; readonly ACCOUNTING: "/accounting"; readonly REPORTS: "/reports"; readonly TRACKING: "/tracking"; readonly WAY_MANAGEMENT: "/admin/way-management"; readonly CREATE_SHIPMENT: "/shipments/create"; readonly SETTINGS: "/settings"; }'.
src/components/ui/calendar.tsx(55,9): error TS2353: Object literal may only specify known properties, and 'IconLeft' does not exist in type 'Partial<CustomComponents>'.
src/components/ui/chart.tsx(117,7): error TS2339: Property 'payload' does not exist on type 'Omit<Omit<Props<ValueType, NameType>, PropertiesReadFromContext> & { active?: boolean; allowEscapeViewBox?: AllowInDimension; animationDuration?: number; animationEasing?: AnimationTiming; axisId?: AxisId; content?: ContentType<ValueType, NameType>; contentStyle?: CSSProperties; cursor?: CursorDefinition; defaultIndex?: string | number; filterNull?: boolean; formatter?: (value: ValueType, name: NameType, item: Payload<ValueType, NameType>, index: number, payload: Payload<ValueType, NameType>[]) => ReactNode | [ReactNode, ReactNode]; includeHidden?: boolean; isAnimationActive?: boolean | "auto"; itemSorter?: "value" | "name" | "dataKey" | ((item: Payload<ValueType, NameType>) => string | number); itemStyle?: CSSProperties; labelFormatter?: (label: any, payload: Payload<ValueType, NameType>[]) => ReactNode; labelStyle?: CSSProperties; offset?: number | Coordinate; payloadUniqBy?: UniqueOption<TooltipPayloadEntry>; portal?: HTMLElement; position?: Partial<Coordinate>; reverseDirection?: AllowInDimension; separator?: string; shared?: boolean; trigger?: TooltipTrigger; useTranslate3d?: boolean; wrapperStyle?: CSSProperties; } & ClassAttributes<HTMLDivElement> & HTMLAttributes<HTMLDivElement> & { hideLabel?: boolean; hideIndicator?: boolean; indicator?: "line" | "dot" | "dashed"; nameKey?: string; labelKey?: string; }, "ref">'.
src/components/ui/chart.tsx(122,7): error TS2339: Property 'label' does not exist on type 'Omit<Omit<Props<ValueType, NameType>, PropertiesReadFromContext> & { active?: boolean; allowEscapeViewBox?: AllowInDimension; animationDuration?: number; animationEasing?: AnimationTiming; axisId?: AxisId; content?: ContentType<ValueType, NameType>; contentStyle?: CSSProperties; cursor?: CursorDefinition; defaultIndex?: string | number; filterNull?: boolean; formatter?: (value: ValueType, name: NameType, item: Payload<ValueType, NameType>, index: number, payload: Payload<ValueType, NameType>[]) => ReactNode | [ReactNode, ReactNode]; includeHidden?: boolean; isAnimationActive?: boolean | "auto"; itemSorter?: "value" | "name" | "dataKey" | ((item: Payload<ValueType, NameType>) => string | number); itemStyle?: CSSProperties; labelFormatter?: (label: any, payload: Payload<ValueType, NameType>[]) => ReactNode; labelStyle?: CSSProperties; offset?: number | Coordinate; payloadUniqBy?: UniqueOption<TooltipPayloadEntry>; portal?: HTMLElement; position?: Partial<Coordinate>; reverseDirection?: AllowInDimension; separator?: string; shared?: boolean; trigger?: TooltipTrigger; useTranslate3d?: boolean; wrapperStyle?: CSSProperties; } & ClassAttributes<HTMLDivElement> & HTMLAttributes<HTMLDivElement> & { hideLabel?: boolean; hideIndicator?: boolean; indicator?: "line" | "dot" | "dashed"; nameKey?: string; labelKey?: string; }, "ref">'.
src/components/ui/chart.tsx(262,41): error TS2344: Type '"verticalAlign" | "payload"' does not satisfy the constraint '"string" | "children" | "className" | "suppressHydrationWarning" | "id" | "lang" | "style" | "tabIndex" | "role" | "content" | "color" | "dangerouslySetInnerHTML" | "onCopy" | "onCopyCapture" | "onCut" | "onCutCapture" | "onPaste" | "onPasteCapture" | "onCompositionEnd" | "onCompositionEndCapture" | "onCompositionStart" | "onCompositionStartCapture" | "onCompositionUpdate" | "onCompositionUpdateCapture" | "onFocus" | "onFocusCapture" | "onBlur" | "onBlurCapture" | "onChange" | "onChangeCapture" | "onBeforeInput" | "onBeforeInputCapture" | "onInput" | "onInputCapture" | "onReset" | "onResetCapture" | "onSubmit" | "onSubmitCapture" | "onInvalid" | "onInvalidCapture" | "onLoad" | "onLoadCapture" | "onError" | "onErrorCapture" | "onKeyDown" | "onKeyDownCapture" | "onKeyPress" | "onKeyPressCapture" | "onKeyUp" | "onKeyUpCapture" | "onAbort" | "onAbortCapture" | "onCanPlay" | "onCanPlayCapture" | "onCanPlayThrough" | "onCanPlayThroughCapture" | "onDurationChange" | "onDurationChangeCapture" | "onEmptied" | "onEmptiedCapture" | "onEncrypted" | "onEncryptedCapture" | "onEnded" | "onEndedCapture" | "onLoadedData" | "onLoadedDataCapture" | "onLoadedMetadata" | "onLoadedMetadataCapture" | "onLoadStart" | "onLoadStartCapture" | "onPause" | "onPauseCapture" | "onPlay" | "onPlayCapture" | "onPlaying" | "onPlayingCapture" | "onProgress" | "onProgressCapture" | "onRateChange" | "onRateChangeCapture" | "onSeeked" | "onSeekedCapture" | "onSeeking" | "onSeekingCapture" | "onStalled" | "onStalledCapture" | "onSuspend" | "onSuspendCapture" | "onTimeUpdate" | "onTimeUpdateCapture" | "onVolumeChange" | "onVolumeChangeCapture" | "onWaiting" | "onWaitingCapture" | "onAuxClick" | "onAuxClickCapture" | "onClick" | "onClickCapture" | "onContextMenu" | "onContextMenuCapture" | "onDoubleClick" | "onDoubleClickCapture" | "onDrag" | "onDragCapture" | "onDragEnd" | "onDragEndCapture" | "onDragEnter" | "onDragEnterCapture" | "onDragExit" | "onDragExitCapture" | "onDragLeave" | "onDragLeaveCapture" | "onDragOver" | "onDragOverCapture" | "onDragStart" | "onDragStartCapture" | "onDrop" | "onDropCapture" | "onMouseDown" | "onMouseDownCapture" | "onMouseEnter" | "onMouseLeave" | "onMouseMove" | "onMouseMoveCapture" | "onMouseOut" | "onMouseOutCapture" | "onMouseOver" | "onMouseOverCapture" | "onMouseUp" | "onMouseUpCapture" | "onSelect" | "onSelectCapture" | "onTouchCancel" | "onTouchCancelCapture" | "onTouchEnd" | "onTouchEndCapture" | "onTouchMove" | "onTouchMoveCapture" | "onTouchStart" | "onTouchStartCapture" | "onPointerDown" | "onPointerDownCapture" | "onPointerMove" | "onPointerMoveCapture" | "onPointerUp" | "onPointerUpCapture" | "onPointerCancel" | "onPointerCancelCapture" | "onPointerEnter" | "onPointerLeave" | "onPointerOver" | "onPointerOverCapture" | "onPointerOut" | "onPointerOutCapture" | "onGotPointerCapture" | "onGotPointerCaptureCapture" | "onLostPointerCapture" | "onLostPointerCaptureCapture" | "onScroll" | "onScrollCapture" | "onWheel" | "onWheelCapture" | "onAnimationStart" | "onAnimationStartCapture" | "onAnimationEnd" | "onAnimationEndCapture" | "onAnimationIteration" | "onAnimationIterationCapture" | "onTransitionEnd" | "onTransitionEndCapture" | "height" | "max" | "media" | "method" | "min" | "name" | "target" | "type" | "width" | "crossOrigin" | "accentHeight" | "accumulate" | "additive" | "alignmentBaseline" | "allowReorder" | "alphabetic" | "amplitude" | "arabicForm" | "ascent" | "attributeName" | "attributeType" | "autoReverse" | "azimuth" | "baseFrequency" | "baselineShift" | "baseProfile" | "bbox" | "begin" | "bias" | "by" | "calcMode" | "capHeight" | "clip" | "clipPath" | "clipPathUnits" | "clipRule" | "colorInterpolation" | "colorInterpolationFilters" | "colorProfile" | "colorRendering" | "contentScriptType" | "contentStyleType" | "cursor" | "cx" | "cy" | "d" | "decelerate" | "descent" | "diffuseConstant" | "direction" | "display" | "divisor" | "dominantBaseline" | "dur" | "dx" | "dy" | "edgeMode" | "elevation" | "enableBackground" | "end" | "exponent" | "externalResourcesRequired" | "fill" | "fillOpacity" | "fillRule" | "filter" | "filterRes" | "filterUnits" | "floodColor" | "floodOpacity" | "focusable" | "fontFamily" | "fontSize" | "fontSizeAdjust" | "fontStretch" | "fontStyle" | "fontVariant" | "fontWeight" | "format" | "fr" | "from" | "fx" | "fy" | "g1" | "g2" | "glyphName" | "glyphOrientationHorizontal" | "glyphOrientationVertical" | "glyphRef" | "gradientTransform" | "gradientUnits" | "hanging" | "horizAdvX" | "horizOriginX" | "href" | "ideographic" | "imageRendering" | "in2" | "in" | "intercept" | "k1" | "k2" | "k3" | "k4" | "k" | "kernelMatrix" | "kernelUnitLength" | "kerning" | "keyPoints" | "keySplines" | "keyTimes" | "lengthAdjust" | "letterSpacing" | "lightingColor" | "limitingConeAngle" | "local" | "markerEnd" | "markerHeight" | "markerMid" | "markerStart" | "markerUnits" | "markerWidth" | "mask" | "maskContentUnits" | "maskUnits" | "mathematical" | "mode" | "numOctaves" | "offset" | "opacity" | "operator" | "order" | "orient" | "orientation" | "origin" | "overflow" | "overlinePosition" | "overlineThickness" | "paintOrder" | "panose1" | "path" | "pathLength" | "patternContentUnits" | "patternTransform" | "patternUnits" | "pointerEvents" | "points" | "pointsAtX" | "pointsAtY" | "pointsAtZ" | "preserveAlpha" | "preserveAspectRatio" | "primitiveUnits" | "r" | "radius" | "refX" | "refY" | "renderingIntent" | "repeatCount" | "repeatDur" | "requiredExtensions" | "requiredFeatures" | "restart" | "result" | "rotate" | "rx" | "ry" | "scale" | "seed" | "shapeRendering" | "slope" | "spacing" | "specularConstant" | "specularExponent" | "speed" | "spreadMethod" | "startOffset" | "stdDeviation" | "stemh" | "stemv" | "stitchTiles" | "stopColor" | "stopOpacity" | "strikethroughPosition" | "strikethroughThickness" | "stroke" | "strokeDasharray" | "strokeDashoffset" | "strokeLinecap" | "strokeLinejoin" | "strokeMiterlimit" | "strokeOpacity" | "strokeWidth" | "surfaceScale" | "systemLanguage" | "tableValues" | "targetX" | "targetY" | "textAnchor" | "textDecoration" | "textLength" | "textRendering" | "to" | "transform" | "transformOrigin" | "u1" | "u2" | "underlinePosition" | "underlineThickness" | "unicode" | "unicodeBidi" | "unicodeRange" | "unitsPerEm" | "vAlphabetic" | "values" | "vectorEffect" | "version" | "vertAdvY" | "vertOriginX" | "vertOriginY" | "vHanging" | "vIdeographic" | "viewBox" | "viewTarget" | "visibility" | "vMathematical" | "widths" | "wordSpacing" | "writingMode" | "x1" | "x2" | "x" | "xChannelSelector" | "xHeight" | "xlinkActuate" | "xlinkArcrole" | "xlinkHref" | "xlinkRole" | "xlinkShow" | "xlinkTitle" | "xlinkType" | "xmlBase" | "xmlLang" | "xmlns" | "xmlnsXlink" | "xmlSpace" | "y1" | "y2" | "y" | "yChannelSelector" | "z" | "zoomAndPan" | "key" | "align" | "layout" | "verticalAlign" | "formatter" | "onPointerEnterCapture" | "onPointerLeaveCapture" | keyof AriaAttributes | "itemSorter" | "iconSize" | "iconType" | "inactiveColor" | "wrapperStyle" | "payloadUniqBy" | "portal" | "onBBoxUpdate"'.
  Type '"payload"' is not assignable to type '"string" | "children" | "className" | "suppressHydrationWarning" | "id" | "lang" | "style" | "tabIndex" | "role" | "content" | "color" | "dangerouslySetInnerHTML" | "onCopy" | "onCopyCapture" | "onCut" | "onCutCapture" | "onPaste" | "onPasteCapture" | "onCompositionEnd" | "onCompositionEndCapture" | "onCompositionStart" | "onCompositionStartCapture" | "onCompositionUpdate" | "onCompositionUpdateCapture" | "onFocus" | "onFocusCapture" | "onBlur" | "onBlurCapture" | "onChange" | "onChangeCapture" | "onBeforeInput" | "onBeforeInputCapture" | "onInput" | "onInputCapture" | "onReset" | "onResetCapture" | "onSubmit" | "onSubmitCapture" | "onInvalid" | "onInvalidCapture" | "onLoad" | "onLoadCapture" | "onError" | "onErrorCapture" | "onKeyDown" | "onKeyDownCapture" | "onKeyPress" | "onKeyPressCapture" | "onKeyUp" | "onKeyUpCapture" | "onAbort" | "onAbortCapture" | "onCanPlay" | "onCanPlayCapture" | "onCanPlayThrough" | "onCanPlayThroughCapture" | "onDurationChange" | "onDurationChangeCapture" | "onEmptied" | "onEmptiedCapture" | "onEncrypted" | "onEncryptedCapture" | "onEnded" | "onEndedCapture" | "onLoadedData" | "onLoadedDataCapture" | "onLoadedMetadata" | "onLoadedMetadataCapture" | "onLoadStart" | "onLoadStartCapture" | "onPause" | "onPauseCapture" | "onPlay" | "onPlayCapture" | "onPlaying" | "onPlayingCapture" | "onProgress" | "onProgressCapture" | "onRateChange" | "onRateChangeCapture" | "onSeeked" | "onSeekedCapture" | "onSeeking" | "onSeekingCapture" | "onStalled" | "onStalledCapture" | "onSuspend" | "onSuspendCapture" | "onTimeUpdate" | "onTimeUpdateCapture" | "onVolumeChange" | "onVolumeChangeCapture" | "onWaiting" | "onWaitingCapture" | "onAuxClick" | "onAuxClickCapture" | "onClick" | "onClickCapture" | "onContextMenu" | "onContextMenuCapture" | "onDoubleClick" | "onDoubleClickCapture" | "onDrag" | "onDragCapture" | "onDragEnd" | "onDragEndCapture" | "onDragEnter" | "onDragEnterCapture" | "onDragExit" | "onDragExitCapture" | "onDragLeave" | "onDragLeaveCapture" | "onDragOver" | "onDragOverCapture" | "onDragStart" | "onDragStartCapture" | "onDrop" | "onDropCapture" | "onMouseDown" | "onMouseDownCapture" | "onMouseEnter" | "onMouseLeave" | "onMouseMove" | "onMouseMoveCapture" | "onMouseOut" | "onMouseOutCapture" | "onMouseOver" | "onMouseOverCapture" | "onMouseUp" | "onMouseUpCapture" | "onSelect" | "onSelectCapture" | "onTouchCancel" | "onTouchCancelCapture" | "onTouchEnd" | "onTouchEndCapture" | "onTouchMove" | "onTouchMoveCapture" | "onTouchStart" | "onTouchStartCapture" | "onPointerDown" | "onPointerDownCapture" | "onPointerMove" | "onPointerMoveCapture" | "onPointerUp" | "onPointerUpCapture" | "onPointerCancel" | "onPointerCancelCapture" | "onPointerEnter" | "onPointerLeave" | "onPointerOver" | "onPointerOverCapture" | "onPointerOut" | "onPointerOutCapture" | "onGotPointerCapture" | "onGotPointerCaptureCapture" | "onLostPointerCapture" | "onLostPointerCaptureCapture" | "onScroll" | "onScrollCapture" | "onWheel" | "onWheelCapture" | "onAnimationStart" | "onAnimationStartCapture" | "onAnimationEnd" | "onAnimationEndCapture" | "onAnimationIteration" | "onAnimationIterationCapture" | "onTransitionEnd" | "onTransitionEndCapture" | "height" | "max" | "media" | "method" | "min" | "name" | "target" | "type" | "width" | "crossOrigin" | "accentHeight" | "accumulate" | "additive" | "alignmentBaseline" | "allowReorder" | "alphabetic" | "amplitude" | "arabicForm" | "ascent" | "attributeName" | "attributeType" | "autoReverse" | "azimuth" | "baseFrequency" | "baselineShift" | "baseProfile" | "bbox" | "begin" | "bias" | "by" | "calcMode" | "capHeight" | "clip" | "clipPath" | "clipPathUnits" | "clipRule" | "colorInterpolation" | "colorInterpolationFilters" | "colorProfile" | "colorRendering" | "contentScriptType" | "contentStyleType" | "cursor" | "cx" | "cy" | "d" | "decelerate" | "descent" | "diffuseConstant" | "direction" | "display" | "divisor" | "dominantBaseline" | "dur" | "dx" | "dy" | "edgeMode" | "elevation" | "enableBackground" | "end" | "exponent" | "externalResourcesRequired" | "fill" | "fillOpacity" | "fillRule" | "filter" | "filterRes" | "filterUnits" | "floodColor" | "floodOpacity" | "focusable" | "fontFamily" | "fontSize" | "fontSizeAdjust" | "fontStretch" | "fontStyle" | "fontVariant" | "fontWeight" | "format" | "fr" | "from" | "fx" | "fy" | "g1" | "g2" | "glyphName" | "glyphOrientationHorizontal" | "glyphOrientationVertical" | "glyphRef" | "gradientTransform" | "gradientUnits" | "hanging" | "horizAdvX" | "horizOriginX" | "href" | "ideographic" | "imageRendering" | "in2" | "in" | "intercept" | "k1" | "k2" | "k3" | "k4" | "k" | "kernelMatrix" | "kernelUnitLength" | "kerning" | "keyPoints" | "keySplines" | "keyTimes" | "lengthAdjust" | "letterSpacing" | "lightingColor" | "limitingConeAngle" | "local" | "markerEnd" | "markerHeight" | "markerMid" | "markerStart" | "markerUnits" | "markerWidth" | "mask" | "maskContentUnits" | "maskUnits" | "mathematical" | "mode" | "numOctaves" | "offset" | "opacity" | "operator" | "order" | "orient" | "orientation" | "origin" | "overflow" | "overlinePosition" | "overlineThickness" | "paintOrder" | "panose1" | "path" | "pathLength" | "patternContentUnits" | "patternTransform" | "patternUnits" | "pointerEvents" | "points" | "pointsAtX" | "pointsAtY" | "pointsAtZ" | "preserveAlpha" | "preserveAspectRatio" | "primitiveUnits" | "r" | "radius" | "refX" | "refY" | "renderingIntent" | "repeatCount" | "repeatDur" | "requiredExtensions" | "requiredFeatures" | "restart" | "result" | "rotate" | "rx" | "ry" | "scale" | "seed" | "shapeRendering" | "slope" | "spacing" | "specularConstant" | "specularExponent" | "speed" | "spreadMethod" | "startOffset" | "stdDeviation" | "stemh" | "stemv" | "stitchTiles" | "stopColor" | "stopOpacity" | "strikethroughPosition" | "strikethroughThickness" | "stroke" | "strokeDasharray" | "strokeDashoffset" | "strokeLinecap" | "strokeLinejoin" | "strokeMiterlimit" | "strokeOpacity" | "strokeWidth" | "surfaceScale" | "systemLanguage" | "tableValues" | "targetX" | "targetY" | "textAnchor" | "textDecoration" | "textLength" | "textRendering" | "to" | "transform" | "transformOrigin" | "u1" | "u2" | "underlinePosition" | "underlineThickness" | "unicode" | "unicodeBidi" | "unicodeRange" | "unitsPerEm" | "vAlphabetic" | "values" | "vectorEffect" | "version" | "vertAdvY" | "vertOriginX" | "vertOriginY" | "vHanging" | "vIdeographic" | "viewBox" | "viewTarget" | "visibility" | "vMathematical" | "widths" | "wordSpacing" | "writingMode" | "x1" | "x2" | "x" | "xChannelSelector" | "xHeight" | "xlinkActuate" | "xlinkArcrole" | "xlinkHref" | "xlinkRole" | "xlinkShow" | "xlinkTitle" | "xlinkType" | "xmlBase" | "xmlLang" | "xmlns" | "xmlnsXlink" | "xmlSpace" | "y1" | "y2" | "y" | "yChannelSelector" | "z" | "zoomAndPan" | "key" | "align" | "layout" | "verticalAlign" | "formatter" | "onPointerEnterCapture" | "onPointerLeaveCapture" | keyof AriaAttributes | "itemSorter" | "iconSize" | "iconType" | "inactiveColor" | "wrapperStyle" | "payloadUniqBy" | "portal" | "onBBoxUpdate"'.
src/components/ui/chart.tsx(273,19): error TS2339: Property 'length' does not exist on type 'unknown'.
src/components/ui/chart.tsx(286,18): error TS2339: Property 'map' does not exist on type 'unknown'.
src/components/ui/resizable.tsx(9,51): error TS2339: Property 'PanelGroup' does not exist on type 'typeof import("D:/final1_23022026/node_modules/.pnpm/react-resizable-panels@4.6._efdd54519f27a151ef5cac6d043e63c0/node_modules/react-resizable-panels/dist/react-resizable-panels")'.
src/components/ui/resizable.tsx(10,23): error TS2339: Property 'PanelGroup' does not exist on type 'typeof import("D:/final1_23022026/node_modules/.pnpm/react-resizable-panels@4.6._efdd54519f27a151ef5cac6d043e63c0/node_modules/react-resizable-panels/dist/react-resizable-panels")'.
src/components/ui/resizable.tsx(25,51): error TS2339: Property 'PanelResizeHandle' does not exist on type 'typeof import("D:/final1_23022026/node_modules/.pnpm/react-resizable-panels@4.6._efdd54519f27a151ef5cac6d043e63c0/node_modules/react-resizable-panels/dist/react-resizable-panels")'.
src/components/ui/resizable.tsx(28,23): error TS2339: Property 'PanelResizeHandle' does not exist on type 'typeof import("D:/final1_23022026/node_modules/.pnpm/react-resizable-panels@4.6._efdd54519f27a151ef5cac6d043e63c0/node_modules/react-resizable-panels/dist/react-resizable-panels")'.
src/components/ui/resizable.tsx(40,24): error TS2339: Property 'PanelResizeHandle' does not exist on type 'typeof import("D:/final1_23022026/node_modules/.pnpm/react-resizable-panels@4.6._efdd54519f27a151ef5cac6d043e63c0/node_modules/react-resizable-panels/dist/react-resizable-panels")'.
src/data/index.ts(2,3): error TS2305: Module '"@/lib/index"' has no exported member 'User'.
src/data/index.ts(4,3): error TS2305: Module '"@/lib/index"' has no exported member 'Branch'.
src/data/index.ts(5,3): error TS2305: Module '"@/lib/index"' has no exported member 'FinancialRecord'.
src/data/index.ts(6,3): error TS2305: Module '"@/lib/index"' has no exported member 'USER_ROLES'.
src/data/index.ts(7,3): error TS2724: '"@/lib/index"' has no exported member named 'SHIPMENT_STATUSES'. Did you mean 'SHIPMENT_STATUS'?
src/data/index.ts(101,5): error TS2353: Object literal may only specify known properties, and 'trackingNumber' does not exist in type 'Shipment'.
src/data/index.ts(149,5): error TS2353: Object literal may only specify known properties, and 'trackingNumber' does not exist in type 'Shipment'.
src/data/index.ts(187,5): error TS2353: Object literal may only specify known properties, and 'trackingNumber' does not exist in type 'Shipment'.
src/hooks/useAuth.tsx(12,10): error TS2305: Module '"@/types/roles"' has no exported member 'isAppRole'.
src/hooks/useAuth.tsx(12,26): error TS2305: Module '"@/types/roles"' has no exported member 'AppRole'.
src/hooks/useDemoAuth.ts(4,23): error TS2305: Module '"@/lib/index"' has no exported member 'UserRole'.
src/hooks/useEnterpriseShipments.ts(60,35): error TS2589: Type instantiation is excessively deep and possibly infinite.
src/hooks/useEnterpriseUsers.ts(4,15): error TS2305: Module '"@/lib/index"' has no exported member 'User'.
src/hooks/useEnterpriseUsers.ts(5,10): error TS2305: Module '"@/lib/index"' has no exported member 'USER_ROLES'.
src/hooks/useTamperTags.ts(3,3): error TS2305: Module '"@/lib/index"' has no exported member 'TamperTag'.
src/hooks/useTamperTags.ts(5,3): error TS2724: '"@/lib/index"' has no exported member named 'TagStatus'. Did you mean 'TAG_STATUS'?
src/hooks/useTamperTags.ts(6,3): error TS2305: Module '"@/lib/index"' has no exported member 'User'.
src/i18n/index.ts(2,15): error TS2305: Module '"./translations"' has no exported member 'LanguageCode'.
src/lib/admin-system.ts(1,10): error TS2305: Module '"./index"' has no exported member 'USER_ROLES'.
src/lib/admin-system.ts(1,22): error TS2305: Module '"./index"' has no exported member 'PERMISSIONS'.
src/lib/admin-system.ts(1,35): error TS2305: Module '"./index"' has no exported member 'User'.
src/lib/admin-system.ts(1,41): error TS2305: Module '"./index"' has no exported member 'UserRole'.
src/lib/admin-system.ts(147,7): error TS2322: Type 'unknown[]' is not assignable to type 'string[]'.
  Type 'unknown' is not assignable to type 'string'.
src/lib/admin-system.ts(149,7): error TS2322: Type 'unknown[]' is not assignable to type 'string[]'.
  Type 'unknown' is not assignable to type 'string'.
src/lib/db/mappers.ts(1,25): error TS2724: '"@/lib/index"' has no exported member named 'ShipmentStatus'. Did you mean 'SHIPMENT_STATUS'?
src/lib/db/mappers.ts(1,41): error TS2305: Module '"@/lib/index"' has no exported member 'TrackingEvent'.
src/lib/db/mappers.ts(2,10): error TS2724: '"@/lib/index"' has no exported member named 'SHIPMENT_STATUSES'. Did you mean 'SHIPMENT_STATUS'?
src/lib/db/mappers.ts(40,5): error TS2353: Object literal may only specify known properties, and 'trackingNumber' does not exist in type 'Shipment'.
src/lib/legacy-user.ts(25,14): error TS2451: Cannot redeclare block-scoped variable 'createLegacyUser'.
src/lib/legacy-user.ts(42,14): error TS2451: Cannot redeclare block-scoped variable 'useLegacyUser'.
src/lib/legacy-user.ts(49,14): error TS2451: Cannot redeclare block-scoped variable 'createLegacyUser'.
src/lib/legacy-user.ts(72,14): error TS2451: Cannot redeclare block-scoped variable 'useLegacyUser'.
src/pages/AboutPage.tsx(379,43): error TS2339: Property 'CONTACT' does not exist on type '{ readonly HOME: "/"; readonly LOGIN: "/login"; readonly DASHBOARD: "/admin/dashboard"; readonly WAREHOUSE: "/warehouse"; readonly OPERATIONS: "/operations"; readonly ACCOUNTING: "/accounting"; readonly REPORTS: "/reports"; readonly TRACKING: "/tracking"; readonly WAY_MANAGEMENT: "/admin/way-management"; readonly CREATE_SHIPMENT: "/shipments/create"; readonly SETTINGS: "/settings"; }'.
src/pages/AboutPage.tsx(385,43): error TS2339: Property 'SERVICES' does not exist on type '{ readonly HOME: "/"; readonly LOGIN: "/login"; readonly DASHBOARD: "/admin/dashboard"; readonly WAREHOUSE: "/warehouse"; readonly OPERATIONS: "/operations"; readonly ACCOUNTING: "/accounting"; readonly REPORTS: "/reports"; readonly TRACKING: "/tracking"; readonly WAY_MANAGEMENT: "/admin/way-management"; readonly CREATE_SHIPMENT: "/shipments/create"; readonly SETTINGS: "/settings"; }'.
src/pages/accounting/AccountBalancePage.tsx(2,10): error TS2305: Module '"@/components/ui/SharedComponents"' has no exported member 'Card'.
src/pages/accounting/AccountingHome.tsx(3,10): error TS2305: Module '"@/components/ui/SharedComponents"' has no exported member 'Card'.
src/pages/accounting/AccountingHome.tsx(38,29): error TS2339: Property 'ACCOUNTING_TRANSACTIONS' does not exist on type '{ readonly HOME: "/"; readonly LOGIN: "/login"; readonly DASHBOARD: "/admin/dashboard"; readonly WAREHOUSE: "/warehouse"; readonly OPERATIONS: "/operations"; readonly ACCOUNTING: "/accounting"; readonly REPORTS: "/reports"; readonly TRACKING: "/tracking"; readonly WAY_MANAGEMENT: "/admin/way-management"; readonly CREATE_SHIPMENT: "/shipments/create"; readonly SETTINGS: "/settings"; }'.
src/pages/accounting/AccountingHome.tsx(43,29): error TS2339: Property 'ACCOUNTING_JOURNAL' does not exist on type '{ readonly HOME: "/"; readonly LOGIN: "/login"; readonly DASHBOARD: "/admin/dashboard"; readonly WAREHOUSE: "/warehouse"; readonly OPERATIONS: "/operations"; readonly ACCOUNTING: "/accounting"; readonly REPORTS: "/reports"; readonly TRACKING: "/tracking"; readonly WAY_MANAGEMENT: "/admin/way-management"; readonly CREATE_SHIPMENT: "/shipments/create"; readonly SETTINGS: "/settings"; }'.
src/pages/accounting/AccountingHome.tsx(48,29): error TS2339: Property 'ACCOUNTING_JOURNAL_LIST' does not exist on type '{ readonly HOME: "/"; readonly LOGIN: "/login"; readonly DASHBOARD: "/admin/dashboard"; readonly WAREHOUSE: "/warehouse"; readonly OPERATIONS: "/operations"; readonly ACCOUNTING: "/accounting"; readonly REPORTS: "/reports"; readonly TRACKING: "/tracking"; readonly WAY_MANAGEMENT: "/admin/way-management"; readonly CREATE_SHIPMENT: "/shipments/create"; readonly SETTINGS: "/settings"; }'.
src/pages/accounting/AccountingHome.tsx(53,29): error TS2551: Property 'ACCOUNTING_CASH' does not exist on type '{ readonly HOME: "/"; readonly LOGIN: "/login"; readonly DASHBOARD: "/admin/dashboard"; readonly WAREHOUSE: "/warehouse"; readonly OPERATIONS: "/operations"; readonly ACCOUNTING: "/accounting"; readonly REPORTS: "/reports"; readonly TRACKING: "/tracking"; readonly WAY_MANAGEMENT: "/admin/way-management"; readonly CREATE_SHIPMENT: "/shipments/create"; readonly SETTINGS: "/settings"; }'. Did you mean 'ACCOUNTING'?
src/pages/accounting/AccountingHome.tsx(58,29): error TS2339: Property 'ACCOUNTING_CASH_LIST' does not exist on type '{ readonly HOME: "/"; readonly LOGIN: "/login"; readonly DASHBOARD: "/admin/dashboard"; readonly WAREHOUSE: "/warehouse"; readonly OPERATIONS: "/operations"; readonly ACCOUNTING: "/accounting"; readonly REPORTS: "/reports"; readonly TRACKING: "/tracking"; readonly WAY_MANAGEMENT: "/admin/way-management"; readonly CREATE_SHIPMENT: "/shipments/create"; readonly SETTINGS: "/settings"; }'.
src/pages/accounting/AccountingHome.tsx(63,29): error TS2339: Property 'ACCOUNTING_CHART' does not exist on type '{ readonly HOME: "/"; readonly LOGIN: "/login"; readonly DASHBOARD: "/admin/dashboard"; readonly WAREHOUSE: "/warehouse"; readonly OPERATIONS: "/operations"; readonly ACCOUNTING: "/accounting"; readonly REPORTS: "/reports"; readonly TRACKING: "/tracking"; readonly WAY_MANAGEMENT: "/admin/way-management"; readonly CREATE_SHIPMENT: "/shipments/create"; readonly SETTINGS: "/settings"; }'.
src/pages/accounting/AccountingHome.tsx(68,29): error TS2339: Property 'ACCOUNTING_BALANCE' does not exist on type '{ readonly HOME: "/"; readonly LOGIN: "/login"; readonly DASHBOARD: "/admin/dashboard"; readonly WAREHOUSE: "/warehouse"; readonly OPERATIONS: "/operations"; readonly ACCOUNTING: "/accounting"; readonly REPORTS: "/reports"; readonly TRACKING: "/tracking"; readonly WAY_MANAGEMENT: "/admin/way-management"; readonly CREATE_SHIPMENT: "/shipments/create"; readonly SETTINGS: "/settings"; }'.
src/pages/accounting/AccountingHome.tsx(73,29): error TS2339: Property 'ACCOUNTING_BANKS' does not exist on type '{ readonly HOME: "/"; readonly LOGIN: "/login"; readonly DASHBOARD: "/admin/dashboard"; readonly WAREHOUSE: "/warehouse"; readonly OPERATIONS: "/operations"; readonly ACCOUNTING: "/accounting"; readonly REPORTS: "/reports"; readonly TRACKING: "/tracking"; readonly WAY_MANAGEMENT: "/admin/way-management"; readonly CREATE_SHIPMENT: "/shipments/create"; readonly SETTINGS: "/settings"; }'.
src/pages/accounting/AccountingHome.tsx(78,29): error TS2339: Property 'ACCOUNTING_BRANCH' does not exist on type '{ readonly HOME: "/"; readonly LOGIN: "/login"; readonly DASHBOARD: "/admin/dashboard"; readonly WAREHOUSE: "/warehouse"; readonly OPERATIONS: "/operations"; readonly ACCOUNTING: "/accounting"; readonly REPORTS: "/reports"; readonly TRACKING: "/tracking"; readonly WAY_MANAGEMENT: "/admin/way-management"; readonly CREATE_SHIPMENT: "/shipments/create"; readonly SETTINGS: "/settings"; }'.
src/pages/accounting/SimpleTransactionPage.tsx(2,10): error TS2305: Module '"@/components/ui/SharedComponents"' has no exported member 'Card'.
src/pages/AccountingHome.tsx(26,25): error TS2339: Property 'ACCOUNTING_JOURNAL' does not exist on type '{ readonly HOME: "/"; readonly LOGIN: "/login"; readonly DASHBOARD: "/admin/dashboard"; readonly WAREHOUSE: "/warehouse"; readonly OPERATIONS: "/operations"; readonly ACCOUNTING: "/accounting"; readonly REPORTS: "/reports"; readonly TRACKING: "/tracking"; readonly WAY_MANAGEMENT: "/admin/way-management"; readonly CREATE_SHIPMENT: "/shipments/create"; readonly SETTINGS: "/settings"; }'.
src/pages/AccountingHome.tsx(33,25): error TS2339: Property 'ACCOUNTING_JOURNAL_LIST' does not exist on type '{ readonly HOME: "/"; readonly LOGIN: "/login"; readonly DASHBOARD: "/admin/dashboard"; readonly WAREHOUSE: "/warehouse"; readonly OPERATIONS: "/operations"; readonly ACCOUNTING: "/accounting"; readonly REPORTS: "/reports"; readonly TRACKING: "/tracking"; readonly WAY_MANAGEMENT: "/admin/way-management"; readonly CREATE_SHIPMENT: "/shipments/create"; readonly SETTINGS: "/settings"; }'.
src/pages/AccountingHome.tsx(40,25): error TS2551: Property 'ACCOUNTING_CASH' does not exist on type '{ readonly HOME: "/"; readonly LOGIN: "/login"; readonly DASHBOARD: "/admin/dashboard"; readonly WAREHOUSE: "/warehouse"; readonly OPERATIONS: "/operations"; readonly ACCOUNTING: "/accounting"; readonly REPORTS: "/reports"; readonly TRACKING: "/tracking"; readonly WAY_MANAGEMENT: "/admin/way-management"; readonly CREATE_SHIPMENT: "/shipments/create"; readonly SETTINGS: "/settings"; }'. Did you mean 'ACCOUNTING'?
src/pages/AccountingHome.tsx(47,25): error TS2339: Property 'ACCOUNTING_CASH_LIST' does not exist on type '{ readonly HOME: "/"; readonly LOGIN: "/login"; readonly DASHBOARD: "/admin/dashboard"; readonly WAREHOUSE: "/warehouse"; readonly OPERATIONS: "/operations"; readonly ACCOUNTING: "/accounting"; readonly REPORTS: "/reports"; readonly TRACKING: "/tracking"; readonly WAY_MANAGEMENT: "/admin/way-management"; readonly CREATE_SHIPMENT: "/shipments/create"; readonly SETTINGS: "/settings"; }'.
src/pages/AccountingHome.tsx(54,25): error TS2339: Property 'ACCOUNTING_CHART' does not exist on type '{ readonly HOME: "/"; readonly LOGIN: "/login"; readonly DASHBOARD: "/admin/dashboard"; readonly WAREHOUSE: "/warehouse"; readonly OPERATIONS: "/operations"; readonly ACCOUNTING: "/accounting"; readonly REPORTS: "/reports"; readonly TRACKING: "/tracking"; readonly WAY_MANAGEMENT: "/admin/way-management"; readonly CREATE_SHIPMENT: "/shipments/create"; readonly SETTINGS: "/settings"; }'.
src/pages/AccountingHome.tsx(61,25): error TS2339: Property 'ACCOUNTING_BALANCE' does not exist on type '{ readonly HOME: "/"; readonly LOGIN: "/login"; readonly DASHBOARD: "/admin/dashboard"; readonly WAREHOUSE: "/warehouse"; readonly OPERATIONS: "/operations"; readonly ACCOUNTING: "/accounting"; readonly REPORTS: "/reports"; readonly TRACKING: "/tracking"; readonly WAY_MANAGEMENT: "/admin/way-management"; readonly CREATE_SHIPMENT: "/shipments/create"; readonly SETTINGS: "/settings"; }'.
src/pages/AccountingHome.tsx(68,25): error TS2339: Property 'ACCOUNTING_BANKS' does not exist on type '{ readonly HOME: "/"; readonly LOGIN: "/login"; readonly DASHBOARD: "/admin/dashboard"; readonly WAREHOUSE: "/warehouse"; readonly OPERATIONS: "/operations"; readonly ACCOUNTING: "/accounting"; readonly REPORTS: "/reports"; readonly TRACKING: "/tracking"; readonly WAY_MANAGEMENT: "/admin/way-management"; readonly CREATE_SHIPMENT: "/shipments/create"; readonly SETTINGS: "/settings"; }'.
src/pages/AccountingHome.tsx(75,25): error TS2339: Property 'ACCOUNTING_BRANCH' does not exist on type '{ readonly HOME: "/"; readonly LOGIN: "/login"; readonly DASHBOARD: "/admin/dashboard"; readonly WAREHOUSE: "/warehouse"; readonly OPERATIONS: "/operations"; readonly ACCOUNTING: "/accounting"; readonly REPORTS: "/reports"; readonly TRACKING: "/tracking"; readonly WAY_MANAGEMENT: "/admin/way-management"; readonly CREATE_SHIPMENT: "/shipments/create"; readonly SETTINGS: "/settings"; }'.
src/pages/admin/accounting/BranchesPage.tsx(33,23): error TS2305: Module '"@/lib/index"' has no exported member 'Branch'.
src/pages/admin/accounting/TransactionsListPage.tsx(22,3): error TS2305: Module '"@/lib/index"' has no exported member 'FinancialRecord'.
src/pages/admin/broadcast/BroadcastMessagesPage.tsx(126,35): error TS2339: Property 'BROADCAST_MESSAGE_HISTORY' does not exist on type '{ readonly HOME: "/"; readonly LOGIN: "/login"; readonly DASHBOARD: "/admin/dashboard"; readonly WAREHOUSE: "/warehouse"; readonly OPERATIONS: "/operations"; readonly ACCOUNTING: "/accounting"; readonly REPORTS: "/reports"; readonly TRACKING: "/tracking"; readonly WAY_MANAGEMENT: "/admin/way-management"; readonly CREATE_SHIPMENT: "/shipments/create"; readonly SETTINGS: "/settings"; }'.
src/pages/admin/broadcast/BroadcastMessagesPage.tsx(132,35): error TS2339: Property 'BROADCAST_SEND_MESSAGE' does not exist on type '{ readonly HOME: "/"; readonly LOGIN: "/login"; readonly DASHBOARD: "/admin/dashboard"; readonly WAREHOUSE: "/warehouse"; readonly OPERATIONS: "/operations"; readonly ACCOUNTING: "/accounting"; readonly REPORTS: "/reports"; readonly TRACKING: "/tracking"; readonly WAY_MANAGEMENT: "/admin/way-management"; readonly CREATE_SHIPMENT: "/shipments/create"; readonly SETTINGS: "/settings"; }'.
src/pages/admin/broadcast/SendMessagePage.tsx(78,26): error TS2339: Property 'BROADCAST_MESSAGE_HISTORY' does not exist on type '{ readonly HOME: "/"; readonly LOGIN: "/login"; readonly DASHBOARD: "/admin/dashboard"; readonly WAREHOUSE: "/warehouse"; readonly OPERATIONS: "/operations"; readonly ACCOUNTING: "/accounting"; readonly REPORTS: "/reports"; readonly TRACKING: "/tracking"; readonly WAY_MANAGEMENT: "/admin/way-management"; readonly CREATE_SHIPMENT: "/shipments/create"; readonly SETTINGS: "/settings"; }'.
src/pages/admin/broadcast/SendMessagePage.tsx(90,51): error TS2339: Property 'BROADCAST_MESSAGES' does not exist on type '{ readonly HOME: "/"; readonly LOGIN: "/login"; readonly DASHBOARD: "/admin/dashboard"; readonly WAREHOUSE: "/warehouse"; readonly OPERATIONS: "/operations"; readonly ACCOUNTING: "/accounting"; readonly REPORTS: "/reports"; readonly TRACKING: "/tracking"; readonly WAY_MANAGEMENT: "/admin/way-management"; readonly CREATE_SHIPMENT: "/shipments/create"; readonly SETTINGS: "/settings"; }'.
src/pages/admin/deliverymen/AddNewDeliverymanPage.tsx(103,26): error TS2339: Property 'DELIVERYMAN_LIST' does not exist on type '{ readonly HOME: "/"; readonly LOGIN: "/login"; readonly DASHBOARD: "/admin/dashboard"; readonly WAREHOUSE: "/warehouse"; readonly OPERATIONS: "/operations"; readonly ACCOUNTING: "/accounting"; readonly REPORTS: "/reports"; readonly TRACKING: "/tracking"; readonly WAY_MANAGEMENT: "/admin/way-management"; readonly CREATE_SHIPMENT: "/shipments/create"; readonly SETTINGS: "/settings"; }'.
src/pages/admin/deliverymen/AddNewDeliverymanPage.tsx(123,49): error TS2339: Property 'DELIVERYMAN_LIST' does not exist on type '{ readonly HOME: "/"; readonly LOGIN: "/login"; readonly DASHBOARD: "/admin/dashboard"; readonly WAREHOUSE: "/warehouse"; readonly OPERATIONS: "/operations"; readonly ACCOUNTING: "/accounting"; readonly REPORTS: "/reports"; readonly TRACKING: "/tracking"; readonly WAY_MANAGEMENT: "/admin/way-management"; readonly CREATE_SHIPMENT: "/shipments/create"; readonly SETTINGS: "/settings"; }'.
src/pages/admin/deliverymen/AddNewDeliverymanPage.tsx(424,63): error TS2339: Property 'DELIVERYMAN_LIST' does not exist on type '{ readonly HOME: "/"; readonly LOGIN: "/login"; readonly DASHBOARD: "/admin/dashboard"; readonly WAREHOUSE: "/warehouse"; readonly OPERATIONS: "/operations"; readonly ACCOUNTING: "/accounting"; readonly REPORTS: "/reports"; readonly TRACKING: "/tracking"; readonly WAY_MANAGEMENT: "/admin/way-management"; readonly CREATE_SHIPMENT: "/shipments/create"; readonly SETTINGS: "/settings"; }'.
src/pages/admin/deliverymen/DeliverymanListPage.tsx(173,49): error TS2339: Property 'DELIVERYMAN_ADD_NEW' does not exist on type '{ readonly HOME: "/"; readonly LOGIN: "/login"; readonly DASHBOARD: "/admin/dashboard"; readonly WAREHOUSE: "/warehouse"; readonly OPERATIONS: "/operations"; readonly ACCOUNTING: "/accounting"; readonly REPORTS: "/reports"; readonly TRACKING: "/tracking"; readonly WAY_MANAGEMENT: "/admin/way-management"; readonly CREATE_SHIPMENT: "/shipments/create"; readonly SETTINGS: "/settings"; }'.
src/pages/admin/deliverymen/DeliverymanListPage.tsx(399,81): error TS2339: Property 'DELIVERYMAN_CASH_ADVANCE' does not exist on type '{ readonly HOME: "/"; readonly LOGIN: "/login"; readonly DASHBOARD: "/admin/dashboard"; readonly WAREHOUSE: "/warehouse"; readonly OPERATIONS: "/operations"; readonly ACCOUNTING: "/accounting"; readonly REPORTS: "/reports"; readonly TRACKING: "/tracking"; readonly WAY_MANAGEMENT: "/admin/way-management"; readonly CREATE_SHIPMENT: "/shipments/create"; readonly SETTINGS: "/settings"; }'.
src/pages/admin/merchants/AddNewMerchantPage.tsx(54,26): error TS2339: Property 'MERCHANT_LIST' does not exist on type '{ readonly HOME: "/"; readonly LOGIN: "/login"; readonly DASHBOARD: "/admin/dashboard"; readonly WAREHOUSE: "/warehouse"; readonly OPERATIONS: "/operations"; readonly ACCOUNTING: "/accounting"; readonly REPORTS: "/reports"; readonly TRACKING: "/tracking"; readonly WAY_MANAGEMENT: "/admin/way-management"; readonly CREATE_SHIPMENT: "/shipments/create"; readonly SETTINGS: "/settings"; }'.
src/pages/admin/merchants/AddNewMerchantPage.tsx(63,26): error TS2339: Property 'MERCHANT_LIST' does not exist on type '{ readonly HOME: "/"; readonly LOGIN: "/login"; readonly DASHBOARD: "/admin/dashboard"; readonly WAREHOUSE: "/warehouse"; readonly OPERATIONS: "/operations"; readonly ACCOUNTING: "/accounting"; readonly REPORTS: "/reports"; readonly TRACKING: "/tracking"; readonly WAY_MANAGEMENT: "/admin/way-management"; readonly CREATE_SHIPMENT: "/shipments/create"; readonly SETTINGS: "/settings"; }'.
src/pages/admin/merchants/BankAccountListPage.tsx(419,30): error TS2339: Property 'MERCHANT_LIST' does not exist on type '{ readonly HOME: "/"; readonly LOGIN: "/login"; readonly DASHBOARD: "/admin/dashboard"; readonly WAREHOUSE: "/warehouse"; readonly OPERATIONS: "/operations"; readonly ACCOUNTING: "/accounting"; readonly REPORTS: "/reports"; readonly TRACKING: "/tracking"; readonly WAY_MANAGEMENT: "/admin/way-management"; readonly CREATE_SHIPMENT: "/shipments/create"; readonly SETTINGS: "/settings"; }'.
src/pages/admin/merchants/BankAccountListPage.tsx(422,30): error TS2339: Property 'MERCHANT_FINANCIAL_CENTER' does not exist on type '{ readonly HOME: "/"; readonly LOGIN: "/login"; readonly DASHBOARD: "/admin/dashboard"; readonly WAREHOUSE: "/warehouse"; readonly OPERATIONS: "/operations"; readonly ACCOUNTING: "/accounting"; readonly REPORTS: "/reports"; readonly TRACKING: "/tracking"; readonly WAY_MANAGEMENT: "/admin/way-management"; readonly CREATE_SHIPMENT: "/shipments/create"; readonly SETTINGS: "/settings"; }'.
src/pages/admin/merchants/BankAccountListPage.tsx(425,30): error TS2339: Property 'ACCOUNTING_BANKS' does not exist on type '{ readonly HOME: "/"; readonly LOGIN: "/login"; readonly DASHBOARD: "/admin/dashboard"; readonly WAREHOUSE: "/warehouse"; readonly OPERATIONS: "/operations"; readonly ACCOUNTING: "/accounting"; readonly REPORTS: "/reports"; readonly TRACKING: "/tracking"; readonly WAY_MANAGEMENT: "/admin/way-management"; readonly CREATE_SHIPMENT: "/shipments/create"; readonly SETTINGS: "/settings"; }'.
src/pages/admin/merchants/MerchantListPage.tsx(189,49): error TS2339: Property 'MERCHANT_ADD_NEW' does not exist on type '{ readonly HOME: "/"; readonly LOGIN: "/login"; readonly DASHBOARD: "/admin/dashboard"; readonly WAREHOUSE: "/warehouse"; readonly OPERATIONS: "/operations"; readonly ACCOUNTING: "/accounting"; readonly REPORTS: "/reports"; readonly TRACKING: "/tracking"; readonly WAY_MANAGEMENT: "/admin/way-management"; readonly CREATE_SHIPMENT: "/shipments/create"; readonly SETTINGS: "/settings"; }'.
src/pages/admin/merchants/MerchantListPage.tsx(325,82): error TS2339: Property 'MERCHANT_LIST' does not exist on type '{ readonly HOME: "/"; readonly LOGIN: "/login"; readonly DASHBOARD: "/admin/dashboard"; readonly WAREHOUSE: "/warehouse"; readonly OPERATIONS: "/operations"; readonly ACCOUNTING: "/accounting"; readonly REPORTS: "/reports"; readonly TRACKING: "/tracking"; readonly WAY_MANAGEMENT: "/admin/way-management"; readonly CREATE_SHIPMENT: "/shipments/create"; readonly SETTINGS: "/settings"; }'.
src/pages/admin/merchants/MerchantListPage.tsx(334,79): error TS2339: Property 'MERCHANT_FINANCIAL_CENTER' does not exist on type '{ readonly HOME: "/"; readonly LOGIN: "/login"; readonly DASHBOARD: "/admin/dashboard"; readonly WAREHOUSE: "/warehouse"; readonly OPERATIONS: "/operations"; readonly ACCOUNTING: "/accounting"; readonly REPORTS: "/reports"; readonly TRACKING: "/tracking"; readonly WAY_MANAGEMENT: "/admin/way-management"; readonly CREATE_SHIPMENT: "/shipments/create"; readonly SETTINGS: "/settings"; }'.
src/pages/admin/merchants/MerchantListPage.tsx(338,79): error TS2339: Property 'MERCHANT_RECEIPTS' does not exist on type '{ readonly HOME: "/"; readonly LOGIN: "/login"; readonly DASHBOARD: "/admin/dashboard"; readonly WAREHOUSE: "/warehouse"; readonly OPERATIONS: "/operations"; readonly ACCOUNTING: "/accounting"; readonly REPORTS: "/reports"; readonly TRACKING: "/tracking"; readonly WAY_MANAGEMENT: "/admin/way-management"; readonly CREATE_SHIPMENT: "/shipments/create"; readonly SETTINGS: "/settings"; }'.
src/pages/admin/way-management/ParcelOutPage.tsx(156,49): error TS2339: Property 'WAY_TRANSIT_ROUTE' does not exist on type '{ readonly HOME: "/"; readonly LOGIN: "/login"; readonly DASHBOARD: "/admin/dashboard"; readonly WAREHOUSE: "/warehouse"; readonly OPERATIONS: "/operations"; readonly ACCOUNTING: "/accounting"; readonly REPORTS: "/reports"; readonly TRACKING: "/tracking"; readonly WAY_MANAGEMENT: "/admin/way-management"; readonly CREATE_SHIPMENT: "/shipments/create"; readonly SETTINGS: "/settings"; }'.
src/pages/admin/way-management/ParcelOutPage.tsx(163,49): error TS2339: Property 'WAY_PARCEL_IN' does not exist on type '{ readonly HOME: "/"; readonly LOGIN: "/login"; readonly DASHBOARD: "/admin/dashboard"; readonly WAREHOUSE: "/warehouse"; readonly OPERATIONS: "/operations"; readonly ACCOUNTING: "/accounting"; readonly REPORTS: "/reports"; readonly TRACKING: "/tracking"; readonly WAY_MANAGEMENT: "/admin/way-management"; readonly CREATE_SHIPMENT: "/shipments/create"; readonly SETTINGS: "/settings"; }'.
src/pages/AdvancedLogistics.tsx(44,23): error TS2551: Property 'SCREENSHOT3650_2_58' does not exist on type '{ readonly ANALYTICS_DASH_1: "https://images.unsplash.com/photo-1551288049-bebda4e38f71?crop=entropy&cs=tinysrgb&fit=max&fm=jpg&ixid=M3w4Mzc5NTV8MHwxfHNlYXJjaHwxfHxkYXNoYm9hcmQlMjBhbmFseXRpY3MlMjBjaGFydHN8ZW58MHwwfHx8MTc3MDE4NjM2MXww&ixlib=rb-4.1.0&q=80&w=1080"; readonly ANALYTICS_DASH_10: "https://images.unsplash.com/photo-1666537072206-6a7a01ecb7d9?crop=entropy&cs=tinysrgb&fit=max&fm=jpg&ixid=M3w4Mzc5NTV8MHwxfHNlYXJjaHw2fHxkYXNoYm9hcmQlMjBhbmFseXRpY3MlMjBjaGFydHN8ZW58MHwwfHx8MTc3MDE4NjM2MXww&ixlib=rb-4.1.0&q=80&w=1080"; readonly ANALYTICS_DASH_2: "https://images.unsplash.com/photo-1686061593213-98dad7c599b9?crop=entropy&cs=tinysrgb&fit=max&fm=jpg&ixid=M3w4Mzc5NTV8MHwxfHNlYXJjaHw5fHxkYXNoYm9hcmQlMjBhbmFseXRpY3MlMjBjaGFydHN8ZW58MHwwfHx8MTc3MDE4NjM2MXww&ixlib=rb-4.1.0&q=80&w=1080"; readonly ANALYTICS_DASH_3: "https://images.unsplash.com/photo-1686061592689-312bbfb5c055?crop=entropy&cs=tinysrgb&fit=max&fm=jpg&ixid=M3w4Mzc5NTV8MHwxfHNlYXJjaHw3fHxkYXNoYm9hcmQlMjBhbmFseXRpY3MlMjBjaGFydHN8ZW58MHwwfHx8MTc3MDE4NjM2MXww&ixlib=rb-4.1.0&q=80&w=1080"; readonly ANALYTICS_DASH_4: "https://images.unsplash.com/photo-1586448317606-cb1ec00298fc?crop=entropy&cs=tinysrgb&fit=max&fm=jpg&ixid=M3w4Mzc5NTV8MHwxfHNlYXJjaHw4fHxkYXNoYm9hcmQlMjBhbmFseXRpY3MlMjBjaGFydHN8ZW58MHwwfHx8MTc3MDE4NjM2MXww&ixlib=rb-4.1.0&q=80&w=1080"; readonly ANALYTICS_DASH_5: "https://images.unsplash.com/photo-1635236190542-d43e4d4b9e4b?crop=entropy&cs=tinysrgb&fit=max&fm=jpg&ixid=M3w4Mzc5NTV8MHwxfHNlYXJjaHwxMHx8ZGFzaGJvYXJkJTIwYW5hbHl0aWNzJTIwY2hhcnRzfGVufDB8MHx8fDE3NzAxODYzNjF8MA&ixlib=rb-4.1.0&q=80&w=1080"; readonly ANALYTICS_DASH_6: "https://images.unsplash.com/photo-1639825752750-5061ded5503b?crop=entropy&cs=tinysrgb&fit=max&fm=jpg&ixid=M3w4Mzc5NTV8MHwxfHNlYXJjaHw1fHxkYXNoYm9hcmQlMjBhbmFseXRpY3MlMjBjaGFydHN8ZW58MHwwfHx8MTc3MDE4NjM2MXww&ixlib=rb-4.1.0&q=80&w=1080"; readonly ANALYTICS_DASH_7: "https://images.unsplash.com/photo-1721593979313-8661afd501c2?crop=entropy&cs=tinysrgb&fit=max&fm=jpg&ixid=M3w4Mzc5NTV8MHwxfHNlYXJjaHw0fHxkYXNoYm9hcmQlMjBhbmFseXRpY3MlMjBjaGFydHN8ZW58MHwwfHx8MTc3MDE4NjM2MXww&ixlib=rb-4.1.0&q=80&w=1080"; readonly ANALYTICS_DASH_8: "https://images.unsplash.com/photo-1758876202980-0a28b744fb24?crop=entropy&cs=tinysrgb&fit=max&fm=jpg&ixid=M3w4Mzc5NTV8MHwxfHNlYXJjaHwzfHxkYXNoYm9hcmQlMjBhbmFseXRpY3MlMjBjaGFydHN8ZW58MHwwfHx8MTc3MDE4NjM2MXww&ixlib=rb-4.1.0&q=80&w=1080"; readonly ANALYTICS_DASH_9: "https://images.unsplash.com/photo-1763038311036-6d18805537e5?crop=entropy&cs=tinysrgb&fit=max&fm=jpg&ixid=M3w4Mzc5NTV8MHwxfHNlYXJjaHwyfHxkYXNoYm9hcmQlMjBhbmFseXRpY3MlMjBjaGFydHN8ZW58MHwwfHx8MTc3MDE4NjM2MXww&ixlib=rb-4.1.0&q=80&w=1080"; readonly BRITIUM_LOGO_55: "/images/britium-logo.png"; readonly BRITIUM_LOGO_66: "/images/britium-logo.png"; readonly DELIVERY_HERO_1: "https://images.unsplash.com/photo-1580160667723-8f98952d1017?crop=entropy&cs=tinysrgb&fit=max&fm=jpg&ixid=M3w4NDU5NTF8MHwxfHNlYXJjaHw5fHxtb2Rlcm4lMjBkZWxpdmVyeSUyMHRydWNrJTIwbG9naXN0aWNzfGVufDB8MHx8fDE3NzAxODYzNjB8MA&ixlib=rb-4.1.0&q=80&w=1080"; readonly DELIVERY_HERO_10: "https://images.unsplash.com/photo-1760045788252-d8d386ea1d12?crop=entropy&cs=tinysrgb&fit=max&fm=jpg&ixid=M3w4NDU5NTF8MHwxfHNlYXJjaHwzfHxtb2Rlcm4lMjBkZWxpdmVyeSUyMHRydWNrJTIwbG9naXN0aWNzfGVufDB8MHx8fDE3NzAxODYzNjB8MA&ixlib=rb-4.1.0&q=80&w=1080"; readonly DELIVERY_HERO_2: "https://images.unsplash.com/photo-1547116262-a7365d627e61?crop=entropy&cs=tinysrgb&fit=max&fm=jpg&ixid=M3w4NDU5NTF8MHwxfHNlYXJjaHw4fHxtb2Rlcm4lMjBkZWxpdmVyeSUyMHRydWNrJTIwbG9naXN0aWNzfGVufDB8MHx8fDE3NzAxODYzNjB8MA&ixlib=rb-4.1.0&q=80&w=1080"; readonly DELIVERY_HERO_3: "https://images.unsplash.com/photo-1598317940377-d1e5402f1bed?crop=entropy&cs=tinysrgb&fit=max&fm=jpg&ixid=M3w4NDU5NTF8MHwxfHNlYXJjaHw0fHxtb2Rlcm4lMjBkZWxpdmVyeSUyMHRydWNrJTIwbG9naXN0aWNzfGVufDB8MHx8fDE3NzAxODYzNjB8MA&ixlib=rb-4.1.0&q=80&w=1080"; readonly DELIVERY_HERO_4: "https://images.unsplash.com/photo-1633155565182-16c06ed45ec5?crop=entropy&cs=tinysrgb&fit=max&fm=jpg&ixid=M3w4NDU5NTF8MHwxfHNlYXJjaHw3fHxtb2Rlcm4lMjBkZWxpdmVyeSUyMHRydWNrJTIwbG9naXN0aWNzfGVufDB8MHx8fDE3NzAxODYzNjB8MA&ixlib=rb-4.1.0&q=80&w=1080"; readonly DELIVERY_HERO_5: "https://images.unsplash.com/photo-1681514583222-0579e6835666?crop=entropy&cs=tinysrgb&fit=max&fm=jpg&ixid=M3w4NDU5NTF8MHwxfHNlYXJjaHw1fHxtb2Rlcm4lMjBkZWxpdmVyeSUyMHRydWNrJTIwbG9naXN0aWNzfGVufDB8MHx8fDE3NzAxODYzNjB8MA&ixlib=rb-4.1.0&q=80&w=1080"; readonly DELIVERY_HERO_6: "https://images.unsplash.com/photo-1662135426498-72a27149a7dd?crop=entropy&cs=tinysrgb&fit=max&fm=jpg&ixid=M3w4NDU5NTF8MHwxfHNlYXJjaHwxMHx8bW9kZXJuJTIwZGVsaXZlcnklMjB0cnVjayUyMGxvZ2lzdGljc3xlbnwwfDB8fHwxNzcwMTg2MzYwfDA&ixlib=rb-4.1.0&q=80&w=1080"; readonly DELIVERY_HERO_7: "https://images.unsplash.com/photo-1733662095268-7a88cb5fa10e?crop=entropy&cs=tinysrgb&fit=max&fm=jpg&ixid=M3w4NDU5NTF8MHwxfHNlYXJjaHw2fHxtb2Rlcm4lMjBkZWxpdmVyeSUyMHRydWNrJTIwbG9naXN0aWNzfGVufDB8MHx8fDE3NzAxODYzNjB8MA&ixlib=rb-4.1.0&q=80&w=1080"; readonly DELIVERY_HERO_8: "https://images.unsplash.com/photo-1762245752333-c1ef6315a30c?crop=entropy&cs=tinysrgb&fit=max&fm=jpg&ixid=M3w4NDU5NTF8MHwxfHNlYXJjaHwyfHxtb2Rlcm4lMjBkZWxpdmVyeSUyMHRydWNrJTIwbG9naXN0aWNzfGVufDB8MHx8fDE3NzAxODYzNjB8MA&ixlib=rb-4.1.0&q=80&w=1080"; readonly DELIVERY_HERO_9: "https://images.unsplash.com/photo-1746985106190-6c116edec9bc?crop=entropy&cs=tinysrgb&fit=max&fm=jpg&ixid=M3w4NDU5NTF8MHwxfHNlYXJjaHwxfHxtb2Rlcm4lMjBkZWxpdmVyeSUyMHRydWNrJTIwbG9naXN0aWNzfGVufDB8MHx8fDE3NzAxODYzNjB8MA&ixlib=rb-4.1.0&q=80&w=1080"; readonly DELIVERY_RIDER_1: "https://images.unsplash.com/photo-1648394794449-5dbe63f6a8b5?crop=entropy&cs=tinysrgb&fit=max&fm=jpg&ixid=M3w4Mzc5NTV8MHwxfHNlYXJjaHw1fHxjb3VyaWVyJTIwZGVsaXZlcnklMjBwZXJzb24lMjBtb3RvcmN5Y2xlfGVufDB8MHx8fDE3NzAxNDI0NjJ8MA&ixlib=rb-4.1.0&q=80&w=1080"; readonly DELIVERY_RIDER_10: "https://images.unsplash.com/photo-1706994742122-df69c7390a2b?crop=entropy&cs=tinysrgb&fit=max&fm=jpg&ixid=M3w4Mzc5NTV8MHwxfHNlYXJjaHwxMHx8Y291cmllciUyMGRlbGl2ZXJ5JTIwcGVyc29uJTIwbW90b3JjeWNsZXxlbnwwfDB8fHwxNzcwMTQyNDYyfDA&ixlib=rb-4.1.0&q=80&w=1080"; readonly DELIVERY_RIDER_2: "https://images.unsplash.com/photo-1642047291146-7916f38ebde0?crop=entropy&cs=tinysrgb&fit=max&fm=jpg&ixid=M3w4Mzc5NTV8MHwxfHNlYXJjaHw4fHxjb3VyaWVyJTIwZGVsaXZlcnklMjBwZXJzb24lMjBtb3RvcmN5Y2xlfGVufDB8MHx8fDE3NzAxNDI0NjJ8MA&ixlib=rb-4.1.0&q=80&w=1080"; readonly DELIVERY_RIDER_3: "https://images.unsplash.com/photo-1754765542024-c1320f23b75a?crop=entropy&cs=tinysrgb&fit=max&fm=jpg&ixid=M3w4Mzc5NTV8MHwxfHNlYXJjaHw0fHxjb3VyaWVyJTIwZGVsaXZlcnklMjBwZXJzb24lMjBtb3RvcmN5Y2xlfGVufDB8MHx8fDE3NzAxNDI0NjJ8MA&ixlib=rb-4.1.0&q=80&w=1080"; readonly DELIVERY_RIDER_4: "https://images.unsplash.com/photo-1616915939238-2a7a363d45c4?crop=entropy&cs=tinysrgb&fit=max&fm=jpg&ixid=M3w4Mzc5NTV8MHwxfHNlYXJjaHw2fHxjb3VyaWVyJTIwZGVsaXZlcnklMjBwZXJzb24lMjBtb3RvcmN5Y2xlfGVufDB8MHx8fDE3NzAxNDI0NjJ8MA&ixlib=rb-4.1.0&q=80&w=1080"; readonly DELIVERY_RIDER_5: "https://images.unsplash.com/photo-1683553170878-049f180627b0?crop=entropy&cs=tinysrgb&fit=max&fm=jpg&ixid=M3w4Mzc5NTV8MHwxfHNlYXJjaHw5fHxjb3VyaWVyJTIwZGVsaXZlcnklMjBwZXJzb24lMjBtb3RvcmN5Y2xlfGVufDB8MHx8fDE3NzAxNDI0NjJ8MA&ixlib=rb-4.1.0&q=80&w=1080"; readonly DELIVERY_RIDER_6: "https://images.unsplash.com/photo-1767114648562-399d88d7362d?crop=entropy&cs=tinysrgb&fit=max&fm=jpg&ixid=M3w4Mzc5NTV8MHwxfHNlYXJjaHwxfHxjb3VyaWVyJTIwZGVsaXZlcnklMjBwZXJzb24lMjBtb3RvcmN5Y2xlfGVufDB8MHx8fDE3NzAxNDI0NjJ8MA&ixlib=rb-4.1.0&q=80&w=1080"; readonly DELIVERY_RIDER_7: "https://images.unsplash.com/photo-1766421687400-e7e742d6f39d?crop=entropy&cs=tinysrgb&fit=max&fm=jpg&ixid=M3w4Mzc5NTV8MHwxfHNlYXJjaHwyfHxjb3VyaWVyJTIwZGVsaXZlcnklMjBwZXJzb24lMjBtb3RvcmN5Y2xlfGVufDB8MHx8fDE3NzAxNDI0NjJ8MA&ixlib=rb-4.1.0&q=80&w=1080"; readonly DELIVERY_RIDER_8: "https://images.unsplash.com/photo-1758202292832-5e036fd03e25?crop=entropy&cs=tinysrgb&fit=max&fm=jpg&ixid=M3w4Mzc5NTV8MHwxfHNlYXJjaHwzfHxjb3VyaWVyJTIwZGVsaXZlcnklMjBwZXJzb24lMjBtb3RvcmN5Y2xlfGVufDB8MHx8fDE3NzAxNDI0NjJ8MA&ixlib=rb-4.1.0&q=80&w=1080"; readonly DELIVERY_RIDER_9: "https://images.unsplash.com/photo-1754765542364-7def1d509bb8?crop=entropy&cs=tinysrgb&fit=max&fm=jpg&ixid=M3w4Mzc5NTV8MHwxfHNlYXJjaHw3fHxjb3VyaWVyJTIwZGVsaXZlcnklMjBwZXJzb24lMjBtb3RvcmN5Y2xlfGVufDB8MHx8fDE3NzAxNDI0NjJ8MA&ixlib=rb-4.1.0&q=80&w=1080"; readonly IC_LAUNCHER_45: "/images/ic_launcher.webp"; readonly IC_LAUNCHER_47: "/images/ic_launcher.webp"; readonly IC_LAUNCHER_48: "/images/ic_launcher.webp"; readonly IC_LAUNCHER_51: "/images/ic_launcher.webp"; readonly IC_LAUNCHER_53: "/images/ic_launcher.webp"; readonly IC_LAUNCHER_56: "/images/ic_launcher.webp"; readonly IC_LAUNCHER_58: "/images/ic_launcher.webp"; readonly IC_LAUNCHER_59: "/images/ic_launcher.webp"; readonly IC_LAUNCHER_62: "/images/ic_launcher.webp"; readonly IC_LAUNCHER_64: "/images/ic_launcher.webp"; readonly IC_LAUNCHER_ROUND_46: "/images/ic_launcher_round.webp"; readonly IC_LAUNCHER_ROUND_49: "/images/ic_launcher_round.webp"; readonly IC_LAUNCHER_ROUND_50: "/images/ic_launcher_round.webp"; readonly IC_LAUNCHER_ROUND_52: "/images/ic_launcher_round.webp"; readonly IC_LAUNCHER_ROUND_54: "/images/ic_launcher_round.webp"; readonly IC_LAUNCHER_ROUND_57: "/images/ic_launcher_round.webp"; readonly IC_LAUNCHER_ROUND_60: "/images/ic_launcher_round.webp"; readonly IC_LAUNCHER_ROUND_61: "/images/ic_launcher_round.webp"; readonly IC_LAUNCHER_ROUND_63: "/images/ic_launcher_round.webp"; readonly IC_LAUNCHER_ROUND_65: "/images/ic_launcher_round.webp"; readonly LOGISTICS_HERO_1: "https://images.unsplash.com/photo-1532635042-a6f6ad4745f9?crop=entropy&cs=tinysrgb&fit=max&fm=jpg&ixid=M3w4MTk0NTh8MHwxfHNlYXJjaHw3fHxkZWxpdmVyeSUyMHRydWNrJTIwbG9naXN0aWNzJTIwd2FyZWhvdXNlfGVufDB8MHx8fDE3NzAxNDI0NjJ8MA&ixlib=rb-4.1.0&q=80&w=1080"; readonly LOGISTICS_HERO_10: "https://images.unsplash.com/photo-1739863305982-f7354315b2bd?crop=entropy&cs=tinysrgb&fit=max&fm=jpg&ixid=M3w4MTk0NTh8MHwxfHNlYXJjaHwxMHx8ZGVsaXZlcnklMjB0cnVjayUyMGxvZ2lzdGljcyUyMHdhcmVob3VzZXxlbnwwfDB8fHwxNzcwMTQyNDYyfDA&ixlib=rb-4.1.0&q=80&w=1080"; readonly LOGISTICS_HERO_2: "https://images.unsplash.com/photo-1601912552080-0fb89fd08042?crop=entropy&cs=tinysrgb&fit=max&fm=jpg&ixid=M3w4MTk0NTh8MHwxfHNlYXJjaHw1fHxkZWxpdmVyeSUyMHRydWNrJTIwbG9naXN0aWNzJTIwd2FyZWhvdXNlfGVufDB8MHx8fDE3NzAxNDI0NjJ8MA&ixlib=rb-4.1.0&q=80&w=1080"; readonly LOGISTICS_HERO_3: "https://images.unsplash.com/photo-1611938845621-f7d331a14255?crop=entropy&cs=tinysrgb&fit=max&fm=jpg&ixid=M3w4MTk0NTh8MHwxfHNlYXJjaHwyfHxkZWxpdmVyeSUyMHRydWNrJTIwbG9naXN0aWNzJTIwd2FyZWhvdXNlfGVufDB8MHx8fDE3NzAxNDI0NjJ8MA&ixlib=rb-4.1.0&q=80&w=1080"; readonly LOGISTICS_HERO_4: "https://images.unsplash.com/photo-1681514583222-0579e6835666?crop=entropy&cs=tinysrgb&fit=max&fm=jpg&ixid=M3w4MTk0NTh8MHwxfHNlYXJjaHw2fHxkZWxpdmVyeSUyMHRydWNrJTIwbG9naXN0aWNzJTIwd2FyZWhvdXNlfGVufDB8MHx8fDE3NzAxNDI0NjJ8MA&ixlib=rb-4.1.0&q=80&w=1080"; readonly LOGISTICS_HERO_5: "https://images.unsplash.com/photo-1613354382403-28066cf657b3?crop=entropy&cs=tinysrgb&fit=max&fm=jpg&ixid=M3w4MTk0NTh8MHwxfHNlYXJjaHwzfHxkZWxpdmVyeSUyMHRydWNrJTIwbG9naXN0aWNzJTIwd2FyZWhvdXNlfGVufDB8MHx8fDE3NzAxNDI0NjJ8MA&ixlib=rb-4.1.0&q=80&w=1080"; readonly LOGISTICS_HERO_6: "https://images.unsplash.com/photo-1732435527614-8336ebd1e82c?crop=entropy&cs=tinysrgb&fit=max&fm=jpg&ixid=M3w4MTk0NTh8MHwxfHNlYXJjaHw4fHxkZWxpdmVyeSUyMHRydWNrJTIwbG9naXN0aWNzJTIwd2FyZWhvdXNlfGVufDB8MHx8fDE3NzAxNDI0NjJ8MA&ixlib=rb-4.1.0&q=80&w=1080"; readonly LOGISTICS_HERO_7: "https://images.unsplash.com/photo-1762251374590-64962c1a451c?crop=entropy&cs=tinysrgb&fit=max&fm=jpg&ixid=M3w4MTk0NTh8MHwxfHNlYXJjaHwxfHxkZWxpdmVyeSUyMHRydWNrJTIwbG9naXN0aWNzJTIwd2FyZWhvdXNlfGVufDB8MHx8fDE3NzAxNDI0NjJ8MA&ixlib=rb-4.1.0&q=80&w=1080"; readonly LOGISTICS_HERO_8: "https://images.unsplash.com/photo-1681514583213-7b8e47eb1953?crop=entropy&cs=tinysrgb&fit=max&fm=jpg&ixid=M3w4MTk0NTh8MHwxfHNlYXJjaHw0fHxkZWxpdmVyeSUyMHRydWNrJTIwbG9naXN0aWNzJTIwd2FyZWhvdXNlfGVufDB8MHx8fDE3NzAxNDI0NjJ8MA&ixlib=rb-4.1.0&q=80&w=1080"; readonly LOGISTICS_HERO_9: "https://images.unsplash.com/photo-1730309529959-e305b3199c01?crop=entropy&cs=tinysrgb&fit=max&fm=jpg&ixid=M3w4MTk0NTh8MHwxfHNlYXJjaHw5fHxkZWxpdmVyeSUyMHRydWNrJTIwbG9naXN0aWNzJTIwd2FyZWhvdXNlfGVufDB8MHx8fDE3NzAxNDI0NjJ8MA&ixlib=rb-4.1.0&q=80&w=1080"; readonly MOBILE_INTERFACE_1: "https://images.unsplash.com/photo-1592323401640-9c24ed330baf?crop=entropy&cs=tinysrgb&fit=max&fm=jpg&ixid=M3w4NDU2OTd8MHwxfHNlYXJjaHw0fHxtb2JpbGUlMjBhcHAlMjBkZWxpdmVyeSUyMGludGVyZmFjZXxlbnwwfDF8fHwxNzcwMTQyNDYzfDA&ixlib=rb-4.1.0&q=80&w=1080"; readonly MOBILE_INTERFACE_2: "https://images.unsplash.com/photo-1570894808314-677b57f25e45?crop=entropy&cs=tinysrgb&fit=max&fm=jpg&ixid=M3w4NDU2OTd8MHwxfHNlYXJjaHwyfHxtb2JpbGUlMjBhcHAlMjBkZWxpdmVyeSUyMGludGVyZmFjZXxlbnwwfDF8fHwxNzcwMTQyNDYzfDA&ixlib=rb-4.1.0&q=80&w=1080"; readonly MOBILE_INTERFACE_3: "https://images.unsplash.com/photo-1605600659802-1353d7fd3732?crop=entropy&cs=tinysrgb&fit=max&fm=jpg&ixid=M3w4NDU2OTd8MHwxfHNlYXJjaHw3fHxtb2JpbGUlMjBhcHAlMjBkZWxpdmVyeSUyMGludGVyZmFjZXxlbnwwfDF8fHwxNzcwMTQyNDYzfDA&ixlib=rb-4.1.0&q=80&w=1080"; readonly MOBILE_INTERFACE_4: "https://images.unsplash.com/photo-1661358788054-9988c0778447?crop=entropy&cs=tinysrgb&fit=max&fm=jpg&ixid=M3w4NDU2OTd8MHwxfHNlYXJjaHw1fHxtb2JpbGUlMjBhcHAlMjBkZWxpdmVyeSUyMGludGVyZmFjZXxlbnwwfDF8fHwxNzcwMTQyNDYzfDA&ixlib=rb-4.1.0&q=80&w=1080"; readonly MOBILE_INTERFACE_5: "https://images.unsplash.com/photo-1746286721374-cd541e26911a?crop=entropy&cs=tinysrgb&fit=max&fm=jpg&ixid=M3w4NDU2OTd8MHwxfHNlYXJjaHw2fHxtb2JpbGUlMjBhcHAlMjBkZWxpdmVyeSUyMGludGVyZmFjZXxlbnwwfDF8fHwxNzcwMTQyNDYzfDA&ixlib=rb-4.1.0&q=80&w=1080"; readonly MOBILE_INTERFACE_6: "https://images.unsplash.com/photo-1760888549280-4aef010720bd?crop=entropy&cs=tinysrgb&fit=max&fm=jpg&ixid=M3w4NDU2OTd8MHwxfHNlYXJjaHwxfHxtb2JpbGUlMjBhcHAlMjBkZWxpdmVyeSUyMGludGVyZmFjZXxlbnwwfDF8fHwxNzcwMTQyNDYzfDA&ixlib=rb-4.1.0&q=80&w=1080"; readonly MOBILE_INTERFACE_7: "https://images.unsplash.com/photo-1621691187532-bbeb671757ac?crop=entropy&cs=tinysrgb&fit=max&fm=jpg&ixid=M3w4NDU2OTd8MHwxfHNlYXJjaHwzfHxtb2JpbGUlMjBhcHAlMjBkZWxpdmVyeSUyMGludGVyZmFjZXxlbnwwfDF8fHwxNzcwMTQyNDYzfDA&ixlib=rb-4.1.0&q=80&w=1080"; readonly MOBILE_INTERFACE_8: "https://images.unsplash.com/photo-1621691177818-bcd7c032ef26?crop=entropy&cs=tinysrgb&fit=max&fm=jpg&ixid=M3w4NDU2OTd8MHwxfHNlYXJjaHw4fHxtb2JpbGUlMjBhcHAlMjBkZWxpdmVyeSUyMGludGVyZmFjZXxlbnwwfDF8fHwxNzcwMTQyNDYzfDA&ixlib=rb-4.1.0&q=80&w=1080"; readonly MOBILE_TRACKING_1: "https://images.unsplash.com/photo-1570894808314-677b57f25e45?crop=entropy&cs=tinysrgb&fit=max&fm=jpg&ixid=M3w4NDU5NTF8MHwxfHNlYXJjaHw2fHxzbWFydHBob25lJTIwZGVsaXZlcnklMjB0cmFja2luZyUyMGFwcHxlbnwwfDF8fHwxNzcwMTg2MzYwfDA&ixlib=rb-4.1.0&q=80&w=1080"; readonly MOBILE_TRACKING_10: "https://images.unsplash.com/photo-1750179990399-96757d9aa8a0?crop=entropy&cs=tinysrgb&fit=max&fm=jpg&ixid=M3w4NDU5NTF8MHwxfHNlYXJjaHw4fHxzbWFydHBob25lJTIwZGVsaXZlcnklMjB0cmFja2luZyUyMGFwcHxlbnwwfDF8fHwxNzcwMTg2MzYwfDA&ixlib=rb-4.1.0&q=80&w=1080"; readonly MOBILE_TRACKING_2: "https://images.unsplash.com/photo-1651493355781-20b4e12f3231?crop=entropy&cs=tinysrgb&fit=max&fm=jpg&ixid=M3w4NDU5NTF8MHwxfHNlYXJjaHw0fHxzbWFydHBob25lJTIwZGVsaXZlcnklMjB0cmFja2luZyUyMGFwcHxlbnwwfDF8fHwxNzcwMTg2MzYwfDA&ixlib=rb-4.1.0&q=80&w=1080"; readonly MOBILE_TRACKING_3: "https://images.unsplash.com/photo-1607783822349-805fc62715dd?crop=entropy&cs=tinysrgb&fit=max&fm=jpg&ixid=M3w4NDU5NTF8MHwxfHNlYXJjaHwxMHx8c21hcnRwaG9uZSUyMGRlbGl2ZXJ5JTIwdHJhY2tpbmclMjBhcHB8ZW58MHwxfHx8MTc3MDE4NjM2MHww&ixlib=rb-4.1.0&q=80&w=1080"; readonly MOBILE_TRACKING_4: "https://images.unsplash.com/photo-1706814901248-5ac8b312c5f3?crop=entropy&cs=tinysrgb&fit=max&fm=jpg&ixid=M3w4NDU5NTF8MHwxfHNlYXJjaHwxfHxzbWFydHBob25lJTIwZGVsaXZlcnklMjB0cmFja2luZyUyMGFwcHxlbnwwfDF8fHwxNzcwMTg2MzYwfDA&ixlib=rb-4.1.0&q=80&w=1080"; readonly MOBILE_TRACKING_5: "https://images.unsplash.com/photo-1692681157014-2f7ee75c0ea0?crop=entropy&cs=tinysrgb&fit=max&fm=jpg&ixid=M3w4NDU5NTF8MHwxfHNlYXJjaHwyfHxzbWFydHBob25lJTIwZGVsaXZlcnklMjB0cmFja2luZyUyMGFwcHxlbnwwfDF8fHwxNzcwMTg2MzYwfDA&ixlib=rb-4.1.0&q=80&w=1080"; readonly MOBILE_TRACKING_6: "https://images.unsplash.com/photo-1640017438849-15957fd5b277?crop=entropy&cs=tinysrgb&fit=max&fm=jpg&ixid=M3w4NDU5NTF8MHwxfHNlYXJjaHw1fHxzbWFydHBob25lJTIwZGVsaXZlcnklMjB0cmFja2luZyUyMGFwcHxlbnwwfDF8fHwxNzcwMTg2MzYwfDA&ixlib=rb-4.1.0&q=80&w=1080"; readonly MOBILE_TRACKING_7: "https://images.unsplash.com/photo-1661358788054-9988c0778447?crop=entropy&cs=tinysrgb&fit=max&fm=jpg&ixid=M3w4NDU5NTF8MHwxfHNlYXJjaHwzfHxzbWFydHBob25lJTIwZGVsaXZlcnklMjB0cmFja2luZyUyMGFwcHxlbnwwfDF8fHwxNzcwMTg2MzYwfDA&ixlib=rb-4.1.0&q=80&w=1080"; readonly MOBILE_TRACKING_8: "https://images.unsplash.com/photo-1724246981341-bd289296c157?crop=entropy&cs=tinysrgb&fit=max&fm=jpg&ixid=M3w4NDU5NTF8MHwxfHNlYXJjaHw5fHxzbWFydHBob25lJTIwZGVsaXZlcnklMjB0cmFja2luZyUyMGFwcHxlbnwwfDF8fHwxNzcwMTg2MzYwfDA&ixlib=rb-4.1.0&q=80&w=1080"; readonly MOBILE_TRACKING_9: "https://images.unsplash.com/photo-1621691187532-bbeb671757ac?crop=entropy&cs=tinysrgb&fit=max&fm=jpg&ixid=M3w4NDU5NTF8MHwxfHNlYXJjaHw3fHxzbWFydHBob25lJTIwZGVsaXZlcnklMjB0cmFja2luZyUyMGFwcHxlbnwwfDF8fHwxNzcwMTg2MzYwfDA&ixlib=rb-4.1.0&q=80&w=1080"; readonly RIDER_DELIVERY_1: "https://images.unsplash.com/photo-1558899367-3cd83fb31ed8?crop=entropy&cs=tinysrgb&fit=max&fm=jpg&ixid=M3w4Mzc5NTV8MHwxfHNlYXJjaHw1fHxkZWxpdmVyeSUyMGRyaXZlciUyMG1vdG9yY3ljbGV8ZW58MHwwfHx8MTc3MDE4NjM2MXww&ixlib=rb-4.1.0&q=80&w=1080"; readonly RIDER_DELIVERY_10: "https://images.unsplash.com/photo-1763750648120-7e52c57eb26e?crop=entropy&cs=tinysrgb&fit=max&fm=jpg&ixid=M3w4Mzc5NTV8MHwxfHNlYXJjaHwxMHx8ZGVsaXZlcnklMjBkcml2ZXIlMjBtb3RvcmN5Y2xlfGVufDB8MHx8fDE3NzAxODYzNjF8MA&ixlib=rb-4.1.0&q=80&w=1080"; readonly RIDER_DELIVERY_2: "https://images.unsplash.com/photo-1558899293-c6204574fcd4?crop=entropy&cs=tinysrgb&fit=max&fm=jpg&ixid=M3w4Mzc5NTV8MHwxfHNlYXJjaHwzfHxkZWxpdmVyeSUyMGRyaXZlciUyMG1vdG9yY3ljbGV8ZW58MHwwfHx8MTc3MDE4NjM2MXww&ixlib=rb-4.1.0&q=80&w=1080"; readonly RIDER_DELIVERY_3: "https://images.unsplash.com/photo-1765608461706-2678e824ed15?crop=entropy&cs=tinysrgb&fit=max&fm=jpg&ixid=M3w4Mzc5NTV8MHwxfHNlYXJjaHw4fHxkZWxpdmVyeSUyMGRyaXZlciUyMG1vdG9yY3ljbGV8ZW58MHwwfHx8MTc3MDE4NjM2MXww&ixlib=rb-4.1.0&q=80&w=1080"; readonly RIDER_DELIVERY_4: "https://images.unsplash.com/photo-1767114648562-399d88d7362d?crop=entropy&cs=tinysrgb&fit=max&fm=jpg&ixid=M3w4Mzc5NTV8MHwxfHNlYXJjaHwxfHxkZWxpdmVyeSUyMGRyaXZlciUyMG1vdG9yY3ljbGV8ZW58MHwwfHx8MTc3MDE4NjM2MXww&ixlib=rb-4.1.0&q=80&w=1080"; readonly RIDER_DELIVERY_5: "https://images.unsplash.com/photo-1765808172074-702dc0371f93?crop=entropy&cs=tinysrgb&fit=max&fm=jpg&ixid=M3w4Mzc5NTV8MHwxfHNlYXJjaHwyfHxkZWxpdmVyeSUyMGRyaXZlciUyMG1vdG9yY3ljbGV8ZW58MHwwfHx8MTc3MDE4NjM2MXww&ixlib=rb-4.1.0&q=80&w=1080"; readonly RIDER_DELIVERY_6: "https://images.unsplash.com/photo-1766170507518-e7a6ca397e1c?crop=entropy&cs=tinysrgb&fit=max&fm=jpg&ixid=M3w4Mzc5NTV8MHwxfHNlYXJjaHw0fHxkZWxpdmVyeSUyMGRyaXZlciUyMG1vdG9yY3ljbGV8ZW58MHwwfHx8MTc3MDE4NjM2MXww&ixlib=rb-4.1.0&q=80&w=1080"; readonly RIDER_DELIVERY_7: "https://images.unsplash.com/photo-1762944080592-b0d779ef65ae?crop=entropy&cs=tinysrgb&fit=max&fm=jpg&ixid=M3w4Mzc5NTV8MHwxfHNlYXJjaHw2fHxkZWxpdmVyeSUyMGRyaXZlciUyMG1vdG9yY3ljbGV8ZW58MHwwfHx8MTc3MDE4NjM2MXww&ixlib=rb-4.1.0&q=80&w=1080"; readonly RIDER_DELIVERY_8: "https://images.unsplash.com/photo-1758777151107-b4573745d6c0?crop=entropy&cs=tinysrgb&fit=max&fm=jpg&ixid=M3w4Mzc5NTV8MHwxfHNlYXJjaHw3fHxkZWxpdmVyeSUyMGRyaXZlciUyMG1vdG9yY3ljbGV8ZW58MHwwfHx8MTc3MDE4NjM2MXww&ixlib=rb-4.1.0&q=80&w=1080"; readonly RIDER_DELIVERY_9: "https://images.unsplash.com/photo-1766421687400-e7e742d6f39d?crop=entropy&cs=tinysrgb&fit=max&fm=jpg&ixid=M3w4Mzc5NTV8MHwxfHNlYXJjaHw5fHxkZWxpdmVyeSUyMGRyaXZlciUyMG1vdG9yY3ljbGV8ZW58MHwwfHx8MTc3MDE4NjM2MXww&ixlib=rb-4.1.0&q=80&w=1080"; readonly SCREENSHOT1095_123: "/images/Screenshot1095.png"; readonly SCREENSHOT1487_125: "/images/Screenshot1487.png"; readonly SCREENSHOT3252_118: "/images/Screenshot3252.png"; readonly SCREENSHOT3650_120: "/images/Screenshot3650.png"; readonly SCREENSHOT5040_127: "/images/Screenshot5040.png"; readonly SCREENSHOT5867_121: "/images/Screenshot5867.png"; readonly SCREENSHOT5897_122: "/images/Screenshot5897.png"; readonly SCREENSHOT6115_117: "/images/Screenshot6115.png"; readonly SCREENSHOT6534_126: "/images/Screenshot6534.png"; readonly SCREENSHOT8648_119: "/images/Screenshot8648.png"; readonly SCREENSHOT9336_124: "/images/Screenshot9336.png"; readonly TRACKING_DASHBOARD_1: "https://images.unsplash.com/photo-1640552435845-d65c23b75934?crop=entropy&cs=tinysrgb&fit=max&fm=jpg&ixid=M3w4NDU5NTF8MHwxfHNlYXJjaHwxfHxwYWNrYWdlJTIwdHJhY2tpbmclMjBkYXNoYm9hcmQlMjBzY3JlZW58ZW58MHwwfHx8MTc3MDE0MjQ2Mnww&ixlib=rb-4.1.0&q=80&w=1080"; readonly TRACKING_DASHBOARD_2: "https://images.unsplash.com/photo-1728917330520-9456e3f49529?crop=entropy&cs=tinysrgb&fit=max&fm=jpg&ixid=M3w4NDU5NTF8MHwxfHNlYXJjaHw0fHxwYWNrYWdlJTIwdHJhY2tpbmclMjBkYXNoYm9hcmQlMjBzY3JlZW58ZW58MHwwfHx8MTc3MDE0MjQ2Mnww&ixlib=rb-4.1.0&q=80&w=1080"; readonly TRACKING_DASHBOARD_3: "https://images.unsplash.com/photo-1603596155917-4ec2f4324db0?crop=entropy&cs=tinysrgb&fit=max&fm=jpg&ixid=M3w4NDU5NTF8MHwxfHNlYXJjaHwzfHxwYWNrYWdlJTIwdHJhY2tpbmclMjBkYXNoYm9hcmQlMjBzY3JlZW58ZW58MHwwfHx8MTc3MDE0MjQ2Mnww&ixlib=rb-4.1.0&q=80&w=1080"; readonly TRACKING_DASHBOARD_4: "https://images.unsplash.com/photo-1545340914-8557aa9714e6?crop=entropy&cs=tinysrgb&fit=max&fm=jpg&ixid=M3w4NDU5NTF8MHwxfHNlYXJjaHw3fHxwYWNrYWdlJTIwdHJhY2tpbmclMjBkYXNoYm9hcmQlMjBzY3JlZW58ZW58MHwwfHx8MTc3MDE0MjQ2Mnww&ixlib=rb-4.1.0&q=80&w=1080"; readonly TRACKING_DASHBOARD_5: "https://images.unsplash.com/photo-1738499105721-fb2f8038ec8d?crop=entropy&cs=tinysrgb&fit=max&fm=jpg&ixid=M3w4NDU5NTF8MHwxfHNlYXJjaHw4fHxwYWNrYWdlJTIwdHJhY2tpbmclMjBkYXNoYm9hcmQlMjBzY3JlZW58ZW58MHwwfHx8MTc3MDE0MjQ2Mnww&ixlib=rb-4.1.0&q=80&w=1080"; readonly TRACKING_DASHBOARD_6: "https://images.unsplash.com/photo-1723000545910-de8498a26698?crop=entropy&cs=tinysrgb&fit=max&fm=jpg&ixid=M3w4NDU5NTF8MHwxfHNlYXJjaHw2fHxwYWNrYWdlJTIwdHJhY2tpbmclMjBkYXNoYm9hcmQlMjBzY3JlZW58ZW58MHwwfHx8MTc3MDE0MjQ2Mnww&ixlib=rb-4.1.0&q=80&w=1080"; readonly TRACKING_DASHBOARD_7: "https://images.unsplash.com/photo-1768223927969-f08af51cf730?crop=entropy&cs=tinysrgb&fit=max&fm=jpg&ixid=M3w4NDU5NTF8MHwxfHNlYXJjaHwyfHxwYWNrYWdlJTIwdHJhY2tpbmclMjBkYXNoYm9hcmQlMjBzY3JlZW58ZW58MHwwfHx8MTc3MDE0MjQ2Mnww&ixlib=rb-4.1.0&q=80&w=1080"; readonly TRACKING_DASHBOARD_8: "https://images.unsplash.com/photo-1725777634077-e19c68ac1c4e?crop=entropy&cs=tinysrgb&fit=max&fm=jpg&ixid=M3w4NDU5NTF8MHwxfHNlYXJjaHw1fHxwYWNrYWdlJTIwdHJhY2tpbmclMjBkYXNoYm9hcmQlMjBzY3JlZW58ZW58MHwwfHx8MTc3MDE0MjQ2Mnww&ixlib=rb-4.1.0&q=80&w=1080"; readonly WAREHOUSE_OPS_1: "https://images.unsplash.com/photo-1724709162875-fe100dd0e04b?crop=entropy&cs=tinysrgb&fit=max&fm=jpg&ixid=M3w4NDU5NTF8MHwxfHNlYXJjaHw0fHx3YXJlaG91c2UlMjBtYW5hZ2VtZW50JTIwaW52ZW50b3J5fGVufDB8MHx8fDE3NzAxNDI0NjJ8MA&ixlib=rb-4.1.0&q=80&w=1080"; readonly WAREHOUSE_OPS_10: "https://images.unsplash.com/photo-1769698631158-c1f42e6281cc?crop=entropy&cs=tinysrgb&fit=max&fm=jpg&ixid=M3w4MTk0NTh8MHwxfHNlYXJjaHwyfHx3YXJlaG91c2UlMjBsb2dpc3RpY3MlMjBvcGVyYXRpb25zfGVufDB8MHx8fDE3NzAxODYzNjB8MA&ixlib=rb-4.1.0&q=80&w=1080"; readonly WAREHOUSE_OPS_11: "https://images.unsplash.com/photo-1768796372629-a4e7db99e474?crop=entropy&cs=tinysrgb&fit=max&fm=jpg&ixid=M3w4MTk0NTh8MHwxfHNlYXJjaHwzfHx3YXJlaG91c2UlMjBsb2dpc3RpY3MlMjBvcGVyYXRpb25zfGVufDB8MHx8fDE3NzAxODYzNjB8MA&ixlib=rb-4.1.0&q=80&w=1080"; readonly WAREHOUSE_OPS_12: "https://images.unsplash.com/photo-1768796373634-db43bfd5f064?crop=entropy&cs=tinysrgb&fit=max&fm=jpg&ixid=M3w4MTk0NTh8MHwxfHNlYXJjaHw0fHx3YXJlaG91c2UlMjBsb2dpc3RpY3MlMjBvcGVyYXRpb25zfGVufDB8MHx8fDE3NzAxODYzNjB8MA&ixlib=rb-4.1.0&q=80&w=1080"; readonly WAREHOUSE_OPS_13: "https://images.unsplash.com/photo-1769700821886-e10fa7946ceb?crop=entropy&cs=tinysrgb&fit=max&fm=jpg&ixid=M3w4MTk0NTh8MHwxfHNlYXJjaHw1fHx3YXJlaG91c2UlMjBsb2dpc3RpY3MlMjBvcGVyYXRpb25zfGVufDB8MHx8fDE3NzAxODYzNjB8MA&ixlib=rb-4.1.0&q=80&w=1080"; readonly WAREHOUSE_OPS_14: "https://images.unsplash.com/photo-1769698821962-dc7ea5f9b2bc?crop=entropy&cs=tinysrgb&fit=max&fm=jpg&ixid=M3w4MTk0NTh8MHwxfHNlYXJjaHw2fHx3YXJlaG91c2UlMjBsb2dpc3RpY3MlMjBvcGVyYXRpb25zfGVufDB8MHx8fDE3NzAxODYzNjB8MA&ixlib=rb-4.1.0&q=80&w=1080"; readonly WAREHOUSE_OPS_15: "https://images.unsplash.com/photo-1769701164670-e819d92cc602?crop=entropy&cs=tinysrgb&fit=max&fm=jpg&ixid=M3w4MTk0NTh8MHwxfHNlYXJjaHw3fHx3YXJlaG91c2UlMjBsb2dpc3RpY3MlMjBvcGVyYXRpb25zfGVufDB8MHx8fDE3NzAxODYzNjB8MA&ixlib=rb-4.1.0&q=80&w=1080"; readonly WAREHOUSE_OPS_16: "https://images.unsplash.com/photo-1768796372478-f3c46af523a9?crop=entropy&cs=tinysrgb&fit=max&fm=jpg&ixid=M3w4MTk0NTh8MHwxfHNlYXJjaHw4fHx3YXJlaG91c2UlMjBsb2dpc3RpY3MlMjBvcGVyYXRpb25zfGVufDB8MHx8fDE3NzAxODYzNjB8MA&ixlib=rb-4.1.0&q=80&w=1080"; readonly WAREHOUSE_OPS_17: "https://images.unsplash.com/photo-1769700821917-df00d0f3e621?crop=entropy&cs=tinysrgb&fit=max&fm=jpg&ixid=M3w4MTk0NTh8MHwxfHNlYXJjaHw5fHx3YXJlaG91c2UlMjBsb2dpc3RpY3MlMjBvcGVyYXRpb25zfGVufDB8MHx8fDE3NzAxODYzNjB8MA&ixlib=rb-4.1.0&q=80&w=1080"; readonly WAREHOUSE_OPS_18: "https://images.unsplash.com/photo-1768796371989-411938b4d07b?crop=entropy&cs=tinysrgb&fit=max&fm=jpg&ixid=M3w4MTk0NTh8MHwxfHNlYXJjaHwxMHx8d2FyZWhvdXNlJTIwbG9naXN0aWNzJTIwb3BlcmF0aW9uc3xlbnwwfDB8fHwxNzcwMTg2MzYwfDA&ixlib=rb-4.1.0&q=80&w=1080"; readonly WAREHOUSE_OPS_2: "https://images.unsplash.com/photo-1768796372478-f3c46af523a9?crop=entropy&cs=tinysrgb&fit=max&fm=jpg&ixid=M3w4NDU5NTF8MHwxfHNlYXJjaHwxfHx3YXJlaG91c2UlMjBtYW5hZ2VtZW50JTIwaW52ZW50b3J5fGVufDB8MHx8fDE3NzAxNDI0NjJ8MA&ixlib=rb-4.1.0&q=80&w=1080"; readonly WAREHOUSE_OPS_3: "https://images.unsplash.com/photo-1768796373634-db43bfd5f064?crop=entropy&cs=tinysrgb&fit=max&fm=jpg&ixid=M3w4NDU5NTF8MHwxfHNlYXJjaHwyfHx3YXJlaG91c2UlMjBtYW5hZ2VtZW50JTIwaW52ZW50b3J5fGVufDB8MHx8fDE3NzAxNDI0NjJ8MA&ixlib=rb-4.1.0&q=80&w=1080"; readonly WAREHOUSE_OPS_4: "https://images.unsplash.com/photo-1768796373360-95d80c5830fb?crop=entropy&cs=tinysrgb&fit=max&fm=jpg&ixid=M3w4NDU5NTF8MHwxfHNlYXJjaHwzfHx3YXJlaG91c2UlMjBtYW5hZ2VtZW50JTIwaW52ZW50b3J5fGVufDB8MHx8fDE3NzAxNDI0NjJ8MA&ixlib=rb-4.1.0&q=80&w=1080"; readonly WAREHOUSE_OPS_5: "https://images.unsplash.com/photo-1768796373577-2e6e51351165?crop=entropy&cs=tinysrgb&fit=max&fm=jpg&ixid=M3w4NDU5NTF8MHwxfHNlYXJjaHw1fHx3YXJlaG91c2UlMjBtYW5hZ2VtZW50JTIwaW52ZW50b3J5fGVufDB8MHx8fDE3NzAxNDI0NjJ8MA&ixlib=rb-4.1.0&q=80&w=1080"; readonly WAREHOUSE_OPS_6: "https://images.unsplash.com/photo-1768796372882-8b67936af681?crop=entropy&cs=tinysrgb&fit=max&fm=jpg&ixid=M3w4NDU5NTF8MHwxfHNlYXJjaHw2fHx3YXJlaG91c2UlMjBtYW5hZ2VtZW50JTIwaW52ZW50b3J5fGVufDB8MHx8fDE3NzAxNDI0NjJ8MA&ixlib=rb-4.1.0&q=80&w=1080"; readonly WAREHOUSE_OPS_7: "https://images.unsplash.com/photo-1768796373907-418e59aee549?crop=entropy&cs=tinysrgb&fit=max&fm=jpg&ixid=M3w4NDU5NTF8MHwxfHNlYXJjaHw3fHx3YXJlaG91c2UlMjBtYW5hZ2VtZW50JTIwaW52ZW50b3J5fGVufDB8MHx8fDE3NzAxNDI0NjJ8MA&ixlib=rb-4.1.0&q=80&w=1080"; readonly WAREHOUSE_OPS_8: "https://images.unsplash.com/photo-1768796372629-a4e7db99e474?crop=entropy&cs=tinysrgb&fit=max&fm=jpg&ixid=M3w4NDU5NTF8MHwxfHNlYXJjaHw4fHx3YXJlaG91c2UlMjBtYW5hZ2VtZW50JTIwaW52ZW50b3J5fGVufDB8MHx8fDE3NzAxNDI0NjJ8MA&ixlib=rb-4.1.0&q=80&w=1080"; readonly WAREHOUSE_OPS_9: "https://images.unsplash.com/photo-1768796373307-fc2f843660f8?crop=entropy&cs=tinysrgb&fit=max&fm=jpg&ixid=M3w4MTk0NTh8MHwxfHNlYXJjaHwxfHx3YXJlaG91c2UlMjBsb2dpc3RpY3MlMjBvcGVyYXRpb25zfGVufDB8MHx8fDE3NzAxODYzNjB8MA&ixlib=rb-4.1.0&q=80&w=1080"; }'. Did you mean 'SCREENSHOT3650_120'?
src/pages/AdvancedLogistics.tsx(191,40): error TS2339: Property 'PACKAGE_TRACKING_4' does not exist on type '{ readonly ANALYTICS_DASH_1: "https://images.unsplash.com/photo-1551288049-bebda4e38f71?crop=entropy&cs=tinysrgb&fit=max&fm=jpg&ixid=M3w4Mzc5NTV8MHwxfHNlYXJjaHwxfHxkYXNoYm9hcmQlMjBhbmFseXRpY3MlMjBjaGFydHN8ZW58MHwwfHx8MTc3MDE4NjM2MXww&ixlib=rb-4.1.0&q=80&w=1080"; readonly ANALYTICS_DASH_10: "https://images.unsplash.com/photo-1666537072206-6a7a01ecb7d9?crop=entropy&cs=tinysrgb&fit=max&fm=jpg&ixid=M3w4Mzc5NTV8MHwxfHNlYXJjaHw2fHxkYXNoYm9hcmQlMjBhbmFseXRpY3MlMjBjaGFydHN8ZW58MHwwfHx8MTc3MDE4NjM2MXww&ixlib=rb-4.1.0&q=80&w=1080"; readonly ANALYTICS_DASH_2: "https://images.unsplash.com/photo-1686061593213-98dad7c599b9?crop=entropy&cs=tinysrgb&fit=max&fm=jpg&ixid=M3w4Mzc5NTV8MHwxfHNlYXJjaHw5fHxkYXNoYm9hcmQlMjBhbmFseXRpY3MlMjBjaGFydHN8ZW58MHwwfHx8MTc3MDE4NjM2MXww&ixlib=rb-4.1.0&q=80&w=1080"; readonly ANALYTICS_DASH_3: "https://images.unsplash.com/photo-1686061592689-312bbfb5c055?crop=entropy&cs=tinysrgb&fit=max&fm=jpg&ixid=M3w4Mzc5NTV8MHwxfHNlYXJjaHw3fHxkYXNoYm9hcmQlMjBhbmFseXRpY3MlMjBjaGFydHN8ZW58MHwwfHx8MTc3MDE4NjM2MXww&ixlib=rb-4.1.0&q=80&w=1080"; readonly ANALYTICS_DASH_4: "https://images.unsplash.com/photo-1586448317606-cb1ec00298fc?crop=entropy&cs=tinysrgb&fit=max&fm=jpg&ixid=M3w4Mzc5NTV8MHwxfHNlYXJjaHw4fHxkYXNoYm9hcmQlMjBhbmFseXRpY3MlMjBjaGFydHN8ZW58MHwwfHx8MTc3MDE4NjM2MXww&ixlib=rb-4.1.0&q=80&w=1080"; readonly ANALYTICS_DASH_5: "https://images.unsplash.com/photo-1635236190542-d43e4d4b9e4b?crop=entropy&cs=tinysrgb&fit=max&fm=jpg&ixid=M3w4Mzc5NTV8MHwxfHNlYXJjaHwxMHx8ZGFzaGJvYXJkJTIwYW5hbHl0aWNzJTIwY2hhcnRzfGVufDB8MHx8fDE3NzAxODYzNjF8MA&ixlib=rb-4.1.0&q=80&w=1080"; readonly ANALYTICS_DASH_6: "https://images.unsplash.com/photo-1639825752750-5061ded5503b?crop=entropy&cs=tinysrgb&fit=max&fm=jpg&ixid=M3w4Mzc5NTV8MHwxfHNlYXJjaHw1fHxkYXNoYm9hcmQlMjBhbmFseXRpY3MlMjBjaGFydHN8ZW58MHwwfHx8MTc3MDE4NjM2MXww&ixlib=rb-4.1.0&q=80&w=1080"; readonly ANALYTICS_DASH_7: "https://images.unsplash.com/photo-1721593979313-8661afd501c2?crop=entropy&cs=tinysrgb&fit=max&fm=jpg&ixid=M3w4Mzc5NTV8MHwxfHNlYXJjaHw0fHxkYXNoYm9hcmQlMjBhbmFseXRpY3MlMjBjaGFydHN8ZW58MHwwfHx8MTc3MDE4NjM2MXww&ixlib=rb-4.1.0&q=80&w=1080"; readonly ANALYTICS_DASH_8: "https://images.unsplash.com/photo-1758876202980-0a28b744fb24?crop=entropy&cs=tinysrgb&fit=max&fm=jpg&ixid=M3w4Mzc5NTV8MHwxfHNlYXJjaHwzfHxkYXNoYm9hcmQlMjBhbmFseXRpY3MlMjBjaGFydHN8ZW58MHwwfHx8MTc3MDE4NjM2MXww&ixlib=rb-4.1.0&q=80&w=1080"; readonly ANALYTICS_DASH_9: "https://images.unsplash.com/photo-1763038311036-6d18805537e5?crop=entropy&cs=tinysrgb&fit=max&fm=jpg&ixid=M3w4Mzc5NTV8MHwxfHNlYXJjaHwyfHxkYXNoYm9hcmQlMjBhbmFseXRpY3MlMjBjaGFydHN8ZW58MHwwfHx8MTc3MDE4NjM2MXww&ixlib=rb-4.1.0&q=80&w=1080"; readonly BRITIUM_LOGO_55: "/images/britium-logo.png"; readonly BRITIUM_LOGO_66: "/images/britium-logo.png"; readonly DELIVERY_HERO_1: "https://images.unsplash.com/photo-1580160667723-8f98952d1017?crop=entropy&cs=tinysrgb&fit=max&fm=jpg&ixid=M3w4NDU5NTF8MHwxfHNlYXJjaHw5fHxtb2Rlcm4lMjBkZWxpdmVyeSUyMHRydWNrJTIwbG9naXN0aWNzfGVufDB8MHx8fDE3NzAxODYzNjB8MA&ixlib=rb-4.1.0&q=80&w=1080"; readonly DELIVERY_HERO_10: "https://images.unsplash.com/photo-1760045788252-d8d386ea1d12?crop=entropy&cs=tinysrgb&fit=max&fm=jpg&ixid=M3w4NDU5NTF8MHwxfHNlYXJjaHwzfHxtb2Rlcm4lMjBkZWxpdmVyeSUyMHRydWNrJTIwbG9naXN0aWNzfGVufDB8MHx8fDE3NzAxODYzNjB8MA&ixlib=rb-4.1.0&q=80&w=1080"; readonly DELIVERY_HERO_2: "https://images.unsplash.com/photo-1547116262-a7365d627e61?crop=entropy&cs=tinysrgb&fit=max&fm=jpg&ixid=M3w4NDU5NTF8MHwxfHNlYXJjaHw4fHxtb2Rlcm4lMjBkZWxpdmVyeSUyMHRydWNrJTIwbG9naXN0aWNzfGVufDB8MHx8fDE3NzAxODYzNjB8MA&ixlib=rb-4.1.0&q=80&w=1080"; readonly DELIVERY_HERO_3: "https://images.unsplash.com/photo-1598317940377-d1e5402f1bed?crop=entropy&cs=tinysrgb&fit=max&fm=jpg&ixid=M3w4NDU5NTF8MHwxfHNlYXJjaHw0fHxtb2Rlcm4lMjBkZWxpdmVyeSUyMHRydWNrJTIwbG9naXN0aWNzfGVufDB8MHx8fDE3NzAxODYzNjB8MA&ixlib=rb-4.1.0&q=80&w=1080"; readonly DELIVERY_HERO_4: "https://images.unsplash.com/photo-1633155565182-16c06ed45ec5?crop=entropy&cs=tinysrgb&fit=max&fm=jpg&ixid=M3w4NDU5NTF8MHwxfHNlYXJjaHw3fHxtb2Rlcm4lMjBkZWxpdmVyeSUyMHRydWNrJTIwbG9naXN0aWNzfGVufDB8MHx8fDE3NzAxODYzNjB8MA&ixlib=rb-4.1.0&q=80&w=1080"; readonly DELIVERY_HERO_5: "https://images.unsplash.com/photo-1681514583222-0579e6835666?crop=entropy&cs=tinysrgb&fit=max&fm=jpg&ixid=M3w4NDU5NTF8MHwxfHNlYXJjaHw1fHxtb2Rlcm4lMjBkZWxpdmVyeSUyMHRydWNrJTIwbG9naXN0aWNzfGVufDB8MHx8fDE3NzAxODYzNjB8MA&ixlib=rb-4.1.0&q=80&w=1080"; readonly DELIVERY_HERO_6: "https://images.unsplash.com/photo-1662135426498-72a27149a7dd?crop=entropy&cs=tinysrgb&fit=max&fm=jpg&ixid=M3w4NDU5NTF8MHwxfHNlYXJjaHwxMHx8bW9kZXJuJTIwZGVsaXZlcnklMjB0cnVjayUyMGxvZ2lzdGljc3xlbnwwfDB8fHwxNzcwMTg2MzYwfDA&ixlib=rb-4.1.0&q=80&w=1080"; readonly DELIVERY_HERO_7: "https://images.unsplash.com/photo-1733662095268-7a88cb5fa10e?crop=entropy&cs=tinysrgb&fit=max&fm=jpg&ixid=M3w4NDU5NTF8MHwxfHNlYXJjaHw2fHxtb2Rlcm4lMjBkZWxpdmVyeSUyMHRydWNrJTIwbG9naXN0aWNzfGVufDB8MHx8fDE3NzAxODYzNjB8MA&ixlib=rb-4.1.0&q=80&w=1080"; readonly DELIVERY_HERO_8: "https://images.unsplash.com/photo-1762245752333-c1ef6315a30c?crop=entropy&cs=tinysrgb&fit=max&fm=jpg&ixid=M3w4NDU5NTF8MHwxfHNlYXJjaHwyfHxtb2Rlcm4lMjBkZWxpdmVyeSUyMHRydWNrJTIwbG9naXN0aWNzfGVufDB8MHx8fDE3NzAxODYzNjB8MA&ixlib=rb-4.1.0&q=80&w=1080"; readonly DELIVERY_HERO_9: "https://images.unsplash.com/photo-1746985106190-6c116edec9bc?crop=entropy&cs=tinysrgb&fit=max&fm=jpg&ixid=M3w4NDU5NTF8MHwxfHNlYXJjaHwxfHxtb2Rlcm4lMjBkZWxpdmVyeSUyMHRydWNrJTIwbG9naXN0aWNzfGVufDB8MHx8fDE3NzAxODYzNjB8MA&ixlib=rb-4.1.0&q=80&w=1080"; readonly DELIVERY_RIDER_1: "https://images.unsplash.com/photo-1648394794449-5dbe63f6a8b5?crop=entropy&cs=tinysrgb&fit=max&fm=jpg&ixid=M3w4Mzc5NTV8MHwxfHNlYXJjaHw1fHxjb3VyaWVyJTIwZGVsaXZlcnklMjBwZXJzb24lMjBtb3RvcmN5Y2xlfGVufDB8MHx8fDE3NzAxNDI0NjJ8MA&ixlib=rb-4.1.0&q=80&w=1080"; readonly DELIVERY_RIDER_10: "https://images.unsplash.com/photo-1706994742122-df69c7390a2b?crop=entropy&cs=tinysrgb&fit=max&fm=jpg&ixid=M3w4Mzc5NTV8MHwxfHNlYXJjaHwxMHx8Y291cmllciUyMGRlbGl2ZXJ5JTIwcGVyc29uJTIwbW90b3JjeWNsZXxlbnwwfDB8fHwxNzcwMTQyNDYyfDA&ixlib=rb-4.1.0&q=80&w=1080"; readonly DELIVERY_RIDER_2: "https://images.unsplash.com/photo-1642047291146-7916f38ebde0?crop=entropy&cs=tinysrgb&fit=max&fm=jpg&ixid=M3w4Mzc5NTV8MHwxfHNlYXJjaHw4fHxjb3VyaWVyJTIwZGVsaXZlcnklMjBwZXJzb24lMjBtb3RvcmN5Y2xlfGVufDB8MHx8fDE3NzAxNDI0NjJ8MA&ixlib=rb-4.1.0&q=80&w=1080"; readonly DELIVERY_RIDER_3: "https://images.unsplash.com/photo-1754765542024-c1320f23b75a?crop=entropy&cs=tinysrgb&fit=max&fm=jpg&ixid=M3w4Mzc5NTV8MHwxfHNlYXJjaHw0fHxjb3VyaWVyJTIwZGVsaXZlcnklMjBwZXJzb24lMjBtb3RvcmN5Y2xlfGVufDB8MHx8fDE3NzAxNDI0NjJ8MA&ixlib=rb-4.1.0&q=80&w=1080"; readonly DELIVERY_RIDER_4: "https://images.unsplash.com/photo-1616915939238-2a7a363d45c4?crop=entropy&cs=tinysrgb&fit=max&fm=jpg&ixid=M3w4Mzc5NTV8MHwxfHNlYXJjaHw2fHxjb3VyaWVyJTIwZGVsaXZlcnklMjBwZXJzb24lMjBtb3RvcmN5Y2xlfGVufDB8MHx8fDE3NzAxNDI0NjJ8MA&ixlib=rb-4.1.0&q=80&w=1080"; readonly DELIVERY_RIDER_5: "https://images.unsplash.com/photo-1683553170878-049f180627b0?crop=entropy&cs=tinysrgb&fit=max&fm=jpg&ixid=M3w4Mzc5NTV8MHwxfHNlYXJjaHw5fHxjb3VyaWVyJTIwZGVsaXZlcnklMjBwZXJzb24lMjBtb3RvcmN5Y2xlfGVufDB8MHx8fDE3NzAxNDI0NjJ8MA&ixlib=rb-4.1.0&q=80&w=1080"; readonly DELIVERY_RIDER_6: "https://images.unsplash.com/photo-1767114648562-399d88d7362d?crop=entropy&cs=tinysrgb&fit=max&fm=jpg&ixid=M3w4Mzc5NTV8MHwxfHNlYXJjaHwxfHxjb3VyaWVyJTIwZGVsaXZlcnklMjBwZXJzb24lMjBtb3RvcmN5Y2xlfGVufDB8MHx8fDE3NzAxNDI0NjJ8MA&ixlib=rb-4.1.0&q=80&w=1080"; readonly DELIVERY_RIDER_7: "https://images.unsplash.com/photo-1766421687400-e7e742d6f39d?crop=entropy&cs=tinysrgb&fit=max&fm=jpg&ixid=M3w4Mzc5NTV8MHwxfHNlYXJjaHwyfHxjb3VyaWVyJTIwZGVsaXZlcnklMjBwZXJzb24lMjBtb3RvcmN5Y2xlfGVufDB8MHx8fDE3NzAxNDI0NjJ8MA&ixlib=rb-4.1.0&q=80&w=1080"; readonly DELIVERY_RIDER_8: "https://images.unsplash.com/photo-1758202292832-5e036fd03e25?crop=entropy&cs=tinysrgb&fit=max&fm=jpg&ixid=M3w4Mzc5NTV8MHwxfHNlYXJjaHwzfHxjb3VyaWVyJTIwZGVsaXZlcnklMjBwZXJzb24lMjBtb3RvcmN5Y2xlfGVufDB8MHx8fDE3NzAxNDI0NjJ8MA&ixlib=rb-4.1.0&q=80&w=1080"; readonly DELIVERY_RIDER_9: "https://images.unsplash.com/photo-1754765542364-7def1d509bb8?crop=entropy&cs=tinysrgb&fit=max&fm=jpg&ixid=M3w4Mzc5NTV8MHwxfHNlYXJjaHw3fHxjb3VyaWVyJTIwZGVsaXZlcnklMjBwZXJzb24lMjBtb3RvcmN5Y2xlfGVufDB8MHx8fDE3NzAxNDI0NjJ8MA&ixlib=rb-4.1.0&q=80&w=1080"; readonly IC_LAUNCHER_45: "/images/ic_launcher.webp"; readonly IC_LAUNCHER_47: "/images/ic_launcher.webp"; readonly IC_LAUNCHER_48: "/images/ic_launcher.webp"; readonly IC_LAUNCHER_51: "/images/ic_launcher.webp"; readonly IC_LAUNCHER_53: "/images/ic_launcher.webp"; readonly IC_LAUNCHER_56: "/images/ic_launcher.webp"; readonly IC_LAUNCHER_58: "/images/ic_launcher.webp"; readonly IC_LAUNCHER_59: "/images/ic_launcher.webp"; readonly IC_LAUNCHER_62: "/images/ic_launcher.webp"; readonly IC_LAUNCHER_64: "/images/ic_launcher.webp"; readonly IC_LAUNCHER_ROUND_46: "/images/ic_launcher_round.webp"; readonly IC_LAUNCHER_ROUND_49: "/images/ic_launcher_round.webp"; readonly IC_LAUNCHER_ROUND_50: "/images/ic_launcher_round.webp"; readonly IC_LAUNCHER_ROUND_52: "/images/ic_launcher_round.webp"; readonly IC_LAUNCHER_ROUND_54: "/images/ic_launcher_round.webp"; readonly IC_LAUNCHER_ROUND_57: "/images/ic_launcher_round.webp"; readonly IC_LAUNCHER_ROUND_60: "/images/ic_launcher_round.webp"; readonly IC_LAUNCHER_ROUND_61: "/images/ic_launcher_round.webp"; readonly IC_LAUNCHER_ROUND_63: "/images/ic_launcher_round.webp"; readonly IC_LAUNCHER_ROUND_65: "/images/ic_launcher_round.webp"; readonly LOGISTICS_HERO_1: "https://images.unsplash.com/photo-1532635042-a6f6ad4745f9?crop=entropy&cs=tinysrgb&fit=max&fm=jpg&ixid=M3w4MTk0NTh8MHwxfHNlYXJjaHw3fHxkZWxpdmVyeSUyMHRydWNrJTIwbG9naXN0aWNzJTIwd2FyZWhvdXNlfGVufDB8MHx8fDE3NzAxNDI0NjJ8MA&ixlib=rb-4.1.0&q=80&w=1080"; readonly LOGISTICS_HERO_10: "https://images.unsplash.com/photo-1739863305982-f7354315b2bd?crop=entropy&cs=tinysrgb&fit=max&fm=jpg&ixid=M3w4MTk0NTh8MHwxfHNlYXJjaHwxMHx8ZGVsaXZlcnklMjB0cnVjayUyMGxvZ2lzdGljcyUyMHdhcmVob3VzZXxlbnwwfDB8fHwxNzcwMTQyNDYyfDA&ixlib=rb-4.1.0&q=80&w=1080"; readonly LOGISTICS_HERO_2: "https://images.unsplash.com/photo-1601912552080-0fb89fd08042?crop=entropy&cs=tinysrgb&fit=max&fm=jpg&ixid=M3w4MTk0NTh8MHwxfHNlYXJjaHw1fHxkZWxpdmVyeSUyMHRydWNrJTIwbG9naXN0aWNzJTIwd2FyZWhvdXNlfGVufDB8MHx8fDE3NzAxNDI0NjJ8MA&ixlib=rb-4.1.0&q=80&w=1080"; readonly LOGISTICS_HERO_3: "https://images.unsplash.com/photo-1611938845621-f7d331a14255?crop=entropy&cs=tinysrgb&fit=max&fm=jpg&ixid=M3w4MTk0NTh8MHwxfHNlYXJjaHwyfHxkZWxpdmVyeSUyMHRydWNrJTIwbG9naXN0aWNzJTIwd2FyZWhvdXNlfGVufDB8MHx8fDE3NzAxNDI0NjJ8MA&ixlib=rb-4.1.0&q=80&w=1080"; readonly LOGISTICS_HERO_4: "https://images.unsplash.com/photo-1681514583222-0579e6835666?crop=entropy&cs=tinysrgb&fit=max&fm=jpg&ixid=M3w4MTk0NTh8MHwxfHNlYXJjaHw2fHxkZWxpdmVyeSUyMHRydWNrJTIwbG9naXN0aWNzJTIwd2FyZWhvdXNlfGVufDB8MHx8fDE3NzAxNDI0NjJ8MA&ixlib=rb-4.1.0&q=80&w=1080"; readonly LOGISTICS_HERO_5: "https://images.unsplash.com/photo-1613354382403-28066cf657b3?crop=entropy&cs=tinysrgb&fit=max&fm=jpg&ixid=M3w4MTk0NTh8MHwxfHNlYXJjaHwzfHxkZWxpdmVyeSUyMHRydWNrJTIwbG9naXN0aWNzJTIwd2FyZWhvdXNlfGVufDB8MHx8fDE3NzAxNDI0NjJ8MA&ixlib=rb-4.1.0&q=80&w=1080"; readonly LOGISTICS_HERO_6: "https://images.unsplash.com/photo-1732435527614-8336ebd1e82c?crop=entropy&cs=tinysrgb&fit=max&fm=jpg&ixid=M3w4MTk0NTh8MHwxfHNlYXJjaHw4fHxkZWxpdmVyeSUyMHRydWNrJTIwbG9naXN0aWNzJTIwd2FyZWhvdXNlfGVufDB8MHx8fDE3NzAxNDI0NjJ8MA&ixlib=rb-4.1.0&q=80&w=1080"; readonly LOGISTICS_HERO_7: "https://images.unsplash.com/photo-1762251374590-64962c1a451c?crop=entropy&cs=tinysrgb&fit=max&fm=jpg&ixid=M3w4MTk0NTh8MHwxfHNlYXJjaHwxfHxkZWxpdmVyeSUyMHRydWNrJTIwbG9naXN0aWNzJTIwd2FyZWhvdXNlfGVufDB8MHx8fDE3NzAxNDI0NjJ8MA&ixlib=rb-4.1.0&q=80&w=1080"; readonly LOGISTICS_HERO_8: "https://images.unsplash.com/photo-1681514583213-7b8e47eb1953?crop=entropy&cs=tinysrgb&fit=max&fm=jpg&ixid=M3w4MTk0NTh8MHwxfHNlYXJjaHw0fHxkZWxpdmVyeSUyMHRydWNrJTIwbG9naXN0aWNzJTIwd2FyZWhvdXNlfGVufDB8MHx8fDE3NzAxNDI0NjJ8MA&ixlib=rb-4.1.0&q=80&w=1080"; readonly LOGISTICS_HERO_9: "https://images.unsplash.com/photo-1730309529959-e305b3199c01?crop=entropy&cs=tinysrgb&fit=max&fm=jpg&ixid=M3w4MTk0NTh8MHwxfHNlYXJjaHw5fHxkZWxpdmVyeSUyMHRydWNrJTIwbG9naXN0aWNzJTIwd2FyZWhvdXNlfGVufDB8MHx8fDE3NzAxNDI0NjJ8MA&ixlib=rb-4.1.0&q=80&w=1080"; readonly MOBILE_INTERFACE_1: "https://images.unsplash.com/photo-1592323401640-9c24ed330baf?crop=entropy&cs=tinysrgb&fit=max&fm=jpg&ixid=M3w4NDU2OTd8MHwxfHNlYXJjaHw0fHxtb2JpbGUlMjBhcHAlMjBkZWxpdmVyeSUyMGludGVyZmFjZXxlbnwwfDF8fHwxNzcwMTQyNDYzfDA&ixlib=rb-4.1.0&q=80&w=1080"; readonly MOBILE_INTERFACE_2: "https://images.unsplash.com/photo-1570894808314-677b57f25e45?crop=entropy&cs=tinysrgb&fit=max&fm=jpg&ixid=M3w4NDU2OTd8MHwxfHNlYXJjaHwyfHxtb2JpbGUlMjBhcHAlMjBkZWxpdmVyeSUyMGludGVyZmFjZXxlbnwwfDF8fHwxNzcwMTQyNDYzfDA&ixlib=rb-4.1.0&q=80&w=1080"; readonly MOBILE_INTERFACE_3: "https://images.unsplash.com/photo-1605600659802-1353d7fd3732?crop=entropy&cs=tinysrgb&fit=max&fm=jpg&ixid=M3w4NDU2OTd8MHwxfHNlYXJjaHw3fHxtb2JpbGUlMjBhcHAlMjBkZWxpdmVyeSUyMGludGVyZmFjZXxlbnwwfDF8fHwxNzcwMTQyNDYzfDA&ixlib=rb-4.1.0&q=80&w=1080"; readonly MOBILE_INTERFACE_4: "https://images.unsplash.com/photo-1661358788054-9988c0778447?crop=entropy&cs=tinysrgb&fit=max&fm=jpg&ixid=M3w4NDU2OTd8MHwxfHNlYXJjaHw1fHxtb2JpbGUlMjBhcHAlMjBkZWxpdmVyeSUyMGludGVyZmFjZXxlbnwwfDF8fHwxNzcwMTQyNDYzfDA&ixlib=rb-4.1.0&q=80&w=1080"; readonly MOBILE_INTERFACE_5: "https://images.unsplash.com/photo-1746286721374-cd541e26911a?crop=entropy&cs=tinysrgb&fit=max&fm=jpg&ixid=M3w4NDU2OTd8MHwxfHNlYXJjaHw2fHxtb2JpbGUlMjBhcHAlMjBkZWxpdmVyeSUyMGludGVyZmFjZXxlbnwwfDF8fHwxNzcwMTQyNDYzfDA&ixlib=rb-4.1.0&q=80&w=1080"; readonly MOBILE_INTERFACE_6: "https://images.unsplash.com/photo-1760888549280-4aef010720bd?crop=entropy&cs=tinysrgb&fit=max&fm=jpg&ixid=M3w4NDU2OTd8MHwxfHNlYXJjaHwxfHxtb2JpbGUlMjBhcHAlMjBkZWxpdmVyeSUyMGludGVyZmFjZXxlbnwwfDF8fHwxNzcwMTQyNDYzfDA&ixlib=rb-4.1.0&q=80&w=1080"; readonly MOBILE_INTERFACE_7: "https://images.unsplash.com/photo-1621691187532-bbeb671757ac?crop=entropy&cs=tinysrgb&fit=max&fm=jpg&ixid=M3w4NDU2OTd8MHwxfHNlYXJjaHwzfHxtb2JpbGUlMjBhcHAlMjBkZWxpdmVyeSUyMGludGVyZmFjZXxlbnwwfDF8fHwxNzcwMTQyNDYzfDA&ixlib=rb-4.1.0&q=80&w=1080"; readonly MOBILE_INTERFACE_8: "https://images.unsplash.com/photo-1621691177818-bcd7c032ef26?crop=entropy&cs=tinysrgb&fit=max&fm=jpg&ixid=M3w4NDU2OTd8MHwxfHNlYXJjaHw4fHxtb2JpbGUlMjBhcHAlMjBkZWxpdmVyeSUyMGludGVyZmFjZXxlbnwwfDF8fHwxNzcwMTQyNDYzfDA&ixlib=rb-4.1.0&q=80&w=1080"; readonly MOBILE_TRACKING_1: "https://images.unsplash.com/photo-1570894808314-677b57f25e45?crop=entropy&cs=tinysrgb&fit=max&fm=jpg&ixid=M3w4NDU5NTF8MHwxfHNlYXJjaHw2fHxzbWFydHBob25lJTIwZGVsaXZlcnklMjB0cmFja2luZyUyMGFwcHxlbnwwfDF8fHwxNzcwMTg2MzYwfDA&ixlib=rb-4.1.0&q=80&w=1080"; readonly MOBILE_TRACKING_10: "https://images.unsplash.com/photo-1750179990399-96757d9aa8a0?crop=entropy&cs=tinysrgb&fit=max&fm=jpg&ixid=M3w4NDU5NTF8MHwxfHNlYXJjaHw4fHxzbWFydHBob25lJTIwZGVsaXZlcnklMjB0cmFja2luZyUyMGFwcHxlbnwwfDF8fHwxNzcwMTg2MzYwfDA&ixlib=rb-4.1.0&q=80&w=1080"; readonly MOBILE_TRACKING_2: "https://images.unsplash.com/photo-1651493355781-20b4e12f3231?crop=entropy&cs=tinysrgb&fit=max&fm=jpg&ixid=M3w4NDU5NTF8MHwxfHNlYXJjaHw0fHxzbWFydHBob25lJTIwZGVsaXZlcnklMjB0cmFja2luZyUyMGFwcHxlbnwwfDF8fHwxNzcwMTg2MzYwfDA&ixlib=rb-4.1.0&q=80&w=1080"; readonly MOBILE_TRACKING_3: "https://images.unsplash.com/photo-1607783822349-805fc62715dd?crop=entropy&cs=tinysrgb&fit=max&fm=jpg&ixid=M3w4NDU5NTF8MHwxfHNlYXJjaHwxMHx8c21hcnRwaG9uZSUyMGRlbGl2ZXJ5JTIwdHJhY2tpbmclMjBhcHB8ZW58MHwxfHx8MTc3MDE4NjM2MHww&ixlib=rb-4.1.0&q=80&w=1080"; readonly MOBILE_TRACKING_4: "https://images.unsplash.com/photo-1706814901248-5ac8b312c5f3?crop=entropy&cs=tinysrgb&fit=max&fm=jpg&ixid=M3w4NDU5NTF8MHwxfHNlYXJjaHwxfHxzbWFydHBob25lJTIwZGVsaXZlcnklMjB0cmFja2luZyUyMGFwcHxlbnwwfDF8fHwxNzcwMTg2MzYwfDA&ixlib=rb-4.1.0&q=80&w=1080"; readonly MOBILE_TRACKING_5: "https://images.unsplash.com/photo-1692681157014-2f7ee75c0ea0?crop=entropy&cs=tinysrgb&fit=max&fm=jpg&ixid=M3w4NDU5NTF8MHwxfHNlYXJjaHwyfHxzbWFydHBob25lJTIwZGVsaXZlcnklMjB0cmFja2luZyUyMGFwcHxlbnwwfDF8fHwxNzcwMTg2MzYwfDA&ixlib=rb-4.1.0&q=80&w=1080"; readonly MOBILE_TRACKING_6: "https://images.unsplash.com/photo-1640017438849-15957fd5b277?crop=entropy&cs=tinysrgb&fit=max&fm=jpg&ixid=M3w4NDU5NTF8MHwxfHNlYXJjaHw1fHxzbWFydHBob25lJTIwZGVsaXZlcnklMjB0cmFja2luZyUyMGFwcHxlbnwwfDF8fHwxNzcwMTg2MzYwfDA&ixlib=rb-4.1.0&q=80&w=1080"; readonly MOBILE_TRACKING_7: "https://images.unsplash.com/photo-1661358788054-9988c0778447?crop=entropy&cs=tinysrgb&fit=max&fm=jpg&ixid=M3w4NDU5NTF8MHwxfHNlYXJjaHwzfHxzbWFydHBob25lJTIwZGVsaXZlcnklMjB0cmFja2luZyUyMGFwcHxlbnwwfDF8fHwxNzcwMTg2MzYwfDA&ixlib=rb-4.1.0&q=80&w=1080"; readonly MOBILE_TRACKING_8: "https://images.unsplash.com/photo-1724246981341-bd289296c157?crop=entropy&cs=tinysrgb&fit=max&fm=jpg&ixid=M3w4NDU5NTF8MHwxfHNlYXJjaHw5fHxzbWFydHBob25lJTIwZGVsaXZlcnklMjB0cmFja2luZyUyMGFwcHxlbnwwfDF8fHwxNzcwMTg2MzYwfDA&ixlib=rb-4.1.0&q=80&w=1080"; readonly MOBILE_TRACKING_9: "https://images.unsplash.com/photo-1621691187532-bbeb671757ac?crop=entropy&cs=tinysrgb&fit=max&fm=jpg&ixid=M3w4NDU5NTF8MHwxfHNlYXJjaHw3fHxzbWFydHBob25lJTIwZGVsaXZlcnklMjB0cmFja2luZyUyMGFwcHxlbnwwfDF8fHwxNzcwMTg2MzYwfDA&ixlib=rb-4.1.0&q=80&w=1080"; readonly RIDER_DELIVERY_1: "https://images.unsplash.com/photo-1558899367-3cd83fb31ed8?crop=entropy&cs=tinysrgb&fit=max&fm=jpg&ixid=M3w4Mzc5NTV8MHwxfHNlYXJjaHw1fHxkZWxpdmVyeSUyMGRyaXZlciUyMG1vdG9yY3ljbGV8ZW58MHwwfHx8MTc3MDE4NjM2MXww&ixlib=rb-4.1.0&q=80&w=1080"; readonly RIDER_DELIVERY_10: "https://images.unsplash.com/photo-1763750648120-7e52c57eb26e?crop=entropy&cs=tinysrgb&fit=max&fm=jpg&ixid=M3w4Mzc5NTV8MHwxfHNlYXJjaHwxMHx8ZGVsaXZlcnklMjBkcml2ZXIlMjBtb3RvcmN5Y2xlfGVufDB8MHx8fDE3NzAxODYzNjF8MA&ixlib=rb-4.1.0&q=80&w=1080"; readonly RIDER_DELIVERY_2: "https://images.unsplash.com/photo-1558899293-c6204574fcd4?crop=entropy&cs=tinysrgb&fit=max&fm=jpg&ixid=M3w4Mzc5NTV8MHwxfHNlYXJjaHwzfHxkZWxpdmVyeSUyMGRyaXZlciUyMG1vdG9yY3ljbGV8ZW58MHwwfHx8MTc3MDE4NjM2MXww&ixlib=rb-4.1.0&q=80&w=1080"; readonly RIDER_DELIVERY_3: "https://images.unsplash.com/photo-1765608461706-2678e824ed15?crop=entropy&cs=tinysrgb&fit=max&fm=jpg&ixid=M3w4Mzc5NTV8MHwxfHNlYXJjaHw4fHxkZWxpdmVyeSUyMGRyaXZlciUyMG1vdG9yY3ljbGV8ZW58MHwwfHx8MTc3MDE4NjM2MXww&ixlib=rb-4.1.0&q=80&w=1080"; readonly RIDER_DELIVERY_4: "https://images.unsplash.com/photo-1767114648562-399d88d7362d?crop=entropy&cs=tinysrgb&fit=max&fm=jpg&ixid=M3w4Mzc5NTV8MHwxfHNlYXJjaHwxfHxkZWxpdmVyeSUyMGRyaXZlciUyMG1vdG9yY3ljbGV8ZW58MHwwfHx8MTc3MDE4NjM2MXww&ixlib=rb-4.1.0&q=80&w=1080"; readonly RIDER_DELIVERY_5: "https://images.unsplash.com/photo-1765808172074-702dc0371f93?crop=entropy&cs=tinysrgb&fit=max&fm=jpg&ixid=M3w4Mzc5NTV8MHwxfHNlYXJjaHwyfHxkZWxpdmVyeSUyMGRyaXZlciUyMG1vdG9yY3ljbGV8ZW58MHwwfHx8MTc3MDE4NjM2MXww&ixlib=rb-4.1.0&q=80&w=1080"; readonly RIDER_DELIVERY_6: "https://images.unsplash.com/photo-1766170507518-e7a6ca397e1c?crop=entropy&cs=tinysrgb&fit=max&fm=jpg&ixid=M3w4Mzc5NTV8MHwxfHNlYXJjaHw0fHxkZWxpdmVyeSUyMGRyaXZlciUyMG1vdG9yY3ljbGV8ZW58MHwwfHx8MTc3MDE4NjM2MXww&ixlib=rb-4.1.0&q=80&w=1080"; readonly RIDER_DELIVERY_7: "https://images.unsplash.com/photo-1762944080592-b0d779ef65ae?crop=entropy&cs=tinysrgb&fit=max&fm=jpg&ixid=M3w4Mzc5NTV8MHwxfHNlYXJjaHw2fHxkZWxpdmVyeSUyMGRyaXZlciUyMG1vdG9yY3ljbGV8ZW58MHwwfHx8MTc3MDE4NjM2MXww&ixlib=rb-4.1.0&q=80&w=1080"; readonly RIDER_DELIVERY_8: "https://images.unsplash.com/photo-1758777151107-b4573745d6c0?crop=entropy&cs=tinysrgb&fit=max&fm=jpg&ixid=M3w4Mzc5NTV8MHwxfHNlYXJjaHw3fHxkZWxpdmVyeSUyMGRyaXZlciUyMG1vdG9yY3ljbGV8ZW58MHwwfHx8MTc3MDE4NjM2MXww&ixlib=rb-4.1.0&q=80&w=1080"; readonly RIDER_DELIVERY_9: "https://images.unsplash.com/photo-1766421687400-e7e742d6f39d?crop=entropy&cs=tinysrgb&fit=max&fm=jpg&ixid=M3w4Mzc5NTV8MHwxfHNlYXJjaHw5fHxkZWxpdmVyeSUyMGRyaXZlciUyMG1vdG9yY3ljbGV8ZW58MHwwfHx8MTc3MDE4NjM2MXww&ixlib=rb-4.1.0&q=80&w=1080"; readonly SCREENSHOT1095_123: "/images/Screenshot1095.png"; readonly SCREENSHOT1487_125: "/images/Screenshot1487.png"; readonly SCREENSHOT3252_118: "/images/Screenshot3252.png"; readonly SCREENSHOT3650_120: "/images/Screenshot3650.png"; readonly SCREENSHOT5040_127: "/images/Screenshot5040.png"; readonly SCREENSHOT5867_121: "/images/Screenshot5867.png"; readonly SCREENSHOT5897_122: "/images/Screenshot5897.png"; readonly SCREENSHOT6115_117: "/images/Screenshot6115.png"; readonly SCREENSHOT6534_126: "/images/Screenshot6534.png"; readonly SCREENSHOT8648_119: "/images/Screenshot8648.png"; readonly SCREENSHOT9336_124: "/images/Screenshot9336.png"; readonly TRACKING_DASHBOARD_1: "https://images.unsplash.com/photo-1640552435845-d65c23b75934?crop=entropy&cs=tinysrgb&fit=max&fm=jpg&ixid=M3w4NDU5NTF8MHwxfHNlYXJjaHwxfHxwYWNrYWdlJTIwdHJhY2tpbmclMjBkYXNoYm9hcmQlMjBzY3JlZW58ZW58MHwwfHx8MTc3MDE0MjQ2Mnww&ixlib=rb-4.1.0&q=80&w=1080"; readonly TRACKING_DASHBOARD_2: "https://images.unsplash.com/photo-1728917330520-9456e3f49529?crop=entropy&cs=tinysrgb&fit=max&fm=jpg&ixid=M3w4NDU5NTF8MHwxfHNlYXJjaHw0fHxwYWNrYWdlJTIwdHJhY2tpbmclMjBkYXNoYm9hcmQlMjBzY3JlZW58ZW58MHwwfHx8MTc3MDE0MjQ2Mnww&ixlib=rb-4.1.0&q=80&w=1080"; readonly TRACKING_DASHBOARD_3: "https://images.unsplash.com/photo-1603596155917-4ec2f4324db0?crop=entropy&cs=tinysrgb&fit=max&fm=jpg&ixid=M3w4NDU5NTF8MHwxfHNlYXJjaHwzfHxwYWNrYWdlJTIwdHJhY2tpbmclMjBkYXNoYm9hcmQlMjBzY3JlZW58ZW58MHwwfHx8MTc3MDE0MjQ2Mnww&ixlib=rb-4.1.0&q=80&w=1080"; readonly TRACKING_DASHBOARD_4: "https://images.unsplash.com/photo-1545340914-8557aa9714e6?crop=entropy&cs=tinysrgb&fit=max&fm=jpg&ixid=M3w4NDU5NTF8MHwxfHNlYXJjaHw3fHxwYWNrYWdlJTIwdHJhY2tpbmclMjBkYXNoYm9hcmQlMjBzY3JlZW58ZW58MHwwfHx8MTc3MDE0MjQ2Mnww&ixlib=rb-4.1.0&q=80&w=1080"; readonly TRACKING_DASHBOARD_5: "https://images.unsplash.com/photo-1738499105721-fb2f8038ec8d?crop=entropy&cs=tinysrgb&fit=max&fm=jpg&ixid=M3w4NDU5NTF8MHwxfHNlYXJjaHw4fHxwYWNrYWdlJTIwdHJhY2tpbmclMjBkYXNoYm9hcmQlMjBzY3JlZW58ZW58MHwwfHx8MTc3MDE0MjQ2Mnww&ixlib=rb-4.1.0&q=80&w=1080"; readonly TRACKING_DASHBOARD_6: "https://images.unsplash.com/photo-1723000545910-de8498a26698?crop=entropy&cs=tinysrgb&fit=max&fm=jpg&ixid=M3w4NDU5NTF8MHwxfHNlYXJjaHw2fHxwYWNrYWdlJTIwdHJhY2tpbmclMjBkYXNoYm9hcmQlMjBzY3JlZW58ZW58MHwwfHx8MTc3MDE0MjQ2Mnww&ixlib=rb-4.1.0&q=80&w=1080"; readonly TRACKING_DASHBOARD_7: "https://images.unsplash.com/photo-1768223927969-f08af51cf730?crop=entropy&cs=tinysrgb&fit=max&fm=jpg&ixid=M3w4NDU5NTF8MHwxfHNlYXJjaHwyfHxwYWNrYWdlJTIwdHJhY2tpbmclMjBkYXNoYm9hcmQlMjBzY3JlZW58ZW58MHwwfHx8MTc3MDE0MjQ2Mnww&ixlib=rb-4.1.0&q=80&w=1080"; readonly TRACKING_DASHBOARD_8: "https://images.unsplash.com/photo-1725777634077-e19c68ac1c4e?crop=entropy&cs=tinysrgb&fit=max&fm=jpg&ixid=M3w4NDU5NTF8MHwxfHNlYXJjaHw1fHxwYWNrYWdlJTIwdHJhY2tpbmclMjBkYXNoYm9hcmQlMjBzY3JlZW58ZW58MHwwfHx8MTc3MDE0MjQ2Mnww&ixlib=rb-4.1.0&q=80&w=1080"; readonly WAREHOUSE_OPS_1: "https://images.unsplash.com/photo-1724709162875-fe100dd0e04b?crop=entropy&cs=tinysrgb&fit=max&fm=jpg&ixid=M3w4NDU5NTF8MHwxfHNlYXJjaHw0fHx3YXJlaG91c2UlMjBtYW5hZ2VtZW50JTIwaW52ZW50b3J5fGVufDB8MHx8fDE3NzAxNDI0NjJ8MA&ixlib=rb-4.1.0&q=80&w=1080"; readonly WAREHOUSE_OPS_10: "https://images.unsplash.com/photo-1769698631158-c1f42e6281cc?crop=entropy&cs=tinysrgb&fit=max&fm=jpg&ixid=M3w4MTk0NTh8MHwxfHNlYXJjaHwyfHx3YXJlaG91c2UlMjBsb2dpc3RpY3MlMjBvcGVyYXRpb25zfGVufDB8MHx8fDE3NzAxODYzNjB8MA&ixlib=rb-4.1.0&q=80&w=1080"; readonly WAREHOUSE_OPS_11: "https://images.unsplash.com/photo-1768796372629-a4e7db99e474?crop=entropy&cs=tinysrgb&fit=max&fm=jpg&ixid=M3w4MTk0NTh8MHwxfHNlYXJjaHwzfHx3YXJlaG91c2UlMjBsb2dpc3RpY3MlMjBvcGVyYXRpb25zfGVufDB8MHx8fDE3NzAxODYzNjB8MA&ixlib=rb-4.1.0&q=80&w=1080"; readonly WAREHOUSE_OPS_12: "https://images.unsplash.com/photo-1768796373634-db43bfd5f064?crop=entropy&cs=tinysrgb&fit=max&fm=jpg&ixid=M3w4MTk0NTh8MHwxfHNlYXJjaHw0fHx3YXJlaG91c2UlMjBsb2dpc3RpY3MlMjBvcGVyYXRpb25zfGVufDB8MHx8fDE3NzAxODYzNjB8MA&ixlib=rb-4.1.0&q=80&w=1080"; readonly WAREHOUSE_OPS_13: "https://images.unsplash.com/photo-1769700821886-e10fa7946ceb?crop=entropy&cs=tinysrgb&fit=max&fm=jpg&ixid=M3w4MTk0NTh8MHwxfHNlYXJjaHw1fHx3YXJlaG91c2UlMjBsb2dpc3RpY3MlMjBvcGVyYXRpb25zfGVufDB8MHx8fDE3NzAxODYzNjB8MA&ixlib=rb-4.1.0&q=80&w=1080"; readonly WAREHOUSE_OPS_14: "https://images.unsplash.com/photo-1769698821962-dc7ea5f9b2bc?crop=entropy&cs=tinysrgb&fit=max&fm=jpg&ixid=M3w4MTk0NTh8MHwxfHNlYXJjaHw2fHx3YXJlaG91c2UlMjBsb2dpc3RpY3MlMjBvcGVyYXRpb25zfGVufDB8MHx8fDE3NzAxODYzNjB8MA&ixlib=rb-4.1.0&q=80&w=1080"; readonly WAREHOUSE_OPS_15: "https://images.unsplash.com/photo-1769701164670-e819d92cc602?crop=entropy&cs=tinysrgb&fit=max&fm=jpg&ixid=M3w4MTk0NTh8MHwxfHNlYXJjaHw3fHx3YXJlaG91c2UlMjBsb2dpc3RpY3MlMjBvcGVyYXRpb25zfGVufDB8MHx8fDE3NzAxODYzNjB8MA&ixlib=rb-4.1.0&q=80&w=1080"; readonly WAREHOUSE_OPS_16: "https://images.unsplash.com/photo-1768796372478-f3c46af523a9?crop=entropy&cs=tinysrgb&fit=max&fm=jpg&ixid=M3w4MTk0NTh8MHwxfHNlYXJjaHw4fHx3YXJlaG91c2UlMjBsb2dpc3RpY3MlMjBvcGVyYXRpb25zfGVufDB8MHx8fDE3NzAxODYzNjB8MA&ixlib=rb-4.1.0&q=80&w=1080"; readonly WAREHOUSE_OPS_17: "https://images.unsplash.com/photo-1769700821917-df00d0f3e621?crop=entropy&cs=tinysrgb&fit=max&fm=jpg&ixid=M3w4MTk0NTh8MHwxfHNlYXJjaHw5fHx3YXJlaG91c2UlMjBsb2dpc3RpY3MlMjBvcGVyYXRpb25zfGVufDB8MHx8fDE3NzAxODYzNjB8MA&ixlib=rb-4.1.0&q=80&w=1080"; readonly WAREHOUSE_OPS_18: "https://images.unsplash.com/photo-1768796371989-411938b4d07b?crop=entropy&cs=tinysrgb&fit=max&fm=jpg&ixid=M3w4MTk0NTh8MHwxfHNlYXJjaHwxMHx8d2FyZWhvdXNlJTIwbG9naXN0aWNzJTIwb3BlcmF0aW9uc3xlbnwwfDB8fHwxNzcwMTg2MzYwfDA&ixlib=rb-4.1.0&q=80&w=1080"; readonly WAREHOUSE_OPS_2: "https://images.unsplash.com/photo-1768796372478-f3c46af523a9?crop=entropy&cs=tinysrgb&fit=max&fm=jpg&ixid=M3w4NDU5NTF8MHwxfHNlYXJjaHwxfHx3YXJlaG91c2UlMjBtYW5hZ2VtZW50JTIwaW52ZW50b3J5fGVufDB8MHx8fDE3NzAxNDI0NjJ8MA&ixlib=rb-4.1.0&q=80&w=1080"; readonly WAREHOUSE_OPS_3: "https://images.unsplash.com/photo-1768796373634-db43bfd5f064?crop=entropy&cs=tinysrgb&fit=max&fm=jpg&ixid=M3w4NDU5NTF8MHwxfHNlYXJjaHwyfHx3YXJlaG91c2UlMjBtYW5hZ2VtZW50JTIwaW52ZW50b3J5fGVufDB8MHx8fDE3NzAxNDI0NjJ8MA&ixlib=rb-4.1.0&q=80&w=1080"; readonly WAREHOUSE_OPS_4: "https://images.unsplash.com/photo-1768796373360-95d80c5830fb?crop=entropy&cs=tinysrgb&fit=max&fm=jpg&ixid=M3w4NDU5NTF8MHwxfHNlYXJjaHwzfHx3YXJlaG91c2UlMjBtYW5hZ2VtZW50JTIwaW52ZW50b3J5fGVufDB8MHx8fDE3NzAxNDI0NjJ8MA&ixlib=rb-4.1.0&q=80&w=1080"; readonly WAREHOUSE_OPS_5: "https://images.unsplash.com/photo-1768796373577-2e6e51351165?crop=entropy&cs=tinysrgb&fit=max&fm=jpg&ixid=M3w4NDU5NTF8MHwxfHNlYXJjaHw1fHx3YXJlaG91c2UlMjBtYW5hZ2VtZW50JTIwaW52ZW50b3J5fGVufDB8MHx8fDE3NzAxNDI0NjJ8MA&ixlib=rb-4.1.0&q=80&w=1080"; readonly WAREHOUSE_OPS_6: "https://images.unsplash.com/photo-1768796372882-8b67936af681?crop=entropy&cs=tinysrgb&fit=max&fm=jpg&ixid=M3w4NDU5NTF8MHwxfHNlYXJjaHw2fHx3YXJlaG91c2UlMjBtYW5hZ2VtZW50JTIwaW52ZW50b3J5fGVufDB8MHx8fDE3NzAxNDI0NjJ8MA&ixlib=rb-4.1.0&q=80&w=1080"; readonly WAREHOUSE_OPS_7: "https://images.unsplash.com/photo-1768796373907-418e59aee549?crop=entropy&cs=tinysrgb&fit=max&fm=jpg&ixid=M3w4NDU5NTF8MHwxfHNlYXJjaHw3fHx3YXJlaG91c2UlMjBtYW5hZ2VtZW50JTIwaW52ZW50b3J5fGVufDB8MHx8fDE3NzAxNDI0NjJ8MA&ixlib=rb-4.1.0&q=80&w=1080"; readonly WAREHOUSE_OPS_8: "https://images.unsplash.com/photo-1768796372629-a4e7db99e474?crop=entropy&cs=tinysrgb&fit=max&fm=jpg&ixid=M3w4NDU5NTF8MHwxfHNlYXJjaHw4fHx3YXJlaG91c2UlMjBtYW5hZ2VtZW50JTIwaW52ZW50b3J5fGVufDB8MHx8fDE3NzAxNDI0NjJ8MA&ixlib=rb-4.1.0&q=80&w=1080"; readonly WAREHOUSE_OPS_9: "https://images.unsplash.com/photo-1768796373307-fc2f843660f8?crop=entropy&cs=tinysrgb&fit=max&fm=jpg&ixid=M3w4MTk0NTh8MHwxfHNlYXJjaHwxfHx3YXJlaG91c2UlMjBsb2dpc3RpY3MlMjBvcGVyYXRpb25zfGVufDB8MHx8fDE3NzAxODYzNjB8MA&ixlib=rb-4.1.0&q=80&w=1080"; }'.
src/pages/AdvancedLogistics.tsx(246,21): error TS2322: Type '{ targetTable: string; onDataExtracted: (data: any) => void; }' is not assignable to type 'IntrinsicAttributes'.
  Property 'targetTable' does not exist on type 'IntrinsicAttributes'.
src/pages/Analytics.tsx(197,41): error TS2554: Expected 1 arguments, but got 2.
src/pages/Analytics.tsx(457,25): error TS2339: Property 'DASHBOARD_ANALYTICS_3' does not exist on type '{ readonly ANALYTICS_DASH_1: "https://images.unsplash.com/photo-1551288049-bebda4e38f71?crop=entropy&cs=tinysrgb&fit=max&fm=jpg&ixid=M3w4Mzc5NTV8MHwxfHNlYXJjaHwxfHxkYXNoYm9hcmQlMjBhbmFseXRpY3MlMjBjaGFydHN8ZW58MHwwfHx8MTc3MDE4NjM2MXww&ixlib=rb-4.1.0&q=80&w=1080"; readonly ANALYTICS_DASH_10: "https://images.unsplash.com/photo-1666537072206-6a7a01ecb7d9?crop=entropy&cs=tinysrgb&fit=max&fm=jpg&ixid=M3w4Mzc5NTV8MHwxfHNlYXJjaHw2fHxkYXNoYm9hcmQlMjBhbmFseXRpY3MlMjBjaGFydHN8ZW58MHwwfHx8MTc3MDE4NjM2MXww&ixlib=rb-4.1.0&q=80&w=1080"; readonly ANALYTICS_DASH_2: "https://images.unsplash.com/photo-1686061593213-98dad7c599b9?crop=entropy&cs=tinysrgb&fit=max&fm=jpg&ixid=M3w4Mzc5NTV8MHwxfHNlYXJjaHw5fHxkYXNoYm9hcmQlMjBhbmFseXRpY3MlMjBjaGFydHN8ZW58MHwwfHx8MTc3MDE4NjM2MXww&ixlib=rb-4.1.0&q=80&w=1080"; readonly ANALYTICS_DASH_3: "https://images.unsplash.com/photo-1686061592689-312bbfb5c055?crop=entropy&cs=tinysrgb&fit=max&fm=jpg&ixid=M3w4Mzc5NTV8MHwxfHNlYXJjaHw3fHxkYXNoYm9hcmQlMjBhbmFseXRpY3MlMjBjaGFydHN8ZW58MHwwfHx8MTc3MDE4NjM2MXww&ixlib=rb-4.1.0&q=80&w=1080"; readonly ANALYTICS_DASH_4: "https://images.unsplash.com/photo-1586448317606-cb1ec00298fc?crop=entropy&cs=tinysrgb&fit=max&fm=jpg&ixid=M3w4Mzc5NTV8MHwxfHNlYXJjaHw4fHxkYXNoYm9hcmQlMjBhbmFseXRpY3MlMjBjaGFydHN8ZW58MHwwfHx8MTc3MDE4NjM2MXww&ixlib=rb-4.1.0&q=80&w=1080"; readonly ANALYTICS_DASH_5: "https://images.unsplash.com/photo-1635236190542-d43e4d4b9e4b?crop=entropy&cs=tinysrgb&fit=max&fm=jpg&ixid=M3w4Mzc5NTV8MHwxfHNlYXJjaHwxMHx8ZGFzaGJvYXJkJTIwYW5hbHl0aWNzJTIwY2hhcnRzfGVufDB8MHx8fDE3NzAxODYzNjF8MA&ixlib=rb-4.1.0&q=80&w=1080"; readonly ANALYTICS_DASH_6: "https://images.unsplash.com/photo-1639825752750-5061ded5503b?crop=entropy&cs=tinysrgb&fit=max&fm=jpg&ixid=M3w4Mzc5NTV8MHwxfHNlYXJjaHw1fHxkYXNoYm9hcmQlMjBhbmFseXRpY3MlMjBjaGFydHN8ZW58MHwwfHx8MTc3MDE4NjM2MXww&ixlib=rb-4.1.0&q=80&w=1080"; readonly ANALYTICS_DASH_7: "https://images.unsplash.com/photo-1721593979313-8661afd501c2?crop=entropy&cs=tinysrgb&fit=max&fm=jpg&ixid=M3w4Mzc5NTV8MHwxfHNlYXJjaHw0fHxkYXNoYm9hcmQlMjBhbmFseXRpY3MlMjBjaGFydHN8ZW58MHwwfHx8MTc3MDE4NjM2MXww&ixlib=rb-4.1.0&q=80&w=1080"; readonly ANALYTICS_DASH_8: "https://images.unsplash.com/photo-1758876202980-0a28b744fb24?crop=entropy&cs=tinysrgb&fit=max&fm=jpg&ixid=M3w4Mzc5NTV8MHwxfHNlYXJjaHwzfHxkYXNoYm9hcmQlMjBhbmFseXRpY3MlMjBjaGFydHN8ZW58MHwwfHx8MTc3MDE4NjM2MXww&ixlib=rb-4.1.0&q=80&w=1080"; readonly ANALYTICS_DASH_9: "https://images.unsplash.com/photo-1763038311036-6d18805537e5?crop=entropy&cs=tinysrgb&fit=max&fm=jpg&ixid=M3w4Mzc5NTV8MHwxfHNlYXJjaHwyfHxkYXNoYm9hcmQlMjBhbmFseXRpY3MlMjBjaGFydHN8ZW58MHwwfHx8MTc3MDE4NjM2MXww&ixlib=rb-4.1.0&q=80&w=1080"; readonly BRITIUM_LOGO_55: "/images/britium-logo.png"; readonly BRITIUM_LOGO_66: "/images/britium-logo.png"; readonly DELIVERY_HERO_1: "https://images.unsplash.com/photo-1580160667723-8f98952d1017?crop=entropy&cs=tinysrgb&fit=max&fm=jpg&ixid=M3w4NDU5NTF8MHwxfHNlYXJjaHw5fHxtb2Rlcm4lMjBkZWxpdmVyeSUyMHRydWNrJTIwbG9naXN0aWNzfGVufDB8MHx8fDE3NzAxODYzNjB8MA&ixlib=rb-4.1.0&q=80&w=1080"; readonly DELIVERY_HERO_10: "https://images.unsplash.com/photo-1760045788252-d8d386ea1d12?crop=entropy&cs=tinysrgb&fit=max&fm=jpg&ixid=M3w4NDU5NTF8MHwxfHNlYXJjaHwzfHxtb2Rlcm4lMjBkZWxpdmVyeSUyMHRydWNrJTIwbG9naXN0aWNzfGVufDB8MHx8fDE3NzAxODYzNjB8MA&ixlib=rb-4.1.0&q=80&w=1080"; readonly DELIVERY_HERO_2: "https://images.unsplash.com/photo-1547116262-a7365d627e61?crop=entropy&cs=tinysrgb&fit=max&fm=jpg&ixid=M3w4NDU5NTF8MHwxfHNlYXJjaHw4fHxtb2Rlcm4lMjBkZWxpdmVyeSUyMHRydWNrJTIwbG9naXN0aWNzfGVufDB8MHx8fDE3NzAxODYzNjB8MA&ixlib=rb-4.1.0&q=80&w=1080"; readonly DELIVERY_HERO_3: "https://images.unsplash.com/photo-1598317940377-d1e5402f1bed?crop=entropy&cs=tinysrgb&fit=max&fm=jpg&ixid=M3w4NDU5NTF8MHwxfHNlYXJjaHw0fHxtb2Rlcm4lMjBkZWxpdmVyeSUyMHRydWNrJTIwbG9naXN0aWNzfGVufDB8MHx8fDE3NzAxODYzNjB8MA&ixlib=rb-4.1.0&q=80&w=1080"; readonly DELIVERY_HERO_4: "https://images.unsplash.com/photo-1633155565182-16c06ed45ec5?crop=entropy&cs=tinysrgb&fit=max&fm=jpg&ixid=M3w4NDU5NTF8MHwxfHNlYXJjaHw3fHxtb2Rlcm4lMjBkZWxpdmVyeSUyMHRydWNrJTIwbG9naXN0aWNzfGVufDB8MHx8fDE3NzAxODYzNjB8MA&ixlib=rb-4.1.0&q=80&w=1080"; readonly DELIVERY_HERO_5: "https://images.unsplash.com/photo-1681514583222-0579e6835666?crop=entropy&cs=tinysrgb&fit=max&fm=jpg&ixid=M3w4NDU5NTF8MHwxfHNlYXJjaHw1fHxtb2Rlcm4lMjBkZWxpdmVyeSUyMHRydWNrJTIwbG9naXN0aWNzfGVufDB8MHx8fDE3NzAxODYzNjB8MA&ixlib=rb-4.1.0&q=80&w=1080"; readonly DELIVERY_HERO_6: "https://images.unsplash.com/photo-1662135426498-72a27149a7dd?crop=entropy&cs=tinysrgb&fit=max&fm=jpg&ixid=M3w4NDU5NTF8MHwxfHNlYXJjaHwxMHx8bW9kZXJuJTIwZGVsaXZlcnklMjB0cnVjayUyMGxvZ2lzdGljc3xlbnwwfDB8fHwxNzcwMTg2MzYwfDA&ixlib=rb-4.1.0&q=80&w=1080"; readonly DELIVERY_HERO_7: "https://images.unsplash.com/photo-1733662095268-7a88cb5fa10e?crop=entropy&cs=tinysrgb&fit=max&fm=jpg&ixid=M3w4NDU5NTF8MHwxfHNlYXJjaHw2fHxtb2Rlcm4lMjBkZWxpdmVyeSUyMHRydWNrJTIwbG9naXN0aWNzfGVufDB8MHx8fDE3NzAxODYzNjB8MA&ixlib=rb-4.1.0&q=80&w=1080"; readonly DELIVERY_HERO_8: "https://images.unsplash.com/photo-1762245752333-c1ef6315a30c?crop=entropy&cs=tinysrgb&fit=max&fm=jpg&ixid=M3w4NDU5NTF8MHwxfHNlYXJjaHwyfHxtb2Rlcm4lMjBkZWxpdmVyeSUyMHRydWNrJTIwbG9naXN0aWNzfGVufDB8MHx8fDE3NzAxODYzNjB8MA&ixlib=rb-4.1.0&q=80&w=1080"; readonly DELIVERY_HERO_9: "https://images.unsplash.com/photo-1746985106190-6c116edec9bc?crop=entropy&cs=tinysrgb&fit=max&fm=jpg&ixid=M3w4NDU5NTF8MHwxfHNlYXJjaHwxfHxtb2Rlcm4lMjBkZWxpdmVyeSUyMHRydWNrJTIwbG9naXN0aWNzfGVufDB8MHx8fDE3NzAxODYzNjB8MA&ixlib=rb-4.1.0&q=80&w=1080"; readonly DELIVERY_RIDER_1: "https://images.unsplash.com/photo-1648394794449-5dbe63f6a8b5?crop=entropy&cs=tinysrgb&fit=max&fm=jpg&ixid=M3w4Mzc5NTV8MHwxfHNlYXJjaHw1fHxjb3VyaWVyJTIwZGVsaXZlcnklMjBwZXJzb24lMjBtb3RvcmN5Y2xlfGVufDB8MHx8fDE3NzAxNDI0NjJ8MA&ixlib=rb-4.1.0&q=80&w=1080"; readonly DELIVERY_RIDER_10: "https://images.unsplash.com/photo-1706994742122-df69c7390a2b?crop=entropy&cs=tinysrgb&fit=max&fm=jpg&ixid=M3w4Mzc5NTV8MHwxfHNlYXJjaHwxMHx8Y291cmllciUyMGRlbGl2ZXJ5JTIwcGVyc29uJTIwbW90b3JjeWNsZXxlbnwwfDB8fHwxNzcwMTQyNDYyfDA&ixlib=rb-4.1.0&q=80&w=1080"; readonly DELIVERY_RIDER_2: "https://images.unsplash.com/photo-1642047291146-7916f38ebde0?crop=entropy&cs=tinysrgb&fit=max&fm=jpg&ixid=M3w4Mzc5NTV8MHwxfHNlYXJjaHw4fHxjb3VyaWVyJTIwZGVsaXZlcnklMjBwZXJzb24lMjBtb3RvcmN5Y2xlfGVufDB8MHx8fDE3NzAxNDI0NjJ8MA&ixlib=rb-4.1.0&q=80&w=1080"; readonly DELIVERY_RIDER_3: "https://images.unsplash.com/photo-1754765542024-c1320f23b75a?crop=entropy&cs=tinysrgb&fit=max&fm=jpg&ixid=M3w4Mzc5NTV8MHwxfHNlYXJjaHw0fHxjb3VyaWVyJTIwZGVsaXZlcnklMjBwZXJzb24lMjBtb3RvcmN5Y2xlfGVufDB8MHx8fDE3NzAxNDI0NjJ8MA&ixlib=rb-4.1.0&q=80&w=1080"; readonly DELIVERY_RIDER_4: "https://images.unsplash.com/photo-1616915939238-2a7a363d45c4?crop=entropy&cs=tinysrgb&fit=max&fm=jpg&ixid=M3w4Mzc5NTV8MHwxfHNlYXJjaHw2fHxjb3VyaWVyJTIwZGVsaXZlcnklMjBwZXJzb24lMjBtb3RvcmN5Y2xlfGVufDB8MHx8fDE3NzAxNDI0NjJ8MA&ixlib=rb-4.1.0&q=80&w=1080"; readonly DELIVERY_RIDER_5: "https://images.unsplash.com/photo-1683553170878-049f180627b0?crop=entropy&cs=tinysrgb&fit=max&fm=jpg&ixid=M3w4Mzc5NTV8MHwxfHNlYXJjaHw5fHxjb3VyaWVyJTIwZGVsaXZlcnklMjBwZXJzb24lMjBtb3RvcmN5Y2xlfGVufDB8MHx8fDE3NzAxNDI0NjJ8MA&ixlib=rb-4.1.0&q=80&w=1080"; readonly DELIVERY_RIDER_6: "https://images.unsplash.com/photo-1767114648562-399d88d7362d?crop=entropy&cs=tinysrgb&fit=max&fm=jpg&ixid=M3w4Mzc5NTV8MHwxfHNlYXJjaHwxfHxjb3VyaWVyJTIwZGVsaXZlcnklMjBwZXJzb24lMjBtb3RvcmN5Y2xlfGVufDB8MHx8fDE3NzAxNDI0NjJ8MA&ixlib=rb-4.1.0&q=80&w=1080"; readonly DELIVERY_RIDER_7: "https://images.unsplash.com/photo-1766421687400-e7e742d6f39d?crop=entropy&cs=tinysrgb&fit=max&fm=jpg&ixid=M3w4Mzc5NTV8MHwxfHNlYXJjaHwyfHxjb3VyaWVyJTIwZGVsaXZlcnklMjBwZXJzb24lMjBtb3RvcmN5Y2xlfGVufDB8MHx8fDE3NzAxNDI0NjJ8MA&ixlib=rb-4.1.0&q=80&w=1080"; readonly DELIVERY_RIDER_8: "https://images.unsplash.com/photo-1758202292832-5e036fd03e25?crop=entropy&cs=tinysrgb&fit=max&fm=jpg&ixid=M3w4Mzc5NTV8MHwxfHNlYXJjaHwzfHxjb3VyaWVyJTIwZGVsaXZlcnklMjBwZXJzb24lMjBtb3RvcmN5Y2xlfGVufDB8MHx8fDE3NzAxNDI0NjJ8MA&ixlib=rb-4.1.0&q=80&w=1080"; readonly DELIVERY_RIDER_9: "https://images.unsplash.com/photo-1754765542364-7def1d509bb8?crop=entropy&cs=tinysrgb&fit=max&fm=jpg&ixid=M3w4Mzc5NTV8MHwxfHNlYXJjaHw3fHxjb3VyaWVyJTIwZGVsaXZlcnklMjBwZXJzb24lMjBtb3RvcmN5Y2xlfGVufDB8MHx8fDE3NzAxNDI0NjJ8MA&ixlib=rb-4.1.0&q=80&w=1080"; readonly IC_LAUNCHER_45: "/images/ic_launcher.webp"; readonly IC_LAUNCHER_47: "/images/ic_launcher.webp"; readonly IC_LAUNCHER_48: "/images/ic_launcher.webp"; readonly IC_LAUNCHER_51: "/images/ic_launcher.webp"; readonly IC_LAUNCHER_53: "/images/ic_launcher.webp"; readonly IC_LAUNCHER_56: "/images/ic_launcher.webp"; readonly IC_LAUNCHER_58: "/images/ic_launcher.webp"; readonly IC_LAUNCHER_59: "/images/ic_launcher.webp"; readonly IC_LAUNCHER_62: "/images/ic_launcher.webp"; readonly IC_LAUNCHER_64: "/images/ic_launcher.webp"; readonly IC_LAUNCHER_ROUND_46: "/images/ic_launcher_round.webp"; readonly IC_LAUNCHER_ROUND_49: "/images/ic_launcher_round.webp"; readonly IC_LAUNCHER_ROUND_50: "/images/ic_launcher_round.webp"; readonly IC_LAUNCHER_ROUND_52: "/images/ic_launcher_round.webp"; readonly IC_LAUNCHER_ROUND_54: "/images/ic_launcher_round.webp"; readonly IC_LAUNCHER_ROUND_57: "/images/ic_launcher_round.webp"; readonly IC_LAUNCHER_ROUND_60: "/images/ic_launcher_round.webp"; readonly IC_LAUNCHER_ROUND_61: "/images/ic_launcher_round.webp"; readonly IC_LAUNCHER_ROUND_63: "/images/ic_launcher_round.webp"; readonly IC_LAUNCHER_ROUND_65: "/images/ic_launcher_round.webp"; readonly LOGISTICS_HERO_1: "https://images.unsplash.com/photo-1532635042-a6f6ad4745f9?crop=entropy&cs=tinysrgb&fit=max&fm=jpg&ixid=M3w4MTk0NTh8MHwxfHNlYXJjaHw3fHxkZWxpdmVyeSUyMHRydWNrJTIwbG9naXN0aWNzJTIwd2FyZWhvdXNlfGVufDB8MHx8fDE3NzAxNDI0NjJ8MA&ixlib=rb-4.1.0&q=80&w=1080"; readonly LOGISTICS_HERO_10: "https://images.unsplash.com/photo-1739863305982-f7354315b2bd?crop=entropy&cs=tinysrgb&fit=max&fm=jpg&ixid=M3w4MTk0NTh8MHwxfHNlYXJjaHwxMHx8ZGVsaXZlcnklMjB0cnVjayUyMGxvZ2lzdGljcyUyMHdhcmVob3VzZXxlbnwwfDB8fHwxNzcwMTQyNDYyfDA&ixlib=rb-4.1.0&q=80&w=1080"; readonly LOGISTICS_HERO_2: "https://images.unsplash.com/photo-1601912552080-0fb89fd08042?crop=entropy&cs=tinysrgb&fit=max&fm=jpg&ixid=M3w4MTk0NTh8MHwxfHNlYXJjaHw1fHxkZWxpdmVyeSUyMHRydWNrJTIwbG9naXN0aWNzJTIwd2FyZWhvdXNlfGVufDB8MHx8fDE3NzAxNDI0NjJ8MA&ixlib=rb-4.1.0&q=80&w=1080"; readonly LOGISTICS_HERO_3: "https://images.unsplash.com/photo-1611938845621-f7d331a14255?crop=entropy&cs=tinysrgb&fit=max&fm=jpg&ixid=M3w4MTk0NTh8MHwxfHNlYXJjaHwyfHxkZWxpdmVyeSUyMHRydWNrJTIwbG9naXN0aWNzJTIwd2FyZWhvdXNlfGVufDB8MHx8fDE3NzAxNDI0NjJ8MA&ixlib=rb-4.1.0&q=80&w=1080"; readonly LOGISTICS_HERO_4: "https://images.unsplash.com/photo-1681514583222-0579e6835666?crop=entropy&cs=tinysrgb&fit=max&fm=jpg&ixid=M3w4MTk0NTh8MHwxfHNlYXJjaHw2fHxkZWxpdmVyeSUyMHRydWNrJTIwbG9naXN0aWNzJTIwd2FyZWhvdXNlfGVufDB8MHx8fDE3NzAxNDI0NjJ8MA&ixlib=rb-4.1.0&q=80&w=1080"; readonly LOGISTICS_HERO_5: "https://images.unsplash.com/photo-1613354382403-28066cf657b3?crop=entropy&cs=tinysrgb&fit=max&fm=jpg&ixid=M3w4MTk0NTh8MHwxfHNlYXJjaHwzfHxkZWxpdmVyeSUyMHRydWNrJTIwbG9naXN0aWNzJTIwd2FyZWhvdXNlfGVufDB8MHx8fDE3NzAxNDI0NjJ8MA&ixlib=rb-4.1.0&q=80&w=1080"; readonly LOGISTICS_HERO_6: "https://images.unsplash.com/photo-1732435527614-8336ebd1e82c?crop=entropy&cs=tinysrgb&fit=max&fm=jpg&ixid=M3w4MTk0NTh8MHwxfHNlYXJjaHw4fHxkZWxpdmVyeSUyMHRydWNrJTIwbG9naXN0aWNzJTIwd2FyZWhvdXNlfGVufDB8MHx8fDE3NzAxNDI0NjJ8MA&ixlib=rb-4.1.0&q=80&w=1080"; readonly LOGISTICS_HERO_7: "https://images.unsplash.com/photo-1762251374590-64962c1a451c?crop=entropy&cs=tinysrgb&fit=max&fm=jpg&ixid=M3w4MTk0NTh8MHwxfHNlYXJjaHwxfHxkZWxpdmVyeSUyMHRydWNrJTIwbG9naXN0aWNzJTIwd2FyZWhvdXNlfGVufDB8MHx8fDE3NzAxNDI0NjJ8MA&ixlib=rb-4.1.0&q=80&w=1080"; readonly LOGISTICS_HERO_8: "https://images.unsplash.com/photo-1681514583213-7b8e47eb1953?crop=entropy&cs=tinysrgb&fit=max&fm=jpg&ixid=M3w4MTk0NTh8MHwxfHNlYXJjaHw0fHxkZWxpdmVyeSUyMHRydWNrJTIwbG9naXN0aWNzJTIwd2FyZWhvdXNlfGVufDB8MHx8fDE3NzAxNDI0NjJ8MA&ixlib=rb-4.1.0&q=80&w=1080"; readonly LOGISTICS_HERO_9: "https://images.unsplash.com/photo-1730309529959-e305b3199c01?crop=entropy&cs=tinysrgb&fit=max&fm=jpg&ixid=M3w4MTk0NTh8MHwxfHNlYXJjaHw5fHxkZWxpdmVyeSUyMHRydWNrJTIwbG9naXN0aWNzJTIwd2FyZWhvdXNlfGVufDB8MHx8fDE3NzAxNDI0NjJ8MA&ixlib=rb-4.1.0&q=80&w=1080"; readonly MOBILE_INTERFACE_1: "https://images.unsplash.com/photo-1592323401640-9c24ed330baf?crop=entropy&cs=tinysrgb&fit=max&fm=jpg&ixid=M3w4NDU2OTd8MHwxfHNlYXJjaHw0fHxtb2JpbGUlMjBhcHAlMjBkZWxpdmVyeSUyMGludGVyZmFjZXxlbnwwfDF8fHwxNzcwMTQyNDYzfDA&ixlib=rb-4.1.0&q=80&w=1080"; readonly MOBILE_INTERFACE_2: "https://images.unsplash.com/photo-1570894808314-677b57f25e45?crop=entropy&cs=tinysrgb&fit=max&fm=jpg&ixid=M3w4NDU2OTd8MHwxfHNlYXJjaHwyfHxtb2JpbGUlMjBhcHAlMjBkZWxpdmVyeSUyMGludGVyZmFjZXxlbnwwfDF8fHwxNzcwMTQyNDYzfDA&ixlib=rb-4.1.0&q=80&w=1080"; readonly MOBILE_INTERFACE_3: "https://images.unsplash.com/photo-1605600659802-1353d7fd3732?crop=entropy&cs=tinysrgb&fit=max&fm=jpg&ixid=M3w4NDU2OTd8MHwxfHNlYXJjaHw3fHxtb2JpbGUlMjBhcHAlMjBkZWxpdmVyeSUyMGludGVyZmFjZXxlbnwwfDF8fHwxNzcwMTQyNDYzfDA&ixlib=rb-4.1.0&q=80&w=1080"; readonly MOBILE_INTERFACE_4: "https://images.unsplash.com/photo-1661358788054-9988c0778447?crop=entropy&cs=tinysrgb&fit=max&fm=jpg&ixid=M3w4NDU2OTd8MHwxfHNlYXJjaHw1fHxtb2JpbGUlMjBhcHAlMjBkZWxpdmVyeSUyMGludGVyZmFjZXxlbnwwfDF8fHwxNzcwMTQyNDYzfDA&ixlib=rb-4.1.0&q=80&w=1080"; readonly MOBILE_INTERFACE_5: "https://images.unsplash.com/photo-1746286721374-cd541e26911a?crop=entropy&cs=tinysrgb&fit=max&fm=jpg&ixid=M3w4NDU2OTd8MHwxfHNlYXJjaHw2fHxtb2JpbGUlMjBhcHAlMjBkZWxpdmVyeSUyMGludGVyZmFjZXxlbnwwfDF8fHwxNzcwMTQyNDYzfDA&ixlib=rb-4.1.0&q=80&w=1080"; readonly MOBILE_INTERFACE_6: "https://images.unsplash.com/photo-1760888549280-4aef010720bd?crop=entropy&cs=tinysrgb&fit=max&fm=jpg&ixid=M3w4NDU2OTd8MHwxfHNlYXJjaHwxfHxtb2JpbGUlMjBhcHAlMjBkZWxpdmVyeSUyMGludGVyZmFjZXxlbnwwfDF8fHwxNzcwMTQyNDYzfDA&ixlib=rb-4.1.0&q=80&w=1080"; readonly MOBILE_INTERFACE_7: "https://images.unsplash.com/photo-1621691187532-bbeb671757ac?crop=entropy&cs=tinysrgb&fit=max&fm=jpg&ixid=M3w4NDU2OTd8MHwxfHNlYXJjaHwzfHxtb2JpbGUlMjBhcHAlMjBkZWxpdmVyeSUyMGludGVyZmFjZXxlbnwwfDF8fHwxNzcwMTQyNDYzfDA&ixlib=rb-4.1.0&q=80&w=1080"; readonly MOBILE_INTERFACE_8: "https://images.unsplash.com/photo-1621691177818-bcd7c032ef26?crop=entropy&cs=tinysrgb&fit=max&fm=jpg&ixid=M3w4NDU2OTd8MHwxfHNlYXJjaHw4fHxtb2JpbGUlMjBhcHAlMjBkZWxpdmVyeSUyMGludGVyZmFjZXxlbnwwfDF8fHwxNzcwMTQyNDYzfDA&ixlib=rb-4.1.0&q=80&w=1080"; readonly MOBILE_TRACKING_1: "https://images.unsplash.com/photo-1570894808314-677b57f25e45?crop=entropy&cs=tinysrgb&fit=max&fm=jpg&ixid=M3w4NDU5NTF8MHwxfHNlYXJjaHw2fHxzbWFydHBob25lJTIwZGVsaXZlcnklMjB0cmFja2luZyUyMGFwcHxlbnwwfDF8fHwxNzcwMTg2MzYwfDA&ixlib=rb-4.1.0&q=80&w=1080"; readonly MOBILE_TRACKING_10: "https://images.unsplash.com/photo-1750179990399-96757d9aa8a0?crop=entropy&cs=tinysrgb&fit=max&fm=jpg&ixid=M3w4NDU5NTF8MHwxfHNlYXJjaHw4fHxzbWFydHBob25lJTIwZGVsaXZlcnklMjB0cmFja2luZyUyMGFwcHxlbnwwfDF8fHwxNzcwMTg2MzYwfDA&ixlib=rb-4.1.0&q=80&w=1080"; readonly MOBILE_TRACKING_2: "https://images.unsplash.com/photo-1651493355781-20b4e12f3231?crop=entropy&cs=tinysrgb&fit=max&fm=jpg&ixid=M3w4NDU5NTF8MHwxfHNlYXJjaHw0fHxzbWFydHBob25lJTIwZGVsaXZlcnklMjB0cmFja2luZyUyMGFwcHxlbnwwfDF8fHwxNzcwMTg2MzYwfDA&ixlib=rb-4.1.0&q=80&w=1080"; readonly MOBILE_TRACKING_3: "https://images.unsplash.com/photo-1607783822349-805fc62715dd?crop=entropy&cs=tinysrgb&fit=max&fm=jpg&ixid=M3w4NDU5NTF8MHwxfHNlYXJjaHwxMHx8c21hcnRwaG9uZSUyMGRlbGl2ZXJ5JTIwdHJhY2tpbmclMjBhcHB8ZW58MHwxfHx8MTc3MDE4NjM2MHww&ixlib=rb-4.1.0&q=80&w=1080"; readonly MOBILE_TRACKING_4: "https://images.unsplash.com/photo-1706814901248-5ac8b312c5f3?crop=entropy&cs=tinysrgb&fit=max&fm=jpg&ixid=M3w4NDU5NTF8MHwxfHNlYXJjaHwxfHxzbWFydHBob25lJTIwZGVsaXZlcnklMjB0cmFja2luZyUyMGFwcHxlbnwwfDF8fHwxNzcwMTg2MzYwfDA&ixlib=rb-4.1.0&q=80&w=1080"; readonly MOBILE_TRACKING_5: "https://images.unsplash.com/photo-1692681157014-2f7ee75c0ea0?crop=entropy&cs=tinysrgb&fit=max&fm=jpg&ixid=M3w4NDU5NTF8MHwxfHNlYXJjaHwyfHxzbWFydHBob25lJTIwZGVsaXZlcnklMjB0cmFja2luZyUyMGFwcHxlbnwwfDF8fHwxNzcwMTg2MzYwfDA&ixlib=rb-4.1.0&q=80&w=1080"; readonly MOBILE_TRACKING_6: "https://images.unsplash.com/photo-1640017438849-15957fd5b277?crop=entropy&cs=tinysrgb&fit=max&fm=jpg&ixid=M3w4NDU5NTF8MHwxfHNlYXJjaHw1fHxzbWFydHBob25lJTIwZGVsaXZlcnklMjB0cmFja2luZyUyMGFwcHxlbnwwfDF8fHwxNzcwMTg2MzYwfDA&ixlib=rb-4.1.0&q=80&w=1080"; readonly MOBILE_TRACKING_7: "https://images.unsplash.com/photo-1661358788054-9988c0778447?crop=entropy&cs=tinysrgb&fit=max&fm=jpg&ixid=M3w4NDU5NTF8MHwxfHNlYXJjaHwzfHxzbWFydHBob25lJTIwZGVsaXZlcnklMjB0cmFja2luZyUyMGFwcHxlbnwwfDF8fHwxNzcwMTg2MzYwfDA&ixlib=rb-4.1.0&q=80&w=1080"; readonly MOBILE_TRACKING_8: "https://images.unsplash.com/photo-1724246981341-bd289296c157?crop=entropy&cs=tinysrgb&fit=max&fm=jpg&ixid=M3w4NDU5NTF8MHwxfHNlYXJjaHw5fHxzbWFydHBob25lJTIwZGVsaXZlcnklMjB0cmFja2luZyUyMGFwcHxlbnwwfDF8fHwxNzcwMTg2MzYwfDA&ixlib=rb-4.1.0&q=80&w=1080"; readonly MOBILE_TRACKING_9: "https://images.unsplash.com/photo-1621691187532-bbeb671757ac?crop=entropy&cs=tinysrgb&fit=max&fm=jpg&ixid=M3w4NDU5NTF8MHwxfHNlYXJjaHw3fHxzbWFydHBob25lJTIwZGVsaXZlcnklMjB0cmFja2luZyUyMGFwcHxlbnwwfDF8fHwxNzcwMTg2MzYwfDA&ixlib=rb-4.1.0&q=80&w=1080"; readonly RIDER_DELIVERY_1: "https://images.unsplash.com/photo-1558899367-3cd83fb31ed8?crop=entropy&cs=tinysrgb&fit=max&fm=jpg&ixid=M3w4Mzc5NTV8MHwxfHNlYXJjaHw1fHxkZWxpdmVyeSUyMGRyaXZlciUyMG1vdG9yY3ljbGV8ZW58MHwwfHx8MTc3MDE4NjM2MXww&ixlib=rb-4.1.0&q=80&w=1080"; readonly RIDER_DELIVERY_10: "https://images.unsplash.com/photo-1763750648120-7e52c57eb26e?crop=entropy&cs=tinysrgb&fit=max&fm=jpg&ixid=M3w4Mzc5NTV8MHwxfHNlYXJjaHwxMHx8ZGVsaXZlcnklMjBkcml2ZXIlMjBtb3RvcmN5Y2xlfGVufDB8MHx8fDE3NzAxODYzNjF8MA&ixlib=rb-4.1.0&q=80&w=1080"; readonly RIDER_DELIVERY_2: "https://images.unsplash.com/photo-1558899293-c6204574fcd4?crop=entropy&cs=tinysrgb&fit=max&fm=jpg&ixid=M3w4Mzc5NTV8MHwxfHNlYXJjaHwzfHxkZWxpdmVyeSUyMGRyaXZlciUyMG1vdG9yY3ljbGV8ZW58MHwwfHx8MTc3MDE4NjM2MXww&ixlib=rb-4.1.0&q=80&w=1080"; readonly RIDER_DELIVERY_3: "https://images.unsplash.com/photo-1765608461706-2678e824ed15?crop=entropy&cs=tinysrgb&fit=max&fm=jpg&ixid=M3w4Mzc5NTV8MHwxfHNlYXJjaHw4fHxkZWxpdmVyeSUyMGRyaXZlciUyMG1vdG9yY3ljbGV8ZW58MHwwfHx8MTc3MDE4NjM2MXww&ixlib=rb-4.1.0&q=80&w=1080"; readonly RIDER_DELIVERY_4: "https://images.unsplash.com/photo-1767114648562-399d88d7362d?crop=entropy&cs=tinysrgb&fit=max&fm=jpg&ixid=M3w4Mzc5NTV8MHwxfHNlYXJjaHwxfHxkZWxpdmVyeSUyMGRyaXZlciUyMG1vdG9yY3ljbGV8ZW58MHwwfHx8MTc3MDE4NjM2MXww&ixlib=rb-4.1.0&q=80&w=1080"; readonly RIDER_DELIVERY_5: "https://images.unsplash.com/photo-1765808172074-702dc0371f93?crop=entropy&cs=tinysrgb&fit=max&fm=jpg&ixid=M3w4Mzc5NTV8MHwxfHNlYXJjaHwyfHxkZWxpdmVyeSUyMGRyaXZlciUyMG1vdG9yY3ljbGV8ZW58MHwwfHx8MTc3MDE4NjM2MXww&ixlib=rb-4.1.0&q=80&w=1080"; readonly RIDER_DELIVERY_6: "https://images.unsplash.com/photo-1766170507518-e7a6ca397e1c?crop=entropy&cs=tinysrgb&fit=max&fm=jpg&ixid=M3w4Mzc5NTV8MHwxfHNlYXJjaHw0fHxkZWxpdmVyeSUyMGRyaXZlciUyMG1vdG9yY3ljbGV8ZW58MHwwfHx8MTc3MDE4NjM2MXww&ixlib=rb-4.1.0&q=80&w=1080"; readonly RIDER_DELIVERY_7: "https://images.unsplash.com/photo-1762944080592-b0d779ef65ae?crop=entropy&cs=tinysrgb&fit=max&fm=jpg&ixid=M3w4Mzc5NTV8MHwxfHNlYXJjaHw2fHxkZWxpdmVyeSUyMGRyaXZlciUyMG1vdG9yY3ljbGV8ZW58MHwwfHx8MTc3MDE4NjM2MXww&ixlib=rb-4.1.0&q=80&w=1080"; readonly RIDER_DELIVERY_8: "https://images.unsplash.com/photo-1758777151107-b4573745d6c0?crop=entropy&cs=tinysrgb&fit=max&fm=jpg&ixid=M3w4Mzc5NTV8MHwxfHNlYXJjaHw3fHxkZWxpdmVyeSUyMGRyaXZlciUyMG1vdG9yY3ljbGV8ZW58MHwwfHx8MTc3MDE4NjM2MXww&ixlib=rb-4.1.0&q=80&w=1080"; readonly RIDER_DELIVERY_9: "https://images.unsplash.com/photo-1766421687400-e7e742d6f39d?crop=entropy&cs=tinysrgb&fit=max&fm=jpg&ixid=M3w4Mzc5NTV8MHwxfHNlYXJjaHw5fHxkZWxpdmVyeSUyMGRyaXZlciUyMG1vdG9yY3ljbGV8ZW58MHwwfHx8MTc3MDE4NjM2MXww&ixlib=rb-4.1.0&q=80&w=1080"; readonly SCREENSHOT1095_123: "/images/Screenshot1095.png"; readonly SCREENSHOT1487_125: "/images/Screenshot1487.png"; readonly SCREENSHOT3252_118: "/images/Screenshot3252.png"; readonly SCREENSHOT3650_120: "/images/Screenshot3650.png"; readonly SCREENSHOT5040_127: "/images/Screenshot5040.png"; readonly SCREENSHOT5867_121: "/images/Screenshot5867.png"; readonly SCREENSHOT5897_122: "/images/Screenshot5897.png"; readonly SCREENSHOT6115_117: "/images/Screenshot6115.png"; readonly SCREENSHOT6534_126: "/images/Screenshot6534.png"; readonly SCREENSHOT8648_119: "/images/Screenshot8648.png"; readonly SCREENSHOT9336_124: "/images/Screenshot9336.png"; readonly TRACKING_DASHBOARD_1: "https://images.unsplash.com/photo-1640552435845-d65c23b75934?crop=entropy&cs=tinysrgb&fit=max&fm=jpg&ixid=M3w4NDU5NTF8MHwxfHNlYXJjaHwxfHxwYWNrYWdlJTIwdHJhY2tpbmclMjBkYXNoYm9hcmQlMjBzY3JlZW58ZW58MHwwfHx8MTc3MDE0MjQ2Mnww&ixlib=rb-4.1.0&q=80&w=1080"; readonly TRACKING_DASHBOARD_2: "https://images.unsplash.com/photo-1728917330520-9456e3f49529?crop=entropy&cs=tinysrgb&fit=max&fm=jpg&ixid=M3w4NDU5NTF8MHwxfHNlYXJjaHw0fHxwYWNrYWdlJTIwdHJhY2tpbmclMjBkYXNoYm9hcmQlMjBzY3JlZW58ZW58MHwwfHx8MTc3MDE0MjQ2Mnww&ixlib=rb-4.1.0&q=80&w=1080"; readonly TRACKING_DASHBOARD_3: "https://images.unsplash.com/photo-1603596155917-4ec2f4324db0?crop=entropy&cs=tinysrgb&fit=max&fm=jpg&ixid=M3w4NDU5NTF8MHwxfHNlYXJjaHwzfHxwYWNrYWdlJTIwdHJhY2tpbmclMjBkYXNoYm9hcmQlMjBzY3JlZW58ZW58MHwwfHx8MTc3MDE0MjQ2Mnww&ixlib=rb-4.1.0&q=80&w=1080"; readonly TRACKING_DASHBOARD_4: "https://images.unsplash.com/photo-1545340914-8557aa9714e6?crop=entropy&cs=tinysrgb&fit=max&fm=jpg&ixid=M3w4NDU5NTF8MHwxfHNlYXJjaHw3fHxwYWNrYWdlJTIwdHJhY2tpbmclMjBkYXNoYm9hcmQlMjBzY3JlZW58ZW58MHwwfHx8MTc3MDE0MjQ2Mnww&ixlib=rb-4.1.0&q=80&w=1080"; readonly TRACKING_DASHBOARD_5: "https://images.unsplash.com/photo-1738499105721-fb2f8038ec8d?crop=entropy&cs=tinysrgb&fit=max&fm=jpg&ixid=M3w4NDU5NTF8MHwxfHNlYXJjaHw4fHxwYWNrYWdlJTIwdHJhY2tpbmclMjBkYXNoYm9hcmQlMjBzY3JlZW58ZW58MHwwfHx8MTc3MDE0MjQ2Mnww&ixlib=rb-4.1.0&q=80&w=1080"; readonly TRACKING_DASHBOARD_6: "https://images.unsplash.com/photo-1723000545910-de8498a26698?crop=entropy&cs=tinysrgb&fit=max&fm=jpg&ixid=M3w4NDU5NTF8MHwxfHNlYXJjaHw2fHxwYWNrYWdlJTIwdHJhY2tpbmclMjBkYXNoYm9hcmQlMjBzY3JlZW58ZW58MHwwfHx8MTc3MDE0MjQ2Mnww&ixlib=rb-4.1.0&q=80&w=1080"; readonly TRACKING_DASHBOARD_7: "https://images.unsplash.com/photo-1768223927969-f08af51cf730?crop=entropy&cs=tinysrgb&fit=max&fm=jpg&ixid=M3w4NDU5NTF8MHwxfHNlYXJjaHwyfHxwYWNrYWdlJTIwdHJhY2tpbmclMjBkYXNoYm9hcmQlMjBzY3JlZW58ZW58MHwwfHx8MTc3MDE0MjQ2Mnww&ixlib=rb-4.1.0&q=80&w=1080"; readonly TRACKING_DASHBOARD_8: "https://images.unsplash.com/photo-1725777634077-e19c68ac1c4e?crop=entropy&cs=tinysrgb&fit=max&fm=jpg&ixid=M3w4NDU5NTF8MHwxfHNlYXJjaHw1fHxwYWNrYWdlJTIwdHJhY2tpbmclMjBkYXNoYm9hcmQlMjBzY3JlZW58ZW58MHwwfHx8MTc3MDE0MjQ2Mnww&ixlib=rb-4.1.0&q=80&w=1080"; readonly WAREHOUSE_OPS_1: "https://images.unsplash.com/photo-1724709162875-fe100dd0e04b?crop=entropy&cs=tinysrgb&fit=max&fm=jpg&ixid=M3w4NDU5NTF8MHwxfHNlYXJjaHw0fHx3YXJlaG91c2UlMjBtYW5hZ2VtZW50JTIwaW52ZW50b3J5fGVufDB8MHx8fDE3NzAxNDI0NjJ8MA&ixlib=rb-4.1.0&q=80&w=1080"; readonly WAREHOUSE_OPS_10: "https://images.unsplash.com/photo-1769698631158-c1f42e6281cc?crop=entropy&cs=tinysrgb&fit=max&fm=jpg&ixid=M3w4MTk0NTh8MHwxfHNlYXJjaHwyfHx3YXJlaG91c2UlMjBsb2dpc3RpY3MlMjBvcGVyYXRpb25zfGVufDB8MHx8fDE3NzAxODYzNjB8MA&ixlib=rb-4.1.0&q=80&w=1080"; readonly WAREHOUSE_OPS_11: "https://images.unsplash.com/photo-1768796372629-a4e7db99e474?crop=entropy&cs=tinysrgb&fit=max&fm=jpg&ixid=M3w4MTk0NTh8MHwxfHNlYXJjaHwzfHx3YXJlaG91c2UlMjBsb2dpc3RpY3MlMjBvcGVyYXRpb25zfGVufDB8MHx8fDE3NzAxODYzNjB8MA&ixlib=rb-4.1.0&q=80&w=1080"; readonly WAREHOUSE_OPS_12: "https://images.unsplash.com/photo-1768796373634-db43bfd5f064?crop=entropy&cs=tinysrgb&fit=max&fm=jpg&ixid=M3w4MTk0NTh8MHwxfHNlYXJjaHw0fHx3YXJlaG91c2UlMjBsb2dpc3RpY3MlMjBvcGVyYXRpb25zfGVufDB8MHx8fDE3NzAxODYzNjB8MA&ixlib=rb-4.1.0&q=80&w=1080"; readonly WAREHOUSE_OPS_13: "https://images.unsplash.com/photo-1769700821886-e10fa7946ceb?crop=entropy&cs=tinysrgb&fit=max&fm=jpg&ixid=M3w4MTk0NTh8MHwxfHNlYXJjaHw1fHx3YXJlaG91c2UlMjBsb2dpc3RpY3MlMjBvcGVyYXRpb25zfGVufDB8MHx8fDE3NzAxODYzNjB8MA&ixlib=rb-4.1.0&q=80&w=1080"; readonly WAREHOUSE_OPS_14: "https://images.unsplash.com/photo-1769698821962-dc7ea5f9b2bc?crop=entropy&cs=tinysrgb&fit=max&fm=jpg&ixid=M3w4MTk0NTh8MHwxfHNlYXJjaHw2fHx3YXJlaG91c2UlMjBsb2dpc3RpY3MlMjBvcGVyYXRpb25zfGVufDB8MHx8fDE3NzAxODYzNjB8MA&ixlib=rb-4.1.0&q=80&w=1080"; readonly WAREHOUSE_OPS_15: "https://images.unsplash.com/photo-1769701164670-e819d92cc602?crop=entropy&cs=tinysrgb&fit=max&fm=jpg&ixid=M3w4MTk0NTh8MHwxfHNlYXJjaHw3fHx3YXJlaG91c2UlMjBsb2dpc3RpY3MlMjBvcGVyYXRpb25zfGVufDB8MHx8fDE3NzAxODYzNjB8MA&ixlib=rb-4.1.0&q=80&w=1080"; readonly WAREHOUSE_OPS_16: "https://images.unsplash.com/photo-1768796372478-f3c46af523a9?crop=entropy&cs=tinysrgb&fit=max&fm=jpg&ixid=M3w4MTk0NTh8MHwxfHNlYXJjaHw4fHx3YXJlaG91c2UlMjBsb2dpc3RpY3MlMjBvcGVyYXRpb25zfGVufDB8MHx8fDE3NzAxODYzNjB8MA&ixlib=rb-4.1.0&q=80&w=1080"; readonly WAREHOUSE_OPS_17: "https://images.unsplash.com/photo-1769700821917-df00d0f3e621?crop=entropy&cs=tinysrgb&fit=max&fm=jpg&ixid=M3w4MTk0NTh8MHwxfHNlYXJjaHw5fHx3YXJlaG91c2UlMjBsb2dpc3RpY3MlMjBvcGVyYXRpb25zfGVufDB8MHx8fDE3NzAxODYzNjB8MA&ixlib=rb-4.1.0&q=80&w=1080"; readonly WAREHOUSE_OPS_18: "https://images.unsplash.com/photo-1768796371989-411938b4d07b?crop=entropy&cs=tinysrgb&fit=max&fm=jpg&ixid=M3w4MTk0NTh8MHwxfHNlYXJjaHwxMHx8d2FyZWhvdXNlJTIwbG9naXN0aWNzJTIwb3BlcmF0aW9uc3xlbnwwfDB8fHwxNzcwMTg2MzYwfDA&ixlib=rb-4.1.0&q=80&w=1080"; readonly WAREHOUSE_OPS_2: "https://images.unsplash.com/photo-1768796372478-f3c46af523a9?crop=entropy&cs=tinysrgb&fit=max&fm=jpg&ixid=M3w4NDU5NTF8MHwxfHNlYXJjaHwxfHx3YXJlaG91c2UlMjBtYW5hZ2VtZW50JTIwaW52ZW50b3J5fGVufDB8MHx8fDE3NzAxNDI0NjJ8MA&ixlib=rb-4.1.0&q=80&w=1080"; readonly WAREHOUSE_OPS_3: "https://images.unsplash.com/photo-1768796373634-db43bfd5f064?crop=entropy&cs=tinysrgb&fit=max&fm=jpg&ixid=M3w4NDU5NTF8MHwxfHNlYXJjaHwyfHx3YXJlaG91c2UlMjBtYW5hZ2VtZW50JTIwaW52ZW50b3J5fGVufDB8MHx8fDE3NzAxNDI0NjJ8MA&ixlib=rb-4.1.0&q=80&w=1080"; readonly WAREHOUSE_OPS_4: "https://images.unsplash.com/photo-1768796373360-95d80c5830fb?crop=entropy&cs=tinysrgb&fit=max&fm=jpg&ixid=M3w4NDU5NTF8MHwxfHNlYXJjaHwzfHx3YXJlaG91c2UlMjBtYW5hZ2VtZW50JTIwaW52ZW50b3J5fGVufDB8MHx8fDE3NzAxNDI0NjJ8MA&ixlib=rb-4.1.0&q=80&w=1080"; readonly WAREHOUSE_OPS_5: "https://images.unsplash.com/photo-1768796373577-2e6e51351165?crop=entropy&cs=tinysrgb&fit=max&fm=jpg&ixid=M3w4NDU5NTF8MHwxfHNlYXJjaHw1fHx3YXJlaG91c2UlMjBtYW5hZ2VtZW50JTIwaW52ZW50b3J5fGVufDB8MHx8fDE3NzAxNDI0NjJ8MA&ixlib=rb-4.1.0&q=80&w=1080"; readonly WAREHOUSE_OPS_6: "https://images.unsplash.com/photo-1768796372882-8b67936af681?crop=entropy&cs=tinysrgb&fit=max&fm=jpg&ixid=M3w4NDU5NTF8MHwxfHNlYXJjaHw2fHx3YXJlaG91c2UlMjBtYW5hZ2VtZW50JTIwaW52ZW50b3J5fGVufDB8MHx8fDE3NzAxNDI0NjJ8MA&ixlib=rb-4.1.0&q=80&w=1080"; readonly WAREHOUSE_OPS_7: "https://images.unsplash.com/photo-1768796373907-418e59aee549?crop=entropy&cs=tinysrgb&fit=max&fm=jpg&ixid=M3w4NDU5NTF8MHwxfHNlYXJjaHw3fHx3YXJlaG91c2UlMjBtYW5hZ2VtZW50JTIwaW52ZW50b3J5fGVufDB8MHx8fDE3NzAxNDI0NjJ8MA&ixlib=rb-4.1.0&q=80&w=1080"; readonly WAREHOUSE_OPS_8: "https://images.unsplash.com/photo-1768796372629-a4e7db99e474?crop=entropy&cs=tinysrgb&fit=max&fm=jpg&ixid=M3w4NDU5NTF8MHwxfHNlYXJjaHw4fHx3YXJlaG91c2UlMjBtYW5hZ2VtZW50JTIwaW52ZW50b3J5fGVufDB8MHx8fDE3NzAxNDI0NjJ8MA&ixlib=rb-4.1.0&q=80&w=1080"; readonly WAREHOUSE_OPS_9: "https://images.unsplash.com/photo-1768796373307-fc2f843660f8?crop=entropy&cs=tinysrgb&fit=max&fm=jpg&ixid=M3w4MTk0NTh8MHwxfHNlYXJjaHwxfHx3YXJlaG91c2UlMjBsb2dpc3RpY3MlMjBvcGVyYXRpb25zfGVufDB8MHx8fDE3NzAxODYzNjB8MA&ixlib=rb-4.1.0&q=80&w=1080"; }'.
src/pages/Analytics.tsx(479,25): error TS2339: Property 'DASHBOARD_ANALYTICS_4' does not exist on type '{ readonly ANALYTICS_DASH_1: "https://images.unsplash.com/photo-1551288049-bebda4e38f71?crop=entropy&cs=tinysrgb&fit=max&fm=jpg&ixid=M3w4Mzc5NTV8MHwxfHNlYXJjaHwxfHxkYXNoYm9hcmQlMjBhbmFseXRpY3MlMjBjaGFydHN8ZW58MHwwfHx8MTc3MDE4NjM2MXww&ixlib=rb-4.1.0&q=80&w=1080"; readonly ANALYTICS_DASH_10: "https://images.unsplash.com/photo-1666537072206-6a7a01ecb7d9?crop=entropy&cs=tinysrgb&fit=max&fm=jpg&ixid=M3w4Mzc5NTV8MHwxfHNlYXJjaHw2fHxkYXNoYm9hcmQlMjBhbmFseXRpY3MlMjBjaGFydHN8ZW58MHwwfHx8MTc3MDE4NjM2MXww&ixlib=rb-4.1.0&q=80&w=1080"; readonly ANALYTICS_DASH_2: "https://images.unsplash.com/photo-1686061593213-98dad7c599b9?crop=entropy&cs=tinysrgb&fit=max&fm=jpg&ixid=M3w4Mzc5NTV8MHwxfHNlYXJjaHw5fHxkYXNoYm9hcmQlMjBhbmFseXRpY3MlMjBjaGFydHN8ZW58MHwwfHx8MTc3MDE4NjM2MXww&ixlib=rb-4.1.0&q=80&w=1080"; readonly ANALYTICS_DASH_3: "https://images.unsplash.com/photo-1686061592689-312bbfb5c055?crop=entropy&cs=tinysrgb&fit=max&fm=jpg&ixid=M3w4Mzc5NTV8MHwxfHNlYXJjaHw3fHxkYXNoYm9hcmQlMjBhbmFseXRpY3MlMjBjaGFydHN8ZW58MHwwfHx8MTc3MDE4NjM2MXww&ixlib=rb-4.1.0&q=80&w=1080"; readonly ANALYTICS_DASH_4: "https://images.unsplash.com/photo-1586448317606-cb1ec00298fc?crop=entropy&cs=tinysrgb&fit=max&fm=jpg&ixid=M3w4Mzc5NTV8MHwxfHNlYXJjaHw4fHxkYXNoYm9hcmQlMjBhbmFseXRpY3MlMjBjaGFydHN8ZW58MHwwfHx8MTc3MDE4NjM2MXww&ixlib=rb-4.1.0&q=80&w=1080"; readonly ANALYTICS_DASH_5: "https://images.unsplash.com/photo-1635236190542-d43e4d4b9e4b?crop=entropy&cs=tinysrgb&fit=max&fm=jpg&ixid=M3w4Mzc5NTV8MHwxfHNlYXJjaHwxMHx8ZGFzaGJvYXJkJTIwYW5hbHl0aWNzJTIwY2hhcnRzfGVufDB8MHx8fDE3NzAxODYzNjF8MA&ixlib=rb-4.1.0&q=80&w=1080"; readonly ANALYTICS_DASH_6: "https://images.unsplash.com/photo-1639825752750-5061ded5503b?crop=entropy&cs=tinysrgb&fit=max&fm=jpg&ixid=M3w4Mzc5NTV8MHwxfHNlYXJjaHw1fHxkYXNoYm9hcmQlMjBhbmFseXRpY3MlMjBjaGFydHN8ZW58MHwwfHx8MTc3MDE4NjM2MXww&ixlib=rb-4.1.0&q=80&w=1080"; readonly ANALYTICS_DASH_7: "https://images.unsplash.com/photo-1721593979313-8661afd501c2?crop=entropy&cs=tinysrgb&fit=max&fm=jpg&ixid=M3w4Mzc5NTV8MHwxfHNlYXJjaHw0fHxkYXNoYm9hcmQlMjBhbmFseXRpY3MlMjBjaGFydHN8ZW58MHwwfHx8MTc3MDE4NjM2MXww&ixlib=rb-4.1.0&q=80&w=1080"; readonly ANALYTICS_DASH_8: "https://images.unsplash.com/photo-1758876202980-0a28b744fb24?crop=entropy&cs=tinysrgb&fit=max&fm=jpg&ixid=M3w4Mzc5NTV8MHwxfHNlYXJjaHwzfHxkYXNoYm9hcmQlMjBhbmFseXRpY3MlMjBjaGFydHN8ZW58MHwwfHx8MTc3MDE4NjM2MXww&ixlib=rb-4.1.0&q=80&w=1080"; readonly ANALYTICS_DASH_9: "https://images.unsplash.com/photo-1763038311036-6d18805537e5?crop=entropy&cs=tinysrgb&fit=max&fm=jpg&ixid=M3w4Mzc5NTV8MHwxfHNlYXJjaHwyfHxkYXNoYm9hcmQlMjBhbmFseXRpY3MlMjBjaGFydHN8ZW58MHwwfHx8MTc3MDE4NjM2MXww&ixlib=rb-4.1.0&q=80&w=1080"; readonly BRITIUM_LOGO_55: "/images/britium-logo.png"; readonly BRITIUM_LOGO_66: "/images/britium-logo.png"; readonly DELIVERY_HERO_1: "https://images.unsplash.com/photo-1580160667723-8f98952d1017?crop=entropy&cs=tinysrgb&fit=max&fm=jpg&ixid=M3w4NDU5NTF8MHwxfHNlYXJjaHw5fHxtb2Rlcm4lMjBkZWxpdmVyeSUyMHRydWNrJTIwbG9naXN0aWNzfGVufDB8MHx8fDE3NzAxODYzNjB8MA&ixlib=rb-4.1.0&q=80&w=1080"; readonly DELIVERY_HERO_10: "https://images.unsplash.com/photo-1760045788252-d8d386ea1d12?crop=entropy&cs=tinysrgb&fit=max&fm=jpg&ixid=M3w4NDU5NTF8MHwxfHNlYXJjaHwzfHxtb2Rlcm4lMjBkZWxpdmVyeSUyMHRydWNrJTIwbG9naXN0aWNzfGVufDB8MHx8fDE3NzAxODYzNjB8MA&ixlib=rb-4.1.0&q=80&w=1080"; readonly DELIVERY_HERO_2: "https://images.unsplash.com/photo-1547116262-a7365d627e61?crop=entropy&cs=tinysrgb&fit=max&fm=jpg&ixid=M3w4NDU5NTF8MHwxfHNlYXJjaHw4fHxtb2Rlcm4lMjBkZWxpdmVyeSUyMHRydWNrJTIwbG9naXN0aWNzfGVufDB8MHx8fDE3NzAxODYzNjB8MA&ixlib=rb-4.1.0&q=80&w=1080"; readonly DELIVERY_HERO_3: "https://images.unsplash.com/photo-1598317940377-d1e5402f1bed?crop=entropy&cs=tinysrgb&fit=max&fm=jpg&ixid=M3w4NDU5NTF8MHwxfHNlYXJjaHw0fHxtb2Rlcm4lMjBkZWxpdmVyeSUyMHRydWNrJTIwbG9naXN0aWNzfGVufDB8MHx8fDE3NzAxODYzNjB8MA&ixlib=rb-4.1.0&q=80&w=1080"; readonly DELIVERY_HERO_4: "https://images.unsplash.com/photo-1633155565182-16c06ed45ec5?crop=entropy&cs=tinysrgb&fit=max&fm=jpg&ixid=M3w4NDU5NTF8MHwxfHNlYXJjaHw3fHxtb2Rlcm4lMjBkZWxpdmVyeSUyMHRydWNrJTIwbG9naXN0aWNzfGVufDB8MHx8fDE3NzAxODYzNjB8MA&ixlib=rb-4.1.0&q=80&w=1080"; readonly DELIVERY_HERO_5: "https://images.unsplash.com/photo-1681514583222-0579e6835666?crop=entropy&cs=tinysrgb&fit=max&fm=jpg&ixid=M3w4NDU5NTF8MHwxfHNlYXJjaHw1fHxtb2Rlcm4lMjBkZWxpdmVyeSUyMHRydWNrJTIwbG9naXN0aWNzfGVufDB8MHx8fDE3NzAxODYzNjB8MA&ixlib=rb-4.1.0&q=80&w=1080"; readonly DELIVERY_HERO_6: "https://images.unsplash.com/photo-1662135426498-72a27149a7dd?crop=entropy&cs=tinysrgb&fit=max&fm=jpg&ixid=M3w4NDU5NTF8MHwxfHNlYXJjaHwxMHx8bW9kZXJuJTIwZGVsaXZlcnklMjB0cnVjayUyMGxvZ2lzdGljc3xlbnwwfDB8fHwxNzcwMTg2MzYwfDA&ixlib=rb-4.1.0&q=80&w=1080"; readonly DELIVERY_HERO_7: "https://images.unsplash.com/photo-1733662095268-7a88cb5fa10e?crop=entropy&cs=tinysrgb&fit=max&fm=jpg&ixid=M3w4NDU5NTF8MHwxfHNlYXJjaHw2fHxtb2Rlcm4lMjBkZWxpdmVyeSUyMHRydWNrJTIwbG9naXN0aWNzfGVufDB8MHx8fDE3NzAxODYzNjB8MA&ixlib=rb-4.1.0&q=80&w=1080"; readonly DELIVERY_HERO_8: "https://images.unsplash.com/photo-1762245752333-c1ef6315a30c?crop=entropy&cs=tinysrgb&fit=max&fm=jpg&ixid=M3w4NDU5NTF8MHwxfHNlYXJjaHwyfHxtb2Rlcm4lMjBkZWxpdmVyeSUyMHRydWNrJTIwbG9naXN0aWNzfGVufDB8MHx8fDE3NzAxODYzNjB8MA&ixlib=rb-4.1.0&q=80&w=1080"; readonly DELIVERY_HERO_9: "https://images.unsplash.com/photo-1746985106190-6c116edec9bc?crop=entropy&cs=tinysrgb&fit=max&fm=jpg&ixid=M3w4NDU5NTF8MHwxfHNlYXJjaHwxfHxtb2Rlcm4lMjBkZWxpdmVyeSUyMHRydWNrJTIwbG9naXN0aWNzfGVufDB8MHx8fDE3NzAxODYzNjB8MA&ixlib=rb-4.1.0&q=80&w=1080"; readonly DELIVERY_RIDER_1: "https://images.unsplash.com/photo-1648394794449-5dbe63f6a8b5?crop=entropy&cs=tinysrgb&fit=max&fm=jpg&ixid=M3w4Mzc5NTV8MHwxfHNlYXJjaHw1fHxjb3VyaWVyJTIwZGVsaXZlcnklMjBwZXJzb24lMjBtb3RvcmN5Y2xlfGVufDB8MHx8fDE3NzAxNDI0NjJ8MA&ixlib=rb-4.1.0&q=80&w=1080"; readonly DELIVERY_RIDER_10: "https://images.unsplash.com/photo-1706994742122-df69c7390a2b?crop=entropy&cs=tinysrgb&fit=max&fm=jpg&ixid=M3w4Mzc5NTV8MHwxfHNlYXJjaHwxMHx8Y291cmllciUyMGRlbGl2ZXJ5JTIwcGVyc29uJTIwbW90b3JjeWNsZXxlbnwwfDB8fHwxNzcwMTQyNDYyfDA&ixlib=rb-4.1.0&q=80&w=1080"; readonly DELIVERY_RIDER_2: "https://images.unsplash.com/photo-1642047291146-7916f38ebde0?crop=entropy&cs=tinysrgb&fit=max&fm=jpg&ixid=M3w4Mzc5NTV8MHwxfHNlYXJjaHw4fHxjb3VyaWVyJTIwZGVsaXZlcnklMjBwZXJzb24lMjBtb3RvcmN5Y2xlfGVufDB8MHx8fDE3NzAxNDI0NjJ8MA&ixlib=rb-4.1.0&q=80&w=1080"; readonly DELIVERY_RIDER_3: "https://images.unsplash.com/photo-1754765542024-c1320f23b75a?crop=entropy&cs=tinysrgb&fit=max&fm=jpg&ixid=M3w4Mzc5NTV8MHwxfHNlYXJjaHw0fHxjb3VyaWVyJTIwZGVsaXZlcnklMjBwZXJzb24lMjBtb3RvcmN5Y2xlfGVufDB8MHx8fDE3NzAxNDI0NjJ8MA&ixlib=rb-4.1.0&q=80&w=1080"; readonly DELIVERY_RIDER_4: "https://images.unsplash.com/photo-1616915939238-2a7a363d45c4?crop=entropy&cs=tinysrgb&fit=max&fm=jpg&ixid=M3w4Mzc5NTV8MHwxfHNlYXJjaHw2fHxjb3VyaWVyJTIwZGVsaXZlcnklMjBwZXJzb24lMjBtb3RvcmN5Y2xlfGVufDB8MHx8fDE3NzAxNDI0NjJ8MA&ixlib=rb-4.1.0&q=80&w=1080"; readonly DELIVERY_RIDER_5: "https://images.unsplash.com/photo-1683553170878-049f180627b0?crop=entropy&cs=tinysrgb&fit=max&fm=jpg&ixid=M3w4Mzc5NTV8MHwxfHNlYXJjaHw5fHxjb3VyaWVyJTIwZGVsaXZlcnklMjBwZXJzb24lMjBtb3RvcmN5Y2xlfGVufDB8MHx8fDE3NzAxNDI0NjJ8MA&ixlib=rb-4.1.0&q=80&w=1080"; readonly DELIVERY_RIDER_6: "https://images.unsplash.com/photo-1767114648562-399d88d7362d?crop=entropy&cs=tinysrgb&fit=max&fm=jpg&ixid=M3w4Mzc5NTV8MHwxfHNlYXJjaHwxfHxjb3VyaWVyJTIwZGVsaXZlcnklMjBwZXJzb24lMjBtb3RvcmN5Y2xlfGVufDB8MHx8fDE3NzAxNDI0NjJ8MA&ixlib=rb-4.1.0&q=80&w=1080"; readonly DELIVERY_RIDER_7: "https://images.unsplash.com/photo-1766421687400-e7e742d6f39d?crop=entropy&cs=tinysrgb&fit=max&fm=jpg&ixid=M3w4Mzc5NTV8MHwxfHNlYXJjaHwyfHxjb3VyaWVyJTIwZGVsaXZlcnklMjBwZXJzb24lMjBtb3RvcmN5Y2xlfGVufDB8MHx8fDE3NzAxNDI0NjJ8MA&ixlib=rb-4.1.0&q=80&w=1080"; readonly DELIVERY_RIDER_8: "https://images.unsplash.com/photo-1758202292832-5e036fd03e25?crop=entropy&cs=tinysrgb&fit=max&fm=jpg&ixid=M3w4Mzc5NTV8MHwxfHNlYXJjaHwzfHxjb3VyaWVyJTIwZGVsaXZlcnklMjBwZXJzb24lMjBtb3RvcmN5Y2xlfGVufDB8MHx8fDE3NzAxNDI0NjJ8MA&ixlib=rb-4.1.0&q=80&w=1080"; readonly DELIVERY_RIDER_9: "https://images.unsplash.com/photo-1754765542364-7def1d509bb8?crop=entropy&cs=tinysrgb&fit=max&fm=jpg&ixid=M3w4Mzc5NTV8MHwxfHNlYXJjaHw3fHxjb3VyaWVyJTIwZGVsaXZlcnklMjBwZXJzb24lMjBtb3RvcmN5Y2xlfGVufDB8MHx8fDE3NzAxNDI0NjJ8MA&ixlib=rb-4.1.0&q=80&w=1080"; readonly IC_LAUNCHER_45: "/images/ic_launcher.webp"; readonly IC_LAUNCHER_47: "/images/ic_launcher.webp"; readonly IC_LAUNCHER_48: "/images/ic_launcher.webp"; readonly IC_LAUNCHER_51: "/images/ic_launcher.webp"; readonly IC_LAUNCHER_53: "/images/ic_launcher.webp"; readonly IC_LAUNCHER_56: "/images/ic_launcher.webp"; readonly IC_LAUNCHER_58: "/images/ic_launcher.webp"; readonly IC_LAUNCHER_59: "/images/ic_launcher.webp"; readonly IC_LAUNCHER_62: "/images/ic_launcher.webp"; readonly IC_LAUNCHER_64: "/images/ic_launcher.webp"; readonly IC_LAUNCHER_ROUND_46: "/images/ic_launcher_round.webp"; readonly IC_LAUNCHER_ROUND_49: "/images/ic_launcher_round.webp"; readonly IC_LAUNCHER_ROUND_50: "/images/ic_launcher_round.webp"; readonly IC_LAUNCHER_ROUND_52: "/images/ic_launcher_round.webp"; readonly IC_LAUNCHER_ROUND_54: "/images/ic_launcher_round.webp"; readonly IC_LAUNCHER_ROUND_57: "/images/ic_launcher_round.webp"; readonly IC_LAUNCHER_ROUND_60: "/images/ic_launcher_round.webp"; readonly IC_LAUNCHER_ROUND_61: "/images/ic_launcher_round.webp"; readonly IC_LAUNCHER_ROUND_63: "/images/ic_launcher_round.webp"; readonly IC_LAUNCHER_ROUND_65: "/images/ic_launcher_round.webp"; readonly LOGISTICS_HERO_1: "https://images.unsplash.com/photo-1532635042-a6f6ad4745f9?crop=entropy&cs=tinysrgb&fit=max&fm=jpg&ixid=M3w4MTk0NTh8MHwxfHNlYXJjaHw3fHxkZWxpdmVyeSUyMHRydWNrJTIwbG9naXN0aWNzJTIwd2FyZWhvdXNlfGVufDB8MHx8fDE3NzAxNDI0NjJ8MA&ixlib=rb-4.1.0&q=80&w=1080"; readonly LOGISTICS_HERO_10: "https://images.unsplash.com/photo-1739863305982-f7354315b2bd?crop=entropy&cs=tinysrgb&fit=max&fm=jpg&ixid=M3w4MTk0NTh8MHwxfHNlYXJjaHwxMHx8ZGVsaXZlcnklMjB0cnVjayUyMGxvZ2lzdGljcyUyMHdhcmVob3VzZXxlbnwwfDB8fHwxNzcwMTQyNDYyfDA&ixlib=rb-4.1.0&q=80&w=1080"; readonly LOGISTICS_HERO_2: "https://images.unsplash.com/photo-1601912552080-0fb89fd08042?crop=entropy&cs=tinysrgb&fit=max&fm=jpg&ixid=M3w4MTk0NTh8MHwxfHNlYXJjaHw1fHxkZWxpdmVyeSUyMHRydWNrJTIwbG9naXN0aWNzJTIwd2FyZWhvdXNlfGVufDB8MHx8fDE3NzAxNDI0NjJ8MA&ixlib=rb-4.1.0&q=80&w=1080"; readonly LOGISTICS_HERO_3: "https://images.unsplash.com/photo-1611938845621-f7d331a14255?crop=entropy&cs=tinysrgb&fit=max&fm=jpg&ixid=M3w4MTk0NTh8MHwxfHNlYXJjaHwyfHxkZWxpdmVyeSUyMHRydWNrJTIwbG9naXN0aWNzJTIwd2FyZWhvdXNlfGVufDB8MHx8fDE3NzAxNDI0NjJ8MA&ixlib=rb-4.1.0&q=80&w=1080"; readonly LOGISTICS_HERO_4: "https://images.unsplash.com/photo-1681514583222-0579e6835666?crop=entropy&cs=tinysrgb&fit=max&fm=jpg&ixid=M3w4MTk0NTh8MHwxfHNlYXJjaHw2fHxkZWxpdmVyeSUyMHRydWNrJTIwbG9naXN0aWNzJTIwd2FyZWhvdXNlfGVufDB8MHx8fDE3NzAxNDI0NjJ8MA&ixlib=rb-4.1.0&q=80&w=1080"; readonly LOGISTICS_HERO_5: "https://images.unsplash.com/photo-1613354382403-28066cf657b3?crop=entropy&cs=tinysrgb&fit=max&fm=jpg&ixid=M3w4MTk0NTh8MHwxfHNlYXJjaHwzfHxkZWxpdmVyeSUyMHRydWNrJTIwbG9naXN0aWNzJTIwd2FyZWhvdXNlfGVufDB8MHx8fDE3NzAxNDI0NjJ8MA&ixlib=rb-4.1.0&q=80&w=1080"; readonly LOGISTICS_HERO_6: "https://images.unsplash.com/photo-1732435527614-8336ebd1e82c?crop=entropy&cs=tinysrgb&fit=max&fm=jpg&ixid=M3w4MTk0NTh8MHwxfHNlYXJjaHw4fHxkZWxpdmVyeSUyMHRydWNrJTIwbG9naXN0aWNzJTIwd2FyZWhvdXNlfGVufDB8MHx8fDE3NzAxNDI0NjJ8MA&ixlib=rb-4.1.0&q=80&w=1080"; readonly LOGISTICS_HERO_7: "https://images.unsplash.com/photo-1762251374590-64962c1a451c?crop=entropy&cs=tinysrgb&fit=max&fm=jpg&ixid=M3w4MTk0NTh8MHwxfHNlYXJjaHwxfHxkZWxpdmVyeSUyMHRydWNrJTIwbG9naXN0aWNzJTIwd2FyZWhvdXNlfGVufDB8MHx8fDE3NzAxNDI0NjJ8MA&ixlib=rb-4.1.0&q=80&w=1080"; readonly LOGISTICS_HERO_8: "https://images.unsplash.com/photo-1681514583213-7b8e47eb1953?crop=entropy&cs=tinysrgb&fit=max&fm=jpg&ixid=M3w4MTk0NTh8MHwxfHNlYXJjaHw0fHxkZWxpdmVyeSUyMHRydWNrJTIwbG9naXN0aWNzJTIwd2FyZWhvdXNlfGVufDB8MHx8fDE3NzAxNDI0NjJ8MA&ixlib=rb-4.1.0&q=80&w=1080"; readonly LOGISTICS_HERO_9: "https://images.unsplash.com/photo-1730309529959-e305b3199c01?crop=entropy&cs=tinysrgb&fit=max&fm=jpg&ixid=M3w4MTk0NTh8MHwxfHNlYXJjaHw5fHxkZWxpdmVyeSUyMHRydWNrJTIwbG9naXN0aWNzJTIwd2FyZWhvdXNlfGVufDB8MHx8fDE3NzAxNDI0NjJ8MA&ixlib=rb-4.1.0&q=80&w=1080"; readonly MOBILE_INTERFACE_1: "https://images.unsplash.com/photo-1592323401640-9c24ed330baf?crop=entropy&cs=tinysrgb&fit=max&fm=jpg&ixid=M3w4NDU2OTd8MHwxfHNlYXJjaHw0fHxtb2JpbGUlMjBhcHAlMjBkZWxpdmVyeSUyMGludGVyZmFjZXxlbnwwfDF8fHwxNzcwMTQyNDYzfDA&ixlib=rb-4.1.0&q=80&w=1080"; readonly MOBILE_INTERFACE_2: "https://images.unsplash.com/photo-1570894808314-677b57f25e45?crop=entropy&cs=tinysrgb&fit=max&fm=jpg&ixid=M3w4NDU2OTd8MHwxfHNlYXJjaHwyfHxtb2JpbGUlMjBhcHAlMjBkZWxpdmVyeSUyMGludGVyZmFjZXxlbnwwfDF8fHwxNzcwMTQyNDYzfDA&ixlib=rb-4.1.0&q=80&w=1080"; readonly MOBILE_INTERFACE_3: "https://images.unsplash.com/photo-1605600659802-1353d7fd3732?crop=entropy&cs=tinysrgb&fit=max&fm=jpg&ixid=M3w4NDU2OTd8MHwxfHNlYXJjaHw3fHxtb2JpbGUlMjBhcHAlMjBkZWxpdmVyeSUyMGludGVyZmFjZXxlbnwwfDF8fHwxNzcwMTQyNDYzfDA&ixlib=rb-4.1.0&q=80&w=1080"; readonly MOBILE_INTERFACE_4: "https://images.unsplash.com/photo-1661358788054-9988c0778447?crop=entropy&cs=tinysrgb&fit=max&fm=jpg&ixid=M3w4NDU2OTd8MHwxfHNlYXJjaHw1fHxtb2JpbGUlMjBhcHAlMjBkZWxpdmVyeSUyMGludGVyZmFjZXxlbnwwfDF8fHwxNzcwMTQyNDYzfDA&ixlib=rb-4.1.0&q=80&w=1080"; readonly MOBILE_INTERFACE_5: "https://images.unsplash.com/photo-1746286721374-cd541e26911a?crop=entropy&cs=tinysrgb&fit=max&fm=jpg&ixid=M3w4NDU2OTd8MHwxfHNlYXJjaHw2fHxtb2JpbGUlMjBhcHAlMjBkZWxpdmVyeSUyMGludGVyZmFjZXxlbnwwfDF8fHwxNzcwMTQyNDYzfDA&ixlib=rb-4.1.0&q=80&w=1080"; readonly MOBILE_INTERFACE_6: "https://images.unsplash.com/photo-1760888549280-4aef010720bd?crop=entropy&cs=tinysrgb&fit=max&fm=jpg&ixid=M3w4NDU2OTd8MHwxfHNlYXJjaHwxfHxtb2JpbGUlMjBhcHAlMjBkZWxpdmVyeSUyMGludGVyZmFjZXxlbnwwfDF8fHwxNzcwMTQyNDYzfDA&ixlib=rb-4.1.0&q=80&w=1080"; readonly MOBILE_INTERFACE_7: "https://images.unsplash.com/photo-1621691187532-bbeb671757ac?crop=entropy&cs=tinysrgb&fit=max&fm=jpg&ixid=M3w4NDU2OTd8MHwxfHNlYXJjaHwzfHxtb2JpbGUlMjBhcHAlMjBkZWxpdmVyeSUyMGludGVyZmFjZXxlbnwwfDF8fHwxNzcwMTQyNDYzfDA&ixlib=rb-4.1.0&q=80&w=1080"; readonly MOBILE_INTERFACE_8: "https://images.unsplash.com/photo-1621691177818-bcd7c032ef26?crop=entropy&cs=tinysrgb&fit=max&fm=jpg&ixid=M3w4NDU2OTd8MHwxfHNlYXJjaHw4fHxtb2JpbGUlMjBhcHAlMjBkZWxpdmVyeSUyMGludGVyZmFjZXxlbnwwfDF8fHwxNzcwMTQyNDYzfDA&ixlib=rb-4.1.0&q=80&w=1080"; readonly MOBILE_TRACKING_1: "https://images.unsplash.com/photo-1570894808314-677b57f25e45?crop=entropy&cs=tinysrgb&fit=max&fm=jpg&ixid=M3w4NDU5NTF8MHwxfHNlYXJjaHw2fHxzbWFydHBob25lJTIwZGVsaXZlcnklMjB0cmFja2luZyUyMGFwcHxlbnwwfDF8fHwxNzcwMTg2MzYwfDA&ixlib=rb-4.1.0&q=80&w=1080"; readonly MOBILE_TRACKING_10: "https://images.unsplash.com/photo-1750179990399-96757d9aa8a0?crop=entropy&cs=tinysrgb&fit=max&fm=jpg&ixid=M3w4NDU5NTF8MHwxfHNlYXJjaHw4fHxzbWFydHBob25lJTIwZGVsaXZlcnklMjB0cmFja2luZyUyMGFwcHxlbnwwfDF8fHwxNzcwMTg2MzYwfDA&ixlib=rb-4.1.0&q=80&w=1080"; readonly MOBILE_TRACKING_2: "https://images.unsplash.com/photo-1651493355781-20b4e12f3231?crop=entropy&cs=tinysrgb&fit=max&fm=jpg&ixid=M3w4NDU5NTF8MHwxfHNlYXJjaHw0fHxzbWFydHBob25lJTIwZGVsaXZlcnklMjB0cmFja2luZyUyMGFwcHxlbnwwfDF8fHwxNzcwMTg2MzYwfDA&ixlib=rb-4.1.0&q=80&w=1080"; readonly MOBILE_TRACKING_3: "https://images.unsplash.com/photo-1607783822349-805fc62715dd?crop=entropy&cs=tinysrgb&fit=max&fm=jpg&ixid=M3w4NDU5NTF8MHwxfHNlYXJjaHwxMHx8c21hcnRwaG9uZSUyMGRlbGl2ZXJ5JTIwdHJhY2tpbmclMjBhcHB8ZW58MHwxfHx8MTc3MDE4NjM2MHww&ixlib=rb-4.1.0&q=80&w=1080"; readonly MOBILE_TRACKING_4: "https://images.unsplash.com/photo-1706814901248-5ac8b312c5f3?crop=entropy&cs=tinysrgb&fit=max&fm=jpg&ixid=M3w4NDU5NTF8MHwxfHNlYXJjaHwxfHxzbWFydHBob25lJTIwZGVsaXZlcnklMjB0cmFja2luZyUyMGFwcHxlbnwwfDF8fHwxNzcwMTg2MzYwfDA&ixlib=rb-4.1.0&q=80&w=1080"; readonly MOBILE_TRACKING_5: "https://images.unsplash.com/photo-1692681157014-2f7ee75c0ea0?crop=entropy&cs=tinysrgb&fit=max&fm=jpg&ixid=M3w4NDU5NTF8MHwxfHNlYXJjaHwyfHxzbWFydHBob25lJTIwZGVsaXZlcnklMjB0cmFja2luZyUyMGFwcHxlbnwwfDF8fHwxNzcwMTg2MzYwfDA&ixlib=rb-4.1.0&q=80&w=1080"; readonly MOBILE_TRACKING_6: "https://images.unsplash.com/photo-1640017438849-15957fd5b277?crop=entropy&cs=tinysrgb&fit=max&fm=jpg&ixid=M3w4NDU5NTF8MHwxfHNlYXJjaHw1fHxzbWFydHBob25lJTIwZGVsaXZlcnklMjB0cmFja2luZyUyMGFwcHxlbnwwfDF8fHwxNzcwMTg2MzYwfDA&ixlib=rb-4.1.0&q=80&w=1080"; readonly MOBILE_TRACKING_7: "https://images.unsplash.com/photo-1661358788054-9988c0778447?crop=entropy&cs=tinysrgb&fit=max&fm=jpg&ixid=M3w4NDU5NTF8MHwxfHNlYXJjaHwzfHxzbWFydHBob25lJTIwZGVsaXZlcnklMjB0cmFja2luZyUyMGFwcHxlbnwwfDF8fHwxNzcwMTg2MzYwfDA&ixlib=rb-4.1.0&q=80&w=1080"; readonly MOBILE_TRACKING_8: "https://images.unsplash.com/photo-1724246981341-bd289296c157?crop=entropy&cs=tinysrgb&fit=max&fm=jpg&ixid=M3w4NDU5NTF8MHwxfHNlYXJjaHw5fHxzbWFydHBob25lJTIwZGVsaXZlcnklMjB0cmFja2luZyUyMGFwcHxlbnwwfDF8fHwxNzcwMTg2MzYwfDA&ixlib=rb-4.1.0&q=80&w=1080"; readonly MOBILE_TRACKING_9: "https://images.unsplash.com/photo-1621691187532-bbeb671757ac?crop=entropy&cs=tinysrgb&fit=max&fm=jpg&ixid=M3w4NDU5NTF8MHwxfHNlYXJjaHw3fHxzbWFydHBob25lJTIwZGVsaXZlcnklMjB0cmFja2luZyUyMGFwcHxlbnwwfDF8fHwxNzcwMTg2MzYwfDA&ixlib=rb-4.1.0&q=80&w=1080"; readonly RIDER_DELIVERY_1: "https://images.unsplash.com/photo-1558899367-3cd83fb31ed8?crop=entropy&cs=tinysrgb&fit=max&fm=jpg&ixid=M3w4Mzc5NTV8MHwxfHNlYXJjaHw1fHxkZWxpdmVyeSUyMGRyaXZlciUyMG1vdG9yY3ljbGV8ZW58MHwwfHx8MTc3MDE4NjM2MXww&ixlib=rb-4.1.0&q=80&w=1080"; readonly RIDER_DELIVERY_10: "https://images.unsplash.com/photo-1763750648120-7e52c57eb26e?crop=entropy&cs=tinysrgb&fit=max&fm=jpg&ixid=M3w4Mzc5NTV8MHwxfHNlYXJjaHwxMHx8ZGVsaXZlcnklMjBkcml2ZXIlMjBtb3RvcmN5Y2xlfGVufDB8MHx8fDE3NzAxODYzNjF8MA&ixlib=rb-4.1.0&q=80&w=1080"; readonly RIDER_DELIVERY_2: "https://images.unsplash.com/photo-1558899293-c6204574fcd4?crop=entropy&cs=tinysrgb&fit=max&fm=jpg&ixid=M3w4Mzc5NTV8MHwxfHNlYXJjaHwzfHxkZWxpdmVyeSUyMGRyaXZlciUyMG1vdG9yY3ljbGV8ZW58MHwwfHx8MTc3MDE4NjM2MXww&ixlib=rb-4.1.0&q=80&w=1080"; readonly RIDER_DELIVERY_3: "https://images.unsplash.com/photo-1765608461706-2678e824ed15?crop=entropy&cs=tinysrgb&fit=max&fm=jpg&ixid=M3w4Mzc5NTV8MHwxfHNlYXJjaHw4fHxkZWxpdmVyeSUyMGRyaXZlciUyMG1vdG9yY3ljbGV8ZW58MHwwfHx8MTc3MDE4NjM2MXww&ixlib=rb-4.1.0&q=80&w=1080"; readonly RIDER_DELIVERY_4: "https://images.unsplash.com/photo-1767114648562-399d88d7362d?crop=entropy&cs=tinysrgb&fit=max&fm=jpg&ixid=M3w4Mzc5NTV8MHwxfHNlYXJjaHwxfHxkZWxpdmVyeSUyMGRyaXZlciUyMG1vdG9yY3ljbGV8ZW58MHwwfHx8MTc3MDE4NjM2MXww&ixlib=rb-4.1.0&q=80&w=1080"; readonly RIDER_DELIVERY_5: "https://images.unsplash.com/photo-1765808172074-702dc0371f93?crop=entropy&cs=tinysrgb&fit=max&fm=jpg&ixid=M3w4Mzc5NTV8MHwxfHNlYXJjaHwyfHxkZWxpdmVyeSUyMGRyaXZlciUyMG1vdG9yY3ljbGV8ZW58MHwwfHx8MTc3MDE4NjM2MXww&ixlib=rb-4.1.0&q=80&w=1080"; readonly RIDER_DELIVERY_6: "https://images.unsplash.com/photo-1766170507518-e7a6ca397e1c?crop=entropy&cs=tinysrgb&fit=max&fm=jpg&ixid=M3w4Mzc5NTV8MHwxfHNlYXJjaHw0fHxkZWxpdmVyeSUyMGRyaXZlciUyMG1vdG9yY3ljbGV8ZW58MHwwfHx8MTc3MDE4NjM2MXww&ixlib=rb-4.1.0&q=80&w=1080"; readonly RIDER_DELIVERY_7: "https://images.unsplash.com/photo-1762944080592-b0d779ef65ae?crop=entropy&cs=tinysrgb&fit=max&fm=jpg&ixid=M3w4Mzc5NTV8MHwxfHNlYXJjaHw2fHxkZWxpdmVyeSUyMGRyaXZlciUyMG1vdG9yY3ljbGV8ZW58MHwwfHx8MTc3MDE4NjM2MXww&ixlib=rb-4.1.0&q=80&w=1080"; readonly RIDER_DELIVERY_8: "https://images.unsplash.com/photo-1758777151107-b4573745d6c0?crop=entropy&cs=tinysrgb&fit=max&fm=jpg&ixid=M3w4Mzc5NTV8MHwxfHNlYXJjaHw3fHxkZWxpdmVyeSUyMGRyaXZlciUyMG1vdG9yY3ljbGV8ZW58MHwwfHx8MTc3MDE4NjM2MXww&ixlib=rb-4.1.0&q=80&w=1080"; readonly RIDER_DELIVERY_9: "https://images.unsplash.com/photo-1766421687400-e7e742d6f39d?crop=entropy&cs=tinysrgb&fit=max&fm=jpg&ixid=M3w4Mzc5NTV8MHwxfHNlYXJjaHw5fHxkZWxpdmVyeSUyMGRyaXZlciUyMG1vdG9yY3ljbGV8ZW58MHwwfHx8MTc3MDE4NjM2MXww&ixlib=rb-4.1.0&q=80&w=1080"; readonly SCREENSHOT1095_123: "/images/Screenshot1095.png"; readonly SCREENSHOT1487_125: "/images/Screenshot1487.png"; readonly SCREENSHOT3252_118: "/images/Screenshot3252.png"; readonly SCREENSHOT3650_120: "/images/Screenshot3650.png"; readonly SCREENSHOT5040_127: "/images/Screenshot5040.png"; readonly SCREENSHOT5867_121: "/images/Screenshot5867.png"; readonly SCREENSHOT5897_122: "/images/Screenshot5897.png"; readonly SCREENSHOT6115_117: "/images/Screenshot6115.png"; readonly SCREENSHOT6534_126: "/images/Screenshot6534.png"; readonly SCREENSHOT8648_119: "/images/Screenshot8648.png"; readonly SCREENSHOT9336_124: "/images/Screenshot9336.png"; readonly TRACKING_DASHBOARD_1: "https://images.unsplash.com/photo-1640552435845-d65c23b75934?crop=entropy&cs=tinysrgb&fit=max&fm=jpg&ixid=M3w4NDU5NTF8MHwxfHNlYXJjaHwxfHxwYWNrYWdlJTIwdHJhY2tpbmclMjBkYXNoYm9hcmQlMjBzY3JlZW58ZW58MHwwfHx8MTc3MDE0MjQ2Mnww&ixlib=rb-4.1.0&q=80&w=1080"; readonly TRACKING_DASHBOARD_2: "https://images.unsplash.com/photo-1728917330520-9456e3f49529?crop=entropy&cs=tinysrgb&fit=max&fm=jpg&ixid=M3w4NDU5NTF8MHwxfHNlYXJjaHw0fHxwYWNrYWdlJTIwdHJhY2tpbmclMjBkYXNoYm9hcmQlMjBzY3JlZW58ZW58MHwwfHx8MTc3MDE0MjQ2Mnww&ixlib=rb-4.1.0&q=80&w=1080"; readonly TRACKING_DASHBOARD_3: "https://images.unsplash.com/photo-1603596155917-4ec2f4324db0?crop=entropy&cs=tinysrgb&fit=max&fm=jpg&ixid=M3w4NDU5NTF8MHwxfHNlYXJjaHwzfHxwYWNrYWdlJTIwdHJhY2tpbmclMjBkYXNoYm9hcmQlMjBzY3JlZW58ZW58MHwwfHx8MTc3MDE0MjQ2Mnww&ixlib=rb-4.1.0&q=80&w=1080"; readonly TRACKING_DASHBOARD_4: "https://images.unsplash.com/photo-1545340914-8557aa9714e6?crop=entropy&cs=tinysrgb&fit=max&fm=jpg&ixid=M3w4NDU5NTF8MHwxfHNlYXJjaHw3fHxwYWNrYWdlJTIwdHJhY2tpbmclMjBkYXNoYm9hcmQlMjBzY3JlZW58ZW58MHwwfHx8MTc3MDE0MjQ2Mnww&ixlib=rb-4.1.0&q=80&w=1080"; readonly TRACKING_DASHBOARD_5: "https://images.unsplash.com/photo-1738499105721-fb2f8038ec8d?crop=entropy&cs=tinysrgb&fit=max&fm=jpg&ixid=M3w4NDU5NTF8MHwxfHNlYXJjaHw4fHxwYWNrYWdlJTIwdHJhY2tpbmclMjBkYXNoYm9hcmQlMjBzY3JlZW58ZW58MHwwfHx8MTc3MDE0MjQ2Mnww&ixlib=rb-4.1.0&q=80&w=1080"; readonly TRACKING_DASHBOARD_6: "https://images.unsplash.com/photo-1723000545910-de8498a26698?crop=entropy&cs=tinysrgb&fit=max&fm=jpg&ixid=M3w4NDU5NTF8MHwxfHNlYXJjaHw2fHxwYWNrYWdlJTIwdHJhY2tpbmclMjBkYXNoYm9hcmQlMjBzY3JlZW58ZW58MHwwfHx8MTc3MDE0MjQ2Mnww&ixlib=rb-4.1.0&q=80&w=1080"; readonly TRACKING_DASHBOARD_7: "https://images.unsplash.com/photo-1768223927969-f08af51cf730?crop=entropy&cs=tinysrgb&fit=max&fm=jpg&ixid=M3w4NDU5NTF8MHwxfHNlYXJjaHwyfHxwYWNrYWdlJTIwdHJhY2tpbmclMjBkYXNoYm9hcmQlMjBzY3JlZW58ZW58MHwwfHx8MTc3MDE0MjQ2Mnww&ixlib=rb-4.1.0&q=80&w=1080"; readonly TRACKING_DASHBOARD_8: "https://images.unsplash.com/photo-1725777634077-e19c68ac1c4e?crop=entropy&cs=tinysrgb&fit=max&fm=jpg&ixid=M3w4NDU5NTF8MHwxfHNlYXJjaHw1fHxwYWNrYWdlJTIwdHJhY2tpbmclMjBkYXNoYm9hcmQlMjBzY3JlZW58ZW58MHwwfHx8MTc3MDE0MjQ2Mnww&ixlib=rb-4.1.0&q=80&w=1080"; readonly WAREHOUSE_OPS_1: "https://images.unsplash.com/photo-1724709162875-fe100dd0e04b?crop=entropy&cs=tinysrgb&fit=max&fm=jpg&ixid=M3w4NDU5NTF8MHwxfHNlYXJjaHw0fHx3YXJlaG91c2UlMjBtYW5hZ2VtZW50JTIwaW52ZW50b3J5fGVufDB8MHx8fDE3NzAxNDI0NjJ8MA&ixlib=rb-4.1.0&q=80&w=1080"; readonly WAREHOUSE_OPS_10: "https://images.unsplash.com/photo-1769698631158-c1f42e6281cc?crop=entropy&cs=tinysrgb&fit=max&fm=jpg&ixid=M3w4MTk0NTh8MHwxfHNlYXJjaHwyfHx3YXJlaG91c2UlMjBsb2dpc3RpY3MlMjBvcGVyYXRpb25zfGVufDB8MHx8fDE3NzAxODYzNjB8MA&ixlib=rb-4.1.0&q=80&w=1080"; readonly WAREHOUSE_OPS_11: "https://images.unsplash.com/photo-1768796372629-a4e7db99e474?crop=entropy&cs=tinysrgb&fit=max&fm=jpg&ixid=M3w4MTk0NTh8MHwxfHNlYXJjaHwzfHx3YXJlaG91c2UlMjBsb2dpc3RpY3MlMjBvcGVyYXRpb25zfGVufDB8MHx8fDE3NzAxODYzNjB8MA&ixlib=rb-4.1.0&q=80&w=1080"; readonly WAREHOUSE_OPS_12: "https://images.unsplash.com/photo-1768796373634-db43bfd5f064?crop=entropy&cs=tinysrgb&fit=max&fm=jpg&ixid=M3w4MTk0NTh8MHwxfHNlYXJjaHw0fHx3YXJlaG91c2UlMjBsb2dpc3RpY3MlMjBvcGVyYXRpb25zfGVufDB8MHx8fDE3NzAxODYzNjB8MA&ixlib=rb-4.1.0&q=80&w=1080"; readonly WAREHOUSE_OPS_13: "https://images.unsplash.com/photo-1769700821886-e10fa7946ceb?crop=entropy&cs=tinysrgb&fit=max&fm=jpg&ixid=M3w4MTk0NTh8MHwxfHNlYXJjaHw1fHx3YXJlaG91c2UlMjBsb2dpc3RpY3MlMjBvcGVyYXRpb25zfGVufDB8MHx8fDE3NzAxODYzNjB8MA&ixlib=rb-4.1.0&q=80&w=1080"; readonly WAREHOUSE_OPS_14: "https://images.unsplash.com/photo-1769698821962-dc7ea5f9b2bc?crop=entropy&cs=tinysrgb&fit=max&fm=jpg&ixid=M3w4MTk0NTh8MHwxfHNlYXJjaHw2fHx3YXJlaG91c2UlMjBsb2dpc3RpY3MlMjBvcGVyYXRpb25zfGVufDB8MHx8fDE3NzAxODYzNjB8MA&ixlib=rb-4.1.0&q=80&w=1080"; readonly WAREHOUSE_OPS_15: "https://images.unsplash.com/photo-1769701164670-e819d92cc602?crop=entropy&cs=tinysrgb&fit=max&fm=jpg&ixid=M3w4MTk0NTh8MHwxfHNlYXJjaHw3fHx3YXJlaG91c2UlMjBsb2dpc3RpY3MlMjBvcGVyYXRpb25zfGVufDB8MHx8fDE3NzAxODYzNjB8MA&ixlib=rb-4.1.0&q=80&w=1080"; readonly WAREHOUSE_OPS_16: "https://images.unsplash.com/photo-1768796372478-f3c46af523a9?crop=entropy&cs=tinysrgb&fit=max&fm=jpg&ixid=M3w4MTk0NTh8MHwxfHNlYXJjaHw4fHx3YXJlaG91c2UlMjBsb2dpc3RpY3MlMjBvcGVyYXRpb25zfGVufDB8MHx8fDE3NzAxODYzNjB8MA&ixlib=rb-4.1.0&q=80&w=1080"; readonly WAREHOUSE_OPS_17: "https://images.unsplash.com/photo-1769700821917-df00d0f3e621?crop=entropy&cs=tinysrgb&fit=max&fm=jpg&ixid=M3w4MTk0NTh8MHwxfHNlYXJjaHw5fHx3YXJlaG91c2UlMjBsb2dpc3RpY3MlMjBvcGVyYXRpb25zfGVufDB8MHx8fDE3NzAxODYzNjB8MA&ixlib=rb-4.1.0&q=80&w=1080"; readonly WAREHOUSE_OPS_18: "https://images.unsplash.com/photo-1768796371989-411938b4d07b?crop=entropy&cs=tinysrgb&fit=max&fm=jpg&ixid=M3w4MTk0NTh8MHwxfHNlYXJjaHwxMHx8d2FyZWhvdXNlJTIwbG9naXN0aWNzJTIwb3BlcmF0aW9uc3xlbnwwfDB8fHwxNzcwMTg2MzYwfDA&ixlib=rb-4.1.0&q=80&w=1080"; readonly WAREHOUSE_OPS_2: "https://images.unsplash.com/photo-1768796372478-f3c46af523a9?crop=entropy&cs=tinysrgb&fit=max&fm=jpg&ixid=M3w4NDU5NTF8MHwxfHNlYXJjaHwxfHx3YXJlaG91c2UlMjBtYW5hZ2VtZW50JTIwaW52ZW50b3J5fGVufDB8MHx8fDE3NzAxNDI0NjJ8MA&ixlib=rb-4.1.0&q=80&w=1080"; readonly WAREHOUSE_OPS_3: "https://images.unsplash.com/photo-1768796373634-db43bfd5f064?crop=entropy&cs=tinysrgb&fit=max&fm=jpg&ixid=M3w4NDU5NTF8MHwxfHNlYXJjaHwyfHx3YXJlaG91c2UlMjBtYW5hZ2VtZW50JTIwaW52ZW50b3J5fGVufDB8MHx8fDE3NzAxNDI0NjJ8MA&ixlib=rb-4.1.0&q=80&w=1080"; readonly WAREHOUSE_OPS_4: "https://images.unsplash.com/photo-1768796373360-95d80c5830fb?crop=entropy&cs=tinysrgb&fit=max&fm=jpg&ixid=M3w4NDU5NTF8MHwxfHNlYXJjaHwzfHx3YXJlaG91c2UlMjBtYW5hZ2VtZW50JTIwaW52ZW50b3J5fGVufDB8MHx8fDE3NzAxNDI0NjJ8MA&ixlib=rb-4.1.0&q=80&w=1080"; readonly WAREHOUSE_OPS_5: "https://images.unsplash.com/photo-1768796373577-2e6e51351165?crop=entropy&cs=tinysrgb&fit=max&fm=jpg&ixid=M3w4NDU5NTF8MHwxfHNlYXJjaHw1fHx3YXJlaG91c2UlMjBtYW5hZ2VtZW50JTIwaW52ZW50b3J5fGVufDB8MHx8fDE3NzAxNDI0NjJ8MA&ixlib=rb-4.1.0&q=80&w=1080"; readonly WAREHOUSE_OPS_6: "https://images.unsplash.com/photo-1768796372882-8b67936af681?crop=entropy&cs=tinysrgb&fit=max&fm=jpg&ixid=M3w4NDU5NTF8MHwxfHNlYXJjaHw2fHx3YXJlaG91c2UlMjBtYW5hZ2VtZW50JTIwaW52ZW50b3J5fGVufDB8MHx8fDE3NzAxNDI0NjJ8MA&ixlib=rb-4.1.0&q=80&w=1080"; readonly WAREHOUSE_OPS_7: "https://images.unsplash.com/photo-1768796373907-418e59aee549?crop=entropy&cs=tinysrgb&fit=max&fm=jpg&ixid=M3w4NDU5NTF8MHwxfHNlYXJjaHw3fHx3YXJlaG91c2UlMjBtYW5hZ2VtZW50JTIwaW52ZW50b3J5fGVufDB8MHx8fDE3NzAxNDI0NjJ8MA&ixlib=rb-4.1.0&q=80&w=1080"; readonly WAREHOUSE_OPS_8: "https://images.unsplash.com/photo-1768796372629-a4e7db99e474?crop=entropy&cs=tinysrgb&fit=max&fm=jpg&ixid=M3w4NDU5NTF8MHwxfHNlYXJjaHw4fHx3YXJlaG91c2UlMjBtYW5hZ2VtZW50JTIwaW52ZW50b3J5fGVufDB8MHx8fDE3NzAxNDI0NjJ8MA&ixlib=rb-4.1.0&q=80&w=1080"; readonly WAREHOUSE_OPS_9: "https://images.unsplash.com/photo-1768796373307-fc2f843660f8?crop=entropy&cs=tinysrgb&fit=max&fm=jpg&ixid=M3w4MTk0NTh8MHwxfHNlYXJjaHwxfHx3YXJlaG91c2UlMjBsb2dpc3RpY3MlMjBvcGVyYXRpb25zfGVufDB8MHx8fDE3NzAxODYzNjB8MA&ixlib=rb-4.1.0&q=80&w=1080"; }'.
src/pages/CreateShipment.tsx(8,10): error TS2300: Duplicate identifier 'ROUTE_PATHS'.
src/pages/CreateShipment.tsx(8,29): error TS5097: An import path can only end with a '.ts' extension when 'allowImportingTsExtensions' is enabled.
src/pages/CreateShipment.tsx(10,10): error TS2300: Duplicate identifier 'ROUTE_PATHS'.
src/pages/CreateShipment.tsx(10,23): error TS2305: Module '"@/lib/index.ts"' has no exported member 'generateTrackingNumber'.
src/pages/CreateShipment.tsx(10,70): error TS5097: An import path can only end with a '.ts' extension when 'allowImportingTsExtensions' is enabled.
src/pages/CreateShipment.tsx(14,10): error TS2724: '"@/components/ShipmentForms.tsx"' has no exported member named 'CreateShipmentForm'. Did you mean 'ShipmentForms'?
src/pages/CreateShipment.tsx(14,36): error TS5097: An import path can only end with a '.tsx' extension when 'allowImportingTsExtensions' is enabled.
src/pages/CreateShipment.tsx(28,9): error TS2451: Cannot redeclare block-scoped variable 'handleSubmit'.
src/pages/CreateShipment.tsx(38,30): error TS2339: Property 'SHIPMENTS' does not exist on type '{ readonly HOME: "/"; readonly LOGIN: "/login"; readonly DASHBOARD: "/admin/dashboard"; readonly WAREHOUSE: "/warehouse"; readonly OPERATIONS: "/operations"; readonly ACCOUNTING: "/accounting"; readonly REPORTS: "/reports"; readonly TRACKING: "/tracking"; readonly WAY_MANAGEMENT: "/admin/way-management"; readonly CREATE_SHIPMENT: "/shipments/create"; readonly SETTINGS: "/settings"; }'.
src/pages/CreateShipment.tsx(46,9): error TS2451: Cannot redeclare block-scoped variable 'handleSubmit'.
src/pages/CreateShipment.tsx(100,28): error TS2339: Property 'SHIPMENTS' does not exist on type '{ readonly HOME: "/"; readonly LOGIN: "/login"; readonly DASHBOARD: "/admin/dashboard"; readonly WAREHOUSE: "/warehouse"; readonly OPERATIONS: "/operations"; readonly ACCOUNTING: "/accounting"; readonly REPORTS: "/reports"; readonly TRACKING: "/tracking"; readonly WAY_MANAGEMENT: "/admin/way-management"; readonly CREATE_SHIPMENT: "/shipments/create"; readonly SETTINGS: "/settings"; }'.
src/pages/CreateShipment.tsx(125,51): error TS2339: Property 'SHIPMENTS' does not exist on type '{ readonly HOME: "/"; readonly LOGIN: "/login"; readonly DASHBOARD: "/admin/dashboard"; readonly WAREHOUSE: "/warehouse"; readonly OPERATIONS: "/operations"; readonly ACCOUNTING: "/accounting"; readonly REPORTS: "/reports"; readonly TRACKING: "/tracking"; readonly WAY_MANAGEMENT: "/admin/way-management"; readonly CREATE_SHIPMENT: "/shipments/create"; readonly SETTINGS: "/settings"; }'.
src/pages/customer/CustomerPortal.tsx(23,27): error TS2724: '"@/lib/index"' has no exported member named 'ShipmentStatus'. Did you mean 'SHIPMENT_STATUS'?
src/pages/customer/CustomerPortal.tsx(23,43): error TS2305: Module '"@/lib/index"' has no exported member 'MOCK_TOWNSHIPS'.
src/pages/customer/CustomerPortal.tsx(110,13): error TS2322: Type '{ hidden: { opacity: number; y: number; }; visible: { opacity: number; y: number; transition: { type: string; stiffness: number; damping: number; }; }; }' is not assignable to type 'Variants'.
  Property 'visible' is incompatible with index signature.
    Type '{ opacity: number; y: number; transition: { type: string; stiffness: number; damping: number; }; }' is not assignable to type 'Variant'.
      Type '{ opacity: number; y: number; transition: { type: string; stiffness: number; damping: number; }; }' is not assignable to type 'TargetAndTransition'.
        Type '{ opacity: number; y: number; transition: { type: string; stiffness: number; damping: number; }; }' is not assignable to type '{ transition?: Transition<any>; transitionEnd?: ResolvedValues$1; }'.
          Types of property 'transition' are incompatible.
            Type '{ type: string; stiffness: number; damping: number; }' is not assignable to type 'Transition<any>'.
              Type '{ type: string; stiffness: number; damping: number; }' is not assignable to type 'TransitionWithValueOverrides<any>'.
                Type '{ type: string; stiffness: number; damping: number; }' is not assignable to type 'ValueAnimationTransition<any>'.
                  Types of property 'type' are incompatible.
                    Type 'string' is not assignable to type 'AnimationGeneratorType'.
src/pages/customer/CustomerPortal.tsx(147,25): error TS2322: Type '{ hidden: { opacity: number; y: number; }; visible: { opacity: number; y: number; transition: { type: string; stiffness: number; damping: number; }; }; }' is not assignable to type 'Variants'.
  Property 'visible' is incompatible with index signature.
    Type '{ opacity: number; y: number; transition: { type: string; stiffness: number; damping: number; }; }' is not assignable to type 'Variant'.
      Type '{ opacity: number; y: number; transition: { type: string; stiffness: number; damping: number; }; }' is not assignable to type 'TargetAndTransition'.
        Type '{ opacity: number; y: number; transition: { type: string; stiffness: number; damping: number; }; }' is not assignable to type '{ transition?: Transition<any>; transitionEnd?: ResolvedValues$1; }'.
          Types of property 'transition' are incompatible.
            Type '{ type: string; stiffness: number; damping: number; }' is not assignable to type 'Transition<any>'.
              Type '{ type: string; stiffness: number; damping: number; }' is not assignable to type 'TransitionWithValueOverrides<any>'.
                Type '{ type: string; stiffness: number; damping: number; }' is not assignable to type 'ValueAnimationTransition<any>'.
                  Types of property 'type' are incompatible.
                    Type 'string' is not assignable to type 'AnimationGeneratorType'.
src/pages/customer/CustomerPortal.tsx(159,25): error TS2322: Type '{ hidden: { opacity: number; y: number; }; visible: { opacity: number; y: number; transition: { type: string; stiffness: number; damping: number; }; }; }' is not assignable to type 'Variants'.
  Property 'visible' is incompatible with index signature.
    Type '{ opacity: number; y: number; transition: { type: string; stiffness: number; damping: number; }; }' is not assignable to type 'Variant'.
      Type '{ opacity: number; y: number; transition: { type: string; stiffness: number; damping: number; }; }' is not assignable to type 'TargetAndTransition'.
        Type '{ opacity: number; y: number; transition: { type: string; stiffness: number; damping: number; }; }' is not assignable to type '{ transition?: Transition<any>; transitionEnd?: ResolvedValues$1; }'.
          Types of property 'transition' are incompatible.
            Type '{ type: string; stiffness: number; damping: number; }' is not assignable to type 'Transition<any>'.
              Type '{ type: string; stiffness: number; damping: number; }' is not assignable to type 'TransitionWithValueOverrides<any>'.
                Type '{ type: string; stiffness: number; damping: number; }' is not assignable to type 'ValueAnimationTransition<any>'.
                  Types of property 'type' are incompatible.
                    Type 'string' is not assignable to type 'AnimationGeneratorType'.
src/pages/customer/CustomerPortal.tsx(170,25): error TS2322: Type '{ hidden: { opacity: number; y: number; }; visible: { opacity: number; y: number; transition: { type: string; stiffness: number; damping: number; }; }; }' is not assignable to type 'Variants'.
  Property 'visible' is incompatible with index signature.
    Type '{ opacity: number; y: number; transition: { type: string; stiffness: number; damping: number; }; }' is not assignable to type 'Variant'.
      Type '{ opacity: number; y: number; transition: { type: string; stiffness: number; damping: number; }; }' is not assignable to type 'TargetAndTransition'.
        Type '{ opacity: number; y: number; transition: { type: string; stiffness: number; damping: number; }; }' is not assignable to type '{ transition?: Transition<any>; transitionEnd?: ResolvedValues$1; }'.
          Types of property 'transition' are incompatible.
            Type '{ type: string; stiffness: number; damping: number; }' is not assignable to type 'Transition<any>'.
              Type '{ type: string; stiffness: number; damping: number; }' is not assignable to type 'TransitionWithValueOverrides<any>'.
                Type '{ type: string; stiffness: number; damping: number; }' is not assignable to type 'ValueAnimationTransition<any>'.
                  Types of property 'type' are incompatible.
                    Type 'string' is not assignable to type 'AnimationGeneratorType'.
src/pages/customer/CustomerPortal.tsx(304,17): error TS2322: Type '{ hidden: { opacity: number; y: number; }; visible: { opacity: number; y: number; transition: { type: string; stiffness: number; damping: number; }; }; }' is not assignable to type 'Variants'.
  Property 'visible' is incompatible with index signature.
    Type '{ opacity: number; y: number; transition: { type: string; stiffness: number; damping: number; }; }' is not assignable to type 'Variant'.
      Type '{ opacity: number; y: number; transition: { type: string; stiffness: number; damping: number; }; }' is not assignable to type 'TargetAndTransition'.
        Type '{ opacity: number; y: number; transition: { type: string; stiffness: number; damping: number; }; }' is not assignable to type '{ transition?: Transition<any>; transitionEnd?: ResolvedValues$1; }'.
          Types of property 'transition' are incompatible.
            Type '{ type: string; stiffness: number; damping: number; }' is not assignable to type 'Transition<any>'.
              Type '{ type: string; stiffness: number; damping: number; }' is not assignable to type 'TransitionWithValueOverrides<any>'.
                Type '{ type: string; stiffness: number; damping: number; }' is not assignable to type 'ValueAnimationTransition<any>'.
                  Types of property 'type' are incompatible.
                    Type 'string' is not assignable to type 'AnimationGeneratorType'.
src/pages/customer/CustomerSupport.tsx(137,9): error TS2322: Type '{ hidden: { opacity: number; y: number; }; visible: { opacity: number; y: number; transition: { duration: number; ease: string; }; }; }' is not assignable to type 'Variants'.
  Property 'visible' is incompatible with index signature.
    Type '{ opacity: number; y: number; transition: { duration: number; ease: string; }; }' is not assignable to type 'Variant'.
      Type '{ opacity: number; y: number; transition: { duration: number; ease: string; }; }' is not assignable to type 'TargetAndTransition'.
        Type '{ opacity: number; y: number; transition: { duration: number; ease: string; }; }' is not assignable to type '{ transition?: Transition<any>; transitionEnd?: ResolvedValues$1; }'.
          Types of property 'transition' are incompatible.
            Type '{ duration: number; ease: string; }' is not assignable to type 'Transition<any>'.
              Type '{ duration: number; ease: string; }' is not assignable to type 'TransitionWithValueOverrides<any>'.
                Type '{ duration: number; ease: string; }' is not assignable to type 'ValueAnimationTransition<any>'.
                  Types of property 'ease' are incompatible.
                    Type 'string' is not assignable to type 'Easing | Easing[]'.
src/pages/customer/CustomerSupport.tsx(162,9): error TS2322: Type '{ hidden: { opacity: number; y: number; }; visible: { opacity: number; y: number; transition: { duration: number; ease: string; }; }; }' is not assignable to type 'Variants'.
  Property 'visible' is incompatible with index signature.
    Type '{ opacity: number; y: number; transition: { duration: number; ease: string; }; }' is not assignable to type 'Variant'.
      Type '{ opacity: number; y: number; transition: { duration: number; ease: string; }; }' is not assignable to type 'TargetAndTransition'.
        Type '{ opacity: number; y: number; transition: { duration: number; ease: string; }; }' is not assignable to type '{ transition?: Transition<any>; transitionEnd?: ResolvedValues$1; }'.
          Types of property 'transition' are incompatible.
            Type '{ duration: number; ease: string; }' is not assignable to type 'Transition<any>'.
              Type '{ duration: number; ease: string; }' is not assignable to type 'TransitionWithValueOverrides<any>'.
                Type '{ duration: number; ease: string; }' is not assignable to type 'ValueAnimationTransition<any>'.
                  Types of property 'ease' are incompatible.
                    Type 'string' is not assignable to type 'Easing | Easing[]'.
src/pages/customer/CustomerSupport.tsx(180,13): error TS2322: Type '{ hidden: { opacity: number; y: number; }; visible: { opacity: number; y: number; transition: { duration: number; ease: string; }; }; }' is not assignable to type 'Variants'.
  Property 'visible' is incompatible with index signature.
    Type '{ opacity: number; y: number; transition: { duration: number; ease: string; }; }' is not assignable to type 'Variant'.
      Type '{ opacity: number; y: number; transition: { duration: number; ease: string; }; }' is not assignable to type 'TargetAndTransition'.
        Type '{ opacity: number; y: number; transition: { duration: number; ease: string; }; }' is not assignable to type '{ transition?: Transition<any>; transitionEnd?: ResolvedValues$1; }'.
          Types of property 'transition' are incompatible.
            Type '{ duration: number; ease: string; }' is not assignable to type 'Transition<any>'.
              Type '{ duration: number; ease: string; }' is not assignable to type 'TransitionWithValueOverrides<any>'.
                Type '{ duration: number; ease: string; }' is not assignable to type 'ValueAnimationTransition<any>'.
                  Types of property 'ease' are incompatible.
                    Type 'string' is not assignable to type 'Easing | Easing[]'.
src/pages/customer/CustomerSupport.tsx(205,13): error TS2322: Type '{ hidden: { opacity: number; y: number; }; visible: { opacity: number; y: number; transition: { duration: number; ease: string; }; }; }' is not assignable to type 'Variants'.
  Property 'visible' is incompatible with index signature.
    Type '{ opacity: number; y: number; transition: { duration: number; ease: string; }; }' is not assignable to type 'Variant'.
      Type '{ opacity: number; y: number; transition: { duration: number; ease: string; }; }' is not assignable to type 'TargetAndTransition'.
        Type '{ opacity: number; y: number; transition: { duration: number; ease: string; }; }' is not assignable to type '{ transition?: Transition<any>; transitionEnd?: ResolvedValues$1; }'.
          Types of property 'transition' are incompatible.
            Type '{ duration: number; ease: string; }' is not assignable to type 'Transition<any>'.
              Type '{ duration: number; ease: string; }' is not assignable to type 'TransitionWithValueOverrides<any>'.
                Type '{ duration: number; ease: string; }' is not assignable to type 'ValueAnimationTransition<any>'.
                  Types of property 'ease' are incompatible.
                    Type 'string' is not assignable to type 'Easing | Easing[]'.
src/pages/customer/CustomerSupport.tsx(402,9): error TS2322: Type '{ hidden: { opacity: number; y: number; }; visible: { opacity: number; y: number; transition: { duration: number; ease: string; }; }; }' is not assignable to type 'Variants'.
  Property 'visible' is incompatible with index signature.
    Type '{ opacity: number; y: number; transition: { duration: number; ease: string; }; }' is not assignable to type 'Variant'.
      Type '{ opacity: number; y: number; transition: { duration: number; ease: string; }; }' is not assignable to type 'TargetAndTransition'.
        Type '{ opacity: number; y: number; transition: { duration: number; ease: string; }; }' is not assignable to type '{ transition?: Transition<any>; transitionEnd?: ResolvedValues$1; }'.
          Types of property 'transition' are incompatible.
            Type '{ duration: number; ease: string; }' is not assignable to type 'Transition<any>'.
              Type '{ duration: number; ease: string; }' is not assignable to type 'TransitionWithValueOverrides<any>'.
                Type '{ duration: number; ease: string; }' is not assignable to type 'ValueAnimationTransition<any>'.
                  Types of property 'ease' are incompatible.
                    Type 'string' is not assignable to type 'Easing | Easing[]'.
src/pages/CustomerBooking.tsx(20,10): error TS2300: Duplicate identifier 'useAuth'.
src/pages/CustomerBooking.tsx(22,10): error TS2300: Duplicate identifier 'useAuth'.
src/pages/CustomerBooking.tsx(91,26): error TS2339: Property 'CUSTOMER_DASHBOARD' does not exist on type '{ readonly HOME: "/"; readonly LOGIN: "/login"; readonly DASHBOARD: "/admin/dashboard"; readonly WAREHOUSE: "/warehouse"; readonly OPERATIONS: "/operations"; readonly ACCOUNTING: "/accounting"; readonly REPORTS: "/reports"; readonly TRACKING: "/tracking"; readonly WAY_MANAGEMENT: "/admin/way-management"; readonly CREATE_SHIPMENT: "/shipments/create"; readonly SETTINGS: "/settings"; }'.
src/pages/CustomerDashboard.tsx(18,10): error TS2305: Module '"@/components/ui/SharedComponents"' has no exported member 'DashboardStat'.
src/pages/CustomerDashboard.tsx(100,50): error TS2339: Property 'PUBLIC_TRACKING' does not exist on type '{ readonly HOME: "/"; readonly LOGIN: "/login"; readonly DASHBOARD: "/admin/dashboard"; readonly WAREHOUSE: "/warehouse"; readonly OPERATIONS: "/operations"; readonly ACCOUNTING: "/accounting"; readonly REPORTS: "/reports"; readonly TRACKING: "/tracking"; readonly WAY_MANAGEMENT: "/admin/way-management"; readonly CREATE_SHIPMENT: "/shipments/create"; readonly SETTINGS: "/settings"; }'.
src/pages/CustomerPortal.tsx(30,10): error TS2614: Module '"@/components/QRScanner"' has no exported member 'QRScanner'. Did you mean to use 'import QRScanner from "@/components/QRScanner"' instead?
src/pages/CustomerPortal.tsx(31,10): error TS2614: Module '"@/components/StatusBadge"' has no exported member 'StatusBadge'. Did you mean to use 'import StatusBadge from "@/components/StatusBadge"' instead?
src/pages/CustomerPortal.tsx(60,5): error TS2353: Object literal may only specify known properties, and 'trackingNumber' does not exist in type 'Shipment'.
src/pages/CustomerPortal.tsx(74,5): error TS2353: Object literal may only specify known properties, and 'trackingNumber' does not exist in type 'Shipment'.
src/pages/CustomerPortal.tsx(114,49): error TS2339: Property 'trackingNumber' does not exist on type 'Shipment'.
src/pages/CustomerPortal.tsx(123,49): error TS2339: Property 'trackingNumber' does not exist on type 'Shipment'.
src/pages/CustomerPortal.tsx(133,25): error TS2339: Property 'PACKAGE_TRACKING_2' does not exist on type '{ readonly ANALYTICS_DASH_1: "https://images.unsplash.com/photo-1551288049-bebda4e38f71?crop=entropy&cs=tinysrgb&fit=max&fm=jpg&ixid=M3w4Mzc5NTV8MHwxfHNlYXJjaHwxfHxkYXNoYm9hcmQlMjBhbmFseXRpY3MlMjBjaGFydHN8ZW58MHwwfHx8MTc3MDE4NjM2MXww&ixlib=rb-4.1.0&q=80&w=1080"; readonly ANALYTICS_DASH_10: "https://images.unsplash.com/photo-1666537072206-6a7a01ecb7d9?crop=entropy&cs=tinysrgb&fit=max&fm=jpg&ixid=M3w4Mzc5NTV8MHwxfHNlYXJjaHw2fHxkYXNoYm9hcmQlMjBhbmFseXRpY3MlMjBjaGFydHN8ZW58MHwwfHx8MTc3MDE4NjM2MXww&ixlib=rb-4.1.0&q=80&w=1080"; readonly ANALYTICS_DASH_2: "https://images.unsplash.com/photo-1686061593213-98dad7c599b9?crop=entropy&cs=tinysrgb&fit=max&fm=jpg&ixid=M3w4Mzc5NTV8MHwxfHNlYXJjaHw5fHxkYXNoYm9hcmQlMjBhbmFseXRpY3MlMjBjaGFydHN8ZW58MHwwfHx8MTc3MDE4NjM2MXww&ixlib=rb-4.1.0&q=80&w=1080"; readonly ANALYTICS_DASH_3: "https://images.unsplash.com/photo-1686061592689-312bbfb5c055?crop=entropy&cs=tinysrgb&fit=max&fm=jpg&ixid=M3w4Mzc5NTV8MHwxfHNlYXJjaHw3fHxkYXNoYm9hcmQlMjBhbmFseXRpY3MlMjBjaGFydHN8ZW58MHwwfHx8MTc3MDE4NjM2MXww&ixlib=rb-4.1.0&q=80&w=1080"; readonly ANALYTICS_DASH_4: "https://images.unsplash.com/photo-1586448317606-cb1ec00298fc?crop=entropy&cs=tinysrgb&fit=max&fm=jpg&ixid=M3w4Mzc5NTV8MHwxfHNlYXJjaHw4fHxkYXNoYm9hcmQlMjBhbmFseXRpY3MlMjBjaGFydHN8ZW58MHwwfHx8MTc3MDE4NjM2MXww&ixlib=rb-4.1.0&q=80&w=1080"; readonly ANALYTICS_DASH_5: "https://images.unsplash.com/photo-1635236190542-d43e4d4b9e4b?crop=entropy&cs=tinysrgb&fit=max&fm=jpg&ixid=M3w4Mzc5NTV8MHwxfHNlYXJjaHwxMHx8ZGFzaGJvYXJkJTIwYW5hbHl0aWNzJTIwY2hhcnRzfGVufDB8MHx8fDE3NzAxODYzNjF8MA&ixlib=rb-4.1.0&q=80&w=1080"; readonly ANALYTICS_DASH_6: "https://images.unsplash.com/photo-1639825752750-5061ded5503b?crop=entropy&cs=tinysrgb&fit=max&fm=jpg&ixid=M3w4Mzc5NTV8MHwxfHNlYXJjaHw1fHxkYXNoYm9hcmQlMjBhbmFseXRpY3MlMjBjaGFydHN8ZW58MHwwfHx8MTc3MDE4NjM2MXww&ixlib=rb-4.1.0&q=80&w=1080"; readonly ANALYTICS_DASH_7: "https://images.unsplash.com/photo-1721593979313-8661afd501c2?crop=entropy&cs=tinysrgb&fit=max&fm=jpg&ixid=M3w4Mzc5NTV8MHwxfHNlYXJjaHw0fHxkYXNoYm9hcmQlMjBhbmFseXRpY3MlMjBjaGFydHN8ZW58MHwwfHx8MTc3MDE4NjM2MXww&ixlib=rb-4.1.0&q=80&w=1080"; readonly ANALYTICS_DASH_8: "https://images.unsplash.com/photo-1758876202980-0a28b744fb24?crop=entropy&cs=tinysrgb&fit=max&fm=jpg&ixid=M3w4Mzc5NTV8MHwxfHNlYXJjaHwzfHxkYXNoYm9hcmQlMjBhbmFseXRpY3MlMjBjaGFydHN8ZW58MHwwfHx8MTc3MDE4NjM2MXww&ixlib=rb-4.1.0&q=80&w=1080"; readonly ANALYTICS_DASH_9: "https://images.unsplash.com/photo-1763038311036-6d18805537e5?crop=entropy&cs=tinysrgb&fit=max&fm=jpg&ixid=M3w4Mzc5NTV8MHwxfHNlYXJjaHwyfHxkYXNoYm9hcmQlMjBhbmFseXRpY3MlMjBjaGFydHN8ZW58MHwwfHx8MTc3MDE4NjM2MXww&ixlib=rb-4.1.0&q=80&w=1080"; readonly BRITIUM_LOGO_55: "/images/britium-logo.png"; readonly BRITIUM_LOGO_66: "/images/britium-logo.png"; readonly DELIVERY_HERO_1: "https://images.unsplash.com/photo-1580160667723-8f98952d1017?crop=entropy&cs=tinysrgb&fit=max&fm=jpg&ixid=M3w4NDU5NTF8MHwxfHNlYXJjaHw5fHxtb2Rlcm4lMjBkZWxpdmVyeSUyMHRydWNrJTIwbG9naXN0aWNzfGVufDB8MHx8fDE3NzAxODYzNjB8MA&ixlib=rb-4.1.0&q=80&w=1080"; readonly DELIVERY_HERO_10: "https://images.unsplash.com/photo-1760045788252-d8d386ea1d12?crop=entropy&cs=tinysrgb&fit=max&fm=jpg&ixid=M3w4NDU5NTF8MHwxfHNlYXJjaHwzfHxtb2Rlcm4lMjBkZWxpdmVyeSUyMHRydWNrJTIwbG9naXN0aWNzfGVufDB8MHx8fDE3NzAxODYzNjB8MA&ixlib=rb-4.1.0&q=80&w=1080"; readonly DELIVERY_HERO_2: "https://images.unsplash.com/photo-1547116262-a7365d627e61?crop=entropy&cs=tinysrgb&fit=max&fm=jpg&ixid=M3w4NDU5NTF8MHwxfHNlYXJjaHw4fHxtb2Rlcm4lMjBkZWxpdmVyeSUyMHRydWNrJTIwbG9naXN0aWNzfGVufDB8MHx8fDE3NzAxODYzNjB8MA&ixlib=rb-4.1.0&q=80&w=1080"; readonly DELIVERY_HERO_3: "https://images.unsplash.com/photo-1598317940377-d1e5402f1bed?crop=entropy&cs=tinysrgb&fit=max&fm=jpg&ixid=M3w4NDU5NTF8MHwxfHNlYXJjaHw0fHxtb2Rlcm4lMjBkZWxpdmVyeSUyMHRydWNrJTIwbG9naXN0aWNzfGVufDB8MHx8fDE3NzAxODYzNjB8MA&ixlib=rb-4.1.0&q=80&w=1080"; readonly DELIVERY_HERO_4: "https://images.unsplash.com/photo-1633155565182-16c06ed45ec5?crop=entropy&cs=tinysrgb&fit=max&fm=jpg&ixid=M3w4NDU5NTF8MHwxfHNlYXJjaHw3fHxtb2Rlcm4lMjBkZWxpdmVyeSUyMHRydWNrJTIwbG9naXN0aWNzfGVufDB8MHx8fDE3NzAxODYzNjB8MA&ixlib=rb-4.1.0&q=80&w=1080"; readonly DELIVERY_HERO_5: "https://images.unsplash.com/photo-1681514583222-0579e6835666?crop=entropy&cs=tinysrgb&fit=max&fm=jpg&ixid=M3w4NDU5NTF8MHwxfHNlYXJjaHw1fHxtb2Rlcm4lMjBkZWxpdmVyeSUyMHRydWNrJTIwbG9naXN0aWNzfGVufDB8MHx8fDE3NzAxODYzNjB8MA&ixlib=rb-4.1.0&q=80&w=1080"; readonly DELIVERY_HERO_6: "https://images.unsplash.com/photo-1662135426498-72a27149a7dd?crop=entropy&cs=tinysrgb&fit=max&fm=jpg&ixid=M3w4NDU5NTF8MHwxfHNlYXJjaHwxMHx8bW9kZXJuJTIwZGVsaXZlcnklMjB0cnVjayUyMGxvZ2lzdGljc3xlbnwwfDB8fHwxNzcwMTg2MzYwfDA&ixlib=rb-4.1.0&q=80&w=1080"; readonly DELIVERY_HERO_7: "https://images.unsplash.com/photo-1733662095268-7a88cb5fa10e?crop=entropy&cs=tinysrgb&fit=max&fm=jpg&ixid=M3w4NDU5NTF8MHwxfHNlYXJjaHw2fHxtb2Rlcm4lMjBkZWxpdmVyeSUyMHRydWNrJTIwbG9naXN0aWNzfGVufDB8MHx8fDE3NzAxODYzNjB8MA&ixlib=rb-4.1.0&q=80&w=1080"; readonly DELIVERY_HERO_8: "https://images.unsplash.com/photo-1762245752333-c1ef6315a30c?crop=entropy&cs=tinysrgb&fit=max&fm=jpg&ixid=M3w4NDU5NTF8MHwxfHNlYXJjaHwyfHxtb2Rlcm4lMjBkZWxpdmVyeSUyMHRydWNrJTIwbG9naXN0aWNzfGVufDB8MHx8fDE3NzAxODYzNjB8MA&ixlib=rb-4.1.0&q=80&w=1080"; readonly DELIVERY_HERO_9: "https://images.unsplash.com/photo-1746985106190-6c116edec9bc?crop=entropy&cs=tinysrgb&fit=max&fm=jpg&ixid=M3w4NDU5NTF8MHwxfHNlYXJjaHwxfHxtb2Rlcm4lMjBkZWxpdmVyeSUyMHRydWNrJTIwbG9naXN0aWNzfGVufDB8MHx8fDE3NzAxODYzNjB8MA&ixlib=rb-4.1.0&q=80&w=1080"; readonly DELIVERY_RIDER_1: "https://images.unsplash.com/photo-1648394794449-5dbe63f6a8b5?crop=entropy&cs=tinysrgb&fit=max&fm=jpg&ixid=M3w4Mzc5NTV8MHwxfHNlYXJjaHw1fHxjb3VyaWVyJTIwZGVsaXZlcnklMjBwZXJzb24lMjBtb3RvcmN5Y2xlfGVufDB8MHx8fDE3NzAxNDI0NjJ8MA&ixlib=rb-4.1.0&q=80&w=1080"; readonly DELIVERY_RIDER_10: "https://images.unsplash.com/photo-1706994742122-df69c7390a2b?crop=entropy&cs=tinysrgb&fit=max&fm=jpg&ixid=M3w4Mzc5NTV8MHwxfHNlYXJjaHwxMHx8Y291cmllciUyMGRlbGl2ZXJ5JTIwcGVyc29uJTIwbW90b3JjeWNsZXxlbnwwfDB8fHwxNzcwMTQyNDYyfDA&ixlib=rb-4.1.0&q=80&w=1080"; readonly DELIVERY_RIDER_2: "https://images.unsplash.com/photo-1642047291146-7916f38ebde0?crop=entropy&cs=tinysrgb&fit=max&fm=jpg&ixid=M3w4Mzc5NTV8MHwxfHNlYXJjaHw4fHxjb3VyaWVyJTIwZGVsaXZlcnklMjBwZXJzb24lMjBtb3RvcmN5Y2xlfGVufDB8MHx8fDE3NzAxNDI0NjJ8MA&ixlib=rb-4.1.0&q=80&w=1080"; readonly DELIVERY_RIDER_3: "https://images.unsplash.com/photo-1754765542024-c1320f23b75a?crop=entropy&cs=tinysrgb&fit=max&fm=jpg&ixid=M3w4Mzc5NTV8MHwxfHNlYXJjaHw0fHxjb3VyaWVyJTIwZGVsaXZlcnklMjBwZXJzb24lMjBtb3RvcmN5Y2xlfGVufDB8MHx8fDE3NzAxNDI0NjJ8MA&ixlib=rb-4.1.0&q=80&w=1080"; readonly DELIVERY_RIDER_4: "https://images.unsplash.com/photo-1616915939238-2a7a363d45c4?crop=entropy&cs=tinysrgb&fit=max&fm=jpg&ixid=M3w4Mzc5NTV8MHwxfHNlYXJjaHw2fHxjb3VyaWVyJTIwZGVsaXZlcnklMjBwZXJzb24lMjBtb3RvcmN5Y2xlfGVufDB8MHx8fDE3NzAxNDI0NjJ8MA&ixlib=rb-4.1.0&q=80&w=1080"; readonly DELIVERY_RIDER_5: "https://images.unsplash.com/photo-1683553170878-049f180627b0?crop=entropy&cs=tinysrgb&fit=max&fm=jpg&ixid=M3w4Mzc5NTV8MHwxfHNlYXJjaHw5fHxjb3VyaWVyJTIwZGVsaXZlcnklMjBwZXJzb24lMjBtb3RvcmN5Y2xlfGVufDB8MHx8fDE3NzAxNDI0NjJ8MA&ixlib=rb-4.1.0&q=80&w=1080"; readonly DELIVERY_RIDER_6: "https://images.unsplash.com/photo-1767114648562-399d88d7362d?crop=entropy&cs=tinysrgb&fit=max&fm=jpg&ixid=M3w4Mzc5NTV8MHwxfHNlYXJjaHwxfHxjb3VyaWVyJTIwZGVsaXZlcnklMjBwZXJzb24lMjBtb3RvcmN5Y2xlfGVufDB8MHx8fDE3NzAxNDI0NjJ8MA&ixlib=rb-4.1.0&q=80&w=1080"; readonly DELIVERY_RIDER_7: "https://images.unsplash.com/photo-1766421687400-e7e742d6f39d?crop=entropy&cs=tinysrgb&fit=max&fm=jpg&ixid=M3w4Mzc5NTV8MHwxfHNlYXJjaHwyfHxjb3VyaWVyJTIwZGVsaXZlcnklMjBwZXJzb24lMjBtb3RvcmN5Y2xlfGVufDB8MHx8fDE3NzAxNDI0NjJ8MA&ixlib=rb-4.1.0&q=80&w=1080"; readonly DELIVERY_RIDER_8: "https://images.unsplash.com/photo-1758202292832-5e036fd03e25?crop=entropy&cs=tinysrgb&fit=max&fm=jpg&ixid=M3w4Mzc5NTV8MHwxfHNlYXJjaHwzfHxjb3VyaWVyJTIwZGVsaXZlcnklMjBwZXJzb24lMjBtb3RvcmN5Y2xlfGVufDB8MHx8fDE3NzAxNDI0NjJ8MA&ixlib=rb-4.1.0&q=80&w=1080"; readonly DELIVERY_RIDER_9: "https://images.unsplash.com/photo-1754765542364-7def1d509bb8?crop=entropy&cs=tinysrgb&fit=max&fm=jpg&ixid=M3w4Mzc5NTV8MHwxfHNlYXJjaHw3fHxjb3VyaWVyJTIwZGVsaXZlcnklMjBwZXJzb24lMjBtb3RvcmN5Y2xlfGVufDB8MHx8fDE3NzAxNDI0NjJ8MA&ixlib=rb-4.1.0&q=80&w=1080"; readonly IC_LAUNCHER_45: "/images/ic_launcher.webp"; readonly IC_LAUNCHER_47: "/images/ic_launcher.webp"; readonly IC_LAUNCHER_48: "/images/ic_launcher.webp"; readonly IC_LAUNCHER_51: "/images/ic_launcher.webp"; readonly IC_LAUNCHER_53: "/images/ic_launcher.webp"; readonly IC_LAUNCHER_56: "/images/ic_launcher.webp"; readonly IC_LAUNCHER_58: "/images/ic_launcher.webp"; readonly IC_LAUNCHER_59: "/images/ic_launcher.webp"; readonly IC_LAUNCHER_62: "/images/ic_launcher.webp"; readonly IC_LAUNCHER_64: "/images/ic_launcher.webp"; readonly IC_LAUNCHER_ROUND_46: "/images/ic_launcher_round.webp"; readonly IC_LAUNCHER_ROUND_49: "/images/ic_launcher_round.webp"; readonly IC_LAUNCHER_ROUND_50: "/images/ic_launcher_round.webp"; readonly IC_LAUNCHER_ROUND_52: "/images/ic_launcher_round.webp"; readonly IC_LAUNCHER_ROUND_54: "/images/ic_launcher_round.webp"; readonly IC_LAUNCHER_ROUND_57: "/images/ic_launcher_round.webp"; readonly IC_LAUNCHER_ROUND_60: "/images/ic_launcher_round.webp"; readonly IC_LAUNCHER_ROUND_61: "/images/ic_launcher_round.webp"; readonly IC_LAUNCHER_ROUND_63: "/images/ic_launcher_round.webp"; readonly IC_LAUNCHER_ROUND_65: "/images/ic_launcher_round.webp"; readonly LOGISTICS_HERO_1: "https://images.unsplash.com/photo-1532635042-a6f6ad4745f9?crop=entropy&cs=tinysrgb&fit=max&fm=jpg&ixid=M3w4MTk0NTh8MHwxfHNlYXJjaHw3fHxkZWxpdmVyeSUyMHRydWNrJTIwbG9naXN0aWNzJTIwd2FyZWhvdXNlfGVufDB8MHx8fDE3NzAxNDI0NjJ8MA&ixlib=rb-4.1.0&q=80&w=1080"; readonly LOGISTICS_HERO_10: "https://images.unsplash.com/photo-1739863305982-f7354315b2bd?crop=entropy&cs=tinysrgb&fit=max&fm=jpg&ixid=M3w4MTk0NTh8MHwxfHNlYXJjaHwxMHx8ZGVsaXZlcnklMjB0cnVjayUyMGxvZ2lzdGljcyUyMHdhcmVob3VzZXxlbnwwfDB8fHwxNzcwMTQyNDYyfDA&ixlib=rb-4.1.0&q=80&w=1080"; readonly LOGISTICS_HERO_2: "https://images.unsplash.com/photo-1601912552080-0fb89fd08042?crop=entropy&cs=tinysrgb&fit=max&fm=jpg&ixid=M3w4MTk0NTh8MHwxfHNlYXJjaHw1fHxkZWxpdmVyeSUyMHRydWNrJTIwbG9naXN0aWNzJTIwd2FyZWhvdXNlfGVufDB8MHx8fDE3NzAxNDI0NjJ8MA&ixlib=rb-4.1.0&q=80&w=1080"; readonly LOGISTICS_HERO_3: "https://images.unsplash.com/photo-1611938845621-f7d331a14255?crop=entropy&cs=tinysrgb&fit=max&fm=jpg&ixid=M3w4MTk0NTh8MHwxfHNlYXJjaHwyfHxkZWxpdmVyeSUyMHRydWNrJTIwbG9naXN0aWNzJTIwd2FyZWhvdXNlfGVufDB8MHx8fDE3NzAxNDI0NjJ8MA&ixlib=rb-4.1.0&q=80&w=1080"; readonly LOGISTICS_HERO_4: "https://images.unsplash.com/photo-1681514583222-0579e6835666?crop=entropy&cs=tinysrgb&fit=max&fm=jpg&ixid=M3w4MTk0NTh8MHwxfHNlYXJjaHw2fHxkZWxpdmVyeSUyMHRydWNrJTIwbG9naXN0aWNzJTIwd2FyZWhvdXNlfGVufDB8MHx8fDE3NzAxNDI0NjJ8MA&ixlib=rb-4.1.0&q=80&w=1080"; readonly LOGISTICS_HERO_5: "https://images.unsplash.com/photo-1613354382403-28066cf657b3?crop=entropy&cs=tinysrgb&fit=max&fm=jpg&ixid=M3w4MTk0NTh8MHwxfHNlYXJjaHwzfHxkZWxpdmVyeSUyMHRydWNrJTIwbG9naXN0aWNzJTIwd2FyZWhvdXNlfGVufDB8MHx8fDE3NzAxNDI0NjJ8MA&ixlib=rb-4.1.0&q=80&w=1080"; readonly LOGISTICS_HERO_6: "https://images.unsplash.com/photo-1732435527614-8336ebd1e82c?crop=entropy&cs=tinysrgb&fit=max&fm=jpg&ixid=M3w4MTk0NTh8MHwxfHNlYXJjaHw4fHxkZWxpdmVyeSUyMHRydWNrJTIwbG9naXN0aWNzJTIwd2FyZWhvdXNlfGVufDB8MHx8fDE3NzAxNDI0NjJ8MA&ixlib=rb-4.1.0&q=80&w=1080"; readonly LOGISTICS_HERO_7: "https://images.unsplash.com/photo-1762251374590-64962c1a451c?crop=entropy&cs=tinysrgb&fit=max&fm=jpg&ixid=M3w4MTk0NTh8MHwxfHNlYXJjaHwxfHxkZWxpdmVyeSUyMHRydWNrJTIwbG9naXN0aWNzJTIwd2FyZWhvdXNlfGVufDB8MHx8fDE3NzAxNDI0NjJ8MA&ixlib=rb-4.1.0&q=80&w=1080"; readonly LOGISTICS_HERO_8: "https://images.unsplash.com/photo-1681514583213-7b8e47eb1953?crop=entropy&cs=tinysrgb&fit=max&fm=jpg&ixid=M3w4MTk0NTh8MHwxfHNlYXJjaHw0fHxkZWxpdmVyeSUyMHRydWNrJTIwbG9naXN0aWNzJTIwd2FyZWhvdXNlfGVufDB8MHx8fDE3NzAxNDI0NjJ8MA&ixlib=rb-4.1.0&q=80&w=1080"; readonly LOGISTICS_HERO_9: "https://images.unsplash.com/photo-1730309529959-e305b3199c01?crop=entropy&cs=tinysrgb&fit=max&fm=jpg&ixid=M3w4MTk0NTh8MHwxfHNlYXJjaHw5fHxkZWxpdmVyeSUyMHRydWNrJTIwbG9naXN0aWNzJTIwd2FyZWhvdXNlfGVufDB8MHx8fDE3NzAxNDI0NjJ8MA&ixlib=rb-4.1.0&q=80&w=1080"; readonly MOBILE_INTERFACE_1: "https://images.unsplash.com/photo-1592323401640-9c24ed330baf?crop=entropy&cs=tinysrgb&fit=max&fm=jpg&ixid=M3w4NDU2OTd8MHwxfHNlYXJjaHw0fHxtb2JpbGUlMjBhcHAlMjBkZWxpdmVyeSUyMGludGVyZmFjZXxlbnwwfDF8fHwxNzcwMTQyNDYzfDA&ixlib=rb-4.1.0&q=80&w=1080"; readonly MOBILE_INTERFACE_2: "https://images.unsplash.com/photo-1570894808314-677b57f25e45?crop=entropy&cs=tinysrgb&fit=max&fm=jpg&ixid=M3w4NDU2OTd8MHwxfHNlYXJjaHwyfHxtb2JpbGUlMjBhcHAlMjBkZWxpdmVyeSUyMGludGVyZmFjZXxlbnwwfDF8fHwxNzcwMTQyNDYzfDA&ixlib=rb-4.1.0&q=80&w=1080"; readonly MOBILE_INTERFACE_3: "https://images.unsplash.com/photo-1605600659802-1353d7fd3732?crop=entropy&cs=tinysrgb&fit=max&fm=jpg&ixid=M3w4NDU2OTd8MHwxfHNlYXJjaHw3fHxtb2JpbGUlMjBhcHAlMjBkZWxpdmVyeSUyMGludGVyZmFjZXxlbnwwfDF8fHwxNzcwMTQyNDYzfDA&ixlib=rb-4.1.0&q=80&w=1080"; readonly MOBILE_INTERFACE_4: "https://images.unsplash.com/photo-1661358788054-9988c0778447?crop=entropy&cs=tinysrgb&fit=max&fm=jpg&ixid=M3w4NDU2OTd8MHwxfHNlYXJjaHw1fHxtb2JpbGUlMjBhcHAlMjBkZWxpdmVyeSUyMGludGVyZmFjZXxlbnwwfDF8fHwxNzcwMTQyNDYzfDA&ixlib=rb-4.1.0&q=80&w=1080"; readonly MOBILE_INTERFACE_5: "https://images.unsplash.com/photo-1746286721374-cd541e26911a?crop=entropy&cs=tinysrgb&fit=max&fm=jpg&ixid=M3w4NDU2OTd8MHwxfHNlYXJjaHw2fHxtb2JpbGUlMjBhcHAlMjBkZWxpdmVyeSUyMGludGVyZmFjZXxlbnwwfDF8fHwxNzcwMTQyNDYzfDA&ixlib=rb-4.1.0&q=80&w=1080"; readonly MOBILE_INTERFACE_6: "https://images.unsplash.com/photo-1760888549280-4aef010720bd?crop=entropy&cs=tinysrgb&fit=max&fm=jpg&ixid=M3w4NDU2OTd8MHwxfHNlYXJjaHwxfHxtb2JpbGUlMjBhcHAlMjBkZWxpdmVyeSUyMGludGVyZmFjZXxlbnwwfDF8fHwxNzcwMTQyNDYzfDA&ixlib=rb-4.1.0&q=80&w=1080"; readonly MOBILE_INTERFACE_7: "https://images.unsplash.com/photo-1621691187532-bbeb671757ac?crop=entropy&cs=tinysrgb&fit=max&fm=jpg&ixid=M3w4NDU2OTd8MHwxfHNlYXJjaHwzfHxtb2JpbGUlMjBhcHAlMjBkZWxpdmVyeSUyMGludGVyZmFjZXxlbnwwfDF8fHwxNzcwMTQyNDYzfDA&ixlib=rb-4.1.0&q=80&w=1080"; readonly MOBILE_INTERFACE_8: "https://images.unsplash.com/photo-1621691177818-bcd7c032ef26?crop=entropy&cs=tinysrgb&fit=max&fm=jpg&ixid=M3w4NDU2OTd8MHwxfHNlYXJjaHw4fHxtb2JpbGUlMjBhcHAlMjBkZWxpdmVyeSUyMGludGVyZmFjZXxlbnwwfDF8fHwxNzcwMTQyNDYzfDA&ixlib=rb-4.1.0&q=80&w=1080"; readonly MOBILE_TRACKING_1: "https://images.unsplash.com/photo-1570894808314-677b57f25e45?crop=entropy&cs=tinysrgb&fit=max&fm=jpg&ixid=M3w4NDU5NTF8MHwxfHNlYXJjaHw2fHxzbWFydHBob25lJTIwZGVsaXZlcnklMjB0cmFja2luZyUyMGFwcHxlbnwwfDF8fHwxNzcwMTg2MzYwfDA&ixlib=rb-4.1.0&q=80&w=1080"; readonly MOBILE_TRACKING_10: "https://images.unsplash.com/photo-1750179990399-96757d9aa8a0?crop=entropy&cs=tinysrgb&fit=max&fm=jpg&ixid=M3w4NDU5NTF8MHwxfHNlYXJjaHw4fHxzbWFydHBob25lJTIwZGVsaXZlcnklMjB0cmFja2luZyUyMGFwcHxlbnwwfDF8fHwxNzcwMTg2MzYwfDA&ixlib=rb-4.1.0&q=80&w=1080"; readonly MOBILE_TRACKING_2: "https://images.unsplash.com/photo-1651493355781-20b4e12f3231?crop=entropy&cs=tinysrgb&fit=max&fm=jpg&ixid=M3w4NDU5NTF8MHwxfHNlYXJjaHw0fHxzbWFydHBob25lJTIwZGVsaXZlcnklMjB0cmFja2luZyUyMGFwcHxlbnwwfDF8fHwxNzcwMTg2MzYwfDA&ixlib=rb-4.1.0&q=80&w=1080"; readonly MOBILE_TRACKING_3: "https://images.unsplash.com/photo-1607783822349-805fc62715dd?crop=entropy&cs=tinysrgb&fit=max&fm=jpg&ixid=M3w4NDU5NTF8MHwxfHNlYXJjaHwxMHx8c21hcnRwaG9uZSUyMGRlbGl2ZXJ5JTIwdHJhY2tpbmclMjBhcHB8ZW58MHwxfHx8MTc3MDE4NjM2MHww&ixlib=rb-4.1.0&q=80&w=1080"; readonly MOBILE_TRACKING_4: "https://images.unsplash.com/photo-1706814901248-5ac8b312c5f3?crop=entropy&cs=tinysrgb&fit=max&fm=jpg&ixid=M3w4NDU5NTF8MHwxfHNlYXJjaHwxfHxzbWFydHBob25lJTIwZGVsaXZlcnklMjB0cmFja2luZyUyMGFwcHxlbnwwfDF8fHwxNzcwMTg2MzYwfDA&ixlib=rb-4.1.0&q=80&w=1080"; readonly MOBILE_TRACKING_5: "https://images.unsplash.com/photo-1692681157014-2f7ee75c0ea0?crop=entropy&cs=tinysrgb&fit=max&fm=jpg&ixid=M3w4NDU5NTF8MHwxfHNlYXJjaHwyfHxzbWFydHBob25lJTIwZGVsaXZlcnklMjB0cmFja2luZyUyMGFwcHxlbnwwfDF8fHwxNzcwMTg2MzYwfDA&ixlib=rb-4.1.0&q=80&w=1080"; readonly MOBILE_TRACKING_6: "https://images.unsplash.com/photo-1640017438849-15957fd5b277?crop=entropy&cs=tinysrgb&fit=max&fm=jpg&ixid=M3w4NDU5NTF8MHwxfHNlYXJjaHw1fHxzbWFydHBob25lJTIwZGVsaXZlcnklMjB0cmFja2luZyUyMGFwcHxlbnwwfDF8fHwxNzcwMTg2MzYwfDA&ixlib=rb-4.1.0&q=80&w=1080"; readonly MOBILE_TRACKING_7: "https://images.unsplash.com/photo-1661358788054-9988c0778447?crop=entropy&cs=tinysrgb&fit=max&fm=jpg&ixid=M3w4NDU5NTF8MHwxfHNlYXJjaHwzfHxzbWFydHBob25lJTIwZGVsaXZlcnklMjB0cmFja2luZyUyMGFwcHxlbnwwfDF8fHwxNzcwMTg2MzYwfDA&ixlib=rb-4.1.0&q=80&w=1080"; readonly MOBILE_TRACKING_8: "https://images.unsplash.com/photo-1724246981341-bd289296c157?crop=entropy&cs=tinysrgb&fit=max&fm=jpg&ixid=M3w4NDU5NTF8MHwxfHNlYXJjaHw5fHxzbWFydHBob25lJTIwZGVsaXZlcnklMjB0cmFja2luZyUyMGFwcHxlbnwwfDF8fHwxNzcwMTg2MzYwfDA&ixlib=rb-4.1.0&q=80&w=1080"; readonly MOBILE_TRACKING_9: "https://images.unsplash.com/photo-1621691187532-bbeb671757ac?crop=entropy&cs=tinysrgb&fit=max&fm=jpg&ixid=M3w4NDU5NTF8MHwxfHNlYXJjaHw3fHxzbWFydHBob25lJTIwZGVsaXZlcnklMjB0cmFja2luZyUyMGFwcHxlbnwwfDF8fHwxNzcwMTg2MzYwfDA&ixlib=rb-4.1.0&q=80&w=1080"; readonly RIDER_DELIVERY_1: "https://images.unsplash.com/photo-1558899367-3cd83fb31ed8?crop=entropy&cs=tinysrgb&fit=max&fm=jpg&ixid=M3w4Mzc5NTV8MHwxfHNlYXJjaHw1fHxkZWxpdmVyeSUyMGRyaXZlciUyMG1vdG9yY3ljbGV8ZW58MHwwfHx8MTc3MDE4NjM2MXww&ixlib=rb-4.1.0&q=80&w=1080"; readonly RIDER_DELIVERY_10: "https://images.unsplash.com/photo-1763750648120-7e52c57eb26e?crop=entropy&cs=tinysrgb&fit=max&fm=jpg&ixid=M3w4Mzc5NTV8MHwxfHNlYXJjaHwxMHx8ZGVsaXZlcnklMjBkcml2ZXIlMjBtb3RvcmN5Y2xlfGVufDB8MHx8fDE3NzAxODYzNjF8MA&ixlib=rb-4.1.0&q=80&w=1080"; readonly RIDER_DELIVERY_2: "https://images.unsplash.com/photo-1558899293-c6204574fcd4?crop=entropy&cs=tinysrgb&fit=max&fm=jpg&ixid=M3w4Mzc5NTV8MHwxfHNlYXJjaHwzfHxkZWxpdmVyeSUyMGRyaXZlciUyMG1vdG9yY3ljbGV8ZW58MHwwfHx8MTc3MDE4NjM2MXww&ixlib=rb-4.1.0&q=80&w=1080"; readonly RIDER_DELIVERY_3: "https://images.unsplash.com/photo-1765608461706-2678e824ed15?crop=entropy&cs=tinysrgb&fit=max&fm=jpg&ixid=M3w4Mzc5NTV8MHwxfHNlYXJjaHw4fHxkZWxpdmVyeSUyMGRyaXZlciUyMG1vdG9yY3ljbGV8ZW58MHwwfHx8MTc3MDE4NjM2MXww&ixlib=rb-4.1.0&q=80&w=1080"; readonly RIDER_DELIVERY_4: "https://images.unsplash.com/photo-1767114648562-399d88d7362d?crop=entropy&cs=tinysrgb&fit=max&fm=jpg&ixid=M3w4Mzc5NTV8MHwxfHNlYXJjaHwxfHxkZWxpdmVyeSUyMGRyaXZlciUyMG1vdG9yY3ljbGV8ZW58MHwwfHx8MTc3MDE4NjM2MXww&ixlib=rb-4.1.0&q=80&w=1080"; readonly RIDER_DELIVERY_5: "https://images.unsplash.com/photo-1765808172074-702dc0371f93?crop=entropy&cs=tinysrgb&fit=max&fm=jpg&ixid=M3w4Mzc5NTV8MHwxfHNlYXJjaHwyfHxkZWxpdmVyeSUyMGRyaXZlciUyMG1vdG9yY3ljbGV8ZW58MHwwfHx8MTc3MDE4NjM2MXww&ixlib=rb-4.1.0&q=80&w=1080"; readonly RIDER_DELIVERY_6: "https://images.unsplash.com/photo-1766170507518-e7a6ca397e1c?crop=entropy&cs=tinysrgb&fit=max&fm=jpg&ixid=M3w4Mzc5NTV8MHwxfHNlYXJjaHw0fHxkZWxpdmVyeSUyMGRyaXZlciUyMG1vdG9yY3ljbGV8ZW58MHwwfHx8MTc3MDE4NjM2MXww&ixlib=rb-4.1.0&q=80&w=1080"; readonly RIDER_DELIVERY_7: "https://images.unsplash.com/photo-1762944080592-b0d779ef65ae?crop=entropy&cs=tinysrgb&fit=max&fm=jpg&ixid=M3w4Mzc5NTV8MHwxfHNlYXJjaHw2fHxkZWxpdmVyeSUyMGRyaXZlciUyMG1vdG9yY3ljbGV8ZW58MHwwfHx8MTc3MDE4NjM2MXww&ixlib=rb-4.1.0&q=80&w=1080"; readonly RIDER_DELIVERY_8: "https://images.unsplash.com/photo-1758777151107-b4573745d6c0?crop=entropy&cs=tinysrgb&fit=max&fm=jpg&ixid=M3w4Mzc5NTV8MHwxfHNlYXJjaHw3fHxkZWxpdmVyeSUyMGRyaXZlciUyMG1vdG9yY3ljbGV8ZW58MHwwfHx8MTc3MDE4NjM2MXww&ixlib=rb-4.1.0&q=80&w=1080"; readonly RIDER_DELIVERY_9: "https://images.unsplash.com/photo-1766421687400-e7e742d6f39d?crop=entropy&cs=tinysrgb&fit=max&fm=jpg&ixid=M3w4Mzc5NTV8MHwxfHNlYXJjaHw5fHxkZWxpdmVyeSUyMGRyaXZlciUyMG1vdG9yY3ljbGV8ZW58MHwwfHx8MTc3MDE4NjM2MXww&ixlib=rb-4.1.0&q=80&w=1080"; readonly SCREENSHOT1095_123: "/images/Screenshot1095.png"; readonly SCREENSHOT1487_125: "/images/Screenshot1487.png"; readonly SCREENSHOT3252_118: "/images/Screenshot3252.png"; readonly SCREENSHOT3650_120: "/images/Screenshot3650.png"; readonly SCREENSHOT5040_127: "/images/Screenshot5040.png"; readonly SCREENSHOT5867_121: "/images/Screenshot5867.png"; readonly SCREENSHOT5897_122: "/images/Screenshot5897.png"; readonly SCREENSHOT6115_117: "/images/Screenshot6115.png"; readonly SCREENSHOT6534_126: "/images/Screenshot6534.png"; readonly SCREENSHOT8648_119: "/images/Screenshot8648.png"; readonly SCREENSHOT9336_124: "/images/Screenshot9336.png"; readonly TRACKING_DASHBOARD_1: "https://images.unsplash.com/photo-1640552435845-d65c23b75934?crop=entropy&cs=tinysrgb&fit=max&fm=jpg&ixid=M3w4NDU5NTF8MHwxfHNlYXJjaHwxfHxwYWNrYWdlJTIwdHJhY2tpbmclMjBkYXNoYm9hcmQlMjBzY3JlZW58ZW58MHwwfHx8MTc3MDE0MjQ2Mnww&ixlib=rb-4.1.0&q=80&w=1080"; readonly TRACKING_DASHBOARD_2: "https://images.unsplash.com/photo-1728917330520-9456e3f49529?crop=entropy&cs=tinysrgb&fit=max&fm=jpg&ixid=M3w4NDU5NTF8MHwxfHNlYXJjaHw0fHxwYWNrYWdlJTIwdHJhY2tpbmclMjBkYXNoYm9hcmQlMjBzY3JlZW58ZW58MHwwfHx8MTc3MDE0MjQ2Mnww&ixlib=rb-4.1.0&q=80&w=1080"; readonly TRACKING_DASHBOARD_3: "https://images.unsplash.com/photo-1603596155917-4ec2f4324db0?crop=entropy&cs=tinysrgb&fit=max&fm=jpg&ixid=M3w4NDU5NTF8MHwxfHNlYXJjaHwzfHxwYWNrYWdlJTIwdHJhY2tpbmclMjBkYXNoYm9hcmQlMjBzY3JlZW58ZW58MHwwfHx8MTc3MDE0MjQ2Mnww&ixlib=rb-4.1.0&q=80&w=1080"; readonly TRACKING_DASHBOARD_4: "https://images.unsplash.com/photo-1545340914-8557aa9714e6?crop=entropy&cs=tinysrgb&fit=max&fm=jpg&ixid=M3w4NDU5NTF8MHwxfHNlYXJjaHw3fHxwYWNrYWdlJTIwdHJhY2tpbmclMjBkYXNoYm9hcmQlMjBzY3JlZW58ZW58MHwwfHx8MTc3MDE0MjQ2Mnww&ixlib=rb-4.1.0&q=80&w=1080"; readonly TRACKING_DASHBOARD_5: "https://images.unsplash.com/photo-1738499105721-fb2f8038ec8d?crop=entropy&cs=tinysrgb&fit=max&fm=jpg&ixid=M3w4NDU5NTF8MHwxfHNlYXJjaHw4fHxwYWNrYWdlJTIwdHJhY2tpbmclMjBkYXNoYm9hcmQlMjBzY3JlZW58ZW58MHwwfHx8MTc3MDE0MjQ2Mnww&ixlib=rb-4.1.0&q=80&w=1080"; readonly TRACKING_DASHBOARD_6: "https://images.unsplash.com/photo-1723000545910-de8498a26698?crop=entropy&cs=tinysrgb&fit=max&fm=jpg&ixid=M3w4NDU5NTF8MHwxfHNlYXJjaHw2fHxwYWNrYWdlJTIwdHJhY2tpbmclMjBkYXNoYm9hcmQlMjBzY3JlZW58ZW58MHwwfHx8MTc3MDE0MjQ2Mnww&ixlib=rb-4.1.0&q=80&w=1080"; readonly TRACKING_DASHBOARD_7: "https://images.unsplash.com/photo-1768223927969-f08af51cf730?crop=entropy&cs=tinysrgb&fit=max&fm=jpg&ixid=M3w4NDU5NTF8MHwxfHNlYXJjaHwyfHxwYWNrYWdlJTIwdHJhY2tpbmclMjBkYXNoYm9hcmQlMjBzY3JlZW58ZW58MHwwfHx8MTc3MDE0MjQ2Mnww&ixlib=rb-4.1.0&q=80&w=1080"; readonly TRACKING_DASHBOARD_8: "https://images.unsplash.com/photo-1725777634077-e19c68ac1c4e?crop=entropy&cs=tinysrgb&fit=max&fm=jpg&ixid=M3w4NDU5NTF8MHwxfHNlYXJjaHw1fHxwYWNrYWdlJTIwdHJhY2tpbmclMjBkYXNoYm9hcmQlMjBzY3JlZW58ZW58MHwwfHx8MTc3MDE0MjQ2Mnww&ixlib=rb-4.1.0&q=80&w=1080"; readonly WAREHOUSE_OPS_1: "https://images.unsplash.com/photo-1724709162875-fe100dd0e04b?crop=entropy&cs=tinysrgb&fit=max&fm=jpg&ixid=M3w4NDU5NTF8MHwxfHNlYXJjaHw0fHx3YXJlaG91c2UlMjBtYW5hZ2VtZW50JTIwaW52ZW50b3J5fGVufDB8MHx8fDE3NzAxNDI0NjJ8MA&ixlib=rb-4.1.0&q=80&w=1080"; readonly WAREHOUSE_OPS_10: "https://images.unsplash.com/photo-1769698631158-c1f42e6281cc?crop=entropy&cs=tinysrgb&fit=max&fm=jpg&ixid=M3w4MTk0NTh8MHwxfHNlYXJjaHwyfHx3YXJlaG91c2UlMjBsb2dpc3RpY3MlMjBvcGVyYXRpb25zfGVufDB8MHx8fDE3NzAxODYzNjB8MA&ixlib=rb-4.1.0&q=80&w=1080"; readonly WAREHOUSE_OPS_11: "https://images.unsplash.com/photo-1768796372629-a4e7db99e474?crop=entropy&cs=tinysrgb&fit=max&fm=jpg&ixid=M3w4MTk0NTh8MHwxfHNlYXJjaHwzfHx3YXJlaG91c2UlMjBsb2dpc3RpY3MlMjBvcGVyYXRpb25zfGVufDB8MHx8fDE3NzAxODYzNjB8MA&ixlib=rb-4.1.0&q=80&w=1080"; readonly WAREHOUSE_OPS_12: "https://images.unsplash.com/photo-1768796373634-db43bfd5f064?crop=entropy&cs=tinysrgb&fit=max&fm=jpg&ixid=M3w4MTk0NTh8MHwxfHNlYXJjaHw0fHx3YXJlaG91c2UlMjBsb2dpc3RpY3MlMjBvcGVyYXRpb25zfGVufDB8MHx8fDE3NzAxODYzNjB8MA&ixlib=rb-4.1.0&q=80&w=1080"; readonly WAREHOUSE_OPS_13: "https://images.unsplash.com/photo-1769700821886-e10fa7946ceb?crop=entropy&cs=tinysrgb&fit=max&fm=jpg&ixid=M3w4MTk0NTh8MHwxfHNlYXJjaHw1fHx3YXJlaG91c2UlMjBsb2dpc3RpY3MlMjBvcGVyYXRpb25zfGVufDB8MHx8fDE3NzAxODYzNjB8MA&ixlib=rb-4.1.0&q=80&w=1080"; readonly WAREHOUSE_OPS_14: "https://images.unsplash.com/photo-1769698821962-dc7ea5f9b2bc?crop=entropy&cs=tinysrgb&fit=max&fm=jpg&ixid=M3w4MTk0NTh8MHwxfHNlYXJjaHw2fHx3YXJlaG91c2UlMjBsb2dpc3RpY3MlMjBvcGVyYXRpb25zfGVufDB8MHx8fDE3NzAxODYzNjB8MA&ixlib=rb-4.1.0&q=80&w=1080"; readonly WAREHOUSE_OPS_15: "https://images.unsplash.com/photo-1769701164670-e819d92cc602?crop=entropy&cs=tinysrgb&fit=max&fm=jpg&ixid=M3w4MTk0NTh8MHwxfHNlYXJjaHw3fHx3YXJlaG91c2UlMjBsb2dpc3RpY3MlMjBvcGVyYXRpb25zfGVufDB8MHx8fDE3NzAxODYzNjB8MA&ixlib=rb-4.1.0&q=80&w=1080"; readonly WAREHOUSE_OPS_16: "https://images.unsplash.com/photo-1768796372478-f3c46af523a9?crop=entropy&cs=tinysrgb&fit=max&fm=jpg&ixid=M3w4MTk0NTh8MHwxfHNlYXJjaHw4fHx3YXJlaG91c2UlMjBsb2dpc3RpY3MlMjBvcGVyYXRpb25zfGVufDB8MHx8fDE3NzAxODYzNjB8MA&ixlib=rb-4.1.0&q=80&w=1080"; readonly WAREHOUSE_OPS_17: "https://images.unsplash.com/photo-1769700821917-df00d0f3e621?crop=entropy&cs=tinysrgb&fit=max&fm=jpg&ixid=M3w4MTk0NTh8MHwxfHNlYXJjaHw5fHx3YXJlaG91c2UlMjBsb2dpc3RpY3MlMjBvcGVyYXRpb25zfGVufDB8MHx8fDE3NzAxODYzNjB8MA&ixlib=rb-4.1.0&q=80&w=1080"; readonly WAREHOUSE_OPS_18: "https://images.unsplash.com/photo-1768796371989-411938b4d07b?crop=entropy&cs=tinysrgb&fit=max&fm=jpg&ixid=M3w4MTk0NTh8MHwxfHNlYXJjaHwxMHx8d2FyZWhvdXNlJTIwbG9naXN0aWNzJTIwb3BlcmF0aW9uc3xlbnwwfDB8fHwxNzcwMTg2MzYwfDA&ixlib=rb-4.1.0&q=80&w=1080"; readonly WAREHOUSE_OPS_2: "https://images.unsplash.com/photo-1768796372478-f3c46af523a9?crop=entropy&cs=tinysrgb&fit=max&fm=jpg&ixid=M3w4NDU5NTF8MHwxfHNlYXJjaHwxfHx3YXJlaG91c2UlMjBtYW5hZ2VtZW50JTIwaW52ZW50b3J5fGVufDB8MHx8fDE3NzAxNDI0NjJ8MA&ixlib=rb-4.1.0&q=80&w=1080"; readonly WAREHOUSE_OPS_3: "https://images.unsplash.com/photo-1768796373634-db43bfd5f064?crop=entropy&cs=tinysrgb&fit=max&fm=jpg&ixid=M3w4NDU5NTF8MHwxfHNlYXJjaHwyfHx3YXJlaG91c2UlMjBtYW5hZ2VtZW50JTIwaW52ZW50b3J5fGVufDB8MHx8fDE3NzAxNDI0NjJ8MA&ixlib=rb-4.1.0&q=80&w=1080"; readonly WAREHOUSE_OPS_4: "https://images.unsplash.com/photo-1768796373360-95d80c5830fb?crop=entropy&cs=tinysrgb&fit=max&fm=jpg&ixid=M3w4NDU5NTF8MHwxfHNlYXJjaHwzfHx3YXJlaG91c2UlMjBtYW5hZ2VtZW50JTIwaW52ZW50b3J5fGVufDB8MHx8fDE3NzAxNDI0NjJ8MA&ixlib=rb-4.1.0&q=80&w=1080"; readonly WAREHOUSE_OPS_5: "https://images.unsplash.com/photo-1768796373577-2e6e51351165?crop=entropy&cs=tinysrgb&fit=max&fm=jpg&ixid=M3w4NDU5NTF8MHwxfHNlYXJjaHw1fHx3YXJlaG91c2UlMjBtYW5hZ2VtZW50JTIwaW52ZW50b3J5fGVufDB8MHx8fDE3NzAxNDI0NjJ8MA&ixlib=rb-4.1.0&q=80&w=1080"; readonly WAREHOUSE_OPS_6: "https://images.unsplash.com/photo-1768796372882-8b67936af681?crop=entropy&cs=tinysrgb&fit=max&fm=jpg&ixid=M3w4NDU5NTF8MHwxfHNlYXJjaHw2fHx3YXJlaG91c2UlMjBtYW5hZ2VtZW50JTIwaW52ZW50b3J5fGVufDB8MHx8fDE3NzAxNDI0NjJ8MA&ixlib=rb-4.1.0&q=80&w=1080"; readonly WAREHOUSE_OPS_7: "https://images.unsplash.com/photo-1768796373907-418e59aee549?crop=entropy&cs=tinysrgb&fit=max&fm=jpg&ixid=M3w4NDU5NTF8MHwxfHNlYXJjaHw3fHx3YXJlaG91c2UlMjBtYW5hZ2VtZW50JTIwaW52ZW50b3J5fGVufDB8MHx8fDE3NzAxNDI0NjJ8MA&ixlib=rb-4.1.0&q=80&w=1080"; readonly WAREHOUSE_OPS_8: "https://images.unsplash.com/photo-1768796372629-a4e7db99e474?crop=entropy&cs=tinysrgb&fit=max&fm=jpg&ixid=M3w4NDU5NTF8MHwxfHNlYXJjaHw4fHx3YXJlaG91c2UlMjBtYW5hZ2VtZW50JTIwaW52ZW50b3J5fGVufDB8MHx8fDE3NzAxNDI0NjJ8MA&ixlib=rb-4.1.0&q=80&w=1080"; readonly WAREHOUSE_OPS_9: "https://images.unsplash.com/photo-1768796373307-fc2f843660f8?crop=entropy&cs=tinysrgb&fit=max&fm=jpg&ixid=M3w4MTk0NTh8MHwxfHNlYXJjaHwxfHx3YXJlaG91c2UlMjBsb2dpc3RpY3MlMjBvcGVyYXRpb25zfGVufDB8MHx8fDE3NzAxODYzNjB8MA&ixlib=rb-4.1.0&q=80&w=1080"; }'.
src/pages/CustomerPortal.tsx(209,79): error TS2339: Property 'trackingNumber' does not exist on type 'Shipment'.
src/pages/CustomerPortal.tsx(210,121): error TS2339: Property 'estimated_delivery' does not exist on type 'Shipment'.
src/pages/CustomerPortal.tsx(218,45): error TS2339: Property 'history' does not exist on type 'Shipment'.
src/pages/CustomerPortal.tsx(290,80): error TS2339: Property 'trackingNumber' does not exist on type 'Shipment'.
src/pages/CustomerPortal.tsx(301,67): error TS2339: Property 'origin' does not exist on type 'Shipment'.
src/pages/CustomerPortal.tsx(302,82): error TS2339: Property 'destination' does not exist on type 'Shipment'.
src/pages/CustomerPortal.tsx(313,78): error TS2339: Property 'estimated_delivery' does not exist on type 'Shipment'.
src/pages/CustomerProfile.tsx(20,10): error TS2300: Duplicate identifier 'useAuth'.
src/pages/CustomerProfile.tsx(22,10): error TS2300: Duplicate identifier 'useAuth'.
src/pages/CustomerProfile.tsx(75,83): error TS2339: Property 'CUSTOMER_DASHBOARD' does not exist on type '{ readonly HOME: "/"; readonly LOGIN: "/login"; readonly DASHBOARD: "/admin/dashboard"; readonly WAREHOUSE: "/warehouse"; readonly OPERATIONS: "/operations"; readonly ACCOUNTING: "/accounting"; readonly REPORTS: "/reports"; readonly TRACKING: "/tracking"; readonly WAY_MANAGEMENT: "/admin/way-management"; readonly CREATE_SHIPMENT: "/shipments/create"; readonly SETTINGS: "/settings"; }'.
src/pages/CustomerShipments.tsx(80,33): error TS2339: Property 'CUSTOMER_BOOKING' does not exist on type '{ readonly HOME: "/"; readonly LOGIN: "/login"; readonly DASHBOARD: "/admin/dashboard"; readonly WAREHOUSE: "/warehouse"; readonly OPERATIONS: "/operations"; readonly ACCOUNTING: "/accounting"; readonly REPORTS: "/reports"; readonly TRACKING: "/tracking"; readonly WAY_MANAGEMENT: "/admin/way-management"; readonly CREATE_SHIPMENT: "/shipments/create"; readonly SETTINGS: "/settings"; }'.
src/pages/Delivery.tsx(9,3): error TS2724: '"lucide-react"' has no exported member named 'Signature'. Did you mean 'Ligature'?
src/pages/Delivery.tsx(25,3): error TS2305: Module '"@/lib/index"' has no exported member 'getStatusVariant'.
src/pages/Delivery.tsx(29,10): error TS2614: Module '"@/components/SignaturePad"' has no exported member 'SignaturePad'. Did you mean to use 'import SignaturePad from "@/components/SignaturePad"' instead?
src/pages/Delivery.tsx(30,10): error TS2614: Module '"@/components/PhotoCapture"' has no exported member 'PhotoCapture'. Did you mean to use 'import PhotoCapture from "@/components/PhotoCapture"' instead?
src/pages/Delivery.tsx(31,10): error TS2614: Module '"@/components/StatusBadge"' has no exported member 'StatusBadge'. Did you mean to use 'import StatusBadge from "@/components/StatusBadge"' instead?
src/pages/Delivery.tsx(47,5): error TS2353: Object literal may only specify known properties, and 'awb_number' does not exist in type 'Shipment'.
src/pages/Delivery.tsx(71,5): error TS2353: Object literal may only specify known properties, and 'awb_number' does not exist in type 'Shipment'.
src/pages/Delivery.tsx(84,5): error TS2353: Object literal may only specify known properties, and 'awb_number' does not exist in type 'Shipment'.
src/pages/Delivery.tsx(112,8): error TS2339: Property 'awb_number' does not exist on type 'Shipment'.
src/pages/Delivery.tsx(225,35): error TS2339: Property 'awb_number' does not exist on type 'Shipment'.
src/pages/Delivery.tsx(227,33): error TS2339: Property 'isPriority' does not exist on type 'Shipment'.
src/pages/Delivery.tsx(236,64): error TS2339: Property 'receiverAddress' does not exist on type 'Shipment'.
src/pages/Delivery.tsx(241,40): error TS2339: Property 'estimated_delivery' does not exist on type 'Shipment'.
src/pages/Delivery.tsx(241,79): error TS2339: Property 'estimated_delivery' does not exist on type 'Shipment'.
src/pages/Delivery.tsx(252,34): error TS2339: Property 'DELIVERY_FLEET_1' does not exist on type '{ readonly ANALYTICS_DASH_1: "https://images.unsplash.com/photo-1551288049-bebda4e38f71?crop=entropy&cs=tinysrgb&fit=max&fm=jpg&ixid=M3w4Mzc5NTV8MHwxfHNlYXJjaHwxfHxkYXNoYm9hcmQlMjBhbmFseXRpY3MlMjBjaGFydHN8ZW58MHwwfHx8MTc3MDE4NjM2MXww&ixlib=rb-4.1.0&q=80&w=1080"; readonly ANALYTICS_DASH_10: "https://images.unsplash.com/photo-1666537072206-6a7a01ecb7d9?crop=entropy&cs=tinysrgb&fit=max&fm=jpg&ixid=M3w4Mzc5NTV8MHwxfHNlYXJjaHw2fHxkYXNoYm9hcmQlMjBhbmFseXRpY3MlMjBjaGFydHN8ZW58MHwwfHx8MTc3MDE4NjM2MXww&ixlib=rb-4.1.0&q=80&w=1080"; readonly ANALYTICS_DASH_2: "https://images.unsplash.com/photo-1686061593213-98dad7c599b9?crop=entropy&cs=tinysrgb&fit=max&fm=jpg&ixid=M3w4Mzc5NTV8MHwxfHNlYXJjaHw5fHxkYXNoYm9hcmQlMjBhbmFseXRpY3MlMjBjaGFydHN8ZW58MHwwfHx8MTc3MDE4NjM2MXww&ixlib=rb-4.1.0&q=80&w=1080"; readonly ANALYTICS_DASH_3: "https://images.unsplash.com/photo-1686061592689-312bbfb5c055?crop=entropy&cs=tinysrgb&fit=max&fm=jpg&ixid=M3w4Mzc5NTV8MHwxfHNlYXJjaHw3fHxkYXNoYm9hcmQlMjBhbmFseXRpY3MlMjBjaGFydHN8ZW58MHwwfHx8MTc3MDE4NjM2MXww&ixlib=rb-4.1.0&q=80&w=1080"; readonly ANALYTICS_DASH_4: "https://images.unsplash.com/photo-1586448317606-cb1ec00298fc?crop=entropy&cs=tinysrgb&fit=max&fm=jpg&ixid=M3w4Mzc5NTV8MHwxfHNlYXJjaHw4fHxkYXNoYm9hcmQlMjBhbmFseXRpY3MlMjBjaGFydHN8ZW58MHwwfHx8MTc3MDE4NjM2MXww&ixlib=rb-4.1.0&q=80&w=1080"; readonly ANALYTICS_DASH_5: "https://images.unsplash.com/photo-1635236190542-d43e4d4b9e4b?crop=entropy&cs=tinysrgb&fit=max&fm=jpg&ixid=M3w4Mzc5NTV8MHwxfHNlYXJjaHwxMHx8ZGFzaGJvYXJkJTIwYW5hbHl0aWNzJTIwY2hhcnRzfGVufDB8MHx8fDE3NzAxODYzNjF8MA&ixlib=rb-4.1.0&q=80&w=1080"; readonly ANALYTICS_DASH_6: "https://images.unsplash.com/photo-1639825752750-5061ded5503b?crop=entropy&cs=tinysrgb&fit=max&fm=jpg&ixid=M3w4Mzc5NTV8MHwxfHNlYXJjaHw1fHxkYXNoYm9hcmQlMjBhbmFseXRpY3MlMjBjaGFydHN8ZW58MHwwfHx8MTc3MDE4NjM2MXww&ixlib=rb-4.1.0&q=80&w=1080"; readonly ANALYTICS_DASH_7: "https://images.unsplash.com/photo-1721593979313-8661afd501c2?crop=entropy&cs=tinysrgb&fit=max&fm=jpg&ixid=M3w4Mzc5NTV8MHwxfHNlYXJjaHw0fHxkYXNoYm9hcmQlMjBhbmFseXRpY3MlMjBjaGFydHN8ZW58MHwwfHx8MTc3MDE4NjM2MXww&ixlib=rb-4.1.0&q=80&w=1080"; readonly ANALYTICS_DASH_8: "https://images.unsplash.com/photo-1758876202980-0a28b744fb24?crop=entropy&cs=tinysrgb&fit=max&fm=jpg&ixid=M3w4Mzc5NTV8MHwxfHNlYXJjaHwzfHxkYXNoYm9hcmQlMjBhbmFseXRpY3MlMjBjaGFydHN8ZW58MHwwfHx8MTc3MDE4NjM2MXww&ixlib=rb-4.1.0&q=80&w=1080"; readonly ANALYTICS_DASH_9: "https://images.unsplash.com/photo-1763038311036-6d18805537e5?crop=entropy&cs=tinysrgb&fit=max&fm=jpg&ixid=M3w4Mzc5NTV8MHwxfHNlYXJjaHwyfHxkYXNoYm9hcmQlMjBhbmFseXRpY3MlMjBjaGFydHN8ZW58MHwwfHx8MTc3MDE4NjM2MXww&ixlib=rb-4.1.0&q=80&w=1080"; readonly BRITIUM_LOGO_55: "/images/britium-logo.png"; readonly BRITIUM_LOGO_66: "/images/britium-logo.png"; readonly DELIVERY_HERO_1: "https://images.unsplash.com/photo-1580160667723-8f98952d1017?crop=entropy&cs=tinysrgb&fit=max&fm=jpg&ixid=M3w4NDU5NTF8MHwxfHNlYXJjaHw5fHxtb2Rlcm4lMjBkZWxpdmVyeSUyMHRydWNrJTIwbG9naXN0aWNzfGVufDB8MHx8fDE3NzAxODYzNjB8MA&ixlib=rb-4.1.0&q=80&w=1080"; readonly DELIVERY_HERO_10: "https://images.unsplash.com/photo-1760045788252-d8d386ea1d12?crop=entropy&cs=tinysrgb&fit=max&fm=jpg&ixid=M3w4NDU5NTF8MHwxfHNlYXJjaHwzfHxtb2Rlcm4lMjBkZWxpdmVyeSUyMHRydWNrJTIwbG9naXN0aWNzfGVufDB8MHx8fDE3NzAxODYzNjB8MA&ixlib=rb-4.1.0&q=80&w=1080"; readonly DELIVERY_HERO_2: "https://images.unsplash.com/photo-1547116262-a7365d627e61?crop=entropy&cs=tinysrgb&fit=max&fm=jpg&ixid=M3w4NDU5NTF8MHwxfHNlYXJjaHw4fHxtb2Rlcm4lMjBkZWxpdmVyeSUyMHRydWNrJTIwbG9naXN0aWNzfGVufDB8MHx8fDE3NzAxODYzNjB8MA&ixlib=rb-4.1.0&q=80&w=1080"; readonly DELIVERY_HERO_3: "https://images.unsplash.com/photo-1598317940377-d1e5402f1bed?crop=entropy&cs=tinysrgb&fit=max&fm=jpg&ixid=M3w4NDU5NTF8MHwxfHNlYXJjaHw0fHxtb2Rlcm4lMjBkZWxpdmVyeSUyMHRydWNrJTIwbG9naXN0aWNzfGVufDB8MHx8fDE3NzAxODYzNjB8MA&ixlib=rb-4.1.0&q=80&w=1080"; readonly DELIVERY_HERO_4: "https://images.unsplash.com/photo-1633155565182-16c06ed45ec5?crop=entropy&cs=tinysrgb&fit=max&fm=jpg&ixid=M3w4NDU5NTF8MHwxfHNlYXJjaHw3fHxtb2Rlcm4lMjBkZWxpdmVyeSUyMHRydWNrJTIwbG9naXN0aWNzfGVufDB8MHx8fDE3NzAxODYzNjB8MA&ixlib=rb-4.1.0&q=80&w=1080"; readonly DELIVERY_HERO_5: "https://images.unsplash.com/photo-1681514583222-0579e6835666?crop=entropy&cs=tinysrgb&fit=max&fm=jpg&ixid=M3w4NDU5NTF8MHwxfHNlYXJjaHw1fHxtb2Rlcm4lMjBkZWxpdmVyeSUyMHRydWNrJTIwbG9naXN0aWNzfGVufDB8MHx8fDE3NzAxODYzNjB8MA&ixlib=rb-4.1.0&q=80&w=1080"; readonly DELIVERY_HERO_6: "https://images.unsplash.com/photo-1662135426498-72a27149a7dd?crop=entropy&cs=tinysrgb&fit=max&fm=jpg&ixid=M3w4NDU5NTF8MHwxfHNlYXJjaHwxMHx8bW9kZXJuJTIwZGVsaXZlcnklMjB0cnVjayUyMGxvZ2lzdGljc3xlbnwwfDB8fHwxNzcwMTg2MzYwfDA&ixlib=rb-4.1.0&q=80&w=1080"; readonly DELIVERY_HERO_7: "https://images.unsplash.com/photo-1733662095268-7a88cb5fa10e?crop=entropy&cs=tinysrgb&fit=max&fm=jpg&ixid=M3w4NDU5NTF8MHwxfHNlYXJjaHw2fHxtb2Rlcm4lMjBkZWxpdmVyeSUyMHRydWNrJTIwbG9naXN0aWNzfGVufDB8MHx8fDE3NzAxODYzNjB8MA&ixlib=rb-4.1.0&q=80&w=1080"; readonly DELIVERY_HERO_8: "https://images.unsplash.com/photo-1762245752333-c1ef6315a30c?crop=entropy&cs=tinysrgb&fit=max&fm=jpg&ixid=M3w4NDU5NTF8MHwxfHNlYXJjaHwyfHxtb2Rlcm4lMjBkZWxpdmVyeSUyMHRydWNrJTIwbG9naXN0aWNzfGVufDB8MHx8fDE3NzAxODYzNjB8MA&ixlib=rb-4.1.0&q=80&w=1080"; readonly DELIVERY_HERO_9: "https://images.unsplash.com/photo-1746985106190-6c116edec9bc?crop=entropy&cs=tinysrgb&fit=max&fm=jpg&ixid=M3w4NDU5NTF8MHwxfHNlYXJjaHwxfHxtb2Rlcm4lMjBkZWxpdmVyeSUyMHRydWNrJTIwbG9naXN0aWNzfGVufDB8MHx8fDE3NzAxODYzNjB8MA&ixlib=rb-4.1.0&q=80&w=1080"; readonly DELIVERY_RIDER_1: "https://images.unsplash.com/photo-1648394794449-5dbe63f6a8b5?crop=entropy&cs=tinysrgb&fit=max&fm=jpg&ixid=M3w4Mzc5NTV8MHwxfHNlYXJjaHw1fHxjb3VyaWVyJTIwZGVsaXZlcnklMjBwZXJzb24lMjBtb3RvcmN5Y2xlfGVufDB8MHx8fDE3NzAxNDI0NjJ8MA&ixlib=rb-4.1.0&q=80&w=1080"; readonly DELIVERY_RIDER_10: "https://images.unsplash.com/photo-1706994742122-df69c7390a2b?crop=entropy&cs=tinysrgb&fit=max&fm=jpg&ixid=M3w4Mzc5NTV8MHwxfHNlYXJjaHwxMHx8Y291cmllciUyMGRlbGl2ZXJ5JTIwcGVyc29uJTIwbW90b3JjeWNsZXxlbnwwfDB8fHwxNzcwMTQyNDYyfDA&ixlib=rb-4.1.0&q=80&w=1080"; readonly DELIVERY_RIDER_2: "https://images.unsplash.com/photo-1642047291146-7916f38ebde0?crop=entropy&cs=tinysrgb&fit=max&fm=jpg&ixid=M3w4Mzc5NTV8MHwxfHNlYXJjaHw4fHxjb3VyaWVyJTIwZGVsaXZlcnklMjBwZXJzb24lMjBtb3RvcmN5Y2xlfGVufDB8MHx8fDE3NzAxNDI0NjJ8MA&ixlib=rb-4.1.0&q=80&w=1080"; readonly DELIVERY_RIDER_3: "https://images.unsplash.com/photo-1754765542024-c1320f23b75a?crop=entropy&cs=tinysrgb&fit=max&fm=jpg&ixid=M3w4Mzc5NTV8MHwxfHNlYXJjaHw0fHxjb3VyaWVyJTIwZGVsaXZlcnklMjBwZXJzb24lMjBtb3RvcmN5Y2xlfGVufDB8MHx8fDE3NzAxNDI0NjJ8MA&ixlib=rb-4.1.0&q=80&w=1080"; readonly DELIVERY_RIDER_4: "https://images.unsplash.com/photo-1616915939238-2a7a363d45c4?crop=entropy&cs=tinysrgb&fit=max&fm=jpg&ixid=M3w4Mzc5NTV8MHwxfHNlYXJjaHw2fHxjb3VyaWVyJTIwZGVsaXZlcnklMjBwZXJzb24lMjBtb3RvcmN5Y2xlfGVufDB8MHx8fDE3NzAxNDI0NjJ8MA&ixlib=rb-4.1.0&q=80&w=1080"; readonly DELIVERY_RIDER_5: "https://images.unsplash.com/photo-1683553170878-049f180627b0?crop=entropy&cs=tinysrgb&fit=max&fm=jpg&ixid=M3w4Mzc5NTV8MHwxfHNlYXJjaHw5fHxjb3VyaWVyJTIwZGVsaXZlcnklMjBwZXJzb24lMjBtb3RvcmN5Y2xlfGVufDB8MHx8fDE3NzAxNDI0NjJ8MA&ixlib=rb-4.1.0&q=80&w=1080"; readonly DELIVERY_RIDER_6: "https://images.unsplash.com/photo-1767114648562-399d88d7362d?crop=entropy&cs=tinysrgb&fit=max&fm=jpg&ixid=M3w4Mzc5NTV8MHwxfHNlYXJjaHwxfHxjb3VyaWVyJTIwZGVsaXZlcnklMjBwZXJzb24lMjBtb3RvcmN5Y2xlfGVufDB8MHx8fDE3NzAxNDI0NjJ8MA&ixlib=rb-4.1.0&q=80&w=1080"; readonly DELIVERY_RIDER_7: "https://images.unsplash.com/photo-1766421687400-e7e742d6f39d?crop=entropy&cs=tinysrgb&fit=max&fm=jpg&ixid=M3w4Mzc5NTV8MHwxfHNlYXJjaHwyfHxjb3VyaWVyJTIwZGVsaXZlcnklMjBwZXJzb24lMjBtb3RvcmN5Y2xlfGVufDB8MHx8fDE3NzAxNDI0NjJ8MA&ixlib=rb-4.1.0&q=80&w=1080"; readonly DELIVERY_RIDER_8: "https://images.unsplash.com/photo-1758202292832-5e036fd03e25?crop=entropy&cs=tinysrgb&fit=max&fm=jpg&ixid=M3w4Mzc5NTV8MHwxfHNlYXJjaHwzfHxjb3VyaWVyJTIwZGVsaXZlcnklMjBwZXJzb24lMjBtb3RvcmN5Y2xlfGVufDB8MHx8fDE3NzAxNDI0NjJ8MA&ixlib=rb-4.1.0&q=80&w=1080"; readonly DELIVERY_RIDER_9: "https://images.unsplash.com/photo-1754765542364-7def1d509bb8?crop=entropy&cs=tinysrgb&fit=max&fm=jpg&ixid=M3w4Mzc5NTV8MHwxfHNlYXJjaHw3fHxjb3VyaWVyJTIwZGVsaXZlcnklMjBwZXJzb24lMjBtb3RvcmN5Y2xlfGVufDB8MHx8fDE3NzAxNDI0NjJ8MA&ixlib=rb-4.1.0&q=80&w=1080"; readonly IC_LAUNCHER_45: "/images/ic_launcher.webp"; readonly IC_LAUNCHER_47: "/images/ic_launcher.webp"; readonly IC_LAUNCHER_48: "/images/ic_launcher.webp"; readonly IC_LAUNCHER_51: "/images/ic_launcher.webp"; readonly IC_LAUNCHER_53: "/images/ic_launcher.webp"; readonly IC_LAUNCHER_56: "/images/ic_launcher.webp"; readonly IC_LAUNCHER_58: "/images/ic_launcher.webp"; readonly IC_LAUNCHER_59: "/images/ic_launcher.webp"; readonly IC_LAUNCHER_62: "/images/ic_launcher.webp"; readonly IC_LAUNCHER_64: "/images/ic_launcher.webp"; readonly IC_LAUNCHER_ROUND_46: "/images/ic_launcher_round.webp"; readonly IC_LAUNCHER_ROUND_49: "/images/ic_launcher_round.webp"; readonly IC_LAUNCHER_ROUND_50: "/images/ic_launcher_round.webp"; readonly IC_LAUNCHER_ROUND_52: "/images/ic_launcher_round.webp"; readonly IC_LAUNCHER_ROUND_54: "/images/ic_launcher_round.webp"; readonly IC_LAUNCHER_ROUND_57: "/images/ic_launcher_round.webp"; readonly IC_LAUNCHER_ROUND_60: "/images/ic_launcher_round.webp"; readonly IC_LAUNCHER_ROUND_61: "/images/ic_launcher_round.webp"; readonly IC_LAUNCHER_ROUND_63: "/images/ic_launcher_round.webp"; readonly IC_LAUNCHER_ROUND_65: "/images/ic_launcher_round.webp"; readonly LOGISTICS_HERO_1: "https://images.unsplash.com/photo-1532635042-a6f6ad4745f9?crop=entropy&cs=tinysrgb&fit=max&fm=jpg&ixid=M3w4MTk0NTh8MHwxfHNlYXJjaHw3fHxkZWxpdmVyeSUyMHRydWNrJTIwbG9naXN0aWNzJTIwd2FyZWhvdXNlfGVufDB8MHx8fDE3NzAxNDI0NjJ8MA&ixlib=rb-4.1.0&q=80&w=1080"; readonly LOGISTICS_HERO_10: "https://images.unsplash.com/photo-1739863305982-f7354315b2bd?crop=entropy&cs=tinysrgb&fit=max&fm=jpg&ixid=M3w4MTk0NTh8MHwxfHNlYXJjaHwxMHx8ZGVsaXZlcnklMjB0cnVjayUyMGxvZ2lzdGljcyUyMHdhcmVob3VzZXxlbnwwfDB8fHwxNzcwMTQyNDYyfDA&ixlib=rb-4.1.0&q=80&w=1080"; readonly LOGISTICS_HERO_2: "https://images.unsplash.com/photo-1601912552080-0fb89fd08042?crop=entropy&cs=tinysrgb&fit=max&fm=jpg&ixid=M3w4MTk0NTh8MHwxfHNlYXJjaHw1fHxkZWxpdmVyeSUyMHRydWNrJTIwbG9naXN0aWNzJTIwd2FyZWhvdXNlfGVufDB8MHx8fDE3NzAxNDI0NjJ8MA&ixlib=rb-4.1.0&q=80&w=1080"; readonly LOGISTICS_HERO_3: "https://images.unsplash.com/photo-1611938845621-f7d331a14255?crop=entropy&cs=tinysrgb&fit=max&fm=jpg&ixid=M3w4MTk0NTh8MHwxfHNlYXJjaHwyfHxkZWxpdmVyeSUyMHRydWNrJTIwbG9naXN0aWNzJTIwd2FyZWhvdXNlfGVufDB8MHx8fDE3NzAxNDI0NjJ8MA&ixlib=rb-4.1.0&q=80&w=1080"; readonly LOGISTICS_HERO_4: "https://images.unsplash.com/photo-1681514583222-0579e6835666?crop=entropy&cs=tinysrgb&fit=max&fm=jpg&ixid=M3w4MTk0NTh8MHwxfHNlYXJjaHw2fHxkZWxpdmVyeSUyMHRydWNrJTIwbG9naXN0aWNzJTIwd2FyZWhvdXNlfGVufDB8MHx8fDE3NzAxNDI0NjJ8MA&ixlib=rb-4.1.0&q=80&w=1080"; readonly LOGISTICS_HERO_5: "https://images.unsplash.com/photo-1613354382403-28066cf657b3?crop=entropy&cs=tinysrgb&fit=max&fm=jpg&ixid=M3w4MTk0NTh8MHwxfHNlYXJjaHwzfHxkZWxpdmVyeSUyMHRydWNrJTIwbG9naXN0aWNzJTIwd2FyZWhvdXNlfGVufDB8MHx8fDE3NzAxNDI0NjJ8MA&ixlib=rb-4.1.0&q=80&w=1080"; readonly LOGISTICS_HERO_6: "https://images.unsplash.com/photo-1732435527614-8336ebd1e82c?crop=entropy&cs=tinysrgb&fit=max&fm=jpg&ixid=M3w4MTk0NTh8MHwxfHNlYXJjaHw4fHxkZWxpdmVyeSUyMHRydWNrJTIwbG9naXN0aWNzJTIwd2FyZWhvdXNlfGVufDB8MHx8fDE3NzAxNDI0NjJ8MA&ixlib=rb-4.1.0&q=80&w=1080"; readonly LOGISTICS_HERO_7: "https://images.unsplash.com/photo-1762251374590-64962c1a451c?crop=entropy&cs=tinysrgb&fit=max&fm=jpg&ixid=M3w4MTk0NTh8MHwxfHNlYXJjaHwxfHxkZWxpdmVyeSUyMHRydWNrJTIwbG9naXN0aWNzJTIwd2FyZWhvdXNlfGVufDB8MHx8fDE3NzAxNDI0NjJ8MA&ixlib=rb-4.1.0&q=80&w=1080"; readonly LOGISTICS_HERO_8: "https://images.unsplash.com/photo-1681514583213-7b8e47eb1953?crop=entropy&cs=tinysrgb&fit=max&fm=jpg&ixid=M3w4MTk0NTh8MHwxfHNlYXJjaHw0fHxkZWxpdmVyeSUyMHRydWNrJTIwbG9naXN0aWNzJTIwd2FyZWhvdXNlfGVufDB8MHx8fDE3NzAxNDI0NjJ8MA&ixlib=rb-4.1.0&q=80&w=1080"; readonly LOGISTICS_HERO_9: "https://images.unsplash.com/photo-1730309529959-e305b3199c01?crop=entropy&cs=tinysrgb&fit=max&fm=jpg&ixid=M3w4MTk0NTh8MHwxfHNlYXJjaHw5fHxkZWxpdmVyeSUyMHRydWNrJTIwbG9naXN0aWNzJTIwd2FyZWhvdXNlfGVufDB8MHx8fDE3NzAxNDI0NjJ8MA&ixlib=rb-4.1.0&q=80&w=1080"; readonly MOBILE_INTERFACE_1: "https://images.unsplash.com/photo-1592323401640-9c24ed330baf?crop=entropy&cs=tinysrgb&fit=max&fm=jpg&ixid=M3w4NDU2OTd8MHwxfHNlYXJjaHw0fHxtb2JpbGUlMjBhcHAlMjBkZWxpdmVyeSUyMGludGVyZmFjZXxlbnwwfDF8fHwxNzcwMTQyNDYzfDA&ixlib=rb-4.1.0&q=80&w=1080"; readonly MOBILE_INTERFACE_2: "https://images.unsplash.com/photo-1570894808314-677b57f25e45?crop=entropy&cs=tinysrgb&fit=max&fm=jpg&ixid=M3w4NDU2OTd8MHwxfHNlYXJjaHwyfHxtb2JpbGUlMjBhcHAlMjBkZWxpdmVyeSUyMGludGVyZmFjZXxlbnwwfDF8fHwxNzcwMTQyNDYzfDA&ixlib=rb-4.1.0&q=80&w=1080"; readonly MOBILE_INTERFACE_3: "https://images.unsplash.com/photo-1605600659802-1353d7fd3732?crop=entropy&cs=tinysrgb&fit=max&fm=jpg&ixid=M3w4NDU2OTd8MHwxfHNlYXJjaHw3fHxtb2JpbGUlMjBhcHAlMjBkZWxpdmVyeSUyMGludGVyZmFjZXxlbnwwfDF8fHwxNzcwMTQyNDYzfDA&ixlib=rb-4.1.0&q=80&w=1080"; readonly MOBILE_INTERFACE_4: "https://images.unsplash.com/photo-1661358788054-9988c0778447?crop=entropy&cs=tinysrgb&fit=max&fm=jpg&ixid=M3w4NDU2OTd8MHwxfHNlYXJjaHw1fHxtb2JpbGUlMjBhcHAlMjBkZWxpdmVyeSUyMGludGVyZmFjZXxlbnwwfDF8fHwxNzcwMTQyNDYzfDA&ixlib=rb-4.1.0&q=80&w=1080"; readonly MOBILE_INTERFACE_5: "https://images.unsplash.com/photo-1746286721374-cd541e26911a?crop=entropy&cs=tinysrgb&fit=max&fm=jpg&ixid=M3w4NDU2OTd8MHwxfHNlYXJjaHw2fHxtb2JpbGUlMjBhcHAlMjBkZWxpdmVyeSUyMGludGVyZmFjZXxlbnwwfDF8fHwxNzcwMTQyNDYzfDA&ixlib=rb-4.1.0&q=80&w=1080"; readonly MOBILE_INTERFACE_6: "https://images.unsplash.com/photo-1760888549280-4aef010720bd?crop=entropy&cs=tinysrgb&fit=max&fm=jpg&ixid=M3w4NDU2OTd8MHwxfHNlYXJjaHwxfHxtb2JpbGUlMjBhcHAlMjBkZWxpdmVyeSUyMGludGVyZmFjZXxlbnwwfDF8fHwxNzcwMTQyNDYzfDA&ixlib=rb-4.1.0&q=80&w=1080"; readonly MOBILE_INTERFACE_7: "https://images.unsplash.com/photo-1621691187532-bbeb671757ac?crop=entropy&cs=tinysrgb&fit=max&fm=jpg&ixid=M3w4NDU2OTd8MHwxfHNlYXJjaHwzfHxtb2JpbGUlMjBhcHAlMjBkZWxpdmVyeSUyMGludGVyZmFjZXxlbnwwfDF8fHwxNzcwMTQyNDYzfDA&ixlib=rb-4.1.0&q=80&w=1080"; readonly MOBILE_INTERFACE_8: "https://images.unsplash.com/photo-1621691177818-bcd7c032ef26?crop=entropy&cs=tinysrgb&fit=max&fm=jpg&ixid=M3w4NDU2OTd8MHwxfHNlYXJjaHw4fHxtb2JpbGUlMjBhcHAlMjBkZWxpdmVyeSUyMGludGVyZmFjZXxlbnwwfDF8fHwxNzcwMTQyNDYzfDA&ixlib=rb-4.1.0&q=80&w=1080"; readonly MOBILE_TRACKING_1: "https://images.unsplash.com/photo-1570894808314-677b57f25e45?crop=entropy&cs=tinysrgb&fit=max&fm=jpg&ixid=M3w4NDU5NTF8MHwxfHNlYXJjaHw2fHxzbWFydHBob25lJTIwZGVsaXZlcnklMjB0cmFja2luZyUyMGFwcHxlbnwwfDF8fHwxNzcwMTg2MzYwfDA&ixlib=rb-4.1.0&q=80&w=1080"; readonly MOBILE_TRACKING_10: "https://images.unsplash.com/photo-1750179990399-96757d9aa8a0?crop=entropy&cs=tinysrgb&fit=max&fm=jpg&ixid=M3w4NDU5NTF8MHwxfHNlYXJjaHw4fHxzbWFydHBob25lJTIwZGVsaXZlcnklMjB0cmFja2luZyUyMGFwcHxlbnwwfDF8fHwxNzcwMTg2MzYwfDA&ixlib=rb-4.1.0&q=80&w=1080"; readonly MOBILE_TRACKING_2: "https://images.unsplash.com/photo-1651493355781-20b4e12f3231?crop=entropy&cs=tinysrgb&fit=max&fm=jpg&ixid=M3w4NDU5NTF8MHwxfHNlYXJjaHw0fHxzbWFydHBob25lJTIwZGVsaXZlcnklMjB0cmFja2luZyUyMGFwcHxlbnwwfDF8fHwxNzcwMTg2MzYwfDA&ixlib=rb-4.1.0&q=80&w=1080"; readonly MOBILE_TRACKING_3: "https://images.unsplash.com/photo-1607783822349-805fc62715dd?crop=entropy&cs=tinysrgb&fit=max&fm=jpg&ixid=M3w4NDU5NTF8MHwxfHNlYXJjaHwxMHx8c21hcnRwaG9uZSUyMGRlbGl2ZXJ5JTIwdHJhY2tpbmclMjBhcHB8ZW58MHwxfHx8MTc3MDE4NjM2MHww&ixlib=rb-4.1.0&q=80&w=1080"; readonly MOBILE_TRACKING_4: "https://images.unsplash.com/photo-1706814901248-5ac8b312c5f3?crop=entropy&cs=tinysrgb&fit=max&fm=jpg&ixid=M3w4NDU5NTF8MHwxfHNlYXJjaHwxfHxzbWFydHBob25lJTIwZGVsaXZlcnklMjB0cmFja2luZyUyMGFwcHxlbnwwfDF8fHwxNzcwMTg2MzYwfDA&ixlib=rb-4.1.0&q=80&w=1080"; readonly MOBILE_TRACKING_5: "https://images.unsplash.com/photo-1692681157014-2f7ee75c0ea0?crop=entropy&cs=tinysrgb&fit=max&fm=jpg&ixid=M3w4NDU5NTF8MHwxfHNlYXJjaHwyfHxzbWFydHBob25lJTIwZGVsaXZlcnklMjB0cmFja2luZyUyMGFwcHxlbnwwfDF8fHwxNzcwMTg2MzYwfDA&ixlib=rb-4.1.0&q=80&w=1080"; readonly MOBILE_TRACKING_6: "https://images.unsplash.com/photo-1640017438849-15957fd5b277?crop=entropy&cs=tinysrgb&fit=max&fm=jpg&ixid=M3w4NDU5NTF8MHwxfHNlYXJjaHw1fHxzbWFydHBob25lJTIwZGVsaXZlcnklMjB0cmFja2luZyUyMGFwcHxlbnwwfDF8fHwxNzcwMTg2MzYwfDA&ixlib=rb-4.1.0&q=80&w=1080"; readonly MOBILE_TRACKING_7: "https://images.unsplash.com/photo-1661358788054-9988c0778447?crop=entropy&cs=tinysrgb&fit=max&fm=jpg&ixid=M3w4NDU5NTF8MHwxfHNlYXJjaHwzfHxzbWFydHBob25lJTIwZGVsaXZlcnklMjB0cmFja2luZyUyMGFwcHxlbnwwfDF8fHwxNzcwMTg2MzYwfDA&ixlib=rb-4.1.0&q=80&w=1080"; readonly MOBILE_TRACKING_8: "https://images.unsplash.com/photo-1724246981341-bd289296c157?crop=entropy&cs=tinysrgb&fit=max&fm=jpg&ixid=M3w4NDU5NTF8MHwxfHNlYXJjaHw5fHxzbWFydHBob25lJTIwZGVsaXZlcnklMjB0cmFja2luZyUyMGFwcHxlbnwwfDF8fHwxNzcwMTg2MzYwfDA&ixlib=rb-4.1.0&q=80&w=1080"; readonly MOBILE_TRACKING_9: "https://images.unsplash.com/photo-1621691187532-bbeb671757ac?crop=entropy&cs=tinysrgb&fit=max&fm=jpg&ixid=M3w4NDU5NTF8MHwxfHNlYXJjaHw3fHxzbWFydHBob25lJTIwZGVsaXZlcnklMjB0cmFja2luZyUyMGFwcHxlbnwwfDF8fHwxNzcwMTg2MzYwfDA&ixlib=rb-4.1.0&q=80&w=1080"; readonly RIDER_DELIVERY_1: "https://images.unsplash.com/photo-1558899367-3cd83fb31ed8?crop=entropy&cs=tinysrgb&fit=max&fm=jpg&ixid=M3w4Mzc5NTV8MHwxfHNlYXJjaHw1fHxkZWxpdmVyeSUyMGRyaXZlciUyMG1vdG9yY3ljbGV8ZW58MHwwfHx8MTc3MDE4NjM2MXww&ixlib=rb-4.1.0&q=80&w=1080"; readonly RIDER_DELIVERY_10: "https://images.unsplash.com/photo-1763750648120-7e52c57eb26e?crop=entropy&cs=tinysrgb&fit=max&fm=jpg&ixid=M3w4Mzc5NTV8MHwxfHNlYXJjaHwxMHx8ZGVsaXZlcnklMjBkcml2ZXIlMjBtb3RvcmN5Y2xlfGVufDB8MHx8fDE3NzAxODYzNjF8MA&ixlib=rb-4.1.0&q=80&w=1080"; readonly RIDER_DELIVERY_2: "https://images.unsplash.com/photo-1558899293-c6204574fcd4?crop=entropy&cs=tinysrgb&fit=max&fm=jpg&ixid=M3w4Mzc5NTV8MHwxfHNlYXJjaHwzfHxkZWxpdmVyeSUyMGRyaXZlciUyMG1vdG9yY3ljbGV8ZW58MHwwfHx8MTc3MDE4NjM2MXww&ixlib=rb-4.1.0&q=80&w=1080"; readonly RIDER_DELIVERY_3: "https://images.unsplash.com/photo-1765608461706-2678e824ed15?crop=entropy&cs=tinysrgb&fit=max&fm=jpg&ixid=M3w4Mzc5NTV8MHwxfHNlYXJjaHw4fHxkZWxpdmVyeSUyMGRyaXZlciUyMG1vdG9yY3ljbGV8ZW58MHwwfHx8MTc3MDE4NjM2MXww&ixlib=rb-4.1.0&q=80&w=1080"; readonly RIDER_DELIVERY_4: "https://images.unsplash.com/photo-1767114648562-399d88d7362d?crop=entropy&cs=tinysrgb&fit=max&fm=jpg&ixid=M3w4Mzc5NTV8MHwxfHNlYXJjaHwxfHxkZWxpdmVyeSUyMGRyaXZlciUyMG1vdG9yY3ljbGV8ZW58MHwwfHx8MTc3MDE4NjM2MXww&ixlib=rb-4.1.0&q=80&w=1080"; readonly RIDER_DELIVERY_5: "https://images.unsplash.com/photo-1765808172074-702dc0371f93?crop=entropy&cs=tinysrgb&fit=max&fm=jpg&ixid=M3w4Mzc5NTV8MHwxfHNlYXJjaHwyfHxkZWxpdmVyeSUyMGRyaXZlciUyMG1vdG9yY3ljbGV8ZW58MHwwfHx8MTc3MDE4NjM2MXww&ixlib=rb-4.1.0&q=80&w=1080"; readonly RIDER_DELIVERY_6: "https://images.unsplash.com/photo-1766170507518-e7a6ca397e1c?crop=entropy&cs=tinysrgb&fit=max&fm=jpg&ixid=M3w4Mzc5NTV8MHwxfHNlYXJjaHw0fHxkZWxpdmVyeSUyMGRyaXZlciUyMG1vdG9yY3ljbGV8ZW58MHwwfHx8MTc3MDE4NjM2MXww&ixlib=rb-4.1.0&q=80&w=1080"; readonly RIDER_DELIVERY_7: "https://images.unsplash.com/photo-1762944080592-b0d779ef65ae?crop=entropy&cs=tinysrgb&fit=max&fm=jpg&ixid=M3w4Mzc5NTV8MHwxfHNlYXJjaHw2fHxkZWxpdmVyeSUyMGRyaXZlciUyMG1vdG9yY3ljbGV8ZW58MHwwfHx8MTc3MDE4NjM2MXww&ixlib=rb-4.1.0&q=80&w=1080"; readonly RIDER_DELIVERY_8: "https://images.unsplash.com/photo-1758777151107-b4573745d6c0?crop=entropy&cs=tinysrgb&fit=max&fm=jpg&ixid=M3w4Mzc5NTV8MHwxfHNlYXJjaHw3fHxkZWxpdmVyeSUyMGRyaXZlciUyMG1vdG9yY3ljbGV8ZW58MHwwfHx8MTc3MDE4NjM2MXww&ixlib=rb-4.1.0&q=80&w=1080"; readonly RIDER_DELIVERY_9: "https://images.unsplash.com/photo-1766421687400-e7e742d6f39d?crop=entropy&cs=tinysrgb&fit=max&fm=jpg&ixid=M3w4Mzc5NTV8MHwxfHNlYXJjaHw5fHxkZWxpdmVyeSUyMGRyaXZlciUyMG1vdG9yY3ljbGV8ZW58MHwwfHx8MTc3MDE4NjM2MXww&ixlib=rb-4.1.0&q=80&w=1080"; readonly SCREENSHOT1095_123: "/images/Screenshot1095.png"; readonly SCREENSHOT1487_125: "/images/Screenshot1487.png"; readonly SCREENSHOT3252_118: "/images/Screenshot3252.png"; readonly SCREENSHOT3650_120: "/images/Screenshot3650.png"; readonly SCREENSHOT5040_127: "/images/Screenshot5040.png"; readonly SCREENSHOT5867_121: "/images/Screenshot5867.png"; readonly SCREENSHOT5897_122: "/images/Screenshot5897.png"; readonly SCREENSHOT6115_117: "/images/Screenshot6115.png"; readonly SCREENSHOT6534_126: "/images/Screenshot6534.png"; readonly SCREENSHOT8648_119: "/images/Screenshot8648.png"; readonly SCREENSHOT9336_124: "/images/Screenshot9336.png"; readonly TRACKING_DASHBOARD_1: "https://images.unsplash.com/photo-1640552435845-d65c23b75934?crop=entropy&cs=tinysrgb&fit=max&fm=jpg&ixid=M3w4NDU5NTF8MHwxfHNlYXJjaHwxfHxwYWNrYWdlJTIwdHJhY2tpbmclMjBkYXNoYm9hcmQlMjBzY3JlZW58ZW58MHwwfHx8MTc3MDE0MjQ2Mnww&ixlib=rb-4.1.0&q=80&w=1080"; readonly TRACKING_DASHBOARD_2: "https://images.unsplash.com/photo-1728917330520-9456e3f49529?crop=entropy&cs=tinysrgb&fit=max&fm=jpg&ixid=M3w4NDU5NTF8MHwxfHNlYXJjaHw0fHxwYWNrYWdlJTIwdHJhY2tpbmclMjBkYXNoYm9hcmQlMjBzY3JlZW58ZW58MHwwfHx8MTc3MDE0MjQ2Mnww&ixlib=rb-4.1.0&q=80&w=1080"; readonly TRACKING_DASHBOARD_3: "https://images.unsplash.com/photo-1603596155917-4ec2f4324db0?crop=entropy&cs=tinysrgb&fit=max&fm=jpg&ixid=M3w4NDU5NTF8MHwxfHNlYXJjaHwzfHxwYWNrYWdlJTIwdHJhY2tpbmclMjBkYXNoYm9hcmQlMjBzY3JlZW58ZW58MHwwfHx8MTc3MDE0MjQ2Mnww&ixlib=rb-4.1.0&q=80&w=1080"; readonly TRACKING_DASHBOARD_4: "https://images.unsplash.com/photo-1545340914-8557aa9714e6?crop=entropy&cs=tinysrgb&fit=max&fm=jpg&ixid=M3w4NDU5NTF8MHwxfHNlYXJjaHw3fHxwYWNrYWdlJTIwdHJhY2tpbmclMjBkYXNoYm9hcmQlMjBzY3JlZW58ZW58MHwwfHx8MTc3MDE0MjQ2Mnww&ixlib=rb-4.1.0&q=80&w=1080"; readonly TRACKING_DASHBOARD_5: "https://images.unsplash.com/photo-1738499105721-fb2f8038ec8d?crop=entropy&cs=tinysrgb&fit=max&fm=jpg&ixid=M3w4NDU5NTF8MHwxfHNlYXJjaHw4fHxwYWNrYWdlJTIwdHJhY2tpbmclMjBkYXNoYm9hcmQlMjBzY3JlZW58ZW58MHwwfHx8MTc3MDE0MjQ2Mnww&ixlib=rb-4.1.0&q=80&w=1080"; readonly TRACKING_DASHBOARD_6: "https://images.unsplash.com/photo-1723000545910-de8498a26698?crop=entropy&cs=tinysrgb&fit=max&fm=jpg&ixid=M3w4NDU5NTF8MHwxfHNlYXJjaHw2fHxwYWNrYWdlJTIwdHJhY2tpbmclMjBkYXNoYm9hcmQlMjBzY3JlZW58ZW58MHwwfHx8MTc3MDE0MjQ2Mnww&ixlib=rb-4.1.0&q=80&w=1080"; readonly TRACKING_DASHBOARD_7: "https://images.unsplash.com/photo-1768223927969-f08af51cf730?crop=entropy&cs=tinysrgb&fit=max&fm=jpg&ixid=M3w4NDU5NTF8MHwxfHNlYXJjaHwyfHxwYWNrYWdlJTIwdHJhY2tpbmclMjBkYXNoYm9hcmQlMjBzY3JlZW58ZW58MHwwfHx8MTc3MDE0MjQ2Mnww&ixlib=rb-4.1.0&q=80&w=1080"; readonly TRACKING_DASHBOARD_8: "https://images.unsplash.com/photo-1725777634077-e19c68ac1c4e?crop=entropy&cs=tinysrgb&fit=max&fm=jpg&ixid=M3w4NDU5NTF8MHwxfHNlYXJjaHw1fHxwYWNrYWdlJTIwdHJhY2tpbmclMjBkYXNoYm9hcmQlMjBzY3JlZW58ZW58MHwwfHx8MTc3MDE0MjQ2Mnww&ixlib=rb-4.1.0&q=80&w=1080"; readonly WAREHOUSE_OPS_1: "https://images.unsplash.com/photo-1724709162875-fe100dd0e04b?crop=entropy&cs=tinysrgb&fit=max&fm=jpg&ixid=M3w4NDU5NTF8MHwxfHNlYXJjaHw0fHx3YXJlaG91c2UlMjBtYW5hZ2VtZW50JTIwaW52ZW50b3J5fGVufDB8MHx8fDE3NzAxNDI0NjJ8MA&ixlib=rb-4.1.0&q=80&w=1080"; readonly WAREHOUSE_OPS_10: "https://images.unsplash.com/photo-1769698631158-c1f42e6281cc?crop=entropy&cs=tinysrgb&fit=max&fm=jpg&ixid=M3w4MTk0NTh8MHwxfHNlYXJjaHwyfHx3YXJlaG91c2UlMjBsb2dpc3RpY3MlMjBvcGVyYXRpb25zfGVufDB8MHx8fDE3NzAxODYzNjB8MA&ixlib=rb-4.1.0&q=80&w=1080"; readonly WAREHOUSE_OPS_11: "https://images.unsplash.com/photo-1768796372629-a4e7db99e474?crop=entropy&cs=tinysrgb&fit=max&fm=jpg&ixid=M3w4MTk0NTh8MHwxfHNlYXJjaHwzfHx3YXJlaG91c2UlMjBsb2dpc3RpY3MlMjBvcGVyYXRpb25zfGVufDB8MHx8fDE3NzAxODYzNjB8MA&ixlib=rb-4.1.0&q=80&w=1080"; readonly WAREHOUSE_OPS_12: "https://images.unsplash.com/photo-1768796373634-db43bfd5f064?crop=entropy&cs=tinysrgb&fit=max&fm=jpg&ixid=M3w4MTk0NTh8MHwxfHNlYXJjaHw0fHx3YXJlaG91c2UlMjBsb2dpc3RpY3MlMjBvcGVyYXRpb25zfGVufDB8MHx8fDE3NzAxODYzNjB8MA&ixlib=rb-4.1.0&q=80&w=1080"; readonly WAREHOUSE_OPS_13: "https://images.unsplash.com/photo-1769700821886-e10fa7946ceb?crop=entropy&cs=tinysrgb&fit=max&fm=jpg&ixid=M3w4MTk0NTh8MHwxfHNlYXJjaHw1fHx3YXJlaG91c2UlMjBsb2dpc3RpY3MlMjBvcGVyYXRpb25zfGVufDB8MHx8fDE3NzAxODYzNjB8MA&ixlib=rb-4.1.0&q=80&w=1080"; readonly WAREHOUSE_OPS_14: "https://images.unsplash.com/photo-1769698821962-dc7ea5f9b2bc?crop=entropy&cs=tinysrgb&fit=max&fm=jpg&ixid=M3w4MTk0NTh8MHwxfHNlYXJjaHw2fHx3YXJlaG91c2UlMjBsb2dpc3RpY3MlMjBvcGVyYXRpb25zfGVufDB8MHx8fDE3NzAxODYzNjB8MA&ixlib=rb-4.1.0&q=80&w=1080"; readonly WAREHOUSE_OPS_15: "https://images.unsplash.com/photo-1769701164670-e819d92cc602?crop=entropy&cs=tinysrgb&fit=max&fm=jpg&ixid=M3w4MTk0NTh8MHwxfHNlYXJjaHw3fHx3YXJlaG91c2UlMjBsb2dpc3RpY3MlMjBvcGVyYXRpb25zfGVufDB8MHx8fDE3NzAxODYzNjB8MA&ixlib=rb-4.1.0&q=80&w=1080"; readonly WAREHOUSE_OPS_16: "https://images.unsplash.com/photo-1768796372478-f3c46af523a9?crop=entropy&cs=tinysrgb&fit=max&fm=jpg&ixid=M3w4MTk0NTh8MHwxfHNlYXJjaHw4fHx3YXJlaG91c2UlMjBsb2dpc3RpY3MlMjBvcGVyYXRpb25zfGVufDB8MHx8fDE3NzAxODYzNjB8MA&ixlib=rb-4.1.0&q=80&w=1080"; readonly WAREHOUSE_OPS_17: "https://images.unsplash.com/photo-1769700821917-df00d0f3e621?crop=entropy&cs=tinysrgb&fit=max&fm=jpg&ixid=M3w4MTk0NTh8MHwxfHNlYXJjaHw5fHx3YXJlaG91c2UlMjBsb2dpc3RpY3MlMjBvcGVyYXRpb25zfGVufDB8MHx8fDE3NzAxODYzNjB8MA&ixlib=rb-4.1.0&q=80&w=1080"; readonly WAREHOUSE_OPS_18: "https://images.unsplash.com/photo-1768796371989-411938b4d07b?crop=entropy&cs=tinysrgb&fit=max&fm=jpg&ixid=M3w4MTk0NTh8MHwxfHNlYXJjaHwxMHx8d2FyZWhvdXNlJTIwbG9naXN0aWNzJTIwb3BlcmF0aW9uc3xlbnwwfDB8fHwxNzcwMTg2MzYwfDA&ixlib=rb-4.1.0&q=80&w=1080"; readonly WAREHOUSE_OPS_2: "https://images.unsplash.com/photo-1768796372478-f3c46af523a9?crop=entropy&cs=tinysrgb&fit=max&fm=jpg&ixid=M3w4NDU5NTF8MHwxfHNlYXJjaHwxfHx3YXJlaG91c2UlMjBtYW5hZ2VtZW50JTIwaW52ZW50b3J5fGVufDB8MHx8fDE3NzAxNDI0NjJ8MA&ixlib=rb-4.1.0&q=80&w=1080"; readonly WAREHOUSE_OPS_3: "https://images.unsplash.com/photo-1768796373634-db43bfd5f064?crop=entropy&cs=tinysrgb&fit=max&fm=jpg&ixid=M3w4NDU5NTF8MHwxfHNlYXJjaHwyfHx3YXJlaG91c2UlMjBtYW5hZ2VtZW50JTIwaW52ZW50b3J5fGVufDB8MHx8fDE3NzAxNDI0NjJ8MA&ixlib=rb-4.1.0&q=80&w=1080"; readonly WAREHOUSE_OPS_4: "https://images.unsplash.com/photo-1768796373360-95d80c5830fb?crop=entropy&cs=tinysrgb&fit=max&fm=jpg&ixid=M3w4NDU5NTF8MHwxfHNlYXJjaHwzfHx3YXJlaG91c2UlMjBtYW5hZ2VtZW50JTIwaW52ZW50b3J5fGVufDB8MHx8fDE3NzAxNDI0NjJ8MA&ixlib=rb-4.1.0&q=80&w=1080"; readonly WAREHOUSE_OPS_5: "https://images.unsplash.com/photo-1768796373577-2e6e51351165?crop=entropy&cs=tinysrgb&fit=max&fm=jpg&ixid=M3w4NDU5NTF8MHwxfHNlYXJjaHw1fHx3YXJlaG91c2UlMjBtYW5hZ2VtZW50JTIwaW52ZW50b3J5fGVufDB8MHx8fDE3NzAxNDI0NjJ8MA&ixlib=rb-4.1.0&q=80&w=1080"; readonly WAREHOUSE_OPS_6: "https://images.unsplash.com/photo-1768796372882-8b67936af681?crop=entropy&cs=tinysrgb&fit=max&fm=jpg&ixid=M3w4NDU5NTF8MHwxfHNlYXJjaHw2fHx3YXJlaG91c2UlMjBtYW5hZ2VtZW50JTIwaW52ZW50b3J5fGVufDB8MHx8fDE3NzAxNDI0NjJ8MA&ixlib=rb-4.1.0&q=80&w=1080"; readonly WAREHOUSE_OPS_7: "https://images.unsplash.com/photo-1768796373907-418e59aee549?crop=entropy&cs=tinysrgb&fit=max&fm=jpg&ixid=M3w4NDU5NTF8MHwxfHNlYXJjaHw3fHx3YXJlaG91c2UlMjBtYW5hZ2VtZW50JTIwaW52ZW50b3J5fGVufDB8MHx8fDE3NzAxNDI0NjJ8MA&ixlib=rb-4.1.0&q=80&w=1080"; readonly WAREHOUSE_OPS_8: "https://images.unsplash.com/photo-1768796372629-a4e7db99e474?crop=entropy&cs=tinysrgb&fit=max&fm=jpg&ixid=M3w4NDU5NTF8MHwxfHNlYXJjaHw4fHx3YXJlaG91c2UlMjBtYW5hZ2VtZW50JTIwaW52ZW50b3J5fGVufDB8MHx8fDE3NzAxNDI0NjJ8MA&ixlib=rb-4.1.0&q=80&w=1080"; readonly WAREHOUSE_OPS_9: "https://images.unsplash.com/photo-1768796373307-fc2f843660f8?crop=entropy&cs=tinysrgb&fit=max&fm=jpg&ixid=M3w4MTk0NTh8MHwxfHNlYXJjaHwxfHx3YXJlaG91c2UlMjBsb2dpc3RpY3MlMjBvcGVyYXRpb25zfGVufDB8MHx8fDE3NzAxODYzNjB8MA&ixlib=rb-4.1.0&q=80&w=1080"; }'.
src/pages/Delivery.tsx(279,35): error TS2339: Property 'DELIVERY_FLEET_4' does not exist on type '{ readonly ANALYTICS_DASH_1: "https://images.unsplash.com/photo-1551288049-bebda4e38f71?crop=entropy&cs=tinysrgb&fit=max&fm=jpg&ixid=M3w4Mzc5NTV8MHwxfHNlYXJjaHwxfHxkYXNoYm9hcmQlMjBhbmFseXRpY3MlMjBjaGFydHN8ZW58MHwwfHx8MTc3MDE4NjM2MXww&ixlib=rb-4.1.0&q=80&w=1080"; readonly ANALYTICS_DASH_10: "https://images.unsplash.com/photo-1666537072206-6a7a01ecb7d9?crop=entropy&cs=tinysrgb&fit=max&fm=jpg&ixid=M3w4Mzc5NTV8MHwxfHNlYXJjaHw2fHxkYXNoYm9hcmQlMjBhbmFseXRpY3MlMjBjaGFydHN8ZW58MHwwfHx8MTc3MDE4NjM2MXww&ixlib=rb-4.1.0&q=80&w=1080"; readonly ANALYTICS_DASH_2: "https://images.unsplash.com/photo-1686061593213-98dad7c599b9?crop=entropy&cs=tinysrgb&fit=max&fm=jpg&ixid=M3w4Mzc5NTV8MHwxfHNlYXJjaHw5fHxkYXNoYm9hcmQlMjBhbmFseXRpY3MlMjBjaGFydHN8ZW58MHwwfHx8MTc3MDE4NjM2MXww&ixlib=rb-4.1.0&q=80&w=1080"; readonly ANALYTICS_DASH_3: "https://images.unsplash.com/photo-1686061592689-312bbfb5c055?crop=entropy&cs=tinysrgb&fit=max&fm=jpg&ixid=M3w4Mzc5NTV8MHwxfHNlYXJjaHw3fHxkYXNoYm9hcmQlMjBhbmFseXRpY3MlMjBjaGFydHN8ZW58MHwwfHx8MTc3MDE4NjM2MXww&ixlib=rb-4.1.0&q=80&w=1080"; readonly ANALYTICS_DASH_4: "https://images.unsplash.com/photo-1586448317606-cb1ec00298fc?crop=entropy&cs=tinysrgb&fit=max&fm=jpg&ixid=M3w4Mzc5NTV8MHwxfHNlYXJjaHw4fHxkYXNoYm9hcmQlMjBhbmFseXRpY3MlMjBjaGFydHN8ZW58MHwwfHx8MTc3MDE4NjM2MXww&ixlib=rb-4.1.0&q=80&w=1080"; readonly ANALYTICS_DASH_5: "https://images.unsplash.com/photo-1635236190542-d43e4d4b9e4b?crop=entropy&cs=tinysrgb&fit=max&fm=jpg&ixid=M3w4Mzc5NTV8MHwxfHNlYXJjaHwxMHx8ZGFzaGJvYXJkJTIwYW5hbHl0aWNzJTIwY2hhcnRzfGVufDB8MHx8fDE3NzAxODYzNjF8MA&ixlib=rb-4.1.0&q=80&w=1080"; readonly ANALYTICS_DASH_6: "https://images.unsplash.com/photo-1639825752750-5061ded5503b?crop=entropy&cs=tinysrgb&fit=max&fm=jpg&ixid=M3w4Mzc5NTV8MHwxfHNlYXJjaHw1fHxkYXNoYm9hcmQlMjBhbmFseXRpY3MlMjBjaGFydHN8ZW58MHwwfHx8MTc3MDE4NjM2MXww&ixlib=rb-4.1.0&q=80&w=1080"; readonly ANALYTICS_DASH_7: "https://images.unsplash.com/photo-1721593979313-8661afd501c2?crop=entropy&cs=tinysrgb&fit=max&fm=jpg&ixid=M3w4Mzc5NTV8MHwxfHNlYXJjaHw0fHxkYXNoYm9hcmQlMjBhbmFseXRpY3MlMjBjaGFydHN8ZW58MHwwfHx8MTc3MDE4NjM2MXww&ixlib=rb-4.1.0&q=80&w=1080"; readonly ANALYTICS_DASH_8: "https://images.unsplash.com/photo-1758876202980-0a28b744fb24?crop=entropy&cs=tinysrgb&fit=max&fm=jpg&ixid=M3w4Mzc5NTV8MHwxfHNlYXJjaHwzfHxkYXNoYm9hcmQlMjBhbmFseXRpY3MlMjBjaGFydHN8ZW58MHwwfHx8MTc3MDE4NjM2MXww&ixlib=rb-4.1.0&q=80&w=1080"; readonly ANALYTICS_DASH_9: "https://images.unsplash.com/photo-1763038311036-6d18805537e5?crop=entropy&cs=tinysrgb&fit=max&fm=jpg&ixid=M3w4Mzc5NTV8MHwxfHNlYXJjaHwyfHxkYXNoYm9hcmQlMjBhbmFseXRpY3MlMjBjaGFydHN8ZW58MHwwfHx8MTc3MDE4NjM2MXww&ixlib=rb-4.1.0&q=80&w=1080"; readonly BRITIUM_LOGO_55: "/images/britium-logo.png"; readonly BRITIUM_LOGO_66: "/images/britium-logo.png"; readonly DELIVERY_HERO_1: "https://images.unsplash.com/photo-1580160667723-8f98952d1017?crop=entropy&cs=tinysrgb&fit=max&fm=jpg&ixid=M3w4NDU5NTF8MHwxfHNlYXJjaHw5fHxtb2Rlcm4lMjBkZWxpdmVyeSUyMHRydWNrJTIwbG9naXN0aWNzfGVufDB8MHx8fDE3NzAxODYzNjB8MA&ixlib=rb-4.1.0&q=80&w=1080"; readonly DELIVERY_HERO_10: "https://images.unsplash.com/photo-1760045788252-d8d386ea1d12?crop=entropy&cs=tinysrgb&fit=max&fm=jpg&ixid=M3w4NDU5NTF8MHwxfHNlYXJjaHwzfHxtb2Rlcm4lMjBkZWxpdmVyeSUyMHRydWNrJTIwbG9naXN0aWNzfGVufDB8MHx8fDE3NzAxODYzNjB8MA&ixlib=rb-4.1.0&q=80&w=1080"; readonly DELIVERY_HERO_2: "https://images.unsplash.com/photo-1547116262-a7365d627e61?crop=entropy&cs=tinysrgb&fit=max&fm=jpg&ixid=M3w4NDU5NTF8MHwxfHNlYXJjaHw4fHxtb2Rlcm4lMjBkZWxpdmVyeSUyMHRydWNrJTIwbG9naXN0aWNzfGVufDB8MHx8fDE3NzAxODYzNjB8MA&ixlib=rb-4.1.0&q=80&w=1080"; readonly DELIVERY_HERO_3: "https://images.unsplash.com/photo-1598317940377-d1e5402f1bed?crop=entropy&cs=tinysrgb&fit=max&fm=jpg&ixid=M3w4NDU5NTF8MHwxfHNlYXJjaHw0fHxtb2Rlcm4lMjBkZWxpdmVyeSUyMHRydWNrJTIwbG9naXN0aWNzfGVufDB8MHx8fDE3NzAxODYzNjB8MA&ixlib=rb-4.1.0&q=80&w=1080"; readonly DELIVERY_HERO_4: "https://images.unsplash.com/photo-1633155565182-16c06ed45ec5?crop=entropy&cs=tinysrgb&fit=max&fm=jpg&ixid=M3w4NDU5NTF8MHwxfHNlYXJjaHw3fHxtb2Rlcm4lMjBkZWxpdmVyeSUyMHRydWNrJTIwbG9naXN0aWNzfGVufDB8MHx8fDE3NzAxODYzNjB8MA&ixlib=rb-4.1.0&q=80&w=1080"; readonly DELIVERY_HERO_5: "https://images.unsplash.com/photo-1681514583222-0579e6835666?crop=entropy&cs=tinysrgb&fit=max&fm=jpg&ixid=M3w4NDU5NTF8MHwxfHNlYXJjaHw1fHxtb2Rlcm4lMjBkZWxpdmVyeSUyMHRydWNrJTIwbG9naXN0aWNzfGVufDB8MHx8fDE3NzAxODYzNjB8MA&ixlib=rb-4.1.0&q=80&w=1080"; readonly DELIVERY_HERO_6: "https://images.unsplash.com/photo-1662135426498-72a27149a7dd?crop=entropy&cs=tinysrgb&fit=max&fm=jpg&ixid=M3w4NDU5NTF8MHwxfHNlYXJjaHwxMHx8bW9kZXJuJTIwZGVsaXZlcnklMjB0cnVjayUyMGxvZ2lzdGljc3xlbnwwfDB8fHwxNzcwMTg2MzYwfDA&ixlib=rb-4.1.0&q=80&w=1080"; readonly DELIVERY_HERO_7: "https://images.unsplash.com/photo-1733662095268-7a88cb5fa10e?crop=entropy&cs=tinysrgb&fit=max&fm=jpg&ixid=M3w4NDU5NTF8MHwxfHNlYXJjaHw2fHxtb2Rlcm4lMjBkZWxpdmVyeSUyMHRydWNrJTIwbG9naXN0aWNzfGVufDB8MHx8fDE3NzAxODYzNjB8MA&ixlib=rb-4.1.0&q=80&w=1080"; readonly DELIVERY_HERO_8: "https://images.unsplash.com/photo-1762245752333-c1ef6315a30c?crop=entropy&cs=tinysrgb&fit=max&fm=jpg&ixid=M3w4NDU5NTF8MHwxfHNlYXJjaHwyfHxtb2Rlcm4lMjBkZWxpdmVyeSUyMHRydWNrJTIwbG9naXN0aWNzfGVufDB8MHx8fDE3NzAxODYzNjB8MA&ixlib=rb-4.1.0&q=80&w=1080"; readonly DELIVERY_HERO_9: "https://images.unsplash.com/photo-1746985106190-6c116edec9bc?crop=entropy&cs=tinysrgb&fit=max&fm=jpg&ixid=M3w4NDU5NTF8MHwxfHNlYXJjaHwxfHxtb2Rlcm4lMjBkZWxpdmVyeSUyMHRydWNrJTIwbG9naXN0aWNzfGVufDB8MHx8fDE3NzAxODYzNjB8MA&ixlib=rb-4.1.0&q=80&w=1080"; readonly DELIVERY_RIDER_1: "https://images.unsplash.com/photo-1648394794449-5dbe63f6a8b5?crop=entropy&cs=tinysrgb&fit=max&fm=jpg&ixid=M3w4Mzc5NTV8MHwxfHNlYXJjaHw1fHxjb3VyaWVyJTIwZGVsaXZlcnklMjBwZXJzb24lMjBtb3RvcmN5Y2xlfGVufDB8MHx8fDE3NzAxNDI0NjJ8MA&ixlib=rb-4.1.0&q=80&w=1080"; readonly DELIVERY_RIDER_10: "https://images.unsplash.com/photo-1706994742122-df69c7390a2b?crop=entropy&cs=tinysrgb&fit=max&fm=jpg&ixid=M3w4Mzc5NTV8MHwxfHNlYXJjaHwxMHx8Y291cmllciUyMGRlbGl2ZXJ5JTIwcGVyc29uJTIwbW90b3JjeWNsZXxlbnwwfDB8fHwxNzcwMTQyNDYyfDA&ixlib=rb-4.1.0&q=80&w=1080"; readonly DELIVERY_RIDER_2: "https://images.unsplash.com/photo-1642047291146-7916f38ebde0?crop=entropy&cs=tinysrgb&fit=max&fm=jpg&ixid=M3w4Mzc5NTV8MHwxfHNlYXJjaHw4fHxjb3VyaWVyJTIwZGVsaXZlcnklMjBwZXJzb24lMjBtb3RvcmN5Y2xlfGVufDB8MHx8fDE3NzAxNDI0NjJ8MA&ixlib=rb-4.1.0&q=80&w=1080"; readonly DELIVERY_RIDER_3: "https://images.unsplash.com/photo-1754765542024-c1320f23b75a?crop=entropy&cs=tinysrgb&fit=max&fm=jpg&ixid=M3w4Mzc5NTV8MHwxfHNlYXJjaHw0fHxjb3VyaWVyJTIwZGVsaXZlcnklMjBwZXJzb24lMjBtb3RvcmN5Y2xlfGVufDB8MHx8fDE3NzAxNDI0NjJ8MA&ixlib=rb-4.1.0&q=80&w=1080"; readonly DELIVERY_RIDER_4: "https://images.unsplash.com/photo-1616915939238-2a7a363d45c4?crop=entropy&cs=tinysrgb&fit=max&fm=jpg&ixid=M3w4Mzc5NTV8MHwxfHNlYXJjaHw2fHxjb3VyaWVyJTIwZGVsaXZlcnklMjBwZXJzb24lMjBtb3RvcmN5Y2xlfGVufDB8MHx8fDE3NzAxNDI0NjJ8MA&ixlib=rb-4.1.0&q=80&w=1080"; readonly DELIVERY_RIDER_5: "https://images.unsplash.com/photo-1683553170878-049f180627b0?crop=entropy&cs=tinysrgb&fit=max&fm=jpg&ixid=M3w4Mzc5NTV8MHwxfHNlYXJjaHw5fHxjb3VyaWVyJTIwZGVsaXZlcnklMjBwZXJzb24lMjBtb3RvcmN5Y2xlfGVufDB8MHx8fDE3NzAxNDI0NjJ8MA&ixlib=rb-4.1.0&q=80&w=1080"; readonly DELIVERY_RIDER_6: "https://images.unsplash.com/photo-1767114648562-399d88d7362d?crop=entropy&cs=tinysrgb&fit=max&fm=jpg&ixid=M3w4Mzc5NTV8MHwxfHNlYXJjaHwxfHxjb3VyaWVyJTIwZGVsaXZlcnklMjBwZXJzb24lMjBtb3RvcmN5Y2xlfGVufDB8MHx8fDE3NzAxNDI0NjJ8MA&ixlib=rb-4.1.0&q=80&w=1080"; readonly DELIVERY_RIDER_7: "https://images.unsplash.com/photo-1766421687400-e7e742d6f39d?crop=entropy&cs=tinysrgb&fit=max&fm=jpg&ixid=M3w4Mzc5NTV8MHwxfHNlYXJjaHwyfHxjb3VyaWVyJTIwZGVsaXZlcnklMjBwZXJzb24lMjBtb3RvcmN5Y2xlfGVufDB8MHx8fDE3NzAxNDI0NjJ8MA&ixlib=rb-4.1.0&q=80&w=1080"; readonly DELIVERY_RIDER_8: "https://images.unsplash.com/photo-1758202292832-5e036fd03e25?crop=entropy&cs=tinysrgb&fit=max&fm=jpg&ixid=M3w4Mzc5NTV8MHwxfHNlYXJjaHwzfHxjb3VyaWVyJTIwZGVsaXZlcnklMjBwZXJzb24lMjBtb3RvcmN5Y2xlfGVufDB8MHx8fDE3NzAxNDI0NjJ8MA&ixlib=rb-4.1.0&q=80&w=1080"; readonly DELIVERY_RIDER_9: "https://images.unsplash.com/photo-1754765542364-7def1d509bb8?crop=entropy&cs=tinysrgb&fit=max&fm=jpg&ixid=M3w4Mzc5NTV8MHwxfHNlYXJjaHw3fHxjb3VyaWVyJTIwZGVsaXZlcnklMjBwZXJzb24lMjBtb3RvcmN5Y2xlfGVufDB8MHx8fDE3NzAxNDI0NjJ8MA&ixlib=rb-4.1.0&q=80&w=1080"; readonly IC_LAUNCHER_45: "/images/ic_launcher.webp"; readonly IC_LAUNCHER_47: "/images/ic_launcher.webp"; readonly IC_LAUNCHER_48: "/images/ic_launcher.webp"; readonly IC_LAUNCHER_51: "/images/ic_launcher.webp"; readonly IC_LAUNCHER_53: "/images/ic_launcher.webp"; readonly IC_LAUNCHER_56: "/images/ic_launcher.webp"; readonly IC_LAUNCHER_58: "/images/ic_launcher.webp"; readonly IC_LAUNCHER_59: "/images/ic_launcher.webp"; readonly IC_LAUNCHER_62: "/images/ic_launcher.webp"; readonly IC_LAUNCHER_64: "/images/ic_launcher.webp"; readonly IC_LAUNCHER_ROUND_46: "/images/ic_launcher_round.webp"; readonly IC_LAUNCHER_ROUND_49: "/images/ic_launcher_round.webp"; readonly IC_LAUNCHER_ROUND_50: "/images/ic_launcher_round.webp"; readonly IC_LAUNCHER_ROUND_52: "/images/ic_launcher_round.webp"; readonly IC_LAUNCHER_ROUND_54: "/images/ic_launcher_round.webp"; readonly IC_LAUNCHER_ROUND_57: "/images/ic_launcher_round.webp"; readonly IC_LAUNCHER_ROUND_60: "/images/ic_launcher_round.webp"; readonly IC_LAUNCHER_ROUND_61: "/images/ic_launcher_round.webp"; readonly IC_LAUNCHER_ROUND_63: "/images/ic_launcher_round.webp"; readonly IC_LAUNCHER_ROUND_65: "/images/ic_launcher_round.webp"; readonly LOGISTICS_HERO_1: "https://images.unsplash.com/photo-1532635042-a6f6ad4745f9?crop=entropy&cs=tinysrgb&fit=max&fm=jpg&ixid=M3w4MTk0NTh8MHwxfHNlYXJjaHw3fHxkZWxpdmVyeSUyMHRydWNrJTIwbG9naXN0aWNzJTIwd2FyZWhvdXNlfGVufDB8MHx8fDE3NzAxNDI0NjJ8MA&ixlib=rb-4.1.0&q=80&w=1080"; readonly LOGISTICS_HERO_10: "https://images.unsplash.com/photo-1739863305982-f7354315b2bd?crop=entropy&cs=tinysrgb&fit=max&fm=jpg&ixid=M3w4MTk0NTh8MHwxfHNlYXJjaHwxMHx8ZGVsaXZlcnklMjB0cnVjayUyMGxvZ2lzdGljcyUyMHdhcmVob3VzZXxlbnwwfDB8fHwxNzcwMTQyNDYyfDA&ixlib=rb-4.1.0&q=80&w=1080"; readonly LOGISTICS_HERO_2: "https://images.unsplash.com/photo-1601912552080-0fb89fd08042?crop=entropy&cs=tinysrgb&fit=max&fm=jpg&ixid=M3w4MTk0NTh8MHwxfHNlYXJjaHw1fHxkZWxpdmVyeSUyMHRydWNrJTIwbG9naXN0aWNzJTIwd2FyZWhvdXNlfGVufDB8MHx8fDE3NzAxNDI0NjJ8MA&ixlib=rb-4.1.0&q=80&w=1080"; readonly LOGISTICS_HERO_3: "https://images.unsplash.com/photo-1611938845621-f7d331a14255?crop=entropy&cs=tinysrgb&fit=max&fm=jpg&ixid=M3w4MTk0NTh8MHwxfHNlYXJjaHwyfHxkZWxpdmVyeSUyMHRydWNrJTIwbG9naXN0aWNzJTIwd2FyZWhvdXNlfGVufDB8MHx8fDE3NzAxNDI0NjJ8MA&ixlib=rb-4.1.0&q=80&w=1080"; readonly LOGISTICS_HERO_4: "https://images.unsplash.com/photo-1681514583222-0579e6835666?crop=entropy&cs=tinysrgb&fit=max&fm=jpg&ixid=M3w4MTk0NTh8MHwxfHNlYXJjaHw2fHxkZWxpdmVyeSUyMHRydWNrJTIwbG9naXN0aWNzJTIwd2FyZWhvdXNlfGVufDB8MHx8fDE3NzAxNDI0NjJ8MA&ixlib=rb-4.1.0&q=80&w=1080"; readonly LOGISTICS_HERO_5: "https://images.unsplash.com/photo-1613354382403-28066cf657b3?crop=entropy&cs=tinysrgb&fit=max&fm=jpg&ixid=M3w4MTk0NTh8MHwxfHNlYXJjaHwzfHxkZWxpdmVyeSUyMHRydWNrJTIwbG9naXN0aWNzJTIwd2FyZWhvdXNlfGVufDB8MHx8fDE3NzAxNDI0NjJ8MA&ixlib=rb-4.1.0&q=80&w=1080"; readonly LOGISTICS_HERO_6: "https://images.unsplash.com/photo-1732435527614-8336ebd1e82c?crop=entropy&cs=tinysrgb&fit=max&fm=jpg&ixid=M3w4MTk0NTh8MHwxfHNlYXJjaHw4fHxkZWxpdmVyeSUyMHRydWNrJTIwbG9naXN0aWNzJTIwd2FyZWhvdXNlfGVufDB8MHx8fDE3NzAxNDI0NjJ8MA&ixlib=rb-4.1.0&q=80&w=1080"; readonly LOGISTICS_HERO_7: "https://images.unsplash.com/photo-1762251374590-64962c1a451c?crop=entropy&cs=tinysrgb&fit=max&fm=jpg&ixid=M3w4MTk0NTh8MHwxfHNlYXJjaHwxfHxkZWxpdmVyeSUyMHRydWNrJTIwbG9naXN0aWNzJTIwd2FyZWhvdXNlfGVufDB8MHx8fDE3NzAxNDI0NjJ8MA&ixlib=rb-4.1.0&q=80&w=1080"; readonly LOGISTICS_HERO_8: "https://images.unsplash.com/photo-1681514583213-7b8e47eb1953?crop=entropy&cs=tinysrgb&fit=max&fm=jpg&ixid=M3w4MTk0NTh8MHwxfHNlYXJjaHw0fHxkZWxpdmVyeSUyMHRydWNrJTIwbG9naXN0aWNzJTIwd2FyZWhvdXNlfGVufDB8MHx8fDE3NzAxNDI0NjJ8MA&ixlib=rb-4.1.0&q=80&w=1080"; readonly LOGISTICS_HERO_9: "https://images.unsplash.com/photo-1730309529959-e305b3199c01?crop=entropy&cs=tinysrgb&fit=max&fm=jpg&ixid=M3w4MTk0NTh8MHwxfHNlYXJjaHw5fHxkZWxpdmVyeSUyMHRydWNrJTIwbG9naXN0aWNzJTIwd2FyZWhvdXNlfGVufDB8MHx8fDE3NzAxNDI0NjJ8MA&ixlib=rb-4.1.0&q=80&w=1080"; readonly MOBILE_INTERFACE_1: "https://images.unsplash.com/photo-1592323401640-9c24ed330baf?crop=entropy&cs=tinysrgb&fit=max&fm=jpg&ixid=M3w4NDU2OTd8MHwxfHNlYXJjaHw0fHxtb2JpbGUlMjBhcHAlMjBkZWxpdmVyeSUyMGludGVyZmFjZXxlbnwwfDF8fHwxNzcwMTQyNDYzfDA&ixlib=rb-4.1.0&q=80&w=1080"; readonly MOBILE_INTERFACE_2: "https://images.unsplash.com/photo-1570894808314-677b57f25e45?crop=entropy&cs=tinysrgb&fit=max&fm=jpg&ixid=M3w4NDU2OTd8MHwxfHNlYXJjaHwyfHxtb2JpbGUlMjBhcHAlMjBkZWxpdmVyeSUyMGludGVyZmFjZXxlbnwwfDF8fHwxNzcwMTQyNDYzfDA&ixlib=rb-4.1.0&q=80&w=1080"; readonly MOBILE_INTERFACE_3: "https://images.unsplash.com/photo-1605600659802-1353d7fd3732?crop=entropy&cs=tinysrgb&fit=max&fm=jpg&ixid=M3w4NDU2OTd8MHwxfHNlYXJjaHw3fHxtb2JpbGUlMjBhcHAlMjBkZWxpdmVyeSUyMGludGVyZmFjZXxlbnwwfDF8fHwxNzcwMTQyNDYzfDA&ixlib=rb-4.1.0&q=80&w=1080"; readonly MOBILE_INTERFACE_4: "https://images.unsplash.com/photo-1661358788054-9988c0778447?crop=entropy&cs=tinysrgb&fit=max&fm=jpg&ixid=M3w4NDU2OTd8MHwxfHNlYXJjaHw1fHxtb2JpbGUlMjBhcHAlMjBkZWxpdmVyeSUyMGludGVyZmFjZXxlbnwwfDF8fHwxNzcwMTQyNDYzfDA&ixlib=rb-4.1.0&q=80&w=1080"; readonly MOBILE_INTERFACE_5: "https://images.unsplash.com/photo-1746286721374-cd541e26911a?crop=entropy&cs=tinysrgb&fit=max&fm=jpg&ixid=M3w4NDU2OTd8MHwxfHNlYXJjaHw2fHxtb2JpbGUlMjBhcHAlMjBkZWxpdmVyeSUyMGludGVyZmFjZXxlbnwwfDF8fHwxNzcwMTQyNDYzfDA&ixlib=rb-4.1.0&q=80&w=1080"; readonly MOBILE_INTERFACE_6: "https://images.unsplash.com/photo-1760888549280-4aef010720bd?crop=entropy&cs=tinysrgb&fit=max&fm=jpg&ixid=M3w4NDU2OTd8MHwxfHNlYXJjaHwxfHxtb2JpbGUlMjBhcHAlMjBkZWxpdmVyeSUyMGludGVyZmFjZXxlbnwwfDF8fHwxNzcwMTQyNDYzfDA&ixlib=rb-4.1.0&q=80&w=1080"; readonly MOBILE_INTERFACE_7: "https://images.unsplash.com/photo-1621691187532-bbeb671757ac?crop=entropy&cs=tinysrgb&fit=max&fm=jpg&ixid=M3w4NDU2OTd8MHwxfHNlYXJjaHwzfHxtb2JpbGUlMjBhcHAlMjBkZWxpdmVyeSUyMGludGVyZmFjZXxlbnwwfDF8fHwxNzcwMTQyNDYzfDA&ixlib=rb-4.1.0&q=80&w=1080"; readonly MOBILE_INTERFACE_8: "https://images.unsplash.com/photo-1621691177818-bcd7c032ef26?crop=entropy&cs=tinysrgb&fit=max&fm=jpg&ixid=M3w4NDU2OTd8MHwxfHNlYXJjaHw4fHxtb2JpbGUlMjBhcHAlMjBkZWxpdmVyeSUyMGludGVyZmFjZXxlbnwwfDF8fHwxNzcwMTQyNDYzfDA&ixlib=rb-4.1.0&q=80&w=1080"; readonly MOBILE_TRACKING_1: "https://images.unsplash.com/photo-1570894808314-677b57f25e45?crop=entropy&cs=tinysrgb&fit=max&fm=jpg&ixid=M3w4NDU5NTF8MHwxfHNlYXJjaHw2fHxzbWFydHBob25lJTIwZGVsaXZlcnklMjB0cmFja2luZyUyMGFwcHxlbnwwfDF8fHwxNzcwMTg2MzYwfDA&ixlib=rb-4.1.0&q=80&w=1080"; readonly MOBILE_TRACKING_10: "https://images.unsplash.com/photo-1750179990399-96757d9aa8a0?crop=entropy&cs=tinysrgb&fit=max&fm=jpg&ixid=M3w4NDU5NTF8MHwxfHNlYXJjaHw4fHxzbWFydHBob25lJTIwZGVsaXZlcnklMjB0cmFja2luZyUyMGFwcHxlbnwwfDF8fHwxNzcwMTg2MzYwfDA&ixlib=rb-4.1.0&q=80&w=1080"; readonly MOBILE_TRACKING_2: "https://images.unsplash.com/photo-1651493355781-20b4e12f3231?crop=entropy&cs=tinysrgb&fit=max&fm=jpg&ixid=M3w4NDU5NTF8MHwxfHNlYXJjaHw0fHxzbWFydHBob25lJTIwZGVsaXZlcnklMjB0cmFja2luZyUyMGFwcHxlbnwwfDF8fHwxNzcwMTg2MzYwfDA&ixlib=rb-4.1.0&q=80&w=1080"; readonly MOBILE_TRACKING_3: "https://images.unsplash.com/photo-1607783822349-805fc62715dd?crop=entropy&cs=tinysrgb&fit=max&fm=jpg&ixid=M3w4NDU5NTF8MHwxfHNlYXJjaHwxMHx8c21hcnRwaG9uZSUyMGRlbGl2ZXJ5JTIwdHJhY2tpbmclMjBhcHB8ZW58MHwxfHx8MTc3MDE4NjM2MHww&ixlib=rb-4.1.0&q=80&w=1080"; readonly MOBILE_TRACKING_4: "https://images.unsplash.com/photo-1706814901248-5ac8b312c5f3?crop=entropy&cs=tinysrgb&fit=max&fm=jpg&ixid=M3w4NDU5NTF8MHwxfHNlYXJjaHwxfHxzbWFydHBob25lJTIwZGVsaXZlcnklMjB0cmFja2luZyUyMGFwcHxlbnwwfDF8fHwxNzcwMTg2MzYwfDA&ixlib=rb-4.1.0&q=80&w=1080"; readonly MOBILE_TRACKING_5: "https://images.unsplash.com/photo-1692681157014-2f7ee75c0ea0?crop=entropy&cs=tinysrgb&fit=max&fm=jpg&ixid=M3w4NDU5NTF8MHwxfHNlYXJjaHwyfHxzbWFydHBob25lJTIwZGVsaXZlcnklMjB0cmFja2luZyUyMGFwcHxlbnwwfDF8fHwxNzcwMTg2MzYwfDA&ixlib=rb-4.1.0&q=80&w=1080"; readonly MOBILE_TRACKING_6: "https://images.unsplash.com/photo-1640017438849-15957fd5b277?crop=entropy&cs=tinysrgb&fit=max&fm=jpg&ixid=M3w4NDU5NTF8MHwxfHNlYXJjaHw1fHxzbWFydHBob25lJTIwZGVsaXZlcnklMjB0cmFja2luZyUyMGFwcHxlbnwwfDF8fHwxNzcwMTg2MzYwfDA&ixlib=rb-4.1.0&q=80&w=1080"; readonly MOBILE_TRACKING_7: "https://images.unsplash.com/photo-1661358788054-9988c0778447?crop=entropy&cs=tinysrgb&fit=max&fm=jpg&ixid=M3w4NDU5NTF8MHwxfHNlYXJjaHwzfHxzbWFydHBob25lJTIwZGVsaXZlcnklMjB0cmFja2luZyUyMGFwcHxlbnwwfDF8fHwxNzcwMTg2MzYwfDA&ixlib=rb-4.1.0&q=80&w=1080"; readonly MOBILE_TRACKING_8: "https://images.unsplash.com/photo-1724246981341-bd289296c157?crop=entropy&cs=tinysrgb&fit=max&fm=jpg&ixid=M3w4NDU5NTF8MHwxfHNlYXJjaHw5fHxzbWFydHBob25lJTIwZGVsaXZlcnklMjB0cmFja2luZyUyMGFwcHxlbnwwfDF8fHwxNzcwMTg2MzYwfDA&ixlib=rb-4.1.0&q=80&w=1080"; readonly MOBILE_TRACKING_9: "https://images.unsplash.com/photo-1621691187532-bbeb671757ac?crop=entropy&cs=tinysrgb&fit=max&fm=jpg&ixid=M3w4NDU5NTF8MHwxfHNlYXJjaHw3fHxzbWFydHBob25lJTIwZGVsaXZlcnklMjB0cmFja2luZyUyMGFwcHxlbnwwfDF8fHwxNzcwMTg2MzYwfDA&ixlib=rb-4.1.0&q=80&w=1080"; readonly RIDER_DELIVERY_1: "https://images.unsplash.com/photo-1558899367-3cd83fb31ed8?crop=entropy&cs=tinysrgb&fit=max&fm=jpg&ixid=M3w4Mzc5NTV8MHwxfHNlYXJjaHw1fHxkZWxpdmVyeSUyMGRyaXZlciUyMG1vdG9yY3ljbGV8ZW58MHwwfHx8MTc3MDE4NjM2MXww&ixlib=rb-4.1.0&q=80&w=1080"; readonly RIDER_DELIVERY_10: "https://images.unsplash.com/photo-1763750648120-7e52c57eb26e?crop=entropy&cs=tinysrgb&fit=max&fm=jpg&ixid=M3w4Mzc5NTV8MHwxfHNlYXJjaHwxMHx8ZGVsaXZlcnklMjBkcml2ZXIlMjBtb3RvcmN5Y2xlfGVufDB8MHx8fDE3NzAxODYzNjF8MA&ixlib=rb-4.1.0&q=80&w=1080"; readonly RIDER_DELIVERY_2: "https://images.unsplash.com/photo-1558899293-c6204574fcd4?crop=entropy&cs=tinysrgb&fit=max&fm=jpg&ixid=M3w4Mzc5NTV8MHwxfHNlYXJjaHwzfHxkZWxpdmVyeSUyMGRyaXZlciUyMG1vdG9yY3ljbGV8ZW58MHwwfHx8MTc3MDE4NjM2MXww&ixlib=rb-4.1.0&q=80&w=1080"; readonly RIDER_DELIVERY_3: "https://images.unsplash.com/photo-1765608461706-2678e824ed15?crop=entropy&cs=tinysrgb&fit=max&fm=jpg&ixid=M3w4Mzc5NTV8MHwxfHNlYXJjaHw4fHxkZWxpdmVyeSUyMGRyaXZlciUyMG1vdG9yY3ljbGV8ZW58MHwwfHx8MTc3MDE4NjM2MXww&ixlib=rb-4.1.0&q=80&w=1080"; readonly RIDER_DELIVERY_4: "https://images.unsplash.com/photo-1767114648562-399d88d7362d?crop=entropy&cs=tinysrgb&fit=max&fm=jpg&ixid=M3w4Mzc5NTV8MHwxfHNlYXJjaHwxfHxkZWxpdmVyeSUyMGRyaXZlciUyMG1vdG9yY3ljbGV8ZW58MHwwfHx8MTc3MDE4NjM2MXww&ixlib=rb-4.1.0&q=80&w=1080"; readonly RIDER_DELIVERY_5: "https://images.unsplash.com/photo-1765808172074-702dc0371f93?crop=entropy&cs=tinysrgb&fit=max&fm=jpg&ixid=M3w4Mzc5NTV8MHwxfHNlYXJjaHwyfHxkZWxpdmVyeSUyMGRyaXZlciUyMG1vdG9yY3ljbGV8ZW58MHwwfHx8MTc3MDE4NjM2MXww&ixlib=rb-4.1.0&q=80&w=1080"; readonly RIDER_DELIVERY_6: "https://images.unsplash.com/photo-1766170507518-e7a6ca397e1c?crop=entropy&cs=tinysrgb&fit=max&fm=jpg&ixid=M3w4Mzc5NTV8MHwxfHNlYXJjaHw0fHxkZWxpdmVyeSUyMGRyaXZlciUyMG1vdG9yY3ljbGV8ZW58MHwwfHx8MTc3MDE4NjM2MXww&ixlib=rb-4.1.0&q=80&w=1080"; readonly RIDER_DELIVERY_7: "https://images.unsplash.com/photo-1762944080592-b0d779ef65ae?crop=entropy&cs=tinysrgb&fit=max&fm=jpg&ixid=M3w4Mzc5NTV8MHwxfHNlYXJjaHw2fHxkZWxpdmVyeSUyMGRyaXZlciUyMG1vdG9yY3ljbGV8ZW58MHwwfHx8MTc3MDE4NjM2MXww&ixlib=rb-4.1.0&q=80&w=1080"; readonly RIDER_DELIVERY_8: "https://images.unsplash.com/photo-1758777151107-b4573745d6c0?crop=entropy&cs=tinysrgb&fit=max&fm=jpg&ixid=M3w4Mzc5NTV8MHwxfHNlYXJjaHw3fHxkZWxpdmVyeSUyMGRyaXZlciUyMG1vdG9yY3ljbGV8ZW58MHwwfHx8MTc3MDE4NjM2MXww&ixlib=rb-4.1.0&q=80&w=1080"; readonly RIDER_DELIVERY_9: "https://images.unsplash.com/photo-1766421687400-e7e742d6f39d?crop=entropy&cs=tinysrgb&fit=max&fm=jpg&ixid=M3w4Mzc5NTV8MHwxfHNlYXJjaHw5fHxkZWxpdmVyeSUyMGRyaXZlciUyMG1vdG9yY3ljbGV8ZW58MHwwfHx8MTc3MDE4NjM2MXww&ixlib=rb-4.1.0&q=80&w=1080"; readonly SCREENSHOT1095_123: "/images/Screenshot1095.png"; readonly SCREENSHOT1487_125: "/images/Screenshot1487.png"; readonly SCREENSHOT3252_118: "/images/Screenshot3252.png"; readonly SCREENSHOT3650_120: "/images/Screenshot3650.png"; readonly SCREENSHOT5040_127: "/images/Screenshot5040.png"; readonly SCREENSHOT5867_121: "/images/Screenshot5867.png"; readonly SCREENSHOT5897_122: "/images/Screenshot5897.png"; readonly SCREENSHOT6115_117: "/images/Screenshot6115.png"; readonly SCREENSHOT6534_126: "/images/Screenshot6534.png"; readonly SCREENSHOT8648_119: "/images/Screenshot8648.png"; readonly SCREENSHOT9336_124: "/images/Screenshot9336.png"; readonly TRACKING_DASHBOARD_1: "https://images.unsplash.com/photo-1640552435845-d65c23b75934?crop=entropy&cs=tinysrgb&fit=max&fm=jpg&ixid=M3w4NDU5NTF8MHwxfHNlYXJjaHwxfHxwYWNrYWdlJTIwdHJhY2tpbmclMjBkYXNoYm9hcmQlMjBzY3JlZW58ZW58MHwwfHx8MTc3MDE0MjQ2Mnww&ixlib=rb-4.1.0&q=80&w=1080"; readonly TRACKING_DASHBOARD_2: "https://images.unsplash.com/photo-1728917330520-9456e3f49529?crop=entropy&cs=tinysrgb&fit=max&fm=jpg&ixid=M3w4NDU5NTF8MHwxfHNlYXJjaHw0fHxwYWNrYWdlJTIwdHJhY2tpbmclMjBkYXNoYm9hcmQlMjBzY3JlZW58ZW58MHwwfHx8MTc3MDE0MjQ2Mnww&ixlib=rb-4.1.0&q=80&w=1080"; readonly TRACKING_DASHBOARD_3: "https://images.unsplash.com/photo-1603596155917-4ec2f4324db0?crop=entropy&cs=tinysrgb&fit=max&fm=jpg&ixid=M3w4NDU5NTF8MHwxfHNlYXJjaHwzfHxwYWNrYWdlJTIwdHJhY2tpbmclMjBkYXNoYm9hcmQlMjBzY3JlZW58ZW58MHwwfHx8MTc3MDE0MjQ2Mnww&ixlib=rb-4.1.0&q=80&w=1080"; readonly TRACKING_DASHBOARD_4: "https://images.unsplash.com/photo-1545340914-8557aa9714e6?crop=entropy&cs=tinysrgb&fit=max&fm=jpg&ixid=M3w4NDU5NTF8MHwxfHNlYXJjaHw3fHxwYWNrYWdlJTIwdHJhY2tpbmclMjBkYXNoYm9hcmQlMjBzY3JlZW58ZW58MHwwfHx8MTc3MDE0MjQ2Mnww&ixlib=rb-4.1.0&q=80&w=1080"; readonly TRACKING_DASHBOARD_5: "https://images.unsplash.com/photo-1738499105721-fb2f8038ec8d?crop=entropy&cs=tinysrgb&fit=max&fm=jpg&ixid=M3w4NDU5NTF8MHwxfHNlYXJjaHw4fHxwYWNrYWdlJTIwdHJhY2tpbmclMjBkYXNoYm9hcmQlMjBzY3JlZW58ZW58MHwwfHx8MTc3MDE0MjQ2Mnww&ixlib=rb-4.1.0&q=80&w=1080"; readonly TRACKING_DASHBOARD_6: "https://images.unsplash.com/photo-1723000545910-de8498a26698?crop=entropy&cs=tinysrgb&fit=max&fm=jpg&ixid=M3w4NDU5NTF8MHwxfHNlYXJjaHw2fHxwYWNrYWdlJTIwdHJhY2tpbmclMjBkYXNoYm9hcmQlMjBzY3JlZW58ZW58MHwwfHx8MTc3MDE0MjQ2Mnww&ixlib=rb-4.1.0&q=80&w=1080"; readonly TRACKING_DASHBOARD_7: "https://images.unsplash.com/photo-1768223927969-f08af51cf730?crop=entropy&cs=tinysrgb&fit=max&fm=jpg&ixid=M3w4NDU5NTF8MHwxfHNlYXJjaHwyfHxwYWNrYWdlJTIwdHJhY2tpbmclMjBkYXNoYm9hcmQlMjBzY3JlZW58ZW58MHwwfHx8MTc3MDE0MjQ2Mnww&ixlib=rb-4.1.0&q=80&w=1080"; readonly TRACKING_DASHBOARD_8: "https://images.unsplash.com/photo-1725777634077-e19c68ac1c4e?crop=entropy&cs=tinysrgb&fit=max&fm=jpg&ixid=M3w4NDU5NTF8MHwxfHNlYXJjaHw1fHxwYWNrYWdlJTIwdHJhY2tpbmclMjBkYXNoYm9hcmQlMjBzY3JlZW58ZW58MHwwfHx8MTc3MDE0MjQ2Mnww&ixlib=rb-4.1.0&q=80&w=1080"; readonly WAREHOUSE_OPS_1: "https://images.unsplash.com/photo-1724709162875-fe100dd0e04b?crop=entropy&cs=tinysrgb&fit=max&fm=jpg&ixid=M3w4NDU5NTF8MHwxfHNlYXJjaHw0fHx3YXJlaG91c2UlMjBtYW5hZ2VtZW50JTIwaW52ZW50b3J5fGVufDB8MHx8fDE3NzAxNDI0NjJ8MA&ixlib=rb-4.1.0&q=80&w=1080"; readonly WAREHOUSE_OPS_10: "https://images.unsplash.com/photo-1769698631158-c1f42e6281cc?crop=entropy&cs=tinysrgb&fit=max&fm=jpg&ixid=M3w4MTk0NTh8MHwxfHNlYXJjaHwyfHx3YXJlaG91c2UlMjBsb2dpc3RpY3MlMjBvcGVyYXRpb25zfGVufDB8MHx8fDE3NzAxODYzNjB8MA&ixlib=rb-4.1.0&q=80&w=1080"; readonly WAREHOUSE_OPS_11: "https://images.unsplash.com/photo-1768796372629-a4e7db99e474?crop=entropy&cs=tinysrgb&fit=max&fm=jpg&ixid=M3w4MTk0NTh8MHwxfHNlYXJjaHwzfHx3YXJlaG91c2UlMjBsb2dpc3RpY3MlMjBvcGVyYXRpb25zfGVufDB8MHx8fDE3NzAxODYzNjB8MA&ixlib=rb-4.1.0&q=80&w=1080"; readonly WAREHOUSE_OPS_12: "https://images.unsplash.com/photo-1768796373634-db43bfd5f064?crop=entropy&cs=tinysrgb&fit=max&fm=jpg&ixid=M3w4MTk0NTh8MHwxfHNlYXJjaHw0fHx3YXJlaG91c2UlMjBsb2dpc3RpY3MlMjBvcGVyYXRpb25zfGVufDB8MHx8fDE3NzAxODYzNjB8MA&ixlib=rb-4.1.0&q=80&w=1080"; readonly WAREHOUSE_OPS_13: "https://images.unsplash.com/photo-1769700821886-e10fa7946ceb?crop=entropy&cs=tinysrgb&fit=max&fm=jpg&ixid=M3w4MTk0NTh8MHwxfHNlYXJjaHw1fHx3YXJlaG91c2UlMjBsb2dpc3RpY3MlMjBvcGVyYXRpb25zfGVufDB8MHx8fDE3NzAxODYzNjB8MA&ixlib=rb-4.1.0&q=80&w=1080"; readonly WAREHOUSE_OPS_14: "https://images.unsplash.com/photo-1769698821962-dc7ea5f9b2bc?crop=entropy&cs=tinysrgb&fit=max&fm=jpg&ixid=M3w4MTk0NTh8MHwxfHNlYXJjaHw2fHx3YXJlaG91c2UlMjBsb2dpc3RpY3MlMjBvcGVyYXRpb25zfGVufDB8MHx8fDE3NzAxODYzNjB8MA&ixlib=rb-4.1.0&q=80&w=1080"; readonly WAREHOUSE_OPS_15: "https://images.unsplash.com/photo-1769701164670-e819d92cc602?crop=entropy&cs=tinysrgb&fit=max&fm=jpg&ixid=M3w4MTk0NTh8MHwxfHNlYXJjaHw3fHx3YXJlaG91c2UlMjBsb2dpc3RpY3MlMjBvcGVyYXRpb25zfGVufDB8MHx8fDE3NzAxODYzNjB8MA&ixlib=rb-4.1.0&q=80&w=1080"; readonly WAREHOUSE_OPS_16: "https://images.unsplash.com/photo-1768796372478-f3c46af523a9?crop=entropy&cs=tinysrgb&fit=max&fm=jpg&ixid=M3w4MTk0NTh8MHwxfHNlYXJjaHw4fHx3YXJlaG91c2UlMjBsb2dpc3RpY3MlMjBvcGVyYXRpb25zfGVufDB8MHx8fDE3NzAxODYzNjB8MA&ixlib=rb-4.1.0&q=80&w=1080"; readonly WAREHOUSE_OPS_17: "https://images.unsplash.com/photo-1769700821917-df00d0f3e621?crop=entropy&cs=tinysrgb&fit=max&fm=jpg&ixid=M3w4MTk0NTh8MHwxfHNlYXJjaHw5fHx3YXJlaG91c2UlMjBsb2dpc3RpY3MlMjBvcGVyYXRpb25zfGVufDB8MHx8fDE3NzAxODYzNjB8MA&ixlib=rb-4.1.0&q=80&w=1080"; readonly WAREHOUSE_OPS_18: "https://images.unsplash.com/photo-1768796371989-411938b4d07b?crop=entropy&cs=tinysrgb&fit=max&fm=jpg&ixid=M3w4MTk0NTh8MHwxfHNlYXJjaHwxMHx8d2FyZWhvdXNlJTIwbG9naXN0aWNzJTIwb3BlcmF0aW9uc3xlbnwwfDB8fHwxNzcwMTg2MzYwfDA&ixlib=rb-4.1.0&q=80&w=1080"; readonly WAREHOUSE_OPS_2: "https://images.unsplash.com/photo-1768796372478-f3c46af523a9?crop=entropy&cs=tinysrgb&fit=max&fm=jpg&ixid=M3w4NDU5NTF8MHwxfHNlYXJjaHwxfHx3YXJlaG91c2UlMjBtYW5hZ2VtZW50JTIwaW52ZW50b3J5fGVufDB8MHx8fDE3NzAxNDI0NjJ8MA&ixlib=rb-4.1.0&q=80&w=1080"; readonly WAREHOUSE_OPS_3: "https://images.unsplash.com/photo-1768796373634-db43bfd5f064?crop=entropy&cs=tinysrgb&fit=max&fm=jpg&ixid=M3w4NDU5NTF8MHwxfHNlYXJjaHwyfHx3YXJlaG91c2UlMjBtYW5hZ2VtZW50JTIwaW52ZW50b3J5fGVufDB8MHx8fDE3NzAxNDI0NjJ8MA&ixlib=rb-4.1.0&q=80&w=1080"; readonly WAREHOUSE_OPS_4: "https://images.unsplash.com/photo-1768796373360-95d80c5830fb?crop=entropy&cs=tinysrgb&fit=max&fm=jpg&ixid=M3w4NDU5NTF8MHwxfHNlYXJjaHwzfHx3YXJlaG91c2UlMjBtYW5hZ2VtZW50JTIwaW52ZW50b3J5fGVufDB8MHx8fDE3NzAxNDI0NjJ8MA&ixlib=rb-4.1.0&q=80&w=1080"; readonly WAREHOUSE_OPS_5: "https://images.unsplash.com/photo-1768796373577-2e6e51351165?crop=entropy&cs=tinysrgb&fit=max&fm=jpg&ixid=M3w4NDU5NTF8MHwxfHNlYXJjaHw1fHx3YXJlaG91c2UlMjBtYW5hZ2VtZW50JTIwaW52ZW50b3J5fGVufDB8MHx8fDE3NzAxNDI0NjJ8MA&ixlib=rb-4.1.0&q=80&w=1080"; readonly WAREHOUSE_OPS_6: "https://images.unsplash.com/photo-1768796372882-8b67936af681?crop=entropy&cs=tinysrgb&fit=max&fm=jpg&ixid=M3w4NDU5NTF8MHwxfHNlYXJjaHw2fHx3YXJlaG91c2UlMjBtYW5hZ2VtZW50JTIwaW52ZW50b3J5fGVufDB8MHx8fDE3NzAxNDI0NjJ8MA&ixlib=rb-4.1.0&q=80&w=1080"; readonly WAREHOUSE_OPS_7: "https://images.unsplash.com/photo-1768796373907-418e59aee549?crop=entropy&cs=tinysrgb&fit=max&fm=jpg&ixid=M3w4NDU5NTF8MHwxfHNlYXJjaHw3fHx3YXJlaG91c2UlMjBtYW5hZ2VtZW50JTIwaW52ZW50b3J5fGVufDB8MHx8fDE3NzAxNDI0NjJ8MA&ixlib=rb-4.1.0&q=80&w=1080"; readonly WAREHOUSE_OPS_8: "https://images.unsplash.com/photo-1768796372629-a4e7db99e474?crop=entropy&cs=tinysrgb&fit=max&fm=jpg&ixid=M3w4NDU5NTF8MHwxfHNlYXJjaHw4fHx3YXJlaG91c2UlMjBtYW5hZ2VtZW50JTIwaW52ZW50b3J5fGVufDB8MHx8fDE3NzAxNDI0NjJ8MA&ixlib=rb-4.1.0&q=80&w=1080"; readonly WAREHOUSE_OPS_9: "https://images.unsplash.com/photo-1768796373307-fc2f843660f8?crop=entropy&cs=tinysrgb&fit=max&fm=jpg&ixid=M3w4MTk0NTh8MHwxfHNlYXJjaHwxfHx3YXJlaG91c2UlMjBsb2dpc3RpY3MlMjBvcGVyYXRpb25zfGVufDB8MHx8fDE3NzAxODYzNjB8MA&ixlib=rb-4.1.0&q=80&w=1080"; }'.
src/pages/Delivery.tsx(306,43): error TS2339: Property 'receiverAddress' does not exist on type 'Shipment'.
src/pages/Delivery.tsx(324,97): error TS2339: Property 'awb_number' does not exist on type 'Shipment'.
src/pages/Delivery.tsx(332,90): error TS2339: Property 'dimensions' does not exist on type 'Shipment'.
src/pages/Delivery.tsx(336,101): error TS2551: Property 'created_at' does not exist on type 'Shipment'. Did you mean 'createdAt'?
src/pages/Delivery.tsx(368,93): error TS2339: Property 'awb_number' does not exist on type 'Shipment'.
src/pages/Delivery.tsx(371,38): error TS2339: Property 'history' does not exist on type 'Shipment'.
src/pages/Delivery.tsx(372,38): error TS2339: Property 'history' does not exist on type 'Shipment'.
src/pages/Delivery.tsx(378,52): error TS2339: Property 'history' does not exist on type 'Shipment'.
src/pages/Delivery.tsx(411,33): error TS2339: Property 'PACKAGE_TRACKING_2' does not exist on type '{ readonly ANALYTICS_DASH_1: "https://images.unsplash.com/photo-1551288049-bebda4e38f71?crop=entropy&cs=tinysrgb&fit=max&fm=jpg&ixid=M3w4Mzc5NTV8MHwxfHNlYXJjaHwxfHxkYXNoYm9hcmQlMjBhbmFseXRpY3MlMjBjaGFydHN8ZW58MHwwfHx8MTc3MDE4NjM2MXww&ixlib=rb-4.1.0&q=80&w=1080"; readonly ANALYTICS_DASH_10: "https://images.unsplash.com/photo-1666537072206-6a7a01ecb7d9?crop=entropy&cs=tinysrgb&fit=max&fm=jpg&ixid=M3w4Mzc5NTV8MHwxfHNlYXJjaHw2fHxkYXNoYm9hcmQlMjBhbmFseXRpY3MlMjBjaGFydHN8ZW58MHwwfHx8MTc3MDE4NjM2MXww&ixlib=rb-4.1.0&q=80&w=1080"; readonly ANALYTICS_DASH_2: "https://images.unsplash.com/photo-1686061593213-98dad7c599b9?crop=entropy&cs=tinysrgb&fit=max&fm=jpg&ixid=M3w4Mzc5NTV8MHwxfHNlYXJjaHw5fHxkYXNoYm9hcmQlMjBhbmFseXRpY3MlMjBjaGFydHN8ZW58MHwwfHx8MTc3MDE4NjM2MXww&ixlib=rb-4.1.0&q=80&w=1080"; readonly ANALYTICS_DASH_3: "https://images.unsplash.com/photo-1686061592689-312bbfb5c055?crop=entropy&cs=tinysrgb&fit=max&fm=jpg&ixid=M3w4Mzc5NTV8MHwxfHNlYXJjaHw3fHxkYXNoYm9hcmQlMjBhbmFseXRpY3MlMjBjaGFydHN8ZW58MHwwfHx8MTc3MDE4NjM2MXww&ixlib=rb-4.1.0&q=80&w=1080"; readonly ANALYTICS_DASH_4: "https://images.unsplash.com/photo-1586448317606-cb1ec00298fc?crop=entropy&cs=tinysrgb&fit=max&fm=jpg&ixid=M3w4Mzc5NTV8MHwxfHNlYXJjaHw4fHxkYXNoYm9hcmQlMjBhbmFseXRpY3MlMjBjaGFydHN8ZW58MHwwfHx8MTc3MDE4NjM2MXww&ixlib=rb-4.1.0&q=80&w=1080"; readonly ANALYTICS_DASH_5: "https://images.unsplash.com/photo-1635236190542-d43e4d4b9e4b?crop=entropy&cs=tinysrgb&fit=max&fm=jpg&ixid=M3w4Mzc5NTV8MHwxfHNlYXJjaHwxMHx8ZGFzaGJvYXJkJTIwYW5hbHl0aWNzJTIwY2hhcnRzfGVufDB8MHx8fDE3NzAxODYzNjF8MA&ixlib=rb-4.1.0&q=80&w=1080"; readonly ANALYTICS_DASH_6: "https://images.unsplash.com/photo-1639825752750-5061ded5503b?crop=entropy&cs=tinysrgb&fit=max&fm=jpg&ixid=M3w4Mzc5NTV8MHwxfHNlYXJjaHw1fHxkYXNoYm9hcmQlMjBhbmFseXRpY3MlMjBjaGFydHN8ZW58MHwwfHx8MTc3MDE4NjM2MXww&ixlib=rb-4.1.0&q=80&w=1080"; readonly ANALYTICS_DASH_7: "https://images.unsplash.com/photo-1721593979313-8661afd501c2?crop=entropy&cs=tinysrgb&fit=max&fm=jpg&ixid=M3w4Mzc5NTV8MHwxfHNlYXJjaHw0fHxkYXNoYm9hcmQlMjBhbmFseXRpY3MlMjBjaGFydHN8ZW58MHwwfHx8MTc3MDE4NjM2MXww&ixlib=rb-4.1.0&q=80&w=1080"; readonly ANALYTICS_DASH_8: "https://images.unsplash.com/photo-1758876202980-0a28b744fb24?crop=entropy&cs=tinysrgb&fit=max&fm=jpg&ixid=M3w4Mzc5NTV8MHwxfHNlYXJjaHwzfHxkYXNoYm9hcmQlMjBhbmFseXRpY3MlMjBjaGFydHN8ZW58MHwwfHx8MTc3MDE4NjM2MXww&ixlib=rb-4.1.0&q=80&w=1080"; readonly ANALYTICS_DASH_9: "https://images.unsplash.com/photo-1763038311036-6d18805537e5?crop=entropy&cs=tinysrgb&fit=max&fm=jpg&ixid=M3w4Mzc5NTV8MHwxfHNlYXJjaHwyfHxkYXNoYm9hcmQlMjBhbmFseXRpY3MlMjBjaGFydHN8ZW58MHwwfHx8MTc3MDE4NjM2MXww&ixlib=rb-4.1.0&q=80&w=1080"; readonly BRITIUM_LOGO_55: "/images/britium-logo.png"; readonly BRITIUM_LOGO_66: "/images/britium-logo.png"; readonly DELIVERY_HERO_1: "https://images.unsplash.com/photo-1580160667723-8f98952d1017?crop=entropy&cs=tinysrgb&fit=max&fm=jpg&ixid=M3w4NDU5NTF8MHwxfHNlYXJjaHw5fHxtb2Rlcm4lMjBkZWxpdmVyeSUyMHRydWNrJTIwbG9naXN0aWNzfGVufDB8MHx8fDE3NzAxODYzNjB8MA&ixlib=rb-4.1.0&q=80&w=1080"; readonly DELIVERY_HERO_10: "https://images.unsplash.com/photo-1760045788252-d8d386ea1d12?crop=entropy&cs=tinysrgb&fit=max&fm=jpg&ixid=M3w4NDU5NTF8MHwxfHNlYXJjaHwzfHxtb2Rlcm4lMjBkZWxpdmVyeSUyMHRydWNrJTIwbG9naXN0aWNzfGVufDB8MHx8fDE3NzAxODYzNjB8MA&ixlib=rb-4.1.0&q=80&w=1080"; readonly DELIVERY_HERO_2: "https://images.unsplash.com/photo-1547116262-a7365d627e61?crop=entropy&cs=tinysrgb&fit=max&fm=jpg&ixid=M3w4NDU5NTF8MHwxfHNlYXJjaHw4fHxtb2Rlcm4lMjBkZWxpdmVyeSUyMHRydWNrJTIwbG9naXN0aWNzfGVufDB8MHx8fDE3NzAxODYzNjB8MA&ixlib=rb-4.1.0&q=80&w=1080"; readonly DELIVERY_HERO_3: "https://images.unsplash.com/photo-1598317940377-d1e5402f1bed?crop=entropy&cs=tinysrgb&fit=max&fm=jpg&ixid=M3w4NDU5NTF8MHwxfHNlYXJjaHw0fHxtb2Rlcm4lMjBkZWxpdmVyeSUyMHRydWNrJTIwbG9naXN0aWNzfGVufDB8MHx8fDE3NzAxODYzNjB8MA&ixlib=rb-4.1.0&q=80&w=1080"; readonly DELIVERY_HERO_4: "https://images.unsplash.com/photo-1633155565182-16c06ed45ec5?crop=entropy&cs=tinysrgb&fit=max&fm=jpg&ixid=M3w4NDU5NTF8MHwxfHNlYXJjaHw3fHxtb2Rlcm4lMjBkZWxpdmVyeSUyMHRydWNrJTIwbG9naXN0aWNzfGVufDB8MHx8fDE3NzAxODYzNjB8MA&ixlib=rb-4.1.0&q=80&w=1080"; readonly DELIVERY_HERO_5: "https://images.unsplash.com/photo-1681514583222-0579e6835666?crop=entropy&cs=tinysrgb&fit=max&fm=jpg&ixid=M3w4NDU5NTF8MHwxfHNlYXJjaHw1fHxtb2Rlcm4lMjBkZWxpdmVyeSUyMHRydWNrJTIwbG9naXN0aWNzfGVufDB8MHx8fDE3NzAxODYzNjB8MA&ixlib=rb-4.1.0&q=80&w=1080"; readonly DELIVERY_HERO_6: "https://images.unsplash.com/photo-1662135426498-72a27149a7dd?crop=entropy&cs=tinysrgb&fit=max&fm=jpg&ixid=M3w4NDU5NTF8MHwxfHNlYXJjaHwxMHx8bW9kZXJuJTIwZGVsaXZlcnklMjB0cnVjayUyMGxvZ2lzdGljc3xlbnwwfDB8fHwxNzcwMTg2MzYwfDA&ixlib=rb-4.1.0&q=80&w=1080"; readonly DELIVERY_HERO_7: "https://images.unsplash.com/photo-1733662095268-7a88cb5fa10e?crop=entropy&cs=tinysrgb&fit=max&fm=jpg&ixid=M3w4NDU5NTF8MHwxfHNlYXJjaHw2fHxtb2Rlcm4lMjBkZWxpdmVyeSUyMHRydWNrJTIwbG9naXN0aWNzfGVufDB8MHx8fDE3NzAxODYzNjB8MA&ixlib=rb-4.1.0&q=80&w=1080"; readonly DELIVERY_HERO_8: "https://images.unsplash.com/photo-1762245752333-c1ef6315a30c?crop=entropy&cs=tinysrgb&fit=max&fm=jpg&ixid=M3w4NDU5NTF8MHwxfHNlYXJjaHwyfHxtb2Rlcm4lMjBkZWxpdmVyeSUyMHRydWNrJTIwbG9naXN0aWNzfGVufDB8MHx8fDE3NzAxODYzNjB8MA&ixlib=rb-4.1.0&q=80&w=1080"; readonly DELIVERY_HERO_9: "https://images.unsplash.com/photo-1746985106190-6c116edec9bc?crop=entropy&cs=tinysrgb&fit=max&fm=jpg&ixid=M3w4NDU5NTF8MHwxfHNlYXJjaHwxfHxtb2Rlcm4lMjBkZWxpdmVyeSUyMHRydWNrJTIwbG9naXN0aWNzfGVufDB8MHx8fDE3NzAxODYzNjB8MA&ixlib=rb-4.1.0&q=80&w=1080"; readonly DELIVERY_RIDER_1: "https://images.unsplash.com/photo-1648394794449-5dbe63f6a8b5?crop=entropy&cs=tinysrgb&fit=max&fm=jpg&ixid=M3w4Mzc5NTV8MHwxfHNlYXJjaHw1fHxjb3VyaWVyJTIwZGVsaXZlcnklMjBwZXJzb24lMjBtb3RvcmN5Y2xlfGVufDB8MHx8fDE3NzAxNDI0NjJ8MA&ixlib=rb-4.1.0&q=80&w=1080"; readonly DELIVERY_RIDER_10: "https://images.unsplash.com/photo-1706994742122-df69c7390a2b?crop=entropy&cs=tinysrgb&fit=max&fm=jpg&ixid=M3w4Mzc5NTV8MHwxfHNlYXJjaHwxMHx8Y291cmllciUyMGRlbGl2ZXJ5JTIwcGVyc29uJTIwbW90b3JjeWNsZXxlbnwwfDB8fHwxNzcwMTQyNDYyfDA&ixlib=rb-4.1.0&q=80&w=1080"; readonly DELIVERY_RIDER_2: "https://images.unsplash.com/photo-1642047291146-7916f38ebde0?crop=entropy&cs=tinysrgb&fit=max&fm=jpg&ixid=M3w4Mzc5NTV8MHwxfHNlYXJjaHw4fHxjb3VyaWVyJTIwZGVsaXZlcnklMjBwZXJzb24lMjBtb3RvcmN5Y2xlfGVufDB8MHx8fDE3NzAxNDI0NjJ8MA&ixlib=rb-4.1.0&q=80&w=1080"; readonly DELIVERY_RIDER_3: "https://images.unsplash.com/photo-1754765542024-c1320f23b75a?crop=entropy&cs=tinysrgb&fit=max&fm=jpg&ixid=M3w4Mzc5NTV8MHwxfHNlYXJjaHw0fHxjb3VyaWVyJTIwZGVsaXZlcnklMjBwZXJzb24lMjBtb3RvcmN5Y2xlfGVufDB8MHx8fDE3NzAxNDI0NjJ8MA&ixlib=rb-4.1.0&q=80&w=1080"; readonly DELIVERY_RIDER_4: "https://images.unsplash.com/photo-1616915939238-2a7a363d45c4?crop=entropy&cs=tinysrgb&fit=max&fm=jpg&ixid=M3w4Mzc5NTV8MHwxfHNlYXJjaHw2fHxjb3VyaWVyJTIwZGVsaXZlcnklMjBwZXJzb24lMjBtb3RvcmN5Y2xlfGVufDB8MHx8fDE3NzAxNDI0NjJ8MA&ixlib=rb-4.1.0&q=80&w=1080"; readonly DELIVERY_RIDER_5: "https://images.unsplash.com/photo-1683553170878-049f180627b0?crop=entropy&cs=tinysrgb&fit=max&fm=jpg&ixid=M3w4Mzc5NTV8MHwxfHNlYXJjaHw5fHxjb3VyaWVyJTIwZGVsaXZlcnklMjBwZXJzb24lMjBtb3RvcmN5Y2xlfGVufDB8MHx8fDE3NzAxNDI0NjJ8MA&ixlib=rb-4.1.0&q=80&w=1080"; readonly DELIVERY_RIDER_6: "https://images.unsplash.com/photo-1767114648562-399d88d7362d?crop=entropy&cs=tinysrgb&fit=max&fm=jpg&ixid=M3w4Mzc5NTV8MHwxfHNlYXJjaHwxfHxjb3VyaWVyJTIwZGVsaXZlcnklMjBwZXJzb24lMjBtb3RvcmN5Y2xlfGVufDB8MHx8fDE3NzAxNDI0NjJ8MA&ixlib=rb-4.1.0&q=80&w=1080"; readonly DELIVERY_RIDER_7: "https://images.unsplash.com/photo-1766421687400-e7e742d6f39d?crop=entropy&cs=tinysrgb&fit=max&fm=jpg&ixid=M3w4Mzc5NTV8MHwxfHNlYXJjaHwyfHxjb3VyaWVyJTIwZGVsaXZlcnklMjBwZXJzb24lMjBtb3RvcmN5Y2xlfGVufDB8MHx8fDE3NzAxNDI0NjJ8MA&ixlib=rb-4.1.0&q=80&w=1080"; readonly DELIVERY_RIDER_8: "https://images.unsplash.com/photo-1758202292832-5e036fd03e25?crop=entropy&cs=tinysrgb&fit=max&fm=jpg&ixid=M3w4Mzc5NTV8MHwxfHNlYXJjaHwzfHxjb3VyaWVyJTIwZGVsaXZlcnklMjBwZXJzb24lMjBtb3RvcmN5Y2xlfGVufDB8MHx8fDE3NzAxNDI0NjJ8MA&ixlib=rb-4.1.0&q=80&w=1080"; readonly DELIVERY_RIDER_9: "https://images.unsplash.com/photo-1754765542364-7def1d509bb8?crop=entropy&cs=tinysrgb&fit=max&fm=jpg&ixid=M3w4Mzc5NTV8MHwxfHNlYXJjaHw3fHxjb3VyaWVyJTIwZGVsaXZlcnklMjBwZXJzb24lMjBtb3RvcmN5Y2xlfGVufDB8MHx8fDE3NzAxNDI0NjJ8MA&ixlib=rb-4.1.0&q=80&w=1080"; readonly IC_LAUNCHER_45: "/images/ic_launcher.webp"; readonly IC_LAUNCHER_47: "/images/ic_launcher.webp"; readonly IC_LAUNCHER_48: "/images/ic_launcher.webp"; readonly IC_LAUNCHER_51: "/images/ic_launcher.webp"; readonly IC_LAUNCHER_53: "/images/ic_launcher.webp"; readonly IC_LAUNCHER_56: "/images/ic_launcher.webp"; readonly IC_LAUNCHER_58: "/images/ic_launcher.webp"; readonly IC_LAUNCHER_59: "/images/ic_launcher.webp"; readonly IC_LAUNCHER_62: "/images/ic_launcher.webp"; readonly IC_LAUNCHER_64: "/images/ic_launcher.webp"; readonly IC_LAUNCHER_ROUND_46: "/images/ic_launcher_round.webp"; readonly IC_LAUNCHER_ROUND_49: "/images/ic_launcher_round.webp"; readonly IC_LAUNCHER_ROUND_50: "/images/ic_launcher_round.webp"; readonly IC_LAUNCHER_ROUND_52: "/images/ic_launcher_round.webp"; readonly IC_LAUNCHER_ROUND_54: "/images/ic_launcher_round.webp"; readonly IC_LAUNCHER_ROUND_57: "/images/ic_launcher_round.webp"; readonly IC_LAUNCHER_ROUND_60: "/images/ic_launcher_round.webp"; readonly IC_LAUNCHER_ROUND_61: "/images/ic_launcher_round.webp"; readonly IC_LAUNCHER_ROUND_63: "/images/ic_launcher_round.webp"; readonly IC_LAUNCHER_ROUND_65: "/images/ic_launcher_round.webp"; readonly LOGISTICS_HERO_1: "https://images.unsplash.com/photo-1532635042-a6f6ad4745f9?crop=entropy&cs=tinysrgb&fit=max&fm=jpg&ixid=M3w4MTk0NTh8MHwxfHNlYXJjaHw3fHxkZWxpdmVyeSUyMHRydWNrJTIwbG9naXN0aWNzJTIwd2FyZWhvdXNlfGVufDB8MHx8fDE3NzAxNDI0NjJ8MA&ixlib=rb-4.1.0&q=80&w=1080"; readonly LOGISTICS_HERO_10: "https://images.unsplash.com/photo-1739863305982-f7354315b2bd?crop=entropy&cs=tinysrgb&fit=max&fm=jpg&ixid=M3w4MTk0NTh8MHwxfHNlYXJjaHwxMHx8ZGVsaXZlcnklMjB0cnVjayUyMGxvZ2lzdGljcyUyMHdhcmVob3VzZXxlbnwwfDB8fHwxNzcwMTQyNDYyfDA&ixlib=rb-4.1.0&q=80&w=1080"; readonly LOGISTICS_HERO_2: "https://images.unsplash.com/photo-1601912552080-0fb89fd08042?crop=entropy&cs=tinysrgb&fit=max&fm=jpg&ixid=M3w4MTk0NTh8MHwxfHNlYXJjaHw1fHxkZWxpdmVyeSUyMHRydWNrJTIwbG9naXN0aWNzJTIwd2FyZWhvdXNlfGVufDB8MHx8fDE3NzAxNDI0NjJ8MA&ixlib=rb-4.1.0&q=80&w=1080"; readonly LOGISTICS_HERO_3: "https://images.unsplash.com/photo-1611938845621-f7d331a14255?crop=entropy&cs=tinysrgb&fit=max&fm=jpg&ixid=M3w4MTk0NTh8MHwxfHNlYXJjaHwyfHxkZWxpdmVyeSUyMHRydWNrJTIwbG9naXN0aWNzJTIwd2FyZWhvdXNlfGVufDB8MHx8fDE3NzAxNDI0NjJ8MA&ixlib=rb-4.1.0&q=80&w=1080"; readonly LOGISTICS_HERO_4: "https://images.unsplash.com/photo-1681514583222-0579e6835666?crop=entropy&cs=tinysrgb&fit=max&fm=jpg&ixid=M3w4MTk0NTh8MHwxfHNlYXJjaHw2fHxkZWxpdmVyeSUyMHRydWNrJTIwbG9naXN0aWNzJTIwd2FyZWhvdXNlfGVufDB8MHx8fDE3NzAxNDI0NjJ8MA&ixlib=rb-4.1.0&q=80&w=1080"; readonly LOGISTICS_HERO_5: "https://images.unsplash.com/photo-1613354382403-28066cf657b3?crop=entropy&cs=tinysrgb&fit=max&fm=jpg&ixid=M3w4MTk0NTh8MHwxfHNlYXJjaHwzfHxkZWxpdmVyeSUyMHRydWNrJTIwbG9naXN0aWNzJTIwd2FyZWhvdXNlfGVufDB8MHx8fDE3NzAxNDI0NjJ8MA&ixlib=rb-4.1.0&q=80&w=1080"; readonly LOGISTICS_HERO_6: "https://images.unsplash.com/photo-1732435527614-8336ebd1e82c?crop=entropy&cs=tinysrgb&fit=max&fm=jpg&ixid=M3w4MTk0NTh8MHwxfHNlYXJjaHw4fHxkZWxpdmVyeSUyMHRydWNrJTIwbG9naXN0aWNzJTIwd2FyZWhvdXNlfGVufDB8MHx8fDE3NzAxNDI0NjJ8MA&ixlib=rb-4.1.0&q=80&w=1080"; readonly LOGISTICS_HERO_7: "https://images.unsplash.com/photo-1762251374590-64962c1a451c?crop=entropy&cs=tinysrgb&fit=max&fm=jpg&ixid=M3w4MTk0NTh8MHwxfHNlYXJjaHwxfHxkZWxpdmVyeSUyMHRydWNrJTIwbG9naXN0aWNzJTIwd2FyZWhvdXNlfGVufDB8MHx8fDE3NzAxNDI0NjJ8MA&ixlib=rb-4.1.0&q=80&w=1080"; readonly LOGISTICS_HERO_8: "https://images.unsplash.com/photo-1681514583213-7b8e47eb1953?crop=entropy&cs=tinysrgb&fit=max&fm=jpg&ixid=M3w4MTk0NTh8MHwxfHNlYXJjaHw0fHxkZWxpdmVyeSUyMHRydWNrJTIwbG9naXN0aWNzJTIwd2FyZWhvdXNlfGVufDB8MHx8fDE3NzAxNDI0NjJ8MA&ixlib=rb-4.1.0&q=80&w=1080"; readonly LOGISTICS_HERO_9: "https://images.unsplash.com/photo-1730309529959-e305b3199c01?crop=entropy&cs=tinysrgb&fit=max&fm=jpg&ixid=M3w4MTk0NTh8MHwxfHNlYXJjaHw5fHxkZWxpdmVyeSUyMHRydWNrJTIwbG9naXN0aWNzJTIwd2FyZWhvdXNlfGVufDB8MHx8fDE3NzAxNDI0NjJ8MA&ixlib=rb-4.1.0&q=80&w=1080"; readonly MOBILE_INTERFACE_1: "https://images.unsplash.com/photo-1592323401640-9c24ed330baf?crop=entropy&cs=tinysrgb&fit=max&fm=jpg&ixid=M3w4NDU2OTd8MHwxfHNlYXJjaHw0fHxtb2JpbGUlMjBhcHAlMjBkZWxpdmVyeSUyMGludGVyZmFjZXxlbnwwfDF8fHwxNzcwMTQyNDYzfDA&ixlib=rb-4.1.0&q=80&w=1080"; readonly MOBILE_INTERFACE_2: "https://images.unsplash.com/photo-1570894808314-677b57f25e45?crop=entropy&cs=tinysrgb&fit=max&fm=jpg&ixid=M3w4NDU2OTd8MHwxfHNlYXJjaHwyfHxtb2JpbGUlMjBhcHAlMjBkZWxpdmVyeSUyMGludGVyZmFjZXxlbnwwfDF8fHwxNzcwMTQyNDYzfDA&ixlib=rb-4.1.0&q=80&w=1080"; readonly MOBILE_INTERFACE_3: "https://images.unsplash.com/photo-1605600659802-1353d7fd3732?crop=entropy&cs=tinysrgb&fit=max&fm=jpg&ixid=M3w4NDU2OTd8MHwxfHNlYXJjaHw3fHxtb2JpbGUlMjBhcHAlMjBkZWxpdmVyeSUyMGludGVyZmFjZXxlbnwwfDF8fHwxNzcwMTQyNDYzfDA&ixlib=rb-4.1.0&q=80&w=1080"; readonly MOBILE_INTERFACE_4: "https://images.unsplash.com/photo-1661358788054-9988c0778447?crop=entropy&cs=tinysrgb&fit=max&fm=jpg&ixid=M3w4NDU2OTd8MHwxfHNlYXJjaHw1fHxtb2JpbGUlMjBhcHAlMjBkZWxpdmVyeSUyMGludGVyZmFjZXxlbnwwfDF8fHwxNzcwMTQyNDYzfDA&ixlib=rb-4.1.0&q=80&w=1080"; readonly MOBILE_INTERFACE_5: "https://images.unsplash.com/photo-1746286721374-cd541e26911a?crop=entropy&cs=tinysrgb&fit=max&fm=jpg&ixid=M3w4NDU2OTd8MHwxfHNlYXJjaHw2fHxtb2JpbGUlMjBhcHAlMjBkZWxpdmVyeSUyMGludGVyZmFjZXxlbnwwfDF8fHwxNzcwMTQyNDYzfDA&ixlib=rb-4.1.0&q=80&w=1080"; readonly MOBILE_INTERFACE_6: "https://images.unsplash.com/photo-1760888549280-4aef010720bd?crop=entropy&cs=tinysrgb&fit=max&fm=jpg&ixid=M3w4NDU2OTd8MHwxfHNlYXJjaHwxfHxtb2JpbGUlMjBhcHAlMjBkZWxpdmVyeSUyMGludGVyZmFjZXxlbnwwfDF8fHwxNzcwMTQyNDYzfDA&ixlib=rb-4.1.0&q=80&w=1080"; readonly MOBILE_INTERFACE_7: "https://images.unsplash.com/photo-1621691187532-bbeb671757ac?crop=entropy&cs=tinysrgb&fit=max&fm=jpg&ixid=M3w4NDU2OTd8MHwxfHNlYXJjaHwzfHxtb2JpbGUlMjBhcHAlMjBkZWxpdmVyeSUyMGludGVyZmFjZXxlbnwwfDF8fHwxNzcwMTQyNDYzfDA&ixlib=rb-4.1.0&q=80&w=1080"; readonly MOBILE_INTERFACE_8: "https://images.unsplash.com/photo-1621691177818-bcd7c032ef26?crop=entropy&cs=tinysrgb&fit=max&fm=jpg&ixid=M3w4NDU2OTd8MHwxfHNlYXJjaHw4fHxtb2JpbGUlMjBhcHAlMjBkZWxpdmVyeSUyMGludGVyZmFjZXxlbnwwfDF8fHwxNzcwMTQyNDYzfDA&ixlib=rb-4.1.0&q=80&w=1080"; readonly MOBILE_TRACKING_1: "https://images.unsplash.com/photo-1570894808314-677b57f25e45?crop=entropy&cs=tinysrgb&fit=max&fm=jpg&ixid=M3w4NDU5NTF8MHwxfHNlYXJjaHw2fHxzbWFydHBob25lJTIwZGVsaXZlcnklMjB0cmFja2luZyUyMGFwcHxlbnwwfDF8fHwxNzcwMTg2MzYwfDA&ixlib=rb-4.1.0&q=80&w=1080"; readonly MOBILE_TRACKING_10: "https://images.unsplash.com/photo-1750179990399-96757d9aa8a0?crop=entropy&cs=tinysrgb&fit=max&fm=jpg&ixid=M3w4NDU5NTF8MHwxfHNlYXJjaHw4fHxzbWFydHBob25lJTIwZGVsaXZlcnklMjB0cmFja2luZyUyMGFwcHxlbnwwfDF8fHwxNzcwMTg2MzYwfDA&ixlib=rb-4.1.0&q=80&w=1080"; readonly MOBILE_TRACKING_2: "https://images.unsplash.com/photo-1651493355781-20b4e12f3231?crop=entropy&cs=tinysrgb&fit=max&fm=jpg&ixid=M3w4NDU5NTF8MHwxfHNlYXJjaHw0fHxzbWFydHBob25lJTIwZGVsaXZlcnklMjB0cmFja2luZyUyMGFwcHxlbnwwfDF8fHwxNzcwMTg2MzYwfDA&ixlib=rb-4.1.0&q=80&w=1080"; readonly MOBILE_TRACKING_3: "https://images.unsplash.com/photo-1607783822349-805fc62715dd?crop=entropy&cs=tinysrgb&fit=max&fm=jpg&ixid=M3w4NDU5NTF8MHwxfHNlYXJjaHwxMHx8c21hcnRwaG9uZSUyMGRlbGl2ZXJ5JTIwdHJhY2tpbmclMjBhcHB8ZW58MHwxfHx8MTc3MDE4NjM2MHww&ixlib=rb-4.1.0&q=80&w=1080"; readonly MOBILE_TRACKING_4: "https://images.unsplash.com/photo-1706814901248-5ac8b312c5f3?crop=entropy&cs=tinysrgb&fit=max&fm=jpg&ixid=M3w4NDU5NTF8MHwxfHNlYXJjaHwxfHxzbWFydHBob25lJTIwZGVsaXZlcnklMjB0cmFja2luZyUyMGFwcHxlbnwwfDF8fHwxNzcwMTg2MzYwfDA&ixlib=rb-4.1.0&q=80&w=1080"; readonly MOBILE_TRACKING_5: "https://images.unsplash.com/photo-1692681157014-2f7ee75c0ea0?crop=entropy&cs=tinysrgb&fit=max&fm=jpg&ixid=M3w4NDU5NTF8MHwxfHNlYXJjaHwyfHxzbWFydHBob25lJTIwZGVsaXZlcnklMjB0cmFja2luZyUyMGFwcHxlbnwwfDF8fHwxNzcwMTg2MzYwfDA&ixlib=rb-4.1.0&q=80&w=1080"; readonly MOBILE_TRACKING_6: "https://images.unsplash.com/photo-1640017438849-15957fd5b277?crop=entropy&cs=tinysrgb&fit=max&fm=jpg&ixid=M3w4NDU5NTF8MHwxfHNlYXJjaHw1fHxzbWFydHBob25lJTIwZGVsaXZlcnklMjB0cmFja2luZyUyMGFwcHxlbnwwfDF8fHwxNzcwMTg2MzYwfDA&ixlib=rb-4.1.0&q=80&w=1080"; readonly MOBILE_TRACKING_7: "https://images.unsplash.com/photo-1661358788054-9988c0778447?crop=entropy&cs=tinysrgb&fit=max&fm=jpg&ixid=M3w4NDU5NTF8MHwxfHNlYXJjaHwzfHxzbWFydHBob25lJTIwZGVsaXZlcnklMjB0cmFja2luZyUyMGFwcHxlbnwwfDF8fHwxNzcwMTg2MzYwfDA&ixlib=rb-4.1.0&q=80&w=1080"; readonly MOBILE_TRACKING_8: "https://images.unsplash.com/photo-1724246981341-bd289296c157?crop=entropy&cs=tinysrgb&fit=max&fm=jpg&ixid=M3w4NDU5NTF8MHwxfHNlYXJjaHw5fHxzbWFydHBob25lJTIwZGVsaXZlcnklMjB0cmFja2luZyUyMGFwcHxlbnwwfDF8fHwxNzcwMTg2MzYwfDA&ixlib=rb-4.1.0&q=80&w=1080"; readonly MOBILE_TRACKING_9: "https://images.unsplash.com/photo-1621691187532-bbeb671757ac?crop=entropy&cs=tinysrgb&fit=max&fm=jpg&ixid=M3w4NDU5NTF8MHwxfHNlYXJjaHw3fHxzbWFydHBob25lJTIwZGVsaXZlcnklMjB0cmFja2luZyUyMGFwcHxlbnwwfDF8fHwxNzcwMTg2MzYwfDA&ixlib=rb-4.1.0&q=80&w=1080"; readonly RIDER_DELIVERY_1: "https://images.unsplash.com/photo-1558899367-3cd83fb31ed8?crop=entropy&cs=tinysrgb&fit=max&fm=jpg&ixid=M3w4Mzc5NTV8MHwxfHNlYXJjaHw1fHxkZWxpdmVyeSUyMGRyaXZlciUyMG1vdG9yY3ljbGV8ZW58MHwwfHx8MTc3MDE4NjM2MXww&ixlib=rb-4.1.0&q=80&w=1080"; readonly RIDER_DELIVERY_10: "https://images.unsplash.com/photo-1763750648120-7e52c57eb26e?crop=entropy&cs=tinysrgb&fit=max&fm=jpg&ixid=M3w4Mzc5NTV8MHwxfHNlYXJjaHwxMHx8ZGVsaXZlcnklMjBkcml2ZXIlMjBtb3RvcmN5Y2xlfGVufDB8MHx8fDE3NzAxODYzNjF8MA&ixlib=rb-4.1.0&q=80&w=1080"; readonly RIDER_DELIVERY_2: "https://images.unsplash.com/photo-1558899293-c6204574fcd4?crop=entropy&cs=tinysrgb&fit=max&fm=jpg&ixid=M3w4Mzc5NTV8MHwxfHNlYXJjaHwzfHxkZWxpdmVyeSUyMGRyaXZlciUyMG1vdG9yY3ljbGV8ZW58MHwwfHx8MTc3MDE4NjM2MXww&ixlib=rb-4.1.0&q=80&w=1080"; readonly RIDER_DELIVERY_3: "https://images.unsplash.com/photo-1765608461706-2678e824ed15?crop=entropy&cs=tinysrgb&fit=max&fm=jpg&ixid=M3w4Mzc5NTV8MHwxfHNlYXJjaHw4fHxkZWxpdmVyeSUyMGRyaXZlciUyMG1vdG9yY3ljbGV8ZW58MHwwfHx8MTc3MDE4NjM2MXww&ixlib=rb-4.1.0&q=80&w=1080"; readonly RIDER_DELIVERY_4: "https://images.unsplash.com/photo-1767114648562-399d88d7362d?crop=entropy&cs=tinysrgb&fit=max&fm=jpg&ixid=M3w4Mzc5NTV8MHwxfHNlYXJjaHwxfHxkZWxpdmVyeSUyMGRyaXZlciUyMG1vdG9yY3ljbGV8ZW58MHwwfHx8MTc3MDE4NjM2MXww&ixlib=rb-4.1.0&q=80&w=1080"; readonly RIDER_DELIVERY_5: "https://images.unsplash.com/photo-1765808172074-702dc0371f93?crop=entropy&cs=tinysrgb&fit=max&fm=jpg&ixid=M3w4Mzc5NTV8MHwxfHNlYXJjaHwyfHxkZWxpdmVyeSUyMGRyaXZlciUyMG1vdG9yY3ljbGV8ZW58MHwwfHx8MTc3MDE4NjM2MXww&ixlib=rb-4.1.0&q=80&w=1080"; readonly RIDER_DELIVERY_6: "https://images.unsplash.com/photo-1766170507518-e7a6ca397e1c?crop=entropy&cs=tinysrgb&fit=max&fm=jpg&ixid=M3w4Mzc5NTV8MHwxfHNlYXJjaHw0fHxkZWxpdmVyeSUyMGRyaXZlciUyMG1vdG9yY3ljbGV8ZW58MHwwfHx8MTc3MDE4NjM2MXww&ixlib=rb-4.1.0&q=80&w=1080"; readonly RIDER_DELIVERY_7: "https://images.unsplash.com/photo-1762944080592-b0d779ef65ae?crop=entropy&cs=tinysrgb&fit=max&fm=jpg&ixid=M3w4Mzc5NTV8MHwxfHNlYXJjaHw2fHxkZWxpdmVyeSUyMGRyaXZlciUyMG1vdG9yY3ljbGV8ZW58MHwwfHx8MTc3MDE4NjM2MXww&ixlib=rb-4.1.0&q=80&w=1080"; readonly RIDER_DELIVERY_8: "https://images.unsplash.com/photo-1758777151107-b4573745d6c0?crop=entropy&cs=tinysrgb&fit=max&fm=jpg&ixid=M3w4Mzc5NTV8MHwxfHNlYXJjaHw3fHxkZWxpdmVyeSUyMGRyaXZlciUyMG1vdG9yY3ljbGV8ZW58MHwwfHx8MTc3MDE4NjM2MXww&ixlib=rb-4.1.0&q=80&w=1080"; readonly RIDER_DELIVERY_9: "https://images.unsplash.com/photo-1766421687400-e7e742d6f39d?crop=entropy&cs=tinysrgb&fit=max&fm=jpg&ixid=M3w4Mzc5NTV8MHwxfHNlYXJjaHw5fHxkZWxpdmVyeSUyMGRyaXZlciUyMG1vdG9yY3ljbGV8ZW58MHwwfHx8MTc3MDE4NjM2MXww&ixlib=rb-4.1.0&q=80&w=1080"; readonly SCREENSHOT1095_123: "/images/Screenshot1095.png"; readonly SCREENSHOT1487_125: "/images/Screenshot1487.png"; readonly SCREENSHOT3252_118: "/images/Screenshot3252.png"; readonly SCREENSHOT3650_120: "/images/Screenshot3650.png"; readonly SCREENSHOT5040_127: "/images/Screenshot5040.png"; readonly SCREENSHOT5867_121: "/images/Screenshot5867.png"; readonly SCREENSHOT5897_122: "/images/Screenshot5897.png"; readonly SCREENSHOT6115_117: "/images/Screenshot6115.png"; readonly SCREENSHOT6534_126: "/images/Screenshot6534.png"; readonly SCREENSHOT8648_119: "/images/Screenshot8648.png"; readonly SCREENSHOT9336_124: "/images/Screenshot9336.png"; readonly TRACKING_DASHBOARD_1: "https://images.unsplash.com/photo-1640552435845-d65c23b75934?crop=entropy&cs=tinysrgb&fit=max&fm=jpg&ixid=M3w4NDU5NTF8MHwxfHNlYXJjaHwxfHxwYWNrYWdlJTIwdHJhY2tpbmclMjBkYXNoYm9hcmQlMjBzY3JlZW58ZW58MHwwfHx8MTc3MDE0MjQ2Mnww&ixlib=rb-4.1.0&q=80&w=1080"; readonly TRACKING_DASHBOARD_2: "https://images.unsplash.com/photo-1728917330520-9456e3f49529?crop=entropy&cs=tinysrgb&fit=max&fm=jpg&ixid=M3w4NDU5NTF8MHwxfHNlYXJjaHw0fHxwYWNrYWdlJTIwdHJhY2tpbmclMjBkYXNoYm9hcmQlMjBzY3JlZW58ZW58MHwwfHx8MTc3MDE0MjQ2Mnww&ixlib=rb-4.1.0&q=80&w=1080"; readonly TRACKING_DASHBOARD_3: "https://images.unsplash.com/photo-1603596155917-4ec2f4324db0?crop=entropy&cs=tinysrgb&fit=max&fm=jpg&ixid=M3w4NDU5NTF8MHwxfHNlYXJjaHwzfHxwYWNrYWdlJTIwdHJhY2tpbmclMjBkYXNoYm9hcmQlMjBzY3JlZW58ZW58MHwwfHx8MTc3MDE0MjQ2Mnww&ixlib=rb-4.1.0&q=80&w=1080"; readonly TRACKING_DASHBOARD_4: "https://images.unsplash.com/photo-1545340914-8557aa9714e6?crop=entropy&cs=tinysrgb&fit=max&fm=jpg&ixid=M3w4NDU5NTF8MHwxfHNlYXJjaHw3fHxwYWNrYWdlJTIwdHJhY2tpbmclMjBkYXNoYm9hcmQlMjBzY3JlZW58ZW58MHwwfHx8MTc3MDE0MjQ2Mnww&ixlib=rb-4.1.0&q=80&w=1080"; readonly TRACKING_DASHBOARD_5: "https://images.unsplash.com/photo-1738499105721-fb2f8038ec8d?crop=entropy&cs=tinysrgb&fit=max&fm=jpg&ixid=M3w4NDU5NTF8MHwxfHNlYXJjaHw4fHxwYWNrYWdlJTIwdHJhY2tpbmclMjBkYXNoYm9hcmQlMjBzY3JlZW58ZW58MHwwfHx8MTc3MDE0MjQ2Mnww&ixlib=rb-4.1.0&q=80&w=1080"; readonly TRACKING_DASHBOARD_6: "https://images.unsplash.com/photo-1723000545910-de8498a26698?crop=entropy&cs=tinysrgb&fit=max&fm=jpg&ixid=M3w4NDU5NTF8MHwxfHNlYXJjaHw2fHxwYWNrYWdlJTIwdHJhY2tpbmclMjBkYXNoYm9hcmQlMjBzY3JlZW58ZW58MHwwfHx8MTc3MDE0MjQ2Mnww&ixlib=rb-4.1.0&q=80&w=1080"; readonly TRACKING_DASHBOARD_7: "https://images.unsplash.com/photo-1768223927969-f08af51cf730?crop=entropy&cs=tinysrgb&fit=max&fm=jpg&ixid=M3w4NDU5NTF8MHwxfHNlYXJjaHwyfHxwYWNrYWdlJTIwdHJhY2tpbmclMjBkYXNoYm9hcmQlMjBzY3JlZW58ZW58MHwwfHx8MTc3MDE0MjQ2Mnww&ixlib=rb-4.1.0&q=80&w=1080"; readonly TRACKING_DASHBOARD_8: "https://images.unsplash.com/photo-1725777634077-e19c68ac1c4e?crop=entropy&cs=tinysrgb&fit=max&fm=jpg&ixid=M3w4NDU5NTF8MHwxfHNlYXJjaHw1fHxwYWNrYWdlJTIwdHJhY2tpbmclMjBkYXNoYm9hcmQlMjBzY3JlZW58ZW58MHwwfHx8MTc3MDE0MjQ2Mnww&ixlib=rb-4.1.0&q=80&w=1080"; readonly WAREHOUSE_OPS_1: "https://images.unsplash.com/photo-1724709162875-fe100dd0e04b?crop=entropy&cs=tinysrgb&fit=max&fm=jpg&ixid=M3w4NDU5NTF8MHwxfHNlYXJjaHw0fHx3YXJlaG91c2UlMjBtYW5hZ2VtZW50JTIwaW52ZW50b3J5fGVufDB8MHx8fDE3NzAxNDI0NjJ8MA&ixlib=rb-4.1.0&q=80&w=1080"; readonly WAREHOUSE_OPS_10: "https://images.unsplash.com/photo-1769698631158-c1f42e6281cc?crop=entropy&cs=tinysrgb&fit=max&fm=jpg&ixid=M3w4MTk0NTh8MHwxfHNlYXJjaHwyfHx3YXJlaG91c2UlMjBsb2dpc3RpY3MlMjBvcGVyYXRpb25zfGVufDB8MHx8fDE3NzAxODYzNjB8MA&ixlib=rb-4.1.0&q=80&w=1080"; readonly WAREHOUSE_OPS_11: "https://images.unsplash.com/photo-1768796372629-a4e7db99e474?crop=entropy&cs=tinysrgb&fit=max&fm=jpg&ixid=M3w4MTk0NTh8MHwxfHNlYXJjaHwzfHx3YXJlaG91c2UlMjBsb2dpc3RpY3MlMjBvcGVyYXRpb25zfGVufDB8MHx8fDE3NzAxODYzNjB8MA&ixlib=rb-4.1.0&q=80&w=1080"; readonly WAREHOUSE_OPS_12: "https://images.unsplash.com/photo-1768796373634-db43bfd5f064?crop=entropy&cs=tinysrgb&fit=max&fm=jpg&ixid=M3w4MTk0NTh8MHwxfHNlYXJjaHw0fHx3YXJlaG91c2UlMjBsb2dpc3RpY3MlMjBvcGVyYXRpb25zfGVufDB8MHx8fDE3NzAxODYzNjB8MA&ixlib=rb-4.1.0&q=80&w=1080"; readonly WAREHOUSE_OPS_13: "https://images.unsplash.com/photo-1769700821886-e10fa7946ceb?crop=entropy&cs=tinysrgb&fit=max&fm=jpg&ixid=M3w4MTk0NTh8MHwxfHNlYXJjaHw1fHx3YXJlaG91c2UlMjBsb2dpc3RpY3MlMjBvcGVyYXRpb25zfGVufDB8MHx8fDE3NzAxODYzNjB8MA&ixlib=rb-4.1.0&q=80&w=1080"; readonly WAREHOUSE_OPS_14: "https://images.unsplash.com/photo-1769698821962-dc7ea5f9b2bc?crop=entropy&cs=tinysrgb&fit=max&fm=jpg&ixid=M3w4MTk0NTh8MHwxfHNlYXJjaHw2fHx3YXJlaG91c2UlMjBsb2dpc3RpY3MlMjBvcGVyYXRpb25zfGVufDB8MHx8fDE3NzAxODYzNjB8MA&ixlib=rb-4.1.0&q=80&w=1080"; readonly WAREHOUSE_OPS_15: "https://images.unsplash.com/photo-1769701164670-e819d92cc602?crop=entropy&cs=tinysrgb&fit=max&fm=jpg&ixid=M3w4MTk0NTh8MHwxfHNlYXJjaHw3fHx3YXJlaG91c2UlMjBsb2dpc3RpY3MlMjBvcGVyYXRpb25zfGVufDB8MHx8fDE3NzAxODYzNjB8MA&ixlib=rb-4.1.0&q=80&w=1080"; readonly WAREHOUSE_OPS_16: "https://images.unsplash.com/photo-1768796372478-f3c46af523a9?crop=entropy&cs=tinysrgb&fit=max&fm=jpg&ixid=M3w4MTk0NTh8MHwxfHNlYXJjaHw4fHx3YXJlaG91c2UlMjBsb2dpc3RpY3MlMjBvcGVyYXRpb25zfGVufDB8MHx8fDE3NzAxODYzNjB8MA&ixlib=rb-4.1.0&q=80&w=1080"; readonly WAREHOUSE_OPS_17: "https://images.unsplash.com/photo-1769700821917-df00d0f3e621?crop=entropy&cs=tinysrgb&fit=max&fm=jpg&ixid=M3w4MTk0NTh8MHwxfHNlYXJjaHw5fHx3YXJlaG91c2UlMjBsb2dpc3RpY3MlMjBvcGVyYXRpb25zfGVufDB8MHx8fDE3NzAxODYzNjB8MA&ixlib=rb-4.1.0&q=80&w=1080"; readonly WAREHOUSE_OPS_18: "https://images.unsplash.com/photo-1768796371989-411938b4d07b?crop=entropy&cs=tinysrgb&fit=max&fm=jpg&ixid=M3w4MTk0NTh8MHwxfHNlYXJjaHwxMHx8d2FyZWhvdXNlJTIwbG9naXN0aWNzJTIwb3BlcmF0aW9uc3xlbnwwfDB8fHwxNzcwMTg2MzYwfDA&ixlib=rb-4.1.0&q=80&w=1080"; readonly WAREHOUSE_OPS_2: "https://images.unsplash.com/photo-1768796372478-f3c46af523a9?crop=entropy&cs=tinysrgb&fit=max&fm=jpg&ixid=M3w4NDU5NTF8MHwxfHNlYXJjaHwxfHx3YXJlaG91c2UlMjBtYW5hZ2VtZW50JTIwaW52ZW50b3J5fGVufDB8MHx8fDE3NzAxNDI0NjJ8MA&ixlib=rb-4.1.0&q=80&w=1080"; readonly WAREHOUSE_OPS_3: "https://images.unsplash.com/photo-1768796373634-db43bfd5f064?crop=entropy&cs=tinysrgb&fit=max&fm=jpg&ixid=M3w4NDU5NTF8MHwxfHNlYXJjaHwyfHx3YXJlaG91c2UlMjBtYW5hZ2VtZW50JTIwaW52ZW50b3J5fGVufDB8MHx8fDE3NzAxNDI0NjJ8MA&ixlib=rb-4.1.0&q=80&w=1080"; readonly WAREHOUSE_OPS_4: "https://images.unsplash.com/photo-1768796373360-95d80c5830fb?crop=entropy&cs=tinysrgb&fit=max&fm=jpg&ixid=M3w4NDU5NTF8MHwxfHNlYXJjaHwzfHx3YXJlaG91c2UlMjBtYW5hZ2VtZW50JTIwaW52ZW50b3J5fGVufDB8MHx8fDE3NzAxNDI0NjJ8MA&ixlib=rb-4.1.0&q=80&w=1080"; readonly WAREHOUSE_OPS_5: "https://images.unsplash.com/photo-1768796373577-2e6e51351165?crop=entropy&cs=tinysrgb&fit=max&fm=jpg&ixid=M3w4NDU5NTF8MHwxfHNlYXJjaHw1fHx3YXJlaG91c2UlMjBtYW5hZ2VtZW50JTIwaW52ZW50b3J5fGVufDB8MHx8fDE3NzAxNDI0NjJ8MA&ixlib=rb-4.1.0&q=80&w=1080"; readonly WAREHOUSE_OPS_6: "https://images.unsplash.com/photo-1768796372882-8b67936af681?crop=entropy&cs=tinysrgb&fit=max&fm=jpg&ixid=M3w4NDU5NTF8MHwxfHNlYXJjaHw2fHx3YXJlaG91c2UlMjBtYW5hZ2VtZW50JTIwaW52ZW50b3J5fGVufDB8MHx8fDE3NzAxNDI0NjJ8MA&ixlib=rb-4.1.0&q=80&w=1080"; readonly WAREHOUSE_OPS_7: "https://images.unsplash.com/photo-1768796373907-418e59aee549?crop=entropy&cs=tinysrgb&fit=max&fm=jpg&ixid=M3w4NDU5NTF8MHwxfHNlYXJjaHw3fHx3YXJlaG91c2UlMjBtYW5hZ2VtZW50JTIwaW52ZW50b3J5fGVufDB8MHx8fDE3NzAxNDI0NjJ8MA&ixlib=rb-4.1.0&q=80&w=1080"; readonly WAREHOUSE_OPS_8: "https://images.unsplash.com/photo-1768796372629-a4e7db99e474?crop=entropy&cs=tinysrgb&fit=max&fm=jpg&ixid=M3w4NDU5NTF8MHwxfHNlYXJjaHw4fHx3YXJlaG91c2UlMjBtYW5hZ2VtZW50JTIwaW52ZW50b3J5fGVufDB8MHx8fDE3NzAxNDI0NjJ8MA&ixlib=rb-4.1.0&q=80&w=1080"; readonly WAREHOUSE_OPS_9: "https://images.unsplash.com/photo-1768796373307-fc2f843660f8?crop=entropy&cs=tinysrgb&fit=max&fm=jpg&ixid=M3w4MTk0NTh8MHwxfHNlYXJjaHwxfHx3YXJlaG91c2UlMjBsb2dpc3RpY3MlMjBvcGVyYXRpb25zfGVufDB8MHx8fDE3NzAxODYzNjB8MA&ixlib=rb-4.1.0&q=80&w=1080"; }'.
src/pages/Delivery.tsx(435,81): error TS2339: Property 'awb_number' does not exist on type 'Shipment'.
src/pages/Delivery.tsx(500,75): error TS2339: Property 'awb_number' does not exist on type 'Shipment'.
src/pages/EnhancedDashboard.tsx(4,10): error TS2300: Duplicate identifier 'useAuth'.
src/pages/EnhancedDashboard.tsx(6,10): error TS2300: Duplicate identifier 'useAuth'.
src/pages/Fleet.tsx(21,10): error TS2305: Module '"@/lib/index"' has no exported member 'FleetVehicle'.
src/pages/Fleet.tsx(21,37): error TS2305: Module '"@/lib/index"' has no exported member 'getStatusVariant'.
src/pages/Fleet.tsx(23,10): error TS2614: Module '"@/components/FleetStatus"' has no exported member 'FleetStatus'. Did you mean to use 'import FleetStatus from "@/components/FleetStatus"' instead?
src/pages/Fleet.tsx(24,10): error TS2614: Module '"@/components/StatusBadge"' has no exported member 'StatusBadge'. Did you mean to use 'import StatusBadge from "@/components/StatusBadge"' instead?
src/pages/Fleet.tsx(115,47): error TS2339: Property 'DELIVERY_FLEET_3' does not exist on type '{ readonly ANALYTICS_DASH_1: "https://images.unsplash.com/photo-1551288049-bebda4e38f71?crop=entropy&cs=tinysrgb&fit=max&fm=jpg&ixid=M3w4Mzc5NTV8MHwxfHNlYXJjaHwxfHxkYXNoYm9hcmQlMjBhbmFseXRpY3MlMjBjaGFydHN8ZW58MHwwfHx8MTc3MDE4NjM2MXww&ixlib=rb-4.1.0&q=80&w=1080"; readonly ANALYTICS_DASH_10: "https://images.unsplash.com/photo-1666537072206-6a7a01ecb7d9?crop=entropy&cs=tinysrgb&fit=max&fm=jpg&ixid=M3w4Mzc5NTV8MHwxfHNlYXJjaHw2fHxkYXNoYm9hcmQlMjBhbmFseXRpY3MlMjBjaGFydHN8ZW58MHwwfHx8MTc3MDE4NjM2MXww&ixlib=rb-4.1.0&q=80&w=1080"; readonly ANALYTICS_DASH_2: "https://images.unsplash.com/photo-1686061593213-98dad7c599b9?crop=entropy&cs=tinysrgb&fit=max&fm=jpg&ixid=M3w4Mzc5NTV8MHwxfHNlYXJjaHw5fHxkYXNoYm9hcmQlMjBhbmFseXRpY3MlMjBjaGFydHN8ZW58MHwwfHx8MTc3MDE4NjM2MXww&ixlib=rb-4.1.0&q=80&w=1080"; readonly ANALYTICS_DASH_3: "https://images.unsplash.com/photo-1686061592689-312bbfb5c055?crop=entropy&cs=tinysrgb&fit=max&fm=jpg&ixid=M3w4Mzc5NTV8MHwxfHNlYXJjaHw3fHxkYXNoYm9hcmQlMjBhbmFseXRpY3MlMjBjaGFydHN8ZW58MHwwfHx8MTc3MDE4NjM2MXww&ixlib=rb-4.1.0&q=80&w=1080"; readonly ANALYTICS_DASH_4: "https://images.unsplash.com/photo-1586448317606-cb1ec00298fc?crop=entropy&cs=tinysrgb&fit=max&fm=jpg&ixid=M3w4Mzc5NTV8MHwxfHNlYXJjaHw4fHxkYXNoYm9hcmQlMjBhbmFseXRpY3MlMjBjaGFydHN8ZW58MHwwfHx8MTc3MDE4NjM2MXww&ixlib=rb-4.1.0&q=80&w=1080"; readonly ANALYTICS_DASH_5: "https://images.unsplash.com/photo-1635236190542-d43e4d4b9e4b?crop=entropy&cs=tinysrgb&fit=max&fm=jpg&ixid=M3w4Mzc5NTV8MHwxfHNlYXJjaHwxMHx8ZGFzaGJvYXJkJTIwYW5hbHl0aWNzJTIwY2hhcnRzfGVufDB8MHx8fDE3NzAxODYzNjF8MA&ixlib=rb-4.1.0&q=80&w=1080"; readonly ANALYTICS_DASH_6: "https://images.unsplash.com/photo-1639825752750-5061ded5503b?crop=entropy&cs=tinysrgb&fit=max&fm=jpg&ixid=M3w4Mzc5NTV8MHwxfHNlYXJjaHw1fHxkYXNoYm9hcmQlMjBhbmFseXRpY3MlMjBjaGFydHN8ZW58MHwwfHx8MTc3MDE4NjM2MXww&ixlib=rb-4.1.0&q=80&w=1080"; readonly ANALYTICS_DASH_7: "https://images.unsplash.com/photo-1721593979313-8661afd501c2?crop=entropy&cs=tinysrgb&fit=max&fm=jpg&ixid=M3w4Mzc5NTV8MHwxfHNlYXJjaHw0fHxkYXNoYm9hcmQlMjBhbmFseXRpY3MlMjBjaGFydHN8ZW58MHwwfHx8MTc3MDE4NjM2MXww&ixlib=rb-4.1.0&q=80&w=1080"; readonly ANALYTICS_DASH_8: "https://images.unsplash.com/photo-1758876202980-0a28b744fb24?crop=entropy&cs=tinysrgb&fit=max&fm=jpg&ixid=M3w4Mzc5NTV8MHwxfHNlYXJjaHwzfHxkYXNoYm9hcmQlMjBhbmFseXRpY3MlMjBjaGFydHN8ZW58MHwwfHx8MTc3MDE4NjM2MXww&ixlib=rb-4.1.0&q=80&w=1080"; readonly ANALYTICS_DASH_9: "https://images.unsplash.com/photo-1763038311036-6d18805537e5?crop=entropy&cs=tinysrgb&fit=max&fm=jpg&ixid=M3w4Mzc5NTV8MHwxfHNlYXJjaHwyfHxkYXNoYm9hcmQlMjBhbmFseXRpY3MlMjBjaGFydHN8ZW58MHwwfHx8MTc3MDE4NjM2MXww&ixlib=rb-4.1.0&q=80&w=1080"; readonly BRITIUM_LOGO_55: "/images/britium-logo.png"; readonly BRITIUM_LOGO_66: "/images/britium-logo.png"; readonly DELIVERY_HERO_1: "https://images.unsplash.com/photo-1580160667723-8f98952d1017?crop=entropy&cs=tinysrgb&fit=max&fm=jpg&ixid=M3w4NDU5NTF8MHwxfHNlYXJjaHw5fHxtb2Rlcm4lMjBkZWxpdmVyeSUyMHRydWNrJTIwbG9naXN0aWNzfGVufDB8MHx8fDE3NzAxODYzNjB8MA&ixlib=rb-4.1.0&q=80&w=1080"; readonly DELIVERY_HERO_10: "https://images.unsplash.com/photo-1760045788252-d8d386ea1d12?crop=entropy&cs=tinysrgb&fit=max&fm=jpg&ixid=M3w4NDU5NTF8MHwxfHNlYXJjaHwzfHxtb2Rlcm4lMjBkZWxpdmVyeSUyMHRydWNrJTIwbG9naXN0aWNzfGVufDB8MHx8fDE3NzAxODYzNjB8MA&ixlib=rb-4.1.0&q=80&w=1080"; readonly DELIVERY_HERO_2: "https://images.unsplash.com/photo-1547116262-a7365d627e61?crop=entropy&cs=tinysrgb&fit=max&fm=jpg&ixid=M3w4NDU5NTF8MHwxfHNlYXJjaHw4fHxtb2Rlcm4lMjBkZWxpdmVyeSUyMHRydWNrJTIwbG9naXN0aWNzfGVufDB8MHx8fDE3NzAxODYzNjB8MA&ixlib=rb-4.1.0&q=80&w=1080"; readonly DELIVERY_HERO_3: "https://images.unsplash.com/photo-1598317940377-d1e5402f1bed?crop=entropy&cs=tinysrgb&fit=max&fm=jpg&ixid=M3w4NDU5NTF8MHwxfHNlYXJjaHw0fHxtb2Rlcm4lMjBkZWxpdmVyeSUyMHRydWNrJTIwbG9naXN0aWNzfGVufDB8MHx8fDE3NzAxODYzNjB8MA&ixlib=rb-4.1.0&q=80&w=1080"; readonly DELIVERY_HERO_4: "https://images.unsplash.com/photo-1633155565182-16c06ed45ec5?crop=entropy&cs=tinysrgb&fit=max&fm=jpg&ixid=M3w4NDU5NTF8MHwxfHNlYXJjaHw3fHxtb2Rlcm4lMjBkZWxpdmVyeSUyMHRydWNrJTIwbG9naXN0aWNzfGVufDB8MHx8fDE3NzAxODYzNjB8MA&ixlib=rb-4.1.0&q=80&w=1080"; readonly DELIVERY_HERO_5: "https://images.unsplash.com/photo-1681514583222-0579e6835666?crop=entropy&cs=tinysrgb&fit=max&fm=jpg&ixid=M3w4NDU5NTF8MHwxfHNlYXJjaHw1fHxtb2Rlcm4lMjBkZWxpdmVyeSUyMHRydWNrJTIwbG9naXN0aWNzfGVufDB8MHx8fDE3NzAxODYzNjB8MA&ixlib=rb-4.1.0&q=80&w=1080"; readonly DELIVERY_HERO_6: "https://images.unsplash.com/photo-1662135426498-72a27149a7dd?crop=entropy&cs=tinysrgb&fit=max&fm=jpg&ixid=M3w4NDU5NTF8MHwxfHNlYXJjaHwxMHx8bW9kZXJuJTIwZGVsaXZlcnklMjB0cnVjayUyMGxvZ2lzdGljc3xlbnwwfDB8fHwxNzcwMTg2MzYwfDA&ixlib=rb-4.1.0&q=80&w=1080"; readonly DELIVERY_HERO_7: "https://images.unsplash.com/photo-1733662095268-7a88cb5fa10e?crop=entropy&cs=tinysrgb&fit=max&fm=jpg&ixid=M3w4NDU5NTF8MHwxfHNlYXJjaHw2fHxtb2Rlcm4lMjBkZWxpdmVyeSUyMHRydWNrJTIwbG9naXN0aWNzfGVufDB8MHx8fDE3NzAxODYzNjB8MA&ixlib=rb-4.1.0&q=80&w=1080"; readonly DELIVERY_HERO_8: "https://images.unsplash.com/photo-1762245752333-c1ef6315a30c?crop=entropy&cs=tinysrgb&fit=max&fm=jpg&ixid=M3w4NDU5NTF8MHwxfHNlYXJjaHwyfHxtb2Rlcm4lMjBkZWxpdmVyeSUyMHRydWNrJTIwbG9naXN0aWNzfGVufDB8MHx8fDE3NzAxODYzNjB8MA&ixlib=rb-4.1.0&q=80&w=1080"; readonly DELIVERY_HERO_9: "https://images.unsplash.com/photo-1746985106190-6c116edec9bc?crop=entropy&cs=tinysrgb&fit=max&fm=jpg&ixid=M3w4NDU5NTF8MHwxfHNlYXJjaHwxfHxtb2Rlcm4lMjBkZWxpdmVyeSUyMHRydWNrJTIwbG9naXN0aWNzfGVufDB8MHx8fDE3NzAxODYzNjB8MA&ixlib=rb-4.1.0&q=80&w=1080"; readonly DELIVERY_RIDER_1: "https://images.unsplash.com/photo-1648394794449-5dbe63f6a8b5?crop=entropy&cs=tinysrgb&fit=max&fm=jpg&ixid=M3w4Mzc5NTV8MHwxfHNlYXJjaHw1fHxjb3VyaWVyJTIwZGVsaXZlcnklMjBwZXJzb24lMjBtb3RvcmN5Y2xlfGVufDB8MHx8fDE3NzAxNDI0NjJ8MA&ixlib=rb-4.1.0&q=80&w=1080"; readonly DELIVERY_RIDER_10: "https://images.unsplash.com/photo-1706994742122-df69c7390a2b?crop=entropy&cs=tinysrgb&fit=max&fm=jpg&ixid=M3w4Mzc5NTV8MHwxfHNlYXJjaHwxMHx8Y291cmllciUyMGRlbGl2ZXJ5JTIwcGVyc29uJTIwbW90b3JjeWNsZXxlbnwwfDB8fHwxNzcwMTQyNDYyfDA&ixlib=rb-4.1.0&q=80&w=1080"; readonly DELIVERY_RIDER_2: "https://images.unsplash.com/photo-1642047291146-7916f38ebde0?crop=entropy&cs=tinysrgb&fit=max&fm=jpg&ixid=M3w4Mzc5NTV8MHwxfHNlYXJjaHw4fHxjb3VyaWVyJTIwZGVsaXZlcnklMjBwZXJzb24lMjBtb3RvcmN5Y2xlfGVufDB8MHx8fDE3NzAxNDI0NjJ8MA&ixlib=rb-4.1.0&q=80&w=1080"; readonly DELIVERY_RIDER_3: "https://images.unsplash.com/photo-1754765542024-c1320f23b75a?crop=entropy&cs=tinysrgb&fit=max&fm=jpg&ixid=M3w4Mzc5NTV8MHwxfHNlYXJjaHw0fHxjb3VyaWVyJTIwZGVsaXZlcnklMjBwZXJzb24lMjBtb3RvcmN5Y2xlfGVufDB8MHx8fDE3NzAxNDI0NjJ8MA&ixlib=rb-4.1.0&q=80&w=1080"; readonly DELIVERY_RIDER_4: "https://images.unsplash.com/photo-1616915939238-2a7a363d45c4?crop=entropy&cs=tinysrgb&fit=max&fm=jpg&ixid=M3w4Mzc5NTV8MHwxfHNlYXJjaHw2fHxjb3VyaWVyJTIwZGVsaXZlcnklMjBwZXJzb24lMjBtb3RvcmN5Y2xlfGVufDB8MHx8fDE3NzAxNDI0NjJ8MA&ixlib=rb-4.1.0&q=80&w=1080"; readonly DELIVERY_RIDER_5: "https://images.unsplash.com/photo-1683553170878-049f180627b0?crop=entropy&cs=tinysrgb&fit=max&fm=jpg&ixid=M3w4Mzc5NTV8MHwxfHNlYXJjaHw5fHxjb3VyaWVyJTIwZGVsaXZlcnklMjBwZXJzb24lMjBtb3RvcmN5Y2xlfGVufDB8MHx8fDE3NzAxNDI0NjJ8MA&ixlib=rb-4.1.0&q=80&w=1080"; readonly DELIVERY_RIDER_6: "https://images.unsplash.com/photo-1767114648562-399d88d7362d?crop=entropy&cs=tinysrgb&fit=max&fm=jpg&ixid=M3w4Mzc5NTV8MHwxfHNlYXJjaHwxfHxjb3VyaWVyJTIwZGVsaXZlcnklMjBwZXJzb24lMjBtb3RvcmN5Y2xlfGVufDB8MHx8fDE3NzAxNDI0NjJ8MA&ixlib=rb-4.1.0&q=80&w=1080"; readonly DELIVERY_RIDER_7: "https://images.unsplash.com/photo-1766421687400-e7e742d6f39d?crop=entropy&cs=tinysrgb&fit=max&fm=jpg&ixid=M3w4Mzc5NTV8MHwxfHNlYXJjaHwyfHxjb3VyaWVyJTIwZGVsaXZlcnklMjBwZXJzb24lMjBtb3RvcmN5Y2xlfGVufDB8MHx8fDE3NzAxNDI0NjJ8MA&ixlib=rb-4.1.0&q=80&w=1080"; readonly DELIVERY_RIDER_8: "https://images.unsplash.com/photo-1758202292832-5e036fd03e25?crop=entropy&cs=tinysrgb&fit=max&fm=jpg&ixid=M3w4Mzc5NTV8MHwxfHNlYXJjaHwzfHxjb3VyaWVyJTIwZGVsaXZlcnklMjBwZXJzb24lMjBtb3RvcmN5Y2xlfGVufDB8MHx8fDE3NzAxNDI0NjJ8MA&ixlib=rb-4.1.0&q=80&w=1080"; readonly DELIVERY_RIDER_9: "https://images.unsplash.com/photo-1754765542364-7def1d509bb8?crop=entropy&cs=tinysrgb&fit=max&fm=jpg&ixid=M3w4Mzc5NTV8MHwxfHNlYXJjaHw3fHxjb3VyaWVyJTIwZGVsaXZlcnklMjBwZXJzb24lMjBtb3RvcmN5Y2xlfGVufDB8MHx8fDE3NzAxNDI0NjJ8MA&ixlib=rb-4.1.0&q=80&w=1080"; readonly IC_LAUNCHER_45: "/images/ic_launcher.webp"; readonly IC_LAUNCHER_47: "/images/ic_launcher.webp"; readonly IC_LAUNCHER_48: "/images/ic_launcher.webp"; readonly IC_LAUNCHER_51: "/images/ic_launcher.webp"; readonly IC_LAUNCHER_53: "/images/ic_launcher.webp"; readonly IC_LAUNCHER_56: "/images/ic_launcher.webp"; readonly IC_LAUNCHER_58: "/images/ic_launcher.webp"; readonly IC_LAUNCHER_59: "/images/ic_launcher.webp"; readonly IC_LAUNCHER_62: "/images/ic_launcher.webp"; readonly IC_LAUNCHER_64: "/images/ic_launcher.webp"; readonly IC_LAUNCHER_ROUND_46: "/images/ic_launcher_round.webp"; readonly IC_LAUNCHER_ROUND_49: "/images/ic_launcher_round.webp"; readonly IC_LAUNCHER_ROUND_50: "/images/ic_launcher_round.webp"; readonly IC_LAUNCHER_ROUND_52: "/images/ic_launcher_round.webp"; readonly IC_LAUNCHER_ROUND_54: "/images/ic_launcher_round.webp"; readonly IC_LAUNCHER_ROUND_57: "/images/ic_launcher_round.webp"; readonly IC_LAUNCHER_ROUND_60: "/images/ic_launcher_round.webp"; readonly IC_LAUNCHER_ROUND_61: "/images/ic_launcher_round.webp"; readonly IC_LAUNCHER_ROUND_63: "/images/ic_launcher_round.webp"; readonly IC_LAUNCHER_ROUND_65: "/images/ic_launcher_round.webp"; readonly LOGISTICS_HERO_1: "https://images.unsplash.com/photo-1532635042-a6f6ad4745f9?crop=entropy&cs=tinysrgb&fit=max&fm=jpg&ixid=M3w4MTk0NTh8MHwxfHNlYXJjaHw3fHxkZWxpdmVyeSUyMHRydWNrJTIwbG9naXN0aWNzJTIwd2FyZWhvdXNlfGVufDB8MHx8fDE3NzAxNDI0NjJ8MA&ixlib=rb-4.1.0&q=80&w=1080"; readonly LOGISTICS_HERO_10: "https://images.unsplash.com/photo-1739863305982-f7354315b2bd?crop=entropy&cs=tinysrgb&fit=max&fm=jpg&ixid=M3w4MTk0NTh8MHwxfHNlYXJjaHwxMHx8ZGVsaXZlcnklMjB0cnVjayUyMGxvZ2lzdGljcyUyMHdhcmVob3VzZXxlbnwwfDB8fHwxNzcwMTQyNDYyfDA&ixlib=rb-4.1.0&q=80&w=1080"; readonly LOGISTICS_HERO_2: "https://images.unsplash.com/photo-1601912552080-0fb89fd08042?crop=entropy&cs=tinysrgb&fit=max&fm=jpg&ixid=M3w4MTk0NTh8MHwxfHNlYXJjaHw1fHxkZWxpdmVyeSUyMHRydWNrJTIwbG9naXN0aWNzJTIwd2FyZWhvdXNlfGVufDB8MHx8fDE3NzAxNDI0NjJ8MA&ixlib=rb-4.1.0&q=80&w=1080"; readonly LOGISTICS_HERO_3: "https://images.unsplash.com/photo-1611938845621-f7d331a14255?crop=entropy&cs=tinysrgb&fit=max&fm=jpg&ixid=M3w4MTk0NTh8MHwxfHNlYXJjaHwyfHxkZWxpdmVyeSUyMHRydWNrJTIwbG9naXN0aWNzJTIwd2FyZWhvdXNlfGVufDB8MHx8fDE3NzAxNDI0NjJ8MA&ixlib=rb-4.1.0&q=80&w=1080"; readonly LOGISTICS_HERO_4: "https://images.unsplash.com/photo-1681514583222-0579e6835666?crop=entropy&cs=tinysrgb&fit=max&fm=jpg&ixid=M3w4MTk0NTh8MHwxfHNlYXJjaHw2fHxkZWxpdmVyeSUyMHRydWNrJTIwbG9naXN0aWNzJTIwd2FyZWhvdXNlfGVufDB8MHx8fDE3NzAxNDI0NjJ8MA&ixlib=rb-4.1.0&q=80&w=1080"; readonly LOGISTICS_HERO_5: "https://images.unsplash.com/photo-1613354382403-28066cf657b3?crop=entropy&cs=tinysrgb&fit=max&fm=jpg&ixid=M3w4MTk0NTh8MHwxfHNlYXJjaHwzfHxkZWxpdmVyeSUyMHRydWNrJTIwbG9naXN0aWNzJTIwd2FyZWhvdXNlfGVufDB8MHx8fDE3NzAxNDI0NjJ8MA&ixlib=rb-4.1.0&q=80&w=1080"; readonly LOGISTICS_HERO_6: "https://images.unsplash.com/photo-1732435527614-8336ebd1e82c?crop=entropy&cs=tinysrgb&fit=max&fm=jpg&ixid=M3w4MTk0NTh8MHwxfHNlYXJjaHw4fHxkZWxpdmVyeSUyMHRydWNrJTIwbG9naXN0aWNzJTIwd2FyZWhvdXNlfGVufDB8MHx8fDE3NzAxNDI0NjJ8MA&ixlib=rb-4.1.0&q=80&w=1080"; readonly LOGISTICS_HERO_7: "https://images.unsplash.com/photo-1762251374590-64962c1a451c?crop=entropy&cs=tinysrgb&fit=max&fm=jpg&ixid=M3w4MTk0NTh8MHwxfHNlYXJjaHwxfHxkZWxpdmVyeSUyMHRydWNrJTIwbG9naXN0aWNzJTIwd2FyZWhvdXNlfGVufDB8MHx8fDE3NzAxNDI0NjJ8MA&ixlib=rb-4.1.0&q=80&w=1080"; readonly LOGISTICS_HERO_8: "https://images.unsplash.com/photo-1681514583213-7b8e47eb1953?crop=entropy&cs=tinysrgb&fit=max&fm=jpg&ixid=M3w4MTk0NTh8MHwxfHNlYXJjaHw0fHxkZWxpdmVyeSUyMHRydWNrJTIwbG9naXN0aWNzJTIwd2FyZWhvdXNlfGVufDB8MHx8fDE3NzAxNDI0NjJ8MA&ixlib=rb-4.1.0&q=80&w=1080"; readonly LOGISTICS_HERO_9: "https://images.unsplash.com/photo-1730309529959-e305b3199c01?crop=entropy&cs=tinysrgb&fit=max&fm=jpg&ixid=M3w4MTk0NTh8MHwxfHNlYXJjaHw5fHxkZWxpdmVyeSUyMHRydWNrJTIwbG9naXN0aWNzJTIwd2FyZWhvdXNlfGVufDB8MHx8fDE3NzAxNDI0NjJ8MA&ixlib=rb-4.1.0&q=80&w=1080"; readonly MOBILE_INTERFACE_1: "https://images.unsplash.com/photo-1592323401640-9c24ed330baf?crop=entropy&cs=tinysrgb&fit=max&fm=jpg&ixid=M3w4NDU2OTd8MHwxfHNlYXJjaHw0fHxtb2JpbGUlMjBhcHAlMjBkZWxpdmVyeSUyMGludGVyZmFjZXxlbnwwfDF8fHwxNzcwMTQyNDYzfDA&ixlib=rb-4.1.0&q=80&w=1080"; readonly MOBILE_INTERFACE_2: "https://images.unsplash.com/photo-1570894808314-677b57f25e45?crop=entropy&cs=tinysrgb&fit=max&fm=jpg&ixid=M3w4NDU2OTd8MHwxfHNlYXJjaHwyfHxtb2JpbGUlMjBhcHAlMjBkZWxpdmVyeSUyMGludGVyZmFjZXxlbnwwfDF8fHwxNzcwMTQyNDYzfDA&ixlib=rb-4.1.0&q=80&w=1080"; readonly MOBILE_INTERFACE_3: "https://images.unsplash.com/photo-1605600659802-1353d7fd3732?crop=entropy&cs=tinysrgb&fit=max&fm=jpg&ixid=M3w4NDU2OTd8MHwxfHNlYXJjaHw3fHxtb2JpbGUlMjBhcHAlMjBkZWxpdmVyeSUyMGludGVyZmFjZXxlbnwwfDF8fHwxNzcwMTQyNDYzfDA&ixlib=rb-4.1.0&q=80&w=1080"; readonly MOBILE_INTERFACE_4: "https://images.unsplash.com/photo-1661358788054-9988c0778447?crop=entropy&cs=tinysrgb&fit=max&fm=jpg&ixid=M3w4NDU2OTd8MHwxfHNlYXJjaHw1fHxtb2JpbGUlMjBhcHAlMjBkZWxpdmVyeSUyMGludGVyZmFjZXxlbnwwfDF8fHwxNzcwMTQyNDYzfDA&ixlib=rb-4.1.0&q=80&w=1080"; readonly MOBILE_INTERFACE_5: "https://images.unsplash.com/photo-1746286721374-cd541e26911a?crop=entropy&cs=tinysrgb&fit=max&fm=jpg&ixid=M3w4NDU2OTd8MHwxfHNlYXJjaHw2fHxtb2JpbGUlMjBhcHAlMjBkZWxpdmVyeSUyMGludGVyZmFjZXxlbnwwfDF8fHwxNzcwMTQyNDYzfDA&ixlib=rb-4.1.0&q=80&w=1080"; readonly MOBILE_INTERFACE_6: "https://images.unsplash.com/photo-1760888549280-4aef010720bd?crop=entropy&cs=tinysrgb&fit=max&fm=jpg&ixid=M3w4NDU2OTd8MHwxfHNlYXJjaHwxfHxtb2JpbGUlMjBhcHAlMjBkZWxpdmVyeSUyMGludGVyZmFjZXxlbnwwfDF8fHwxNzcwMTQyNDYzfDA&ixlib=rb-4.1.0&q=80&w=1080"; readonly MOBILE_INTERFACE_7: "https://images.unsplash.com/photo-1621691187532-bbeb671757ac?crop=entropy&cs=tinysrgb&fit=max&fm=jpg&ixid=M3w4NDU2OTd8MHwxfHNlYXJjaHwzfHxtb2JpbGUlMjBhcHAlMjBkZWxpdmVyeSUyMGludGVyZmFjZXxlbnwwfDF8fHwxNzcwMTQyNDYzfDA&ixlib=rb-4.1.0&q=80&w=1080"; readonly MOBILE_INTERFACE_8: "https://images.unsplash.com/photo-1621691177818-bcd7c032ef26?crop=entropy&cs=tinysrgb&fit=max&fm=jpg&ixid=M3w4NDU2OTd8MHwxfHNlYXJjaHw4fHxtb2JpbGUlMjBhcHAlMjBkZWxpdmVyeSUyMGludGVyZmFjZXxlbnwwfDF8fHwxNzcwMTQyNDYzfDA&ixlib=rb-4.1.0&q=80&w=1080"; readonly MOBILE_TRACKING_1: "https://images.unsplash.com/photo-1570894808314-677b57f25e45?crop=entropy&cs=tinysrgb&fit=max&fm=jpg&ixid=M3w4NDU5NTF8MHwxfHNlYXJjaHw2fHxzbWFydHBob25lJTIwZGVsaXZlcnklMjB0cmFja2luZyUyMGFwcHxlbnwwfDF8fHwxNzcwMTg2MzYwfDA&ixlib=rb-4.1.0&q=80&w=1080"; readonly MOBILE_TRACKING_10: "https://images.unsplash.com/photo-1750179990399-96757d9aa8a0?crop=entropy&cs=tinysrgb&fit=max&fm=jpg&ixid=M3w4NDU5NTF8MHwxfHNlYXJjaHw4fHxzbWFydHBob25lJTIwZGVsaXZlcnklMjB0cmFja2luZyUyMGFwcHxlbnwwfDF8fHwxNzcwMTg2MzYwfDA&ixlib=rb-4.1.0&q=80&w=1080"; readonly MOBILE_TRACKING_2: "https://images.unsplash.com/photo-1651493355781-20b4e12f3231?crop=entropy&cs=tinysrgb&fit=max&fm=jpg&ixid=M3w4NDU5NTF8MHwxfHNlYXJjaHw0fHxzbWFydHBob25lJTIwZGVsaXZlcnklMjB0cmFja2luZyUyMGFwcHxlbnwwfDF8fHwxNzcwMTg2MzYwfDA&ixlib=rb-4.1.0&q=80&w=1080"; readonly MOBILE_TRACKING_3: "https://images.unsplash.com/photo-1607783822349-805fc62715dd?crop=entropy&cs=tinysrgb&fit=max&fm=jpg&ixid=M3w4NDU5NTF8MHwxfHNlYXJjaHwxMHx8c21hcnRwaG9uZSUyMGRlbGl2ZXJ5JTIwdHJhY2tpbmclMjBhcHB8ZW58MHwxfHx8MTc3MDE4NjM2MHww&ixlib=rb-4.1.0&q=80&w=1080"; readonly MOBILE_TRACKING_4: "https://images.unsplash.com/photo-1706814901248-5ac8b312c5f3?crop=entropy&cs=tinysrgb&fit=max&fm=jpg&ixid=M3w4NDU5NTF8MHwxfHNlYXJjaHwxfHxzbWFydHBob25lJTIwZGVsaXZlcnklMjB0cmFja2luZyUyMGFwcHxlbnwwfDF8fHwxNzcwMTg2MzYwfDA&ixlib=rb-4.1.0&q=80&w=1080"; readonly MOBILE_TRACKING_5: "https://images.unsplash.com/photo-1692681157014-2f7ee75c0ea0?crop=entropy&cs=tinysrgb&fit=max&fm=jpg&ixid=M3w4NDU5NTF8MHwxfHNlYXJjaHwyfHxzbWFydHBob25lJTIwZGVsaXZlcnklMjB0cmFja2luZyUyMGFwcHxlbnwwfDF8fHwxNzcwMTg2MzYwfDA&ixlib=rb-4.1.0&q=80&w=1080"; readonly MOBILE_TRACKING_6: "https://images.unsplash.com/photo-1640017438849-15957fd5b277?crop=entropy&cs=tinysrgb&fit=max&fm=jpg&ixid=M3w4NDU5NTF8MHwxfHNlYXJjaHw1fHxzbWFydHBob25lJTIwZGVsaXZlcnklMjB0cmFja2luZyUyMGFwcHxlbnwwfDF8fHwxNzcwMTg2MzYwfDA&ixlib=rb-4.1.0&q=80&w=1080"; readonly MOBILE_TRACKING_7: "https://images.unsplash.com/photo-1661358788054-9988c0778447?crop=entropy&cs=tinysrgb&fit=max&fm=jpg&ixid=M3w4NDU5NTF8MHwxfHNlYXJjaHwzfHxzbWFydHBob25lJTIwZGVsaXZlcnklMjB0cmFja2luZyUyMGFwcHxlbnwwfDF8fHwxNzcwMTg2MzYwfDA&ixlib=rb-4.1.0&q=80&w=1080"; readonly MOBILE_TRACKING_8: "https://images.unsplash.com/photo-1724246981341-bd289296c157?crop=entropy&cs=tinysrgb&fit=max&fm=jpg&ixid=M3w4NDU5NTF8MHwxfHNlYXJjaHw5fHxzbWFydHBob25lJTIwZGVsaXZlcnklMjB0cmFja2luZyUyMGFwcHxlbnwwfDF8fHwxNzcwMTg2MzYwfDA&ixlib=rb-4.1.0&q=80&w=1080"; readonly MOBILE_TRACKING_9: "https://images.unsplash.com/photo-1621691187532-bbeb671757ac?crop=entropy&cs=tinysrgb&fit=max&fm=jpg&ixid=M3w4NDU5NTF8MHwxfHNlYXJjaHw3fHxzbWFydHBob25lJTIwZGVsaXZlcnklMjB0cmFja2luZyUyMGFwcHxlbnwwfDF8fHwxNzcwMTg2MzYwfDA&ixlib=rb-4.1.0&q=80&w=1080"; readonly RIDER_DELIVERY_1: "https://images.unsplash.com/photo-1558899367-3cd83fb31ed8?crop=entropy&cs=tinysrgb&fit=max&fm=jpg&ixid=M3w4Mzc5NTV8MHwxfHNlYXJjaHw1fHxkZWxpdmVyeSUyMGRyaXZlciUyMG1vdG9yY3ljbGV8ZW58MHwwfHx8MTc3MDE4NjM2MXww&ixlib=rb-4.1.0&q=80&w=1080"; readonly RIDER_DELIVERY_10: "https://images.unsplash.com/photo-1763750648120-7e52c57eb26e?crop=entropy&cs=tinysrgb&fit=max&fm=jpg&ixid=M3w4Mzc5NTV8MHwxfHNlYXJjaHwxMHx8ZGVsaXZlcnklMjBkcml2ZXIlMjBtb3RvcmN5Y2xlfGVufDB8MHx8fDE3NzAxODYzNjF8MA&ixlib=rb-4.1.0&q=80&w=1080"; readonly RIDER_DELIVERY_2: "https://images.unsplash.com/photo-1558899293-c6204574fcd4?crop=entropy&cs=tinysrgb&fit=max&fm=jpg&ixid=M3w4Mzc5NTV8MHwxfHNlYXJjaHwzfHxkZWxpdmVyeSUyMGRyaXZlciUyMG1vdG9yY3ljbGV8ZW58MHwwfHx8MTc3MDE4NjM2MXww&ixlib=rb-4.1.0&q=80&w=1080"; readonly RIDER_DELIVERY_3: "https://images.unsplash.com/photo-1765608461706-2678e824ed15?crop=entropy&cs=tinysrgb&fit=max&fm=jpg&ixid=M3w4Mzc5NTV8MHwxfHNlYXJjaHw4fHxkZWxpdmVyeSUyMGRyaXZlciUyMG1vdG9yY3ljbGV8ZW58MHwwfHx8MTc3MDE4NjM2MXww&ixlib=rb-4.1.0&q=80&w=1080"; readonly RIDER_DELIVERY_4: "https://images.unsplash.com/photo-1767114648562-399d88d7362d?crop=entropy&cs=tinysrgb&fit=max&fm=jpg&ixid=M3w4Mzc5NTV8MHwxfHNlYXJjaHwxfHxkZWxpdmVyeSUyMGRyaXZlciUyMG1vdG9yY3ljbGV8ZW58MHwwfHx8MTc3MDE4NjM2MXww&ixlib=rb-4.1.0&q=80&w=1080"; readonly RIDER_DELIVERY_5: "https://images.unsplash.com/photo-1765808172074-702dc0371f93?crop=entropy&cs=tinysrgb&fit=max&fm=jpg&ixid=M3w4Mzc5NTV8MHwxfHNlYXJjaHwyfHxkZWxpdmVyeSUyMGRyaXZlciUyMG1vdG9yY3ljbGV8ZW58MHwwfHx8MTc3MDE4NjM2MXww&ixlib=rb-4.1.0&q=80&w=1080"; readonly RIDER_DELIVERY_6: "https://images.unsplash.com/photo-1766170507518-e7a6ca397e1c?crop=entropy&cs=tinysrgb&fit=max&fm=jpg&ixid=M3w4Mzc5NTV8MHwxfHNlYXJjaHw0fHxkZWxpdmVyeSUyMGRyaXZlciUyMG1vdG9yY3ljbGV8ZW58MHwwfHx8MTc3MDE4NjM2MXww&ixlib=rb-4.1.0&q=80&w=1080"; readonly RIDER_DELIVERY_7: "https://images.unsplash.com/photo-1762944080592-b0d779ef65ae?crop=entropy&cs=tinysrgb&fit=max&fm=jpg&ixid=M3w4Mzc5NTV8MHwxfHNlYXJjaHw2fHxkZWxpdmVyeSUyMGRyaXZlciUyMG1vdG9yY3ljbGV8ZW58MHwwfHx8MTc3MDE4NjM2MXww&ixlib=rb-4.1.0&q=80&w=1080"; readonly RIDER_DELIVERY_8: "https://images.unsplash.com/photo-1758777151107-b4573745d6c0?crop=entropy&cs=tinysrgb&fit=max&fm=jpg&ixid=M3w4Mzc5NTV8MHwxfHNlYXJjaHw3fHxkZWxpdmVyeSUyMGRyaXZlciUyMG1vdG9yY3ljbGV8ZW58MHwwfHx8MTc3MDE4NjM2MXww&ixlib=rb-4.1.0&q=80&w=1080"; readonly RIDER_DELIVERY_9: "https://images.unsplash.com/photo-1766421687400-e7e742d6f39d?crop=entropy&cs=tinysrgb&fit=max&fm=jpg&ixid=M3w4Mzc5NTV8MHwxfHNlYXJjaHw5fHxkZWxpdmVyeSUyMGRyaXZlciUyMG1vdG9yY3ljbGV8ZW58MHwwfHx8MTc3MDE4NjM2MXww&ixlib=rb-4.1.0&q=80&w=1080"; readonly SCREENSHOT1095_123: "/images/Screenshot1095.png"; readonly SCREENSHOT1487_125: "/images/Screenshot1487.png"; readonly SCREENSHOT3252_118: "/images/Screenshot3252.png"; readonly SCREENSHOT3650_120: "/images/Screenshot3650.png"; readonly SCREENSHOT5040_127: "/images/Screenshot5040.png"; readonly SCREENSHOT5867_121: "/images/Screenshot5867.png"; readonly SCREENSHOT5897_122: "/images/Screenshot5897.png"; readonly SCREENSHOT6115_117: "/images/Screenshot6115.png"; readonly SCREENSHOT6534_126: "/images/Screenshot6534.png"; readonly SCREENSHOT8648_119: "/images/Screenshot8648.png"; readonly SCREENSHOT9336_124: "/images/Screenshot9336.png"; readonly TRACKING_DASHBOARD_1: "https://images.unsplash.com/photo-1640552435845-d65c23b75934?crop=entropy&cs=tinysrgb&fit=max&fm=jpg&ixid=M3w4NDU5NTF8MHwxfHNlYXJjaHwxfHxwYWNrYWdlJTIwdHJhY2tpbmclMjBkYXNoYm9hcmQlMjBzY3JlZW58ZW58MHwwfHx8MTc3MDE0MjQ2Mnww&ixlib=rb-4.1.0&q=80&w=1080"; readonly TRACKING_DASHBOARD_2: "https://images.unsplash.com/photo-1728917330520-9456e3f49529?crop=entropy&cs=tinysrgb&fit=max&fm=jpg&ixid=M3w4NDU5NTF8MHwxfHNlYXJjaHw0fHxwYWNrYWdlJTIwdHJhY2tpbmclMjBkYXNoYm9hcmQlMjBzY3JlZW58ZW58MHwwfHx8MTc3MDE0MjQ2Mnww&ixlib=rb-4.1.0&q=80&w=1080"; readonly TRACKING_DASHBOARD_3: "https://images.unsplash.com/photo-1603596155917-4ec2f4324db0?crop=entropy&cs=tinysrgb&fit=max&fm=jpg&ixid=M3w4NDU5NTF8MHwxfHNlYXJjaHwzfHxwYWNrYWdlJTIwdHJhY2tpbmclMjBkYXNoYm9hcmQlMjBzY3JlZW58ZW58MHwwfHx8MTc3MDE0MjQ2Mnww&ixlib=rb-4.1.0&q=80&w=1080"; readonly TRACKING_DASHBOARD_4: "https://images.unsplash.com/photo-1545340914-8557aa9714e6?crop=entropy&cs=tinysrgb&fit=max&fm=jpg&ixid=M3w4NDU5NTF8MHwxfHNlYXJjaHw3fHxwYWNrYWdlJTIwdHJhY2tpbmclMjBkYXNoYm9hcmQlMjBzY3JlZW58ZW58MHwwfHx8MTc3MDE0MjQ2Mnww&ixlib=rb-4.1.0&q=80&w=1080"; readonly TRACKING_DASHBOARD_5: "https://images.unsplash.com/photo-1738499105721-fb2f8038ec8d?crop=entropy&cs=tinysrgb&fit=max&fm=jpg&ixid=M3w4NDU5NTF8MHwxfHNlYXJjaHw4fHxwYWNrYWdlJTIwdHJhY2tpbmclMjBkYXNoYm9hcmQlMjBzY3JlZW58ZW58MHwwfHx8MTc3MDE0MjQ2Mnww&ixlib=rb-4.1.0&q=80&w=1080"; readonly TRACKING_DASHBOARD_6: "https://images.unsplash.com/photo-1723000545910-de8498a26698?crop=entropy&cs=tinysrgb&fit=max&fm=jpg&ixid=M3w4NDU5NTF8MHwxfHNlYXJjaHw2fHxwYWNrYWdlJTIwdHJhY2tpbmclMjBkYXNoYm9hcmQlMjBzY3JlZW58ZW58MHwwfHx8MTc3MDE0MjQ2Mnww&ixlib=rb-4.1.0&q=80&w=1080"; readonly TRACKING_DASHBOARD_7: "https://images.unsplash.com/photo-1768223927969-f08af51cf730?crop=entropy&cs=tinysrgb&fit=max&fm=jpg&ixid=M3w4NDU5NTF8MHwxfHNlYXJjaHwyfHxwYWNrYWdlJTIwdHJhY2tpbmclMjBkYXNoYm9hcmQlMjBzY3JlZW58ZW58MHwwfHx8MTc3MDE0MjQ2Mnww&ixlib=rb-4.1.0&q=80&w=1080"; readonly TRACKING_DASHBOARD_8: "https://images.unsplash.com/photo-1725777634077-e19c68ac1c4e?crop=entropy&cs=tinysrgb&fit=max&fm=jpg&ixid=M3w4NDU5NTF8MHwxfHNlYXJjaHw1fHxwYWNrYWdlJTIwdHJhY2tpbmclMjBkYXNoYm9hcmQlMjBzY3JlZW58ZW58MHwwfHx8MTc3MDE0MjQ2Mnww&ixlib=rb-4.1.0&q=80&w=1080"; readonly WAREHOUSE_OPS_1: "https://images.unsplash.com/photo-1724709162875-fe100dd0e04b?crop=entropy&cs=tinysrgb&fit=max&fm=jpg&ixid=M3w4NDU5NTF8MHwxfHNlYXJjaHw0fHx3YXJlaG91c2UlMjBtYW5hZ2VtZW50JTIwaW52ZW50b3J5fGVufDB8MHx8fDE3NzAxNDI0NjJ8MA&ixlib=rb-4.1.0&q=80&w=1080"; readonly WAREHOUSE_OPS_10: "https://images.unsplash.com/photo-1769698631158-c1f42e6281cc?crop=entropy&cs=tinysrgb&fit=max&fm=jpg&ixid=M3w4MTk0NTh8MHwxfHNlYXJjaHwyfHx3YXJlaG91c2UlMjBsb2dpc3RpY3MlMjBvcGVyYXRpb25zfGVufDB8MHx8fDE3NzAxODYzNjB8MA&ixlib=rb-4.1.0&q=80&w=1080"; readonly WAREHOUSE_OPS_11: "https://images.unsplash.com/photo-1768796372629-a4e7db99e474?crop=entropy&cs=tinysrgb&fit=max&fm=jpg&ixid=M3w4MTk0NTh8MHwxfHNlYXJjaHwzfHx3YXJlaG91c2UlMjBsb2dpc3RpY3MlMjBvcGVyYXRpb25zfGVufDB8MHx8fDE3NzAxODYzNjB8MA&ixlib=rb-4.1.0&q=80&w=1080"; readonly WAREHOUSE_OPS_12: "https://images.unsplash.com/photo-1768796373634-db43bfd5f064?crop=entropy&cs=tinysrgb&fit=max&fm=jpg&ixid=M3w4MTk0NTh8MHwxfHNlYXJjaHw0fHx3YXJlaG91c2UlMjBsb2dpc3RpY3MlMjBvcGVyYXRpb25zfGVufDB8MHx8fDE3NzAxODYzNjB8MA&ixlib=rb-4.1.0&q=80&w=1080"; readonly WAREHOUSE_OPS_13: "https://images.unsplash.com/photo-1769700821886-e10fa7946ceb?crop=entropy&cs=tinysrgb&fit=max&fm=jpg&ixid=M3w4MTk0NTh8MHwxfHNlYXJjaHw1fHx3YXJlaG91c2UlMjBsb2dpc3RpY3MlMjBvcGVyYXRpb25zfGVufDB8MHx8fDE3NzAxODYzNjB8MA&ixlib=rb-4.1.0&q=80&w=1080"; readonly WAREHOUSE_OPS_14: "https://images.unsplash.com/photo-1769698821962-dc7ea5f9b2bc?crop=entropy&cs=tinysrgb&fit=max&fm=jpg&ixid=M3w4MTk0NTh8MHwxfHNlYXJjaHw2fHx3YXJlaG91c2UlMjBsb2dpc3RpY3MlMjBvcGVyYXRpb25zfGVufDB8MHx8fDE3NzAxODYzNjB8MA&ixlib=rb-4.1.0&q=80&w=1080"; readonly WAREHOUSE_OPS_15: "https://images.unsplash.com/photo-1769701164670-e819d92cc602?crop=entropy&cs=tinysrgb&fit=max&fm=jpg&ixid=M3w4MTk0NTh8MHwxfHNlYXJjaHw3fHx3YXJlaG91c2UlMjBsb2dpc3RpY3MlMjBvcGVyYXRpb25zfGVufDB8MHx8fDE3NzAxODYzNjB8MA&ixlib=rb-4.1.0&q=80&w=1080"; readonly WAREHOUSE_OPS_16: "https://images.unsplash.com/photo-1768796372478-f3c46af523a9?crop=entropy&cs=tinysrgb&fit=max&fm=jpg&ixid=M3w4MTk0NTh8MHwxfHNlYXJjaHw4fHx3YXJlaG91c2UlMjBsb2dpc3RpY3MlMjBvcGVyYXRpb25zfGVufDB8MHx8fDE3NzAxODYzNjB8MA&ixlib=rb-4.1.0&q=80&w=1080"; readonly WAREHOUSE_OPS_17: "https://images.unsplash.com/photo-1769700821917-df00d0f3e621?crop=entropy&cs=tinysrgb&fit=max&fm=jpg&ixid=M3w4MTk0NTh8MHwxfHNlYXJjaHw5fHx3YXJlaG91c2UlMjBsb2dpc3RpY3MlMjBvcGVyYXRpb25zfGVufDB8MHx8fDE3NzAxODYzNjB8MA&ixlib=rb-4.1.0&q=80&w=1080"; readonly WAREHOUSE_OPS_18: "https://images.unsplash.com/photo-1768796371989-411938b4d07b?crop=entropy&cs=tinysrgb&fit=max&fm=jpg&ixid=M3w4MTk0NTh8MHwxfHNlYXJjaHwxMHx8d2FyZWhvdXNlJTIwbG9naXN0aWNzJTIwb3BlcmF0aW9uc3xlbnwwfDB8fHwxNzcwMTg2MzYwfDA&ixlib=rb-4.1.0&q=80&w=1080"; readonly WAREHOUSE_OPS_2: "https://images.unsplash.com/photo-1768796372478-f3c46af523a9?crop=entropy&cs=tinysrgb&fit=max&fm=jpg&ixid=M3w4NDU5NTF8MHwxfHNlYXJjaHwxfHx3YXJlaG91c2UlMjBtYW5hZ2VtZW50JTIwaW52ZW50b3J5fGVufDB8MHx8fDE3NzAxNDI0NjJ8MA&ixlib=rb-4.1.0&q=80&w=1080"; readonly WAREHOUSE_OPS_3: "https://images.unsplash.com/photo-1768796373634-db43bfd5f064?crop=entropy&cs=tinysrgb&fit=max&fm=jpg&ixid=M3w4NDU5NTF8MHwxfHNlYXJjaHwyfHx3YXJlaG91c2UlMjBtYW5hZ2VtZW50JTIwaW52ZW50b3J5fGVufDB8MHx8fDE3NzAxNDI0NjJ8MA&ixlib=rb-4.1.0&q=80&w=1080"; readonly WAREHOUSE_OPS_4: "https://images.unsplash.com/photo-1768796373360-95d80c5830fb?crop=entropy&cs=tinysrgb&fit=max&fm=jpg&ixid=M3w4NDU5NTF8MHwxfHNlYXJjaHwzfHx3YXJlaG91c2UlMjBtYW5hZ2VtZW50JTIwaW52ZW50b3J5fGVufDB8MHx8fDE3NzAxNDI0NjJ8MA&ixlib=rb-4.1.0&q=80&w=1080"; readonly WAREHOUSE_OPS_5: "https://images.unsplash.com/photo-1768796373577-2e6e51351165?crop=entropy&cs=tinysrgb&fit=max&fm=jpg&ixid=M3w4NDU5NTF8MHwxfHNlYXJjaHw1fHx3YXJlaG91c2UlMjBtYW5hZ2VtZW50JTIwaW52ZW50b3J5fGVufDB8MHx8fDE3NzAxNDI0NjJ8MA&ixlib=rb-4.1.0&q=80&w=1080"; readonly WAREHOUSE_OPS_6: "https://images.unsplash.com/photo-1768796372882-8b67936af681?crop=entropy&cs=tinysrgb&fit=max&fm=jpg&ixid=M3w4NDU5NTF8MHwxfHNlYXJjaHw2fHx3YXJlaG91c2UlMjBtYW5hZ2VtZW50JTIwaW52ZW50b3J5fGVufDB8MHx8fDE3NzAxNDI0NjJ8MA&ixlib=rb-4.1.0&q=80&w=1080"; readonly WAREHOUSE_OPS_7: "https://images.unsplash.com/photo-1768796373907-418e59aee549?crop=entropy&cs=tinysrgb&fit=max&fm=jpg&ixid=M3w4NDU5NTF8MHwxfHNlYXJjaHw3fHx3YXJlaG91c2UlMjBtYW5hZ2VtZW50JTIwaW52ZW50b3J5fGVufDB8MHx8fDE3NzAxNDI0NjJ8MA&ixlib=rb-4.1.0&q=80&w=1080"; readonly WAREHOUSE_OPS_8: "https://images.unsplash.com/photo-1768796372629-a4e7db99e474?crop=entropy&cs=tinysrgb&fit=max&fm=jpg&ixid=M3w4NDU5NTF8MHwxfHNlYXJjaHw4fHx3YXJlaG91c2UlMjBtYW5hZ2VtZW50JTIwaW52ZW50b3J5fGVufDB8MHx8fDE3NzAxNDI0NjJ8MA&ixlib=rb-4.1.0&q=80&w=1080"; readonly WAREHOUSE_OPS_9: "https://images.unsplash.com/photo-1768796373307-fc2f843660f8?crop=entropy&cs=tinysrgb&fit=max&fm=jpg&ixid=M3w4MTk0NTh8MHwxfHNlYXJjaHwxfHx3YXJlaG91c2UlMjBsb2dpc3RpY3MlMjBvcGVyYXRpb25zfGVufDB8MHx8fDE3NzAxODYzNjB8MA&ixlib=rb-4.1.0&q=80&w=1080"; }'.
src/pages/GetQuotePage.tsx(458,49): error TS2339: Property 'CONTACT' does not exist on type '{ readonly HOME: "/"; readonly LOGIN: "/login"; readonly DASHBOARD: "/admin/dashboard"; readonly WAREHOUSE: "/warehouse"; readonly OPERATIONS: "/operations"; readonly ACCOUNTING: "/accounting"; readonly REPORTS: "/reports"; readonly TRACKING: "/tracking"; readonly WAY_MANAGEMENT: "/admin/way-management"; readonly CREATE_SHIPMENT: "/shipments/create"; readonly SETTINGS: "/settings"; }'.
src/pages/Home.tsx(17,12): error TS2552: Cannot find name 'motion'. Did you mean 'Option'?
src/pages/Home.tsx(26,39): error TS2339: Property 'PUBLIC_TRACKING' does not exist on type '{ readonly HOME: "/"; readonly LOGIN: "/login"; readonly DASHBOARD: "/admin/dashboard"; readonly WAREHOUSE: "/warehouse"; readonly OPERATIONS: "/operations"; readonly ACCOUNTING: "/accounting"; readonly REPORTS: "/reports"; readonly TRACKING: "/tracking"; readonly WAY_MANAGEMENT: "/admin/way-management"; readonly CREATE_SHIPMENT: "/shipments/create"; readonly SETTINGS: "/settings"; }'.
src/pages/Home.tsx(29,39): error TS2339: Property 'SERVICES' does not exist on type '{ readonly HOME: "/"; readonly LOGIN: "/login"; readonly DASHBOARD: "/admin/dashboard"; readonly WAREHOUSE: "/warehouse"; readonly OPERATIONS: "/operations"; readonly ACCOUNTING: "/accounting"; readonly REPORTS: "/reports"; readonly TRACKING: "/tracking"; readonly WAY_MANAGEMENT: "/admin/way-management"; readonly CREATE_SHIPMENT: "/shipments/create"; readonly SETTINGS: "/settings"; }'.
src/pages/Home.tsx(32,13): error TS2552: Cannot find name 'motion'. Did you mean 'Option'?
src/pages/LoginPage.tsx(52,32): error TS2741: Property 'children' is missing in type '{}' but required in type 'Props'.
src/pages/LoginPage.tsx(53,83): error TS2339: Property 'PUBLIC_TRACKING' does not exist on type '{ readonly HOME: "/"; readonly LOGIN: "/login"; readonly DASHBOARD: "/admin/dashboard"; readonly WAREHOUSE: "/warehouse"; readonly OPERATIONS: "/operations"; readonly ACCOUNTING: "/accounting"; readonly REPORTS: "/reports"; readonly TRACKING: "/tracking"; readonly WAY_MANAGEMENT: "/admin/way-management"; readonly CREATE_SHIPMENT: "/shipments/create"; readonly SETTINGS: "/settings"; }'.
src/pages/LoginPage.tsx(54,42): error TS2339: Property 'PUBLIC_TRACKING' does not exist on type '{ readonly HOME: "/"; readonly LOGIN: "/login"; readonly DASHBOARD: "/admin/dashboard"; readonly WAREHOUSE: "/warehouse"; readonly OPERATIONS: "/operations"; readonly ACCOUNTING: "/accounting"; readonly REPORTS: "/reports"; readonly TRACKING: "/tracking"; readonly WAY_MANAGEMENT: "/admin/way-management"; readonly CREATE_SHIPMENT: "/shipments/create"; readonly SETTINGS: "/settings"; }'.
src/pages/marketing/CampaignManager.tsx(133,55): error TS2304: Cannot find name 'Zap'.
src/pages/merchant/MerchantAnalytics.tsx(34,27): error TS2305: Module '"@/lib/index"' has no exported member 'MOCK_TOWNSHIPS'.
src/pages/MerchantDashboard.tsx(8,10): error TS2305: Module '"@/components/ui/SharedComponents"' has no exported member 'DashboardStat'.
src/pages/MerchantPortal.tsx(41,10): error TS2614: Module '"@/components/DataEntryForm"' has no exported member 'DataEntryForm'. Did you mean to use 'import DataEntryForm from "@/components/DataEntryForm"' instead?
src/pages/MerchantPortal.tsx(42,10): error TS2614: Module '"@/components/ShippingCalculator"' has no exported member 'ShippingCalculator'. Did you mean to use 'import ShippingCalculator from "@/components/ShippingCalculator"' instead?
src/pages/MerchantPortal.tsx(43,10): error TS2614: Module '"@/components/StatusBadge"' has no exported member 'StatusBadge'. Did you mean to use 'import StatusBadge from "@/components/StatusBadge"' instead?
src/pages/MerchantPortal.tsx(75,5): error TS2353: Object literal may only specify known properties, and 'awb_number' does not exist in type 'Partial<Shipment>'.
src/pages/MerchantPortal.tsx(84,5): error TS2353: Object literal may only specify known properties, and 'awb_number' does not exist in type 'Partial<Shipment>'.
src/pages/MerchantPortal.tsx(93,5): error TS2353: Object literal may only specify known properties, and 'awb_number' does not exist in type 'Partial<Shipment>'.
src/pages/MerchantPortal.tsx(121,23): error TS2339: Property 'DASHBOARD_ANALYTICS_3' does not exist on type '{ readonly ANALYTICS_DASH_1: "https://images.unsplash.com/photo-1551288049-bebda4e38f71?crop=entropy&cs=tinysrgb&fit=max&fm=jpg&ixid=M3w4Mzc5NTV8MHwxfHNlYXJjaHwxfHxkYXNoYm9hcmQlMjBhbmFseXRpY3MlMjBjaGFydHN8ZW58MHwwfHx8MTc3MDE4NjM2MXww&ixlib=rb-4.1.0&q=80&w=1080"; readonly ANALYTICS_DASH_10: "https://images.unsplash.com/photo-1666537072206-6a7a01ecb7d9?crop=entropy&cs=tinysrgb&fit=max&fm=jpg&ixid=M3w4Mzc5NTV8MHwxfHNlYXJjaHw2fHxkYXNoYm9hcmQlMjBhbmFseXRpY3MlMjBjaGFydHN8ZW58MHwwfHx8MTc3MDE4NjM2MXww&ixlib=rb-4.1.0&q=80&w=1080"; readonly ANALYTICS_DASH_2: "https://images.unsplash.com/photo-1686061593213-98dad7c599b9?crop=entropy&cs=tinysrgb&fit=max&fm=jpg&ixid=M3w4Mzc5NTV8MHwxfHNlYXJjaHw5fHxkYXNoYm9hcmQlMjBhbmFseXRpY3MlMjBjaGFydHN8ZW58MHwwfHx8MTc3MDE4NjM2MXww&ixlib=rb-4.1.0&q=80&w=1080"; readonly ANALYTICS_DASH_3: "https://images.unsplash.com/photo-1686061592689-312bbfb5c055?crop=entropy&cs=tinysrgb&fit=max&fm=jpg&ixid=M3w4Mzc5NTV8MHwxfHNlYXJjaHw3fHxkYXNoYm9hcmQlMjBhbmFseXRpY3MlMjBjaGFydHN8ZW58MHwwfHx8MTc3MDE4NjM2MXww&ixlib=rb-4.1.0&q=80&w=1080"; readonly ANALYTICS_DASH_4: "https://images.unsplash.com/photo-1586448317606-cb1ec00298fc?crop=entropy&cs=tinysrgb&fit=max&fm=jpg&ixid=M3w4Mzc5NTV8MHwxfHNlYXJjaHw4fHxkYXNoYm9hcmQlMjBhbmFseXRpY3MlMjBjaGFydHN8ZW58MHwwfHx8MTc3MDE4NjM2MXww&ixlib=rb-4.1.0&q=80&w=1080"; readonly ANALYTICS_DASH_5: "https://images.unsplash.com/photo-1635236190542-d43e4d4b9e4b?crop=entropy&cs=tinysrgb&fit=max&fm=jpg&ixid=M3w4Mzc5NTV8MHwxfHNlYXJjaHwxMHx8ZGFzaGJvYXJkJTIwYW5hbHl0aWNzJTIwY2hhcnRzfGVufDB8MHx8fDE3NzAxODYzNjF8MA&ixlib=rb-4.1.0&q=80&w=1080"; readonly ANALYTICS_DASH_6: "https://images.unsplash.com/photo-1639825752750-5061ded5503b?crop=entropy&cs=tinysrgb&fit=max&fm=jpg&ixid=M3w4Mzc5NTV8MHwxfHNlYXJjaHw1fHxkYXNoYm9hcmQlMjBhbmFseXRpY3MlMjBjaGFydHN8ZW58MHwwfHx8MTc3MDE4NjM2MXww&ixlib=rb-4.1.0&q=80&w=1080"; readonly ANALYTICS_DASH_7: "https://images.unsplash.com/photo-1721593979313-8661afd501c2?crop=entropy&cs=tinysrgb&fit=max&fm=jpg&ixid=M3w4Mzc5NTV8MHwxfHNlYXJjaHw0fHxkYXNoYm9hcmQlMjBhbmFseXRpY3MlMjBjaGFydHN8ZW58MHwwfHx8MTc3MDE4NjM2MXww&ixlib=rb-4.1.0&q=80&w=1080"; readonly ANALYTICS_DASH_8: "https://images.unsplash.com/photo-1758876202980-0a28b744fb24?crop=entropy&cs=tinysrgb&fit=max&fm=jpg&ixid=M3w4Mzc5NTV8MHwxfHNlYXJjaHwzfHxkYXNoYm9hcmQlMjBhbmFseXRpY3MlMjBjaGFydHN8ZW58MHwwfHx8MTc3MDE4NjM2MXww&ixlib=rb-4.1.0&q=80&w=1080"; readonly ANALYTICS_DASH_9: "https://images.unsplash.com/photo-1763038311036-6d18805537e5?crop=entropy&cs=tinysrgb&fit=max&fm=jpg&ixid=M3w4Mzc5NTV8MHwxfHNlYXJjaHwyfHxkYXNoYm9hcmQlMjBhbmFseXRpY3MlMjBjaGFydHN8ZW58MHwwfHx8MTc3MDE4NjM2MXww&ixlib=rb-4.1.0&q=80&w=1080"; readonly BRITIUM_LOGO_55: "/images/britium-logo.png"; readonly BRITIUM_LOGO_66: "/images/britium-logo.png"; readonly DELIVERY_HERO_1: "https://images.unsplash.com/photo-1580160667723-8f98952d1017?crop=entropy&cs=tinysrgb&fit=max&fm=jpg&ixid=M3w4NDU5NTF8MHwxfHNlYXJjaHw5fHxtb2Rlcm4lMjBkZWxpdmVyeSUyMHRydWNrJTIwbG9naXN0aWNzfGVufDB8MHx8fDE3NzAxODYzNjB8MA&ixlib=rb-4.1.0&q=80&w=1080"; readonly DELIVERY_HERO_10: "https://images.unsplash.com/photo-1760045788252-d8d386ea1d12?crop=entropy&cs=tinysrgb&fit=max&fm=jpg&ixid=M3w4NDU5NTF8MHwxfHNlYXJjaHwzfHxtb2Rlcm4lMjBkZWxpdmVyeSUyMHRydWNrJTIwbG9naXN0aWNzfGVufDB8MHx8fDE3NzAxODYzNjB8MA&ixlib=rb-4.1.0&q=80&w=1080"; readonly DELIVERY_HERO_2: "https://images.unsplash.com/photo-1547116262-a7365d627e61?crop=entropy&cs=tinysrgb&fit=max&fm=jpg&ixid=M3w4NDU5NTF8MHwxfHNlYXJjaHw4fHxtb2Rlcm4lMjBkZWxpdmVyeSUyMHRydWNrJTIwbG9naXN0aWNzfGVufDB8MHx8fDE3NzAxODYzNjB8MA&ixlib=rb-4.1.0&q=80&w=1080"; readonly DELIVERY_HERO_3: "https://images.unsplash.com/photo-1598317940377-d1e5402f1bed?crop=entropy&cs=tinysrgb&fit=max&fm=jpg&ixid=M3w4NDU5NTF8MHwxfHNlYXJjaHw0fHxtb2Rlcm4lMjBkZWxpdmVyeSUyMHRydWNrJTIwbG9naXN0aWNzfGVufDB8MHx8fDE3NzAxODYzNjB8MA&ixlib=rb-4.1.0&q=80&w=1080"; readonly DELIVERY_HERO_4: "https://images.unsplash.com/photo-1633155565182-16c06ed45ec5?crop=entropy&cs=tinysrgb&fit=max&fm=jpg&ixid=M3w4NDU5NTF8MHwxfHNlYXJjaHw3fHxtb2Rlcm4lMjBkZWxpdmVyeSUyMHRydWNrJTIwbG9naXN0aWNzfGVufDB8MHx8fDE3NzAxODYzNjB8MA&ixlib=rb-4.1.0&q=80&w=1080"; readonly DELIVERY_HERO_5: "https://images.unsplash.com/photo-1681514583222-0579e6835666?crop=entropy&cs=tinysrgb&fit=max&fm=jpg&ixid=M3w4NDU5NTF8MHwxfHNlYXJjaHw1fHxtb2Rlcm4lMjBkZWxpdmVyeSUyMHRydWNrJTIwbG9naXN0aWNzfGVufDB8MHx8fDE3NzAxODYzNjB8MA&ixlib=rb-4.1.0&q=80&w=1080"; readonly DELIVERY_HERO_6: "https://images.unsplash.com/photo-1662135426498-72a27149a7dd?crop=entropy&cs=tinysrgb&fit=max&fm=jpg&ixid=M3w4NDU5NTF8MHwxfHNlYXJjaHwxMHx8bW9kZXJuJTIwZGVsaXZlcnklMjB0cnVjayUyMGxvZ2lzdGljc3xlbnwwfDB8fHwxNzcwMTg2MzYwfDA&ixlib=rb-4.1.0&q=80&w=1080"; readonly DELIVERY_HERO_7: "https://images.unsplash.com/photo-1733662095268-7a88cb5fa10e?crop=entropy&cs=tinysrgb&fit=max&fm=jpg&ixid=M3w4NDU5NTF8MHwxfHNlYXJjaHw2fHxtb2Rlcm4lMjBkZWxpdmVyeSUyMHRydWNrJTIwbG9naXN0aWNzfGVufDB8MHx8fDE3NzAxODYzNjB8MA&ixlib=rb-4.1.0&q=80&w=1080"; readonly DELIVERY_HERO_8: "https://images.unsplash.com/photo-1762245752333-c1ef6315a30c?crop=entropy&cs=tinysrgb&fit=max&fm=jpg&ixid=M3w4NDU5NTF8MHwxfHNlYXJjaHwyfHxtb2Rlcm4lMjBkZWxpdmVyeSUyMHRydWNrJTIwbG9naXN0aWNzfGVufDB8MHx8fDE3NzAxODYzNjB8MA&ixlib=rb-4.1.0&q=80&w=1080"; readonly DELIVERY_HERO_9: "https://images.unsplash.com/photo-1746985106190-6c116edec9bc?crop=entropy&cs=tinysrgb&fit=max&fm=jpg&ixid=M3w4NDU5NTF8MHwxfHNlYXJjaHwxfHxtb2Rlcm4lMjBkZWxpdmVyeSUyMHRydWNrJTIwbG9naXN0aWNzfGVufDB8MHx8fDE3NzAxODYzNjB8MA&ixlib=rb-4.1.0&q=80&w=1080"; readonly DELIVERY_RIDER_1: "https://images.unsplash.com/photo-1648394794449-5dbe63f6a8b5?crop=entropy&cs=tinysrgb&fit=max&fm=jpg&ixid=M3w4Mzc5NTV8MHwxfHNlYXJjaHw1fHxjb3VyaWVyJTIwZGVsaXZlcnklMjBwZXJzb24lMjBtb3RvcmN5Y2xlfGVufDB8MHx8fDE3NzAxNDI0NjJ8MA&ixlib=rb-4.1.0&q=80&w=1080"; readonly DELIVERY_RIDER_10: "https://images.unsplash.com/photo-1706994742122-df69c7390a2b?crop=entropy&cs=tinysrgb&fit=max&fm=jpg&ixid=M3w4Mzc5NTV8MHwxfHNlYXJjaHwxMHx8Y291cmllciUyMGRlbGl2ZXJ5JTIwcGVyc29uJTIwbW90b3JjeWNsZXxlbnwwfDB8fHwxNzcwMTQyNDYyfDA&ixlib=rb-4.1.0&q=80&w=1080"; readonly DELIVERY_RIDER_2: "https://images.unsplash.com/photo-1642047291146-7916f38ebde0?crop=entropy&cs=tinysrgb&fit=max&fm=jpg&ixid=M3w4Mzc5NTV8MHwxfHNlYXJjaHw4fHxjb3VyaWVyJTIwZGVsaXZlcnklMjBwZXJzb24lMjBtb3RvcmN5Y2xlfGVufDB8MHx8fDE3NzAxNDI0NjJ8MA&ixlib=rb-4.1.0&q=80&w=1080"; readonly DELIVERY_RIDER_3: "https://images.unsplash.com/photo-1754765542024-c1320f23b75a?crop=entropy&cs=tinysrgb&fit=max&fm=jpg&ixid=M3w4Mzc5NTV8MHwxfHNlYXJjaHw0fHxjb3VyaWVyJTIwZGVsaXZlcnklMjBwZXJzb24lMjBtb3RvcmN5Y2xlfGVufDB8MHx8fDE3NzAxNDI0NjJ8MA&ixlib=rb-4.1.0&q=80&w=1080"; readonly DELIVERY_RIDER_4: "https://images.unsplash.com/photo-1616915939238-2a7a363d45c4?crop=entropy&cs=tinysrgb&fit=max&fm=jpg&ixid=M3w4Mzc5NTV8MHwxfHNlYXJjaHw2fHxjb3VyaWVyJTIwZGVsaXZlcnklMjBwZXJzb24lMjBtb3RvcmN5Y2xlfGVufDB8MHx8fDE3NzAxNDI0NjJ8MA&ixlib=rb-4.1.0&q=80&w=1080"; readonly DELIVERY_RIDER_5: "https://images.unsplash.com/photo-1683553170878-049f180627b0?crop=entropy&cs=tinysrgb&fit=max&fm=jpg&ixid=M3w4Mzc5NTV8MHwxfHNlYXJjaHw5fHxjb3VyaWVyJTIwZGVsaXZlcnklMjBwZXJzb24lMjBtb3RvcmN5Y2xlfGVufDB8MHx8fDE3NzAxNDI0NjJ8MA&ixlib=rb-4.1.0&q=80&w=1080"; readonly DELIVERY_RIDER_6: "https://images.unsplash.com/photo-1767114648562-399d88d7362d?crop=entropy&cs=tinysrgb&fit=max&fm=jpg&ixid=M3w4Mzc5NTV8MHwxfHNlYXJjaHwxfHxjb3VyaWVyJTIwZGVsaXZlcnklMjBwZXJzb24lMjBtb3RvcmN5Y2xlfGVufDB8MHx8fDE3NzAxNDI0NjJ8MA&ixlib=rb-4.1.0&q=80&w=1080"; readonly DELIVERY_RIDER_7: "https://images.unsplash.com/photo-1766421687400-e7e742d6f39d?crop=entropy&cs=tinysrgb&fit=max&fm=jpg&ixid=M3w4Mzc5NTV8MHwxfHNlYXJjaHwyfHxjb3VyaWVyJTIwZGVsaXZlcnklMjBwZXJzb24lMjBtb3RvcmN5Y2xlfGVufDB8MHx8fDE3NzAxNDI0NjJ8MA&ixlib=rb-4.1.0&q=80&w=1080"; readonly DELIVERY_RIDER_8: "https://images.unsplash.com/photo-1758202292832-5e036fd03e25?crop=entropy&cs=tinysrgb&fit=max&fm=jpg&ixid=M3w4Mzc5NTV8MHwxfHNlYXJjaHwzfHxjb3VyaWVyJTIwZGVsaXZlcnklMjBwZXJzb24lMjBtb3RvcmN5Y2xlfGVufDB8MHx8fDE3NzAxNDI0NjJ8MA&ixlib=rb-4.1.0&q=80&w=1080"; readonly DELIVERY_RIDER_9: "https://images.unsplash.com/photo-1754765542364-7def1d509bb8?crop=entropy&cs=tinysrgb&fit=max&fm=jpg&ixid=M3w4Mzc5NTV8MHwxfHNlYXJjaHw3fHxjb3VyaWVyJTIwZGVsaXZlcnklMjBwZXJzb24lMjBtb3RvcmN5Y2xlfGVufDB8MHx8fDE3NzAxNDI0NjJ8MA&ixlib=rb-4.1.0&q=80&w=1080"; readonly IC_LAUNCHER_45: "/images/ic_launcher.webp"; readonly IC_LAUNCHER_47: "/images/ic_launcher.webp"; readonly IC_LAUNCHER_48: "/images/ic_launcher.webp"; readonly IC_LAUNCHER_51: "/images/ic_launcher.webp"; readonly IC_LAUNCHER_53: "/images/ic_launcher.webp"; readonly IC_LAUNCHER_56: "/images/ic_launcher.webp"; readonly IC_LAUNCHER_58: "/images/ic_launcher.webp"; readonly IC_LAUNCHER_59: "/images/ic_launcher.webp"; readonly IC_LAUNCHER_62: "/images/ic_launcher.webp"; readonly IC_LAUNCHER_64: "/images/ic_launcher.webp"; readonly IC_LAUNCHER_ROUND_46: "/images/ic_launcher_round.webp"; readonly IC_LAUNCHER_ROUND_49: "/images/ic_launcher_round.webp"; readonly IC_LAUNCHER_ROUND_50: "/images/ic_launcher_round.webp"; readonly IC_LAUNCHER_ROUND_52: "/images/ic_launcher_round.webp"; readonly IC_LAUNCHER_ROUND_54: "/images/ic_launcher_round.webp"; readonly IC_LAUNCHER_ROUND_57: "/images/ic_launcher_round.webp"; readonly IC_LAUNCHER_ROUND_60: "/images/ic_launcher_round.webp"; readonly IC_LAUNCHER_ROUND_61: "/images/ic_launcher_round.webp"; readonly IC_LAUNCHER_ROUND_63: "/images/ic_launcher_round.webp"; readonly IC_LAUNCHER_ROUND_65: "/images/ic_launcher_round.webp"; readonly LOGISTICS_HERO_1: "https://images.unsplash.com/photo-1532635042-a6f6ad4745f9?crop=entropy&cs=tinysrgb&fit=max&fm=jpg&ixid=M3w4MTk0NTh8MHwxfHNlYXJjaHw3fHxkZWxpdmVyeSUyMHRydWNrJTIwbG9naXN0aWNzJTIwd2FyZWhvdXNlfGVufDB8MHx8fDE3NzAxNDI0NjJ8MA&ixlib=rb-4.1.0&q=80&w=1080"; readonly LOGISTICS_HERO_10: "https://images.unsplash.com/photo-1739863305982-f7354315b2bd?crop=entropy&cs=tinysrgb&fit=max&fm=jpg&ixid=M3w4MTk0NTh8MHwxfHNlYXJjaHwxMHx8ZGVsaXZlcnklMjB0cnVjayUyMGxvZ2lzdGljcyUyMHdhcmVob3VzZXxlbnwwfDB8fHwxNzcwMTQyNDYyfDA&ixlib=rb-4.1.0&q=80&w=1080"; readonly LOGISTICS_HERO_2: "https://images.unsplash.com/photo-1601912552080-0fb89fd08042?crop=entropy&cs=tinysrgb&fit=max&fm=jpg&ixid=M3w4MTk0NTh8MHwxfHNlYXJjaHw1fHxkZWxpdmVyeSUyMHRydWNrJTIwbG9naXN0aWNzJTIwd2FyZWhvdXNlfGVufDB8MHx8fDE3NzAxNDI0NjJ8MA&ixlib=rb-4.1.0&q=80&w=1080"; readonly LOGISTICS_HERO_3: "https://images.unsplash.com/photo-1611938845621-f7d331a14255?crop=entropy&cs=tinysrgb&fit=max&fm=jpg&ixid=M3w4MTk0NTh8MHwxfHNlYXJjaHwyfHxkZWxpdmVyeSUyMHRydWNrJTIwbG9naXN0aWNzJTIwd2FyZWhvdXNlfGVufDB8MHx8fDE3NzAxNDI0NjJ8MA&ixlib=rb-4.1.0&q=80&w=1080"; readonly LOGISTICS_HERO_4: "https://images.unsplash.com/photo-1681514583222-0579e6835666?crop=entropy&cs=tinysrgb&fit=max&fm=jpg&ixid=M3w4MTk0NTh8MHwxfHNlYXJjaHw2fHxkZWxpdmVyeSUyMHRydWNrJTIwbG9naXN0aWNzJTIwd2FyZWhvdXNlfGVufDB8MHx8fDE3NzAxNDI0NjJ8MA&ixlib=rb-4.1.0&q=80&w=1080"; readonly LOGISTICS_HERO_5: "https://images.unsplash.com/photo-1613354382403-28066cf657b3?crop=entropy&cs=tinysrgb&fit=max&fm=jpg&ixid=M3w4MTk0NTh8MHwxfHNlYXJjaHwzfHxkZWxpdmVyeSUyMHRydWNrJTIwbG9naXN0aWNzJTIwd2FyZWhvdXNlfGVufDB8MHx8fDE3NzAxNDI0NjJ8MA&ixlib=rb-4.1.0&q=80&w=1080"; readonly LOGISTICS_HERO_6: "https://images.unsplash.com/photo-1732435527614-8336ebd1e82c?crop=entropy&cs=tinysrgb&fit=max&fm=jpg&ixid=M3w4MTk0NTh8MHwxfHNlYXJjaHw4fHxkZWxpdmVyeSUyMHRydWNrJTIwbG9naXN0aWNzJTIwd2FyZWhvdXNlfGVufDB8MHx8fDE3NzAxNDI0NjJ8MA&ixlib=rb-4.1.0&q=80&w=1080"; readonly LOGISTICS_HERO_7: "https://images.unsplash.com/photo-1762251374590-64962c1a451c?crop=entropy&cs=tinysrgb&fit=max&fm=jpg&ixid=M3w4MTk0NTh8MHwxfHNlYXJjaHwxfHxkZWxpdmVyeSUyMHRydWNrJTIwbG9naXN0aWNzJTIwd2FyZWhvdXNlfGVufDB8MHx8fDE3NzAxNDI0NjJ8MA&ixlib=rb-4.1.0&q=80&w=1080"; readonly LOGISTICS_HERO_8: "https://images.unsplash.com/photo-1681514583213-7b8e47eb1953?crop=entropy&cs=tinysrgb&fit=max&fm=jpg&ixid=M3w4MTk0NTh8MHwxfHNlYXJjaHw0fHxkZWxpdmVyeSUyMHRydWNrJTIwbG9naXN0aWNzJTIwd2FyZWhvdXNlfGVufDB8MHx8fDE3NzAxNDI0NjJ8MA&ixlib=rb-4.1.0&q=80&w=1080"; readonly LOGISTICS_HERO_9: "https://images.unsplash.com/photo-1730309529959-e305b3199c01?crop=entropy&cs=tinysrgb&fit=max&fm=jpg&ixid=M3w4MTk0NTh8MHwxfHNlYXJjaHw5fHxkZWxpdmVyeSUyMHRydWNrJTIwbG9naXN0aWNzJTIwd2FyZWhvdXNlfGVufDB8MHx8fDE3NzAxNDI0NjJ8MA&ixlib=rb-4.1.0&q=80&w=1080"; readonly MOBILE_INTERFACE_1: "https://images.unsplash.com/photo-1592323401640-9c24ed330baf?crop=entropy&cs=tinysrgb&fit=max&fm=jpg&ixid=M3w4NDU2OTd8MHwxfHNlYXJjaHw0fHxtb2JpbGUlMjBhcHAlMjBkZWxpdmVyeSUyMGludGVyZmFjZXxlbnwwfDF8fHwxNzcwMTQyNDYzfDA&ixlib=rb-4.1.0&q=80&w=1080"; readonly MOBILE_INTERFACE_2: "https://images.unsplash.com/photo-1570894808314-677b57f25e45?crop=entropy&cs=tinysrgb&fit=max&fm=jpg&ixid=M3w4NDU2OTd8MHwxfHNlYXJjaHwyfHxtb2JpbGUlMjBhcHAlMjBkZWxpdmVyeSUyMGludGVyZmFjZXxlbnwwfDF8fHwxNzcwMTQyNDYzfDA&ixlib=rb-4.1.0&q=80&w=1080"; readonly MOBILE_INTERFACE_3: "https://images.unsplash.com/photo-1605600659802-1353d7fd3732?crop=entropy&cs=tinysrgb&fit=max&fm=jpg&ixid=M3w4NDU2OTd8MHwxfHNlYXJjaHw3fHxtb2JpbGUlMjBhcHAlMjBkZWxpdmVyeSUyMGludGVyZmFjZXxlbnwwfDF8fHwxNzcwMTQyNDYzfDA&ixlib=rb-4.1.0&q=80&w=1080"; readonly MOBILE_INTERFACE_4: "https://images.unsplash.com/photo-1661358788054-9988c0778447?crop=entropy&cs=tinysrgb&fit=max&fm=jpg&ixid=M3w4NDU2OTd8MHwxfHNlYXJjaHw1fHxtb2JpbGUlMjBhcHAlMjBkZWxpdmVyeSUyMGludGVyZmFjZXxlbnwwfDF8fHwxNzcwMTQyNDYzfDA&ixlib=rb-4.1.0&q=80&w=1080"; readonly MOBILE_INTERFACE_5: "https://images.unsplash.com/photo-1746286721374-cd541e26911a?crop=entropy&cs=tinysrgb&fit=max&fm=jpg&ixid=M3w4NDU2OTd8MHwxfHNlYXJjaHw2fHxtb2JpbGUlMjBhcHAlMjBkZWxpdmVyeSUyMGludGVyZmFjZXxlbnwwfDF8fHwxNzcwMTQyNDYzfDA&ixlib=rb-4.1.0&q=80&w=1080"; readonly MOBILE_INTERFACE_6: "https://images.unsplash.com/photo-1760888549280-4aef010720bd?crop=entropy&cs=tinysrgb&fit=max&fm=jpg&ixid=M3w4NDU2OTd8MHwxfHNlYXJjaHwxfHxtb2JpbGUlMjBhcHAlMjBkZWxpdmVyeSUyMGludGVyZmFjZXxlbnwwfDF8fHwxNzcwMTQyNDYzfDA&ixlib=rb-4.1.0&q=80&w=1080"; readonly MOBILE_INTERFACE_7: "https://images.unsplash.com/photo-1621691187532-bbeb671757ac?crop=entropy&cs=tinysrgb&fit=max&fm=jpg&ixid=M3w4NDU2OTd8MHwxfHNlYXJjaHwzfHxtb2JpbGUlMjBhcHAlMjBkZWxpdmVyeSUyMGludGVyZmFjZXxlbnwwfDF8fHwxNzcwMTQyNDYzfDA&ixlib=rb-4.1.0&q=80&w=1080"; readonly MOBILE_INTERFACE_8: "https://images.unsplash.com/photo-1621691177818-bcd7c032ef26?crop=entropy&cs=tinysrgb&fit=max&fm=jpg&ixid=M3w4NDU2OTd8MHwxfHNlYXJjaHw4fHxtb2JpbGUlMjBhcHAlMjBkZWxpdmVyeSUyMGludGVyZmFjZXxlbnwwfDF8fHwxNzcwMTQyNDYzfDA&ixlib=rb-4.1.0&q=80&w=1080"; readonly MOBILE_TRACKING_1: "https://images.unsplash.com/photo-1570894808314-677b57f25e45?crop=entropy&cs=tinysrgb&fit=max&fm=jpg&ixid=M3w4NDU5NTF8MHwxfHNlYXJjaHw2fHxzbWFydHBob25lJTIwZGVsaXZlcnklMjB0cmFja2luZyUyMGFwcHxlbnwwfDF8fHwxNzcwMTg2MzYwfDA&ixlib=rb-4.1.0&q=80&w=1080"; readonly MOBILE_TRACKING_10: "https://images.unsplash.com/photo-1750179990399-96757d9aa8a0?crop=entropy&cs=tinysrgb&fit=max&fm=jpg&ixid=M3w4NDU5NTF8MHwxfHNlYXJjaHw4fHxzbWFydHBob25lJTIwZGVsaXZlcnklMjB0cmFja2luZyUyMGFwcHxlbnwwfDF8fHwxNzcwMTg2MzYwfDA&ixlib=rb-4.1.0&q=80&w=1080"; readonly MOBILE_TRACKING_2: "https://images.unsplash.com/photo-1651493355781-20b4e12f3231?crop=entropy&cs=tinysrgb&fit=max&fm=jpg&ixid=M3w4NDU5NTF8MHwxfHNlYXJjaHw0fHxzbWFydHBob25lJTIwZGVsaXZlcnklMjB0cmFja2luZyUyMGFwcHxlbnwwfDF8fHwxNzcwMTg2MzYwfDA&ixlib=rb-4.1.0&q=80&w=1080"; readonly MOBILE_TRACKING_3: "https://images.unsplash.com/photo-1607783822349-805fc62715dd?crop=entropy&cs=tinysrgb&fit=max&fm=jpg&ixid=M3w4NDU5NTF8MHwxfHNlYXJjaHwxMHx8c21hcnRwaG9uZSUyMGRlbGl2ZXJ5JTIwdHJhY2tpbmclMjBhcHB8ZW58MHwxfHx8MTc3MDE4NjM2MHww&ixlib=rb-4.1.0&q=80&w=1080"; readonly MOBILE_TRACKING_4: "https://images.unsplash.com/photo-1706814901248-5ac8b312c5f3?crop=entropy&cs=tinysrgb&fit=max&fm=jpg&ixid=M3w4NDU5NTF8MHwxfHNlYXJjaHwxfHxzbWFydHBob25lJTIwZGVsaXZlcnklMjB0cmFja2luZyUyMGFwcHxlbnwwfDF8fHwxNzcwMTg2MzYwfDA&ixlib=rb-4.1.0&q=80&w=1080"; readonly MOBILE_TRACKING_5: "https://images.unsplash.com/photo-1692681157014-2f7ee75c0ea0?crop=entropy&cs=tinysrgb&fit=max&fm=jpg&ixid=M3w4NDU5NTF8MHwxfHNlYXJjaHwyfHxzbWFydHBob25lJTIwZGVsaXZlcnklMjB0cmFja2luZyUyMGFwcHxlbnwwfDF8fHwxNzcwMTg2MzYwfDA&ixlib=rb-4.1.0&q=80&w=1080"; readonly MOBILE_TRACKING_6: "https://images.unsplash.com/photo-1640017438849-15957fd5b277?crop=entropy&cs=tinysrgb&fit=max&fm=jpg&ixid=M3w4NDU5NTF8MHwxfHNlYXJjaHw1fHxzbWFydHBob25lJTIwZGVsaXZlcnklMjB0cmFja2luZyUyMGFwcHxlbnwwfDF8fHwxNzcwMTg2MzYwfDA&ixlib=rb-4.1.0&q=80&w=1080"; readonly MOBILE_TRACKING_7: "https://images.unsplash.com/photo-1661358788054-9988c0778447?crop=entropy&cs=tinysrgb&fit=max&fm=jpg&ixid=M3w4NDU5NTF8MHwxfHNlYXJjaHwzfHxzbWFydHBob25lJTIwZGVsaXZlcnklMjB0cmFja2luZyUyMGFwcHxlbnwwfDF8fHwxNzcwMTg2MzYwfDA&ixlib=rb-4.1.0&q=80&w=1080"; readonly MOBILE_TRACKING_8: "https://images.unsplash.com/photo-1724246981341-bd289296c157?crop=entropy&cs=tinysrgb&fit=max&fm=jpg&ixid=M3w4NDU5NTF8MHwxfHNlYXJjaHw5fHxzbWFydHBob25lJTIwZGVsaXZlcnklMjB0cmFja2luZyUyMGFwcHxlbnwwfDF8fHwxNzcwMTg2MzYwfDA&ixlib=rb-4.1.0&q=80&w=1080"; readonly MOBILE_TRACKING_9: "https://images.unsplash.com/photo-1621691187532-bbeb671757ac?crop=entropy&cs=tinysrgb&fit=max&fm=jpg&ixid=M3w4NDU5NTF8MHwxfHNlYXJjaHw3fHxzbWFydHBob25lJTIwZGVsaXZlcnklMjB0cmFja2luZyUyMGFwcHxlbnwwfDF8fHwxNzcwMTg2MzYwfDA&ixlib=rb-4.1.0&q=80&w=1080"; readonly RIDER_DELIVERY_1: "https://images.unsplash.com/photo-1558899367-3cd83fb31ed8?crop=entropy&cs=tinysrgb&fit=max&fm=jpg&ixid=M3w4Mzc5NTV8MHwxfHNlYXJjaHw1fHxkZWxpdmVyeSUyMGRyaXZlciUyMG1vdG9yY3ljbGV8ZW58MHwwfHx8MTc3MDE4NjM2MXww&ixlib=rb-4.1.0&q=80&w=1080"; readonly RIDER_DELIVERY_10: "https://images.unsplash.com/photo-1763750648120-7e52c57eb26e?crop=entropy&cs=tinysrgb&fit=max&fm=jpg&ixid=M3w4Mzc5NTV8MHwxfHNlYXJjaHwxMHx8ZGVsaXZlcnklMjBkcml2ZXIlMjBtb3RvcmN5Y2xlfGVufDB8MHx8fDE3NzAxODYzNjF8MA&ixlib=rb-4.1.0&q=80&w=1080"; readonly RIDER_DELIVERY_2: "https://images.unsplash.com/photo-1558899293-c6204574fcd4?crop=entropy&cs=tinysrgb&fit=max&fm=jpg&ixid=M3w4Mzc5NTV8MHwxfHNlYXJjaHwzfHxkZWxpdmVyeSUyMGRyaXZlciUyMG1vdG9yY3ljbGV8ZW58MHwwfHx8MTc3MDE4NjM2MXww&ixlib=rb-4.1.0&q=80&w=1080"; readonly RIDER_DELIVERY_3: "https://images.unsplash.com/photo-1765608461706-2678e824ed15?crop=entropy&cs=tinysrgb&fit=max&fm=jpg&ixid=M3w4Mzc5NTV8MHwxfHNlYXJjaHw4fHxkZWxpdmVyeSUyMGRyaXZlciUyMG1vdG9yY3ljbGV8ZW58MHwwfHx8MTc3MDE4NjM2MXww&ixlib=rb-4.1.0&q=80&w=1080"; readonly RIDER_DELIVERY_4: "https://images.unsplash.com/photo-1767114648562-399d88d7362d?crop=entropy&cs=tinysrgb&fit=max&fm=jpg&ixid=M3w4Mzc5NTV8MHwxfHNlYXJjaHwxfHxkZWxpdmVyeSUyMGRyaXZlciUyMG1vdG9yY3ljbGV8ZW58MHwwfHx8MTc3MDE4NjM2MXww&ixlib=rb-4.1.0&q=80&w=1080"; readonly RIDER_DELIVERY_5: "https://images.unsplash.com/photo-1765808172074-702dc0371f93?crop=entropy&cs=tinysrgb&fit=max&fm=jpg&ixid=M3w4Mzc5NTV8MHwxfHNlYXJjaHwyfHxkZWxpdmVyeSUyMGRyaXZlciUyMG1vdG9yY3ljbGV8ZW58MHwwfHx8MTc3MDE4NjM2MXww&ixlib=rb-4.1.0&q=80&w=1080"; readonly RIDER_DELIVERY_6: "https://images.unsplash.com/photo-1766170507518-e7a6ca397e1c?crop=entropy&cs=tinysrgb&fit=max&fm=jpg&ixid=M3w4Mzc5NTV8MHwxfHNlYXJjaHw0fHxkZWxpdmVyeSUyMGRyaXZlciUyMG1vdG9yY3ljbGV8ZW58MHwwfHx8MTc3MDE4NjM2MXww&ixlib=rb-4.1.0&q=80&w=1080"; readonly RIDER_DELIVERY_7: "https://images.unsplash.com/photo-1762944080592-b0d779ef65ae?crop=entropy&cs=tinysrgb&fit=max&fm=jpg&ixid=M3w4Mzc5NTV8MHwxfHNlYXJjaHw2fHxkZWxpdmVyeSUyMGRyaXZlciUyMG1vdG9yY3ljbGV8ZW58MHwwfHx8MTc3MDE4NjM2MXww&ixlib=rb-4.1.0&q=80&w=1080"; readonly RIDER_DELIVERY_8: "https://images.unsplash.com/photo-1758777151107-b4573745d6c0?crop=entropy&cs=tinysrgb&fit=max&fm=jpg&ixid=M3w4Mzc5NTV8MHwxfHNlYXJjaHw3fHxkZWxpdmVyeSUyMGRyaXZlciUyMG1vdG9yY3ljbGV8ZW58MHwwfHx8MTc3MDE4NjM2MXww&ixlib=rb-4.1.0&q=80&w=1080"; readonly RIDER_DELIVERY_9: "https://images.unsplash.com/photo-1766421687400-e7e742d6f39d?crop=entropy&cs=tinysrgb&fit=max&fm=jpg&ixid=M3w4Mzc5NTV8MHwxfHNlYXJjaHw5fHxkZWxpdmVyeSUyMGRyaXZlciUyMG1vdG9yY3ljbGV8ZW58MHwwfHx8MTc3MDE4NjM2MXww&ixlib=rb-4.1.0&q=80&w=1080"; readonly SCREENSHOT1095_123: "/images/Screenshot1095.png"; readonly SCREENSHOT1487_125: "/images/Screenshot1487.png"; readonly SCREENSHOT3252_118: "/images/Screenshot3252.png"; readonly SCREENSHOT3650_120: "/images/Screenshot3650.png"; readonly SCREENSHOT5040_127: "/images/Screenshot5040.png"; readonly SCREENSHOT5867_121: "/images/Screenshot5867.png"; readonly SCREENSHOT5897_122: "/images/Screenshot5897.png"; readonly SCREENSHOT6115_117: "/images/Screenshot6115.png"; readonly SCREENSHOT6534_126: "/images/Screenshot6534.png"; readonly SCREENSHOT8648_119: "/images/Screenshot8648.png"; readonly SCREENSHOT9336_124: "/images/Screenshot9336.png"; readonly TRACKING_DASHBOARD_1: "https://images.unsplash.com/photo-1640552435845-d65c23b75934?crop=entropy&cs=tinysrgb&fit=max&fm=jpg&ixid=M3w4NDU5NTF8MHwxfHNlYXJjaHwxfHxwYWNrYWdlJTIwdHJhY2tpbmclMjBkYXNoYm9hcmQlMjBzY3JlZW58ZW58MHwwfHx8MTc3MDE0MjQ2Mnww&ixlib=rb-4.1.0&q=80&w=1080"; readonly TRACKING_DASHBOARD_2: "https://images.unsplash.com/photo-1728917330520-9456e3f49529?crop=entropy&cs=tinysrgb&fit=max&fm=jpg&ixid=M3w4NDU5NTF8MHwxfHNlYXJjaHw0fHxwYWNrYWdlJTIwdHJhY2tpbmclMjBkYXNoYm9hcmQlMjBzY3JlZW58ZW58MHwwfHx8MTc3MDE0MjQ2Mnww&ixlib=rb-4.1.0&q=80&w=1080"; readonly TRACKING_DASHBOARD_3: "https://images.unsplash.com/photo-1603596155917-4ec2f4324db0?crop=entropy&cs=tinysrgb&fit=max&fm=jpg&ixid=M3w4NDU5NTF8MHwxfHNlYXJjaHwzfHxwYWNrYWdlJTIwdHJhY2tpbmclMjBkYXNoYm9hcmQlMjBzY3JlZW58ZW58MHwwfHx8MTc3MDE0MjQ2Mnww&ixlib=rb-4.1.0&q=80&w=1080"; readonly TRACKING_DASHBOARD_4: "https://images.unsplash.com/photo-1545340914-8557aa9714e6?crop=entropy&cs=tinysrgb&fit=max&fm=jpg&ixid=M3w4NDU5NTF8MHwxfHNlYXJjaHw3fHxwYWNrYWdlJTIwdHJhY2tpbmclMjBkYXNoYm9hcmQlMjBzY3JlZW58ZW58MHwwfHx8MTc3MDE0MjQ2Mnww&ixlib=rb-4.1.0&q=80&w=1080"; readonly TRACKING_DASHBOARD_5: "https://images.unsplash.com/photo-1738499105721-fb2f8038ec8d?crop=entropy&cs=tinysrgb&fit=max&fm=jpg&ixid=M3w4NDU5NTF8MHwxfHNlYXJjaHw4fHxwYWNrYWdlJTIwdHJhY2tpbmclMjBkYXNoYm9hcmQlMjBzY3JlZW58ZW58MHwwfHx8MTc3MDE0MjQ2Mnww&ixlib=rb-4.1.0&q=80&w=1080"; readonly TRACKING_DASHBOARD_6: "https://images.unsplash.com/photo-1723000545910-de8498a26698?crop=entropy&cs=tinysrgb&fit=max&fm=jpg&ixid=M3w4NDU5NTF8MHwxfHNlYXJjaHw2fHxwYWNrYWdlJTIwdHJhY2tpbmclMjBkYXNoYm9hcmQlMjBzY3JlZW58ZW58MHwwfHx8MTc3MDE0MjQ2Mnww&ixlib=rb-4.1.0&q=80&w=1080"; readonly TRACKING_DASHBOARD_7: "https://images.unsplash.com/photo-1768223927969-f08af51cf730?crop=entropy&cs=tinysrgb&fit=max&fm=jpg&ixid=M3w4NDU5NTF8MHwxfHNlYXJjaHwyfHxwYWNrYWdlJTIwdHJhY2tpbmclMjBkYXNoYm9hcmQlMjBzY3JlZW58ZW58MHwwfHx8MTc3MDE0MjQ2Mnww&ixlib=rb-4.1.0&q=80&w=1080"; readonly TRACKING_DASHBOARD_8: "https://images.unsplash.com/photo-1725777634077-e19c68ac1c4e?crop=entropy&cs=tinysrgb&fit=max&fm=jpg&ixid=M3w4NDU5NTF8MHwxfHNlYXJjaHw1fHxwYWNrYWdlJTIwdHJhY2tpbmclMjBkYXNoYm9hcmQlMjBzY3JlZW58ZW58MHwwfHx8MTc3MDE0MjQ2Mnww&ixlib=rb-4.1.0&q=80&w=1080"; readonly WAREHOUSE_OPS_1: "https://images.unsplash.com/photo-1724709162875-fe100dd0e04b?crop=entropy&cs=tinysrgb&fit=max&fm=jpg&ixid=M3w4NDU5NTF8MHwxfHNlYXJjaHw0fHx3YXJlaG91c2UlMjBtYW5hZ2VtZW50JTIwaW52ZW50b3J5fGVufDB8MHx8fDE3NzAxNDI0NjJ8MA&ixlib=rb-4.1.0&q=80&w=1080"; readonly WAREHOUSE_OPS_10: "https://images.unsplash.com/photo-1769698631158-c1f42e6281cc?crop=entropy&cs=tinysrgb&fit=max&fm=jpg&ixid=M3w4MTk0NTh8MHwxfHNlYXJjaHwyfHx3YXJlaG91c2UlMjBsb2dpc3RpY3MlMjBvcGVyYXRpb25zfGVufDB8MHx8fDE3NzAxODYzNjB8MA&ixlib=rb-4.1.0&q=80&w=1080"; readonly WAREHOUSE_OPS_11: "https://images.unsplash.com/photo-1768796372629-a4e7db99e474?crop=entropy&cs=tinysrgb&fit=max&fm=jpg&ixid=M3w4MTk0NTh8MHwxfHNlYXJjaHwzfHx3YXJlaG91c2UlMjBsb2dpc3RpY3MlMjBvcGVyYXRpb25zfGVufDB8MHx8fDE3NzAxODYzNjB8MA&ixlib=rb-4.1.0&q=80&w=1080"; readonly WAREHOUSE_OPS_12: "https://images.unsplash.com/photo-1768796373634-db43bfd5f064?crop=entropy&cs=tinysrgb&fit=max&fm=jpg&ixid=M3w4MTk0NTh8MHwxfHNlYXJjaHw0fHx3YXJlaG91c2UlMjBsb2dpc3RpY3MlMjBvcGVyYXRpb25zfGVufDB8MHx8fDE3NzAxODYzNjB8MA&ixlib=rb-4.1.0&q=80&w=1080"; readonly WAREHOUSE_OPS_13: "https://images.unsplash.com/photo-1769700821886-e10fa7946ceb?crop=entropy&cs=tinysrgb&fit=max&fm=jpg&ixid=M3w4MTk0NTh8MHwxfHNlYXJjaHw1fHx3YXJlaG91c2UlMjBsb2dpc3RpY3MlMjBvcGVyYXRpb25zfGVufDB8MHx8fDE3NzAxODYzNjB8MA&ixlib=rb-4.1.0&q=80&w=1080"; readonly WAREHOUSE_OPS_14: "https://images.unsplash.com/photo-1769698821962-dc7ea5f9b2bc?crop=entropy&cs=tinysrgb&fit=max&fm=jpg&ixid=M3w4MTk0NTh8MHwxfHNlYXJjaHw2fHx3YXJlaG91c2UlMjBsb2dpc3RpY3MlMjBvcGVyYXRpb25zfGVufDB8MHx8fDE3NzAxODYzNjB8MA&ixlib=rb-4.1.0&q=80&w=1080"; readonly WAREHOUSE_OPS_15: "https://images.unsplash.com/photo-1769701164670-e819d92cc602?crop=entropy&cs=tinysrgb&fit=max&fm=jpg&ixid=M3w4MTk0NTh8MHwxfHNlYXJjaHw3fHx3YXJlaG91c2UlMjBsb2dpc3RpY3MlMjBvcGVyYXRpb25zfGVufDB8MHx8fDE3NzAxODYzNjB8MA&ixlib=rb-4.1.0&q=80&w=1080"; readonly WAREHOUSE_OPS_16: "https://images.unsplash.com/photo-1768796372478-f3c46af523a9?crop=entropy&cs=tinysrgb&fit=max&fm=jpg&ixid=M3w4MTk0NTh8MHwxfHNlYXJjaHw4fHx3YXJlaG91c2UlMjBsb2dpc3RpY3MlMjBvcGVyYXRpb25zfGVufDB8MHx8fDE3NzAxODYzNjB8MA&ixlib=rb-4.1.0&q=80&w=1080"; readonly WAREHOUSE_OPS_17: "https://images.unsplash.com/photo-1769700821917-df00d0f3e621?crop=entropy&cs=tinysrgb&fit=max&fm=jpg&ixid=M3w4MTk0NTh8MHwxfHNlYXJjaHw5fHx3YXJlaG91c2UlMjBsb2dpc3RpY3MlMjBvcGVyYXRpb25zfGVufDB8MHx8fDE3NzAxODYzNjB8MA&ixlib=rb-4.1.0&q=80&w=1080"; readonly WAREHOUSE_OPS_18: "https://images.unsplash.com/photo-1768796371989-411938b4d07b?crop=entropy&cs=tinysrgb&fit=max&fm=jpg&ixid=M3w4MTk0NTh8MHwxfHNlYXJjaHwxMHx8d2FyZWhvdXNlJTIwbG9naXN0aWNzJTIwb3BlcmF0aW9uc3xlbnwwfDB8fHwxNzcwMTg2MzYwfDA&ixlib=rb-4.1.0&q=80&w=1080"; readonly WAREHOUSE_OPS_2: "https://images.unsplash.com/photo-1768796372478-f3c46af523a9?crop=entropy&cs=tinysrgb&fit=max&fm=jpg&ixid=M3w4NDU5NTF8MHwxfHNlYXJjaHwxfHx3YXJlaG91c2UlMjBtYW5hZ2VtZW50JTIwaW52ZW50b3J5fGVufDB8MHx8fDE3NzAxNDI0NjJ8MA&ixlib=rb-4.1.0&q=80&w=1080"; readonly WAREHOUSE_OPS_3: "https://images.unsplash.com/photo-1768796373634-db43bfd5f064?crop=entropy&cs=tinysrgb&fit=max&fm=jpg&ixid=M3w4NDU5NTF8MHwxfHNlYXJjaHwyfHx3YXJlaG91c2UlMjBtYW5hZ2VtZW50JTIwaW52ZW50b3J5fGVufDB8MHx8fDE3NzAxNDI0NjJ8MA&ixlib=rb-4.1.0&q=80&w=1080"; readonly WAREHOUSE_OPS_4: "https://images.unsplash.com/photo-1768796373360-95d80c5830fb?crop=entropy&cs=tinysrgb&fit=max&fm=jpg&ixid=M3w4NDU5NTF8MHwxfHNlYXJjaHwzfHx3YXJlaG91c2UlMjBtYW5hZ2VtZW50JTIwaW52ZW50b3J5fGVufDB8MHx8fDE3NzAxNDI0NjJ8MA&ixlib=rb-4.1.0&q=80&w=1080"; readonly WAREHOUSE_OPS_5: "https://images.unsplash.com/photo-1768796373577-2e6e51351165?crop=entropy&cs=tinysrgb&fit=max&fm=jpg&ixid=M3w4NDU5NTF8MHwxfHNlYXJjaHw1fHx3YXJlaG91c2UlMjBtYW5hZ2VtZW50JTIwaW52ZW50b3J5fGVufDB8MHx8fDE3NzAxNDI0NjJ8MA&ixlib=rb-4.1.0&q=80&w=1080"; readonly WAREHOUSE_OPS_6: "https://images.unsplash.com/photo-1768796372882-8b67936af681?crop=entropy&cs=tinysrgb&fit=max&fm=jpg&ixid=M3w4NDU5NTF8MHwxfHNlYXJjaHw2fHx3YXJlaG91c2UlMjBtYW5hZ2VtZW50JTIwaW52ZW50b3J5fGVufDB8MHx8fDE3NzAxNDI0NjJ8MA&ixlib=rb-4.1.0&q=80&w=1080"; readonly WAREHOUSE_OPS_7: "https://images.unsplash.com/photo-1768796373907-418e59aee549?crop=entropy&cs=tinysrgb&fit=max&fm=jpg&ixid=M3w4NDU5NTF8MHwxfHNlYXJjaHw3fHx3YXJlaG91c2UlMjBtYW5hZ2VtZW50JTIwaW52ZW50b3J5fGVufDB8MHx8fDE3NzAxNDI0NjJ8MA&ixlib=rb-4.1.0&q=80&w=1080"; readonly WAREHOUSE_OPS_8: "https://images.unsplash.com/photo-1768796372629-a4e7db99e474?crop=entropy&cs=tinysrgb&fit=max&fm=jpg&ixid=M3w4NDU5NTF8MHwxfHNlYXJjaHw4fHx3YXJlaG91c2UlMjBtYW5hZ2VtZW50JTIwaW52ZW50b3J5fGVufDB8MHx8fDE3NzAxNDI0NjJ8MA&ixlib=rb-4.1.0&q=80&w=1080"; readonly WAREHOUSE_OPS_9: "https://images.unsplash.com/photo-1768796373307-fc2f843660f8?crop=entropy&cs=tinysrgb&fit=max&fm=jpg&ixid=M3w4MTk0NTh8MHwxfHNlYXJjaHwxfHx3YXJlaG91c2UlMjBsb2dpc3RpY3MlMjBvcGVyYXRpb25zfGVufDB8MHx8fDE3NzAxODYzNjB8MA&ixlib=rb-4.1.0&q=80&w=1080"; }'.
src/pages/MerchantPortal.tsx(299,88): error TS2339: Property 'awb_number' does not exist on type 'Partial<Shipment>'.
src/pages/MerchantPortal.tsx(301,48): error TS2339: Property 'destination' does not exist on type 'Partial<Shipment>'.
src/pages/MerchantPortal.tsx(305,48): error TS2339: Property 'cod_amount' does not exist on type 'Partial<Shipment>'.
src/pages/MerchantPortal.tsx(305,85): error TS2339: Property 'cod_amount' does not exist on type 'Partial<Shipment>'.
src/pages/MerchantPortal.tsx(306,59): error TS2551: Property 'created_at' does not exist on type 'Partial<Shipment>'. Did you mean 'createdAt'?
src/pages/office/RegistrationQueue.tsx(7,3): error TS2305: Module '"@/lib/index"' has no exported member 'MOCK_TOWNSHIPS'.
src/pages/office/RegistrationQueue.tsx(41,5): error TS2353: Object literal may only specify known properties, and 'pieces' does not exist in type 'Shipment'.
src/pages/office/RegistrationQueue.tsx(59,5): error TS2353: Object literal may only specify known properties, and 'pieces' does not exist in type 'Shipment'.
src/pages/office/RegistrationQueue.tsx(77,5): error TS2353: Object literal may only specify known properties, and 'pieces' does not exist in type 'Shipment'.
src/pages/office/RegistrationQueue.tsx(103,14): error TS2339: Property 'riderId' does not exist on type 'Shipment'.
src/pages/office/RegistrationQueue.tsx(112,26): error TS2339: Property 'OFFICE' does not exist on type '{ readonly HOME: "/"; readonly LOGIN: "/login"; readonly DASHBOARD: "/admin/dashboard"; readonly WAREHOUSE: "/warehouse"; readonly OPERATIONS: "/operations"; readonly ACCOUNTING: "/accounting"; readonly REPORTS: "/reports"; readonly TRACKING: "/tracking"; readonly WAY_MANAGEMENT: "/admin/way-management"; readonly CREATE_SHIPMENT: "/shipments/create"; readonly SETTINGS: "/settings"; }'.
src/pages/office/RegistrationQueue.tsx(197,37): error TS2339: Property 'photos' does not exist on type 'Shipment'.
src/pages/office/RegistrationQueue.tsx(203,35): error TS2339: Property 'photos' does not exist on type 'Shipment'.
src/pages/office/RegistrationQueue.tsx(206,31): error TS2339: Property 'condition' does not exist on type 'Shipment'.
src/pages/office/RegistrationQueue.tsx(226,37): error TS2339: Property 'type' does not exist on type 'Shipment'.
src/pages/office/RegistrationQueue.tsx(226,69): error TS2339: Property 'pieces' does not exist on type 'Shipment'.
src/pages/office/RegistrationQueue.tsx(242,94): error TS2339: Property 'riderId' does not exist on type 'Shipment'.
src/pages/office/RegistrationQueue.tsx(249,35): error TS2339: Property 'photos' does not exist on type 'Shipment'.
src/pages/office/RegistrationQueue.tsx(254,131): error TS2339: Property 'photos' does not exist on type 'Shipment'.
src/pages/office/ShipmentRegistration.tsx(20,3): error TS2305: Module '"@/lib/index"' has no exported member 'MOCK_TOWNSHIPS'.
src/pages/office/ShipmentRegistration.tsx(78,5): error TS2322: Type 'Resolver<{ senderName: string; senderPhone: string; receiverName: string; receiverPhone: string; receiverAddress: string; receiverTownship: string; serviceType: "express" | "standard"; codRequired?: boolean; codAmount?: number; weight?: number; }, any, { senderName: string; senderPhone: string; receiverName: string; receiverPhone: string; receiverAddress: string; receiverTownship: string; serviceType: "express" | "standard"; codRequired: boolean; codAmount?: number; weight?: number; }>' is not assignable to type 'Resolver<{ senderName: string; senderPhone: string; receiverName: string; receiverPhone: string; receiverAddress: string; receiverTownship: string; serviceType: "express" | "standard"; codRequired: boolean; codAmount?: number; weight?: number; }, any, { senderName: string; senderPhone: string; receiverName: string; receiverPhone: string; receiverAddress: string; receiverTownship: string; serviceType: "express" | "standard"; codRequired: boolean; codAmount?: number; weight?: number; }>'.
  Types of parameters 'options' and 'options' are incompatible.
    Type 'ResolverOptions<{ senderName: string; senderPhone: string; receiverName: string; receiverPhone: string; receiverAddress: string; receiverTownship: string; serviceType: "express" | "standard"; codRequired: boolean; codAmount?: number; weight?: number; }>' is not assignable to type 'ResolverOptions<{ senderName: string; senderPhone: string; receiverName: string; receiverPhone: string; receiverAddress: string; receiverTownship: string; serviceType: "express" | "standard"; codRequired?: boolean; codAmount?: number; weight?: number; }>'.
      Type '{ senderName: string; senderPhone: string; receiverName: string; receiverPhone: string; receiverAddress: string; receiverTownship: string; serviceType: "express" | "standard"; codRequired?: boolean; codAmount?: number; weight?: number; }' is not assignable to type '{ senderName: string; senderPhone: string; receiverName: string; receiverPhone: string; receiverAddress: string; receiverTownship: string; serviceType: "express" | "standard"; codRequired: boolean; codAmount?: number; weight?: number; }'.
        Property 'codRequired' is optional in type '{ senderName: string; senderPhone: string; receiverName: string; receiverPhone: string; receiverAddress: string; receiverTownship: string; serviceType: "express" | "standard"; codRequired?: boolean; codAmount?: number; weight?: number; }' but required in type '{ senderName: string; senderPhone: string; receiverName: string; receiverPhone: string; receiverAddress: string; receiverTownship: string; serviceType: "express" | "standard"; codRequired: boolean; codAmount?: number; weight?: number; }'.
src/pages/office/ShipmentRegistration.tsx(91,7): error TS2353: Object literal may only specify known properties, and 'pieces' does not exist in type 'Partial<Shipment>'.
src/pages/office/ShipmentRegistration.tsx(117,28): error TS2339: Property 'OFFICE' does not exist on type '{ readonly HOME: "/"; readonly LOGIN: "/login"; readonly DASHBOARD: "/admin/dashboard"; readonly WAREHOUSE: "/warehouse"; readonly OPERATIONS: "/operations"; readonly ACCOUNTING: "/accounting"; readonly REPORTS: "/reports"; readonly TRACKING: "/tracking"; readonly WAY_MANAGEMENT: "/admin/way-management"; readonly CREATE_SHIPMENT: "/shipments/create"; readonly SETTINGS: "/settings"; }'.
src/pages/office/ShipmentRegistration.tsx(150,40): error TS2345: Argument of type '(data: RegistrationFormData) => Promise<void>' is not assignable to parameter of type 'SubmitHandler<TFieldValues>'.
  Types of parameters 'data' and 'data' are incompatible.
    Type 'TFieldValues' is not assignable to type '{ senderName: string; senderPhone: string; receiverName: string; receiverPhone: string; receiverAddress: string; receiverTownship: string; serviceType: "express" | "standard"; codRequired: boolean; codAmount?: number; weight?: number; }'.
      Type 'FieldValues' is missing the following properties from type '{ senderName: string; senderPhone: string; receiverName: string; receiverPhone: string; receiverAddress: string; receiverTownship: string; serviceType: "express" | "standard"; codRequired: boolean; codAmount?: number; weight?: number; }': senderName, senderPhone, receiverName, receiverPhone, and 4 more.
src/pages/office/ShipmentRegistration.tsx(336,34): error TS2339: Property 'photos' does not exist on type 'Partial<Shipment>'.
src/pages/office/ShipmentRegistration.tsx(347,92): error TS2339: Property 'pieces' does not exist on type 'Partial<Shipment>'.
src/pages/office/ShipmentRegistration.tsx(348,90): error TS2339: Property 'type' does not exist on type 'Partial<Shipment>'.
src/pages/office/ShipmentRegistration.tsx(349,136): error TS2339: Property 'condition' does not exist on type 'Partial<Shipment>'.
src/pages/office/ShipmentRegistration.tsx(350,91): error TS2339: Property 'riderId' does not exist on type 'Partial<Shipment>'.
src/pages/office/ShipmentRegistration.tsx(378,44): error TS2345: Argument of type '(data: RegistrationFormData) => Promise<void>' is not assignable to parameter of type 'SubmitHandler<TFieldValues>'.
  Types of parameters 'data' and 'data' are incompatible.
    Type 'TFieldValues' is not assignable to type '{ senderName: string; senderPhone: string; receiverName: string; receiverPhone: string; receiverAddress: string; receiverTownship: string; serviceType: "express" | "standard"; codRequired: boolean; codAmount?: number; weight?: number; }'.
      Type 'FieldValues' is missing the following properties from type '{ senderName: string; senderPhone: string; receiverName: string; receiverPhone: string; receiverAddress: string; receiverTownship: string; serviceType: "express" | "standard"; codRequired: boolean; codAmount?: number; weight?: number; }': senderName, senderPhone, receiverName, receiverPhone, and 4 more.
src/pages/ParcelPickup.tsx(43,23): error TS2339: Property 'CARGO_CONTAINERS_8' does not exist on type '{ readonly ANALYTICS_DASH_1: "https://images.unsplash.com/photo-1551288049-bebda4e38f71?crop=entropy&cs=tinysrgb&fit=max&fm=jpg&ixid=M3w4Mzc5NTV8MHwxfHNlYXJjaHwxfHxkYXNoYm9hcmQlMjBhbmFseXRpY3MlMjBjaGFydHN8ZW58MHwwfHx8MTc3MDE4NjM2MXww&ixlib=rb-4.1.0&q=80&w=1080"; readonly ANALYTICS_DASH_10: "https://images.unsplash.com/photo-1666537072206-6a7a01ecb7d9?crop=entropy&cs=tinysrgb&fit=max&fm=jpg&ixid=M3w4Mzc5NTV8MHwxfHNlYXJjaHw2fHxkYXNoYm9hcmQlMjBhbmFseXRpY3MlMjBjaGFydHN8ZW58MHwwfHx8MTc3MDE4NjM2MXww&ixlib=rb-4.1.0&q=80&w=1080"; readonly ANALYTICS_DASH_2: "https://images.unsplash.com/photo-1686061593213-98dad7c599b9?crop=entropy&cs=tinysrgb&fit=max&fm=jpg&ixid=M3w4Mzc5NTV8MHwxfHNlYXJjaHw5fHxkYXNoYm9hcmQlMjBhbmFseXRpY3MlMjBjaGFydHN8ZW58MHwwfHx8MTc3MDE4NjM2MXww&ixlib=rb-4.1.0&q=80&w=1080"; readonly ANALYTICS_DASH_3: "https://images.unsplash.com/photo-1686061592689-312bbfb5c055?crop=entropy&cs=tinysrgb&fit=max&fm=jpg&ixid=M3w4Mzc5NTV8MHwxfHNlYXJjaHw3fHxkYXNoYm9hcmQlMjBhbmFseXRpY3MlMjBjaGFydHN8ZW58MHwwfHx8MTc3MDE4NjM2MXww&ixlib=rb-4.1.0&q=80&w=1080"; readonly ANALYTICS_DASH_4: "https://images.unsplash.com/photo-1586448317606-cb1ec00298fc?crop=entropy&cs=tinysrgb&fit=max&fm=jpg&ixid=M3w4Mzc5NTV8MHwxfHNlYXJjaHw4fHxkYXNoYm9hcmQlMjBhbmFseXRpY3MlMjBjaGFydHN8ZW58MHwwfHx8MTc3MDE4NjM2MXww&ixlib=rb-4.1.0&q=80&w=1080"; readonly ANALYTICS_DASH_5: "https://images.unsplash.com/photo-1635236190542-d43e4d4b9e4b?crop=entropy&cs=tinysrgb&fit=max&fm=jpg&ixid=M3w4Mzc5NTV8MHwxfHNlYXJjaHwxMHx8ZGFzaGJvYXJkJTIwYW5hbHl0aWNzJTIwY2hhcnRzfGVufDB8MHx8fDE3NzAxODYzNjF8MA&ixlib=rb-4.1.0&q=80&w=1080"; readonly ANALYTICS_DASH_6: "https://images.unsplash.com/photo-1639825752750-5061ded5503b?crop=entropy&cs=tinysrgb&fit=max&fm=jpg&ixid=M3w4Mzc5NTV8MHwxfHNlYXJjaHw1fHxkYXNoYm9hcmQlMjBhbmFseXRpY3MlMjBjaGFydHN8ZW58MHwwfHx8MTc3MDE4NjM2MXww&ixlib=rb-4.1.0&q=80&w=1080"; readonly ANALYTICS_DASH_7: "https://images.unsplash.com/photo-1721593979313-8661afd501c2?crop=entropy&cs=tinysrgb&fit=max&fm=jpg&ixid=M3w4Mzc5NTV8MHwxfHNlYXJjaHw0fHxkYXNoYm9hcmQlMjBhbmFseXRpY3MlMjBjaGFydHN8ZW58MHwwfHx8MTc3MDE4NjM2MXww&ixlib=rb-4.1.0&q=80&w=1080"; readonly ANALYTICS_DASH_8: "https://images.unsplash.com/photo-1758876202980-0a28b744fb24?crop=entropy&cs=tinysrgb&fit=max&fm=jpg&ixid=M3w4Mzc5NTV8MHwxfHNlYXJjaHwzfHxkYXNoYm9hcmQlMjBhbmFseXRpY3MlMjBjaGFydHN8ZW58MHwwfHx8MTc3MDE4NjM2MXww&ixlib=rb-4.1.0&q=80&w=1080"; readonly ANALYTICS_DASH_9: "https://images.unsplash.com/photo-1763038311036-6d18805537e5?crop=entropy&cs=tinysrgb&fit=max&fm=jpg&ixid=M3w4Mzc5NTV8MHwxfHNlYXJjaHwyfHxkYXNoYm9hcmQlMjBhbmFseXRpY3MlMjBjaGFydHN8ZW58MHwwfHx8MTc3MDE4NjM2MXww&ixlib=rb-4.1.0&q=80&w=1080"; readonly BRITIUM_LOGO_55: "/images/britium-logo.png"; readonly BRITIUM_LOGO_66: "/images/britium-logo.png"; readonly DELIVERY_HERO_1: "https://images.unsplash.com/photo-1580160667723-8f98952d1017?crop=entropy&cs=tinysrgb&fit=max&fm=jpg&ixid=M3w4NDU5NTF8MHwxfHNlYXJjaHw5fHxtb2Rlcm4lMjBkZWxpdmVyeSUyMHRydWNrJTIwbG9naXN0aWNzfGVufDB8MHx8fDE3NzAxODYzNjB8MA&ixlib=rb-4.1.0&q=80&w=1080"; readonly DELIVERY_HERO_10: "https://images.unsplash.com/photo-1760045788252-d8d386ea1d12?crop=entropy&cs=tinysrgb&fit=max&fm=jpg&ixid=M3w4NDU5NTF8MHwxfHNlYXJjaHwzfHxtb2Rlcm4lMjBkZWxpdmVyeSUyMHRydWNrJTIwbG9naXN0aWNzfGVufDB8MHx8fDE3NzAxODYzNjB8MA&ixlib=rb-4.1.0&q=80&w=1080"; readonly DELIVERY_HERO_2: "https://images.unsplash.com/photo-1547116262-a7365d627e61?crop=entropy&cs=tinysrgb&fit=max&fm=jpg&ixid=M3w4NDU5NTF8MHwxfHNlYXJjaHw4fHxtb2Rlcm4lMjBkZWxpdmVyeSUyMHRydWNrJTIwbG9naXN0aWNzfGVufDB8MHx8fDE3NzAxODYzNjB8MA&ixlib=rb-4.1.0&q=80&w=1080"; readonly DELIVERY_HERO_3: "https://images.unsplash.com/photo-1598317940377-d1e5402f1bed?crop=entropy&cs=tinysrgb&fit=max&fm=jpg&ixid=M3w4NDU5NTF8MHwxfHNlYXJjaHw0fHxtb2Rlcm4lMjBkZWxpdmVyeSUyMHRydWNrJTIwbG9naXN0aWNzfGVufDB8MHx8fDE3NzAxODYzNjB8MA&ixlib=rb-4.1.0&q=80&w=1080"; readonly DELIVERY_HERO_4: "https://images.unsplash.com/photo-1633155565182-16c06ed45ec5?crop=entropy&cs=tinysrgb&fit=max&fm=jpg&ixid=M3w4NDU5NTF8MHwxfHNlYXJjaHw3fHxtb2Rlcm4lMjBkZWxpdmVyeSUyMHRydWNrJTIwbG9naXN0aWNzfGVufDB8MHx8fDE3NzAxODYzNjB8MA&ixlib=rb-4.1.0&q=80&w=1080"; readonly DELIVERY_HERO_5: "https://images.unsplash.com/photo-1681514583222-0579e6835666?crop=entropy&cs=tinysrgb&fit=max&fm=jpg&ixid=M3w4NDU5NTF8MHwxfHNlYXJjaHw1fHxtb2Rlcm4lMjBkZWxpdmVyeSUyMHRydWNrJTIwbG9naXN0aWNzfGVufDB8MHx8fDE3NzAxODYzNjB8MA&ixlib=rb-4.1.0&q=80&w=1080"; readonly DELIVERY_HERO_6: "https://images.unsplash.com/photo-1662135426498-72a27149a7dd?crop=entropy&cs=tinysrgb&fit=max&fm=jpg&ixid=M3w4NDU5NTF8MHwxfHNlYXJjaHwxMHx8bW9kZXJuJTIwZGVsaXZlcnklMjB0cnVjayUyMGxvZ2lzdGljc3xlbnwwfDB8fHwxNzcwMTg2MzYwfDA&ixlib=rb-4.1.0&q=80&w=1080"; readonly DELIVERY_HERO_7: "https://images.unsplash.com/photo-1733662095268-7a88cb5fa10e?crop=entropy&cs=tinysrgb&fit=max&fm=jpg&ixid=M3w4NDU5NTF8MHwxfHNlYXJjaHw2fHxtb2Rlcm4lMjBkZWxpdmVyeSUyMHRydWNrJTIwbG9naXN0aWNzfGVufDB8MHx8fDE3NzAxODYzNjB8MA&ixlib=rb-4.1.0&q=80&w=1080"; readonly DELIVERY_HERO_8: "https://images.unsplash.com/photo-1762245752333-c1ef6315a30c?crop=entropy&cs=tinysrgb&fit=max&fm=jpg&ixid=M3w4NDU5NTF8MHwxfHNlYXJjaHwyfHxtb2Rlcm4lMjBkZWxpdmVyeSUyMHRydWNrJTIwbG9naXN0aWNzfGVufDB8MHx8fDE3NzAxODYzNjB8MA&ixlib=rb-4.1.0&q=80&w=1080"; readonly DELIVERY_HERO_9: "https://images.unsplash.com/photo-1746985106190-6c116edec9bc?crop=entropy&cs=tinysrgb&fit=max&fm=jpg&ixid=M3w4NDU5NTF8MHwxfHNlYXJjaHwxfHxtb2Rlcm4lMjBkZWxpdmVyeSUyMHRydWNrJTIwbG9naXN0aWNzfGVufDB8MHx8fDE3NzAxODYzNjB8MA&ixlib=rb-4.1.0&q=80&w=1080"; readonly DELIVERY_RIDER_1: "https://images.unsplash.com/photo-1648394794449-5dbe63f6a8b5?crop=entropy&cs=tinysrgb&fit=max&fm=jpg&ixid=M3w4Mzc5NTV8MHwxfHNlYXJjaHw1fHxjb3VyaWVyJTIwZGVsaXZlcnklMjBwZXJzb24lMjBtb3RvcmN5Y2xlfGVufDB8MHx8fDE3NzAxNDI0NjJ8MA&ixlib=rb-4.1.0&q=80&w=1080"; readonly DELIVERY_RIDER_10: "https://images.unsplash.com/photo-1706994742122-df69c7390a2b?crop=entropy&cs=tinysrgb&fit=max&fm=jpg&ixid=M3w4Mzc5NTV8MHwxfHNlYXJjaHwxMHx8Y291cmllciUyMGRlbGl2ZXJ5JTIwcGVyc29uJTIwbW90b3JjeWNsZXxlbnwwfDB8fHwxNzcwMTQyNDYyfDA&ixlib=rb-4.1.0&q=80&w=1080"; readonly DELIVERY_RIDER_2: "https://images.unsplash.com/photo-1642047291146-7916f38ebde0?crop=entropy&cs=tinysrgb&fit=max&fm=jpg&ixid=M3w4Mzc5NTV8MHwxfHNlYXJjaHw4fHxjb3VyaWVyJTIwZGVsaXZlcnklMjBwZXJzb24lMjBtb3RvcmN5Y2xlfGVufDB8MHx8fDE3NzAxNDI0NjJ8MA&ixlib=rb-4.1.0&q=80&w=1080"; readonly DELIVERY_RIDER_3: "https://images.unsplash.com/photo-1754765542024-c1320f23b75a?crop=entropy&cs=tinysrgb&fit=max&fm=jpg&ixid=M3w4Mzc5NTV8MHwxfHNlYXJjaHw0fHxjb3VyaWVyJTIwZGVsaXZlcnklMjBwZXJzb24lMjBtb3RvcmN5Y2xlfGVufDB8MHx8fDE3NzAxNDI0NjJ8MA&ixlib=rb-4.1.0&q=80&w=1080"; readonly DELIVERY_RIDER_4: "https://images.unsplash.com/photo-1616915939238-2a7a363d45c4?crop=entropy&cs=tinysrgb&fit=max&fm=jpg&ixid=M3w4Mzc5NTV8MHwxfHNlYXJjaHw2fHxjb3VyaWVyJTIwZGVsaXZlcnklMjBwZXJzb24lMjBtb3RvcmN5Y2xlfGVufDB8MHx8fDE3NzAxNDI0NjJ8MA&ixlib=rb-4.1.0&q=80&w=1080"; readonly DELIVERY_RIDER_5: "https://images.unsplash.com/photo-1683553170878-049f180627b0?crop=entropy&cs=tinysrgb&fit=max&fm=jpg&ixid=M3w4Mzc5NTV8MHwxfHNlYXJjaHw5fHxjb3VyaWVyJTIwZGVsaXZlcnklMjBwZXJzb24lMjBtb3RvcmN5Y2xlfGVufDB8MHx8fDE3NzAxNDI0NjJ8MA&ixlib=rb-4.1.0&q=80&w=1080"; readonly DELIVERY_RIDER_6: "https://images.unsplash.com/photo-1767114648562-399d88d7362d?crop=entropy&cs=tinysrgb&fit=max&fm=jpg&ixid=M3w4Mzc5NTV8MHwxfHNlYXJjaHwxfHxjb3VyaWVyJTIwZGVsaXZlcnklMjBwZXJzb24lMjBtb3RvcmN5Y2xlfGVufDB8MHx8fDE3NzAxNDI0NjJ8MA&ixlib=rb-4.1.0&q=80&w=1080"; readonly DELIVERY_RIDER_7: "https://images.unsplash.com/photo-1766421687400-e7e742d6f39d?crop=entropy&cs=tinysrgb&fit=max&fm=jpg&ixid=M3w4Mzc5NTV8MHwxfHNlYXJjaHwyfHxjb3VyaWVyJTIwZGVsaXZlcnklMjBwZXJzb24lMjBtb3RvcmN5Y2xlfGVufDB8MHx8fDE3NzAxNDI0NjJ8MA&ixlib=rb-4.1.0&q=80&w=1080"; readonly DELIVERY_RIDER_8: "https://images.unsplash.com/photo-1758202292832-5e036fd03e25?crop=entropy&cs=tinysrgb&fit=max&fm=jpg&ixid=M3w4Mzc5NTV8MHwxfHNlYXJjaHwzfHxjb3VyaWVyJTIwZGVsaXZlcnklMjBwZXJzb24lMjBtb3RvcmN5Y2xlfGVufDB8MHx8fDE3NzAxNDI0NjJ8MA&ixlib=rb-4.1.0&q=80&w=1080"; readonly DELIVERY_RIDER_9: "https://images.unsplash.com/photo-1754765542364-7def1d509bb8?crop=entropy&cs=tinysrgb&fit=max&fm=jpg&ixid=M3w4Mzc5NTV8MHwxfHNlYXJjaHw3fHxjb3VyaWVyJTIwZGVsaXZlcnklMjBwZXJzb24lMjBtb3RvcmN5Y2xlfGVufDB8MHx8fDE3NzAxNDI0NjJ8MA&ixlib=rb-4.1.0&q=80&w=1080"; readonly IC_LAUNCHER_45: "/images/ic_launcher.webp"; readonly IC_LAUNCHER_47: "/images/ic_launcher.webp"; readonly IC_LAUNCHER_48: "/images/ic_launcher.webp"; readonly IC_LAUNCHER_51: "/images/ic_launcher.webp"; readonly IC_LAUNCHER_53: "/images/ic_launcher.webp"; readonly IC_LAUNCHER_56: "/images/ic_launcher.webp"; readonly IC_LAUNCHER_58: "/images/ic_launcher.webp"; readonly IC_LAUNCHER_59: "/images/ic_launcher.webp"; readonly IC_LAUNCHER_62: "/images/ic_launcher.webp"; readonly IC_LAUNCHER_64: "/images/ic_launcher.webp"; readonly IC_LAUNCHER_ROUND_46: "/images/ic_launcher_round.webp"; readonly IC_LAUNCHER_ROUND_49: "/images/ic_launcher_round.webp"; readonly IC_LAUNCHER_ROUND_50: "/images/ic_launcher_round.webp"; readonly IC_LAUNCHER_ROUND_52: "/images/ic_launcher_round.webp"; readonly IC_LAUNCHER_ROUND_54: "/images/ic_launcher_round.webp"; readonly IC_LAUNCHER_ROUND_57: "/images/ic_launcher_round.webp"; readonly IC_LAUNCHER_ROUND_60: "/images/ic_launcher_round.webp"; readonly IC_LAUNCHER_ROUND_61: "/images/ic_launcher_round.webp"; readonly IC_LAUNCHER_ROUND_63: "/images/ic_launcher_round.webp"; readonly IC_LAUNCHER_ROUND_65: "/images/ic_launcher_round.webp"; readonly LOGISTICS_HERO_1: "https://images.unsplash.com/photo-1532635042-a6f6ad4745f9?crop=entropy&cs=tinysrgb&fit=max&fm=jpg&ixid=M3w4MTk0NTh8MHwxfHNlYXJjaHw3fHxkZWxpdmVyeSUyMHRydWNrJTIwbG9naXN0aWNzJTIwd2FyZWhvdXNlfGVufDB8MHx8fDE3NzAxNDI0NjJ8MA&ixlib=rb-4.1.0&q=80&w=1080"; readonly LOGISTICS_HERO_10: "https://images.unsplash.com/photo-1739863305982-f7354315b2bd?crop=entropy&cs=tinysrgb&fit=max&fm=jpg&ixid=M3w4MTk0NTh8MHwxfHNlYXJjaHwxMHx8ZGVsaXZlcnklMjB0cnVjayUyMGxvZ2lzdGljcyUyMHdhcmVob3VzZXxlbnwwfDB8fHwxNzcwMTQyNDYyfDA&ixlib=rb-4.1.0&q=80&w=1080"; readonly LOGISTICS_HERO_2: "https://images.unsplash.com/photo-1601912552080-0fb89fd08042?crop=entropy&cs=tinysrgb&fit=max&fm=jpg&ixid=M3w4MTk0NTh8MHwxfHNlYXJjaHw1fHxkZWxpdmVyeSUyMHRydWNrJTIwbG9naXN0aWNzJTIwd2FyZWhvdXNlfGVufDB8MHx8fDE3NzAxNDI0NjJ8MA&ixlib=rb-4.1.0&q=80&w=1080"; readonly LOGISTICS_HERO_3: "https://images.unsplash.com/photo-1611938845621-f7d331a14255?crop=entropy&cs=tinysrgb&fit=max&fm=jpg&ixid=M3w4MTk0NTh8MHwxfHNlYXJjaHwyfHxkZWxpdmVyeSUyMHRydWNrJTIwbG9naXN0aWNzJTIwd2FyZWhvdXNlfGVufDB8MHx8fDE3NzAxNDI0NjJ8MA&ixlib=rb-4.1.0&q=80&w=1080"; readonly LOGISTICS_HERO_4: "https://images.unsplash.com/photo-1681514583222-0579e6835666?crop=entropy&cs=tinysrgb&fit=max&fm=jpg&ixid=M3w4MTk0NTh8MHwxfHNlYXJjaHw2fHxkZWxpdmVyeSUyMHRydWNrJTIwbG9naXN0aWNzJTIwd2FyZWhvdXNlfGVufDB8MHx8fDE3NzAxNDI0NjJ8MA&ixlib=rb-4.1.0&q=80&w=1080"; readonly LOGISTICS_HERO_5: "https://images.unsplash.com/photo-1613354382403-28066cf657b3?crop=entropy&cs=tinysrgb&fit=max&fm=jpg&ixid=M3w4MTk0NTh8MHwxfHNlYXJjaHwzfHxkZWxpdmVyeSUyMHRydWNrJTIwbG9naXN0aWNzJTIwd2FyZWhvdXNlfGVufDB8MHx8fDE3NzAxNDI0NjJ8MA&ixlib=rb-4.1.0&q=80&w=1080"; readonly LOGISTICS_HERO_6: "https://images.unsplash.com/photo-1732435527614-8336ebd1e82c?crop=entropy&cs=tinysrgb&fit=max&fm=jpg&ixid=M3w4MTk0NTh8MHwxfHNlYXJjaHw4fHxkZWxpdmVyeSUyMHRydWNrJTIwbG9naXN0aWNzJTIwd2FyZWhvdXNlfGVufDB8MHx8fDE3NzAxNDI0NjJ8MA&ixlib=rb-4.1.0&q=80&w=1080"; readonly LOGISTICS_HERO_7: "https://images.unsplash.com/photo-1762251374590-64962c1a451c?crop=entropy&cs=tinysrgb&fit=max&fm=jpg&ixid=M3w4MTk0NTh8MHwxfHNlYXJjaHwxfHxkZWxpdmVyeSUyMHRydWNrJTIwbG9naXN0aWNzJTIwd2FyZWhvdXNlfGVufDB8MHx8fDE3NzAxNDI0NjJ8MA&ixlib=rb-4.1.0&q=80&w=1080"; readonly LOGISTICS_HERO_8: "https://images.unsplash.com/photo-1681514583213-7b8e47eb1953?crop=entropy&cs=tinysrgb&fit=max&fm=jpg&ixid=M3w4MTk0NTh8MHwxfHNlYXJjaHw0fHxkZWxpdmVyeSUyMHRydWNrJTIwbG9naXN0aWNzJTIwd2FyZWhvdXNlfGVufDB8MHx8fDE3NzAxNDI0NjJ8MA&ixlib=rb-4.1.0&q=80&w=1080"; readonly LOGISTICS_HERO_9: "https://images.unsplash.com/photo-1730309529959-e305b3199c01?crop=entropy&cs=tinysrgb&fit=max&fm=jpg&ixid=M3w4MTk0NTh8MHwxfHNlYXJjaHw5fHxkZWxpdmVyeSUyMHRydWNrJTIwbG9naXN0aWNzJTIwd2FyZWhvdXNlfGVufDB8MHx8fDE3NzAxNDI0NjJ8MA&ixlib=rb-4.1.0&q=80&w=1080"; readonly MOBILE_INTERFACE_1: "https://images.unsplash.com/photo-1592323401640-9c24ed330baf?crop=entropy&cs=tinysrgb&fit=max&fm=jpg&ixid=M3w4NDU2OTd8MHwxfHNlYXJjaHw0fHxtb2JpbGUlMjBhcHAlMjBkZWxpdmVyeSUyMGludGVyZmFjZXxlbnwwfDF8fHwxNzcwMTQyNDYzfDA&ixlib=rb-4.1.0&q=80&w=1080"; readonly MOBILE_INTERFACE_2: "https://images.unsplash.com/photo-1570894808314-677b57f25e45?crop=entropy&cs=tinysrgb&fit=max&fm=jpg&ixid=M3w4NDU2OTd8MHwxfHNlYXJjaHwyfHxtb2JpbGUlMjBhcHAlMjBkZWxpdmVyeSUyMGludGVyZmFjZXxlbnwwfDF8fHwxNzcwMTQyNDYzfDA&ixlib=rb-4.1.0&q=80&w=1080"; readonly MOBILE_INTERFACE_3: "https://images.unsplash.com/photo-1605600659802-1353d7fd3732?crop=entropy&cs=tinysrgb&fit=max&fm=jpg&ixid=M3w4NDU2OTd8MHwxfHNlYXJjaHw3fHxtb2JpbGUlMjBhcHAlMjBkZWxpdmVyeSUyMGludGVyZmFjZXxlbnwwfDF8fHwxNzcwMTQyNDYzfDA&ixlib=rb-4.1.0&q=80&w=1080"; readonly MOBILE_INTERFACE_4: "https://images.unsplash.com/photo-1661358788054-9988c0778447?crop=entropy&cs=tinysrgb&fit=max&fm=jpg&ixid=M3w4NDU2OTd8MHwxfHNlYXJjaHw1fHxtb2JpbGUlMjBhcHAlMjBkZWxpdmVyeSUyMGludGVyZmFjZXxlbnwwfDF8fHwxNzcwMTQyNDYzfDA&ixlib=rb-4.1.0&q=80&w=1080"; readonly MOBILE_INTERFACE_5: "https://images.unsplash.com/photo-1746286721374-cd541e26911a?crop=entropy&cs=tinysrgb&fit=max&fm=jpg&ixid=M3w4NDU2OTd8MHwxfHNlYXJjaHw2fHxtb2JpbGUlMjBhcHAlMjBkZWxpdmVyeSUyMGludGVyZmFjZXxlbnwwfDF8fHwxNzcwMTQyNDYzfDA&ixlib=rb-4.1.0&q=80&w=1080"; readonly MOBILE_INTERFACE_6: "https://images.unsplash.com/photo-1760888549280-4aef010720bd?crop=entropy&cs=tinysrgb&fit=max&fm=jpg&ixid=M3w4NDU2OTd8MHwxfHNlYXJjaHwxfHxtb2JpbGUlMjBhcHAlMjBkZWxpdmVyeSUyMGludGVyZmFjZXxlbnwwfDF8fHwxNzcwMTQyNDYzfDA&ixlib=rb-4.1.0&q=80&w=1080"; readonly MOBILE_INTERFACE_7: "https://images.unsplash.com/photo-1621691187532-bbeb671757ac?crop=entropy&cs=tinysrgb&fit=max&fm=jpg&ixid=M3w4NDU2OTd8MHwxfHNlYXJjaHwzfHxtb2JpbGUlMjBhcHAlMjBkZWxpdmVyeSUyMGludGVyZmFjZXxlbnwwfDF8fHwxNzcwMTQyNDYzfDA&ixlib=rb-4.1.0&q=80&w=1080"; readonly MOBILE_INTERFACE_8: "https://images.unsplash.com/photo-1621691177818-bcd7c032ef26?crop=entropy&cs=tinysrgb&fit=max&fm=jpg&ixid=M3w4NDU2OTd8MHwxfHNlYXJjaHw4fHxtb2JpbGUlMjBhcHAlMjBkZWxpdmVyeSUyMGludGVyZmFjZXxlbnwwfDF8fHwxNzcwMTQyNDYzfDA&ixlib=rb-4.1.0&q=80&w=1080"; readonly MOBILE_TRACKING_1: "https://images.unsplash.com/photo-1570894808314-677b57f25e45?crop=entropy&cs=tinysrgb&fit=max&fm=jpg&ixid=M3w4NDU5NTF8MHwxfHNlYXJjaHw2fHxzbWFydHBob25lJTIwZGVsaXZlcnklMjB0cmFja2luZyUyMGFwcHxlbnwwfDF8fHwxNzcwMTg2MzYwfDA&ixlib=rb-4.1.0&q=80&w=1080"; readonly MOBILE_TRACKING_10: "https://images.unsplash.com/photo-1750179990399-96757d9aa8a0?crop=entropy&cs=tinysrgb&fit=max&fm=jpg&ixid=M3w4NDU5NTF8MHwxfHNlYXJjaHw4fHxzbWFydHBob25lJTIwZGVsaXZlcnklMjB0cmFja2luZyUyMGFwcHxlbnwwfDF8fHwxNzcwMTg2MzYwfDA&ixlib=rb-4.1.0&q=80&w=1080"; readonly MOBILE_TRACKING_2: "https://images.unsplash.com/photo-1651493355781-20b4e12f3231?crop=entropy&cs=tinysrgb&fit=max&fm=jpg&ixid=M3w4NDU5NTF8MHwxfHNlYXJjaHw0fHxzbWFydHBob25lJTIwZGVsaXZlcnklMjB0cmFja2luZyUyMGFwcHxlbnwwfDF8fHwxNzcwMTg2MzYwfDA&ixlib=rb-4.1.0&q=80&w=1080"; readonly MOBILE_TRACKING_3: "https://images.unsplash.com/photo-1607783822349-805fc62715dd?crop=entropy&cs=tinysrgb&fit=max&fm=jpg&ixid=M3w4NDU5NTF8MHwxfHNlYXJjaHwxMHx8c21hcnRwaG9uZSUyMGRlbGl2ZXJ5JTIwdHJhY2tpbmclMjBhcHB8ZW58MHwxfHx8MTc3MDE4NjM2MHww&ixlib=rb-4.1.0&q=80&w=1080"; readonly MOBILE_TRACKING_4: "https://images.unsplash.com/photo-1706814901248-5ac8b312c5f3?crop=entropy&cs=tinysrgb&fit=max&fm=jpg&ixid=M3w4NDU5NTF8MHwxfHNlYXJjaHwxfHxzbWFydHBob25lJTIwZGVsaXZlcnklMjB0cmFja2luZyUyMGFwcHxlbnwwfDF8fHwxNzcwMTg2MzYwfDA&ixlib=rb-4.1.0&q=80&w=1080"; readonly MOBILE_TRACKING_5: "https://images.unsplash.com/photo-1692681157014-2f7ee75c0ea0?crop=entropy&cs=tinysrgb&fit=max&fm=jpg&ixid=M3w4NDU5NTF8MHwxfHNlYXJjaHwyfHxzbWFydHBob25lJTIwZGVsaXZlcnklMjB0cmFja2luZyUyMGFwcHxlbnwwfDF8fHwxNzcwMTg2MzYwfDA&ixlib=rb-4.1.0&q=80&w=1080"; readonly MOBILE_TRACKING_6: "https://images.unsplash.com/photo-1640017438849-15957fd5b277?crop=entropy&cs=tinysrgb&fit=max&fm=jpg&ixid=M3w4NDU5NTF8MHwxfHNlYXJjaHw1fHxzbWFydHBob25lJTIwZGVsaXZlcnklMjB0cmFja2luZyUyMGFwcHxlbnwwfDF8fHwxNzcwMTg2MzYwfDA&ixlib=rb-4.1.0&q=80&w=1080"; readonly MOBILE_TRACKING_7: "https://images.unsplash.com/photo-1661358788054-9988c0778447?crop=entropy&cs=tinysrgb&fit=max&fm=jpg&ixid=M3w4NDU5NTF8MHwxfHNlYXJjaHwzfHxzbWFydHBob25lJTIwZGVsaXZlcnklMjB0cmFja2luZyUyMGFwcHxlbnwwfDF8fHwxNzcwMTg2MzYwfDA&ixlib=rb-4.1.0&q=80&w=1080"; readonly MOBILE_TRACKING_8: "https://images.unsplash.com/photo-1724246981341-bd289296c157?crop=entropy&cs=tinysrgb&fit=max&fm=jpg&ixid=M3w4NDU5NTF8MHwxfHNlYXJjaHw5fHxzbWFydHBob25lJTIwZGVsaXZlcnklMjB0cmFja2luZyUyMGFwcHxlbnwwfDF8fHwxNzcwMTg2MzYwfDA&ixlib=rb-4.1.0&q=80&w=1080"; readonly MOBILE_TRACKING_9: "https://images.unsplash.com/photo-1621691187532-bbeb671757ac?crop=entropy&cs=tinysrgb&fit=max&fm=jpg&ixid=M3w4NDU5NTF8MHwxfHNlYXJjaHw3fHxzbWFydHBob25lJTIwZGVsaXZlcnklMjB0cmFja2luZyUyMGFwcHxlbnwwfDF8fHwxNzcwMTg2MzYwfDA&ixlib=rb-4.1.0&q=80&w=1080"; readonly RIDER_DELIVERY_1: "https://images.unsplash.com/photo-1558899367-3cd83fb31ed8?crop=entropy&cs=tinysrgb&fit=max&fm=jpg&ixid=M3w4Mzc5NTV8MHwxfHNlYXJjaHw1fHxkZWxpdmVyeSUyMGRyaXZlciUyMG1vdG9yY3ljbGV8ZW58MHwwfHx8MTc3MDE4NjM2MXww&ixlib=rb-4.1.0&q=80&w=1080"; readonly RIDER_DELIVERY_10: "https://images.unsplash.com/photo-1763750648120-7e52c57eb26e?crop=entropy&cs=tinysrgb&fit=max&fm=jpg&ixid=M3w4Mzc5NTV8MHwxfHNlYXJjaHwxMHx8ZGVsaXZlcnklMjBkcml2ZXIlMjBtb3RvcmN5Y2xlfGVufDB8MHx8fDE3NzAxODYzNjF8MA&ixlib=rb-4.1.0&q=80&w=1080"; readonly RIDER_DELIVERY_2: "https://images.unsplash.com/photo-1558899293-c6204574fcd4?crop=entropy&cs=tinysrgb&fit=max&fm=jpg&ixid=M3w4Mzc5NTV8MHwxfHNlYXJjaHwzfHxkZWxpdmVyeSUyMGRyaXZlciUyMG1vdG9yY3ljbGV8ZW58MHwwfHx8MTc3MDE4NjM2MXww&ixlib=rb-4.1.0&q=80&w=1080"; readonly RIDER_DELIVERY_3: "https://images.unsplash.com/photo-1765608461706-2678e824ed15?crop=entropy&cs=tinysrgb&fit=max&fm=jpg&ixid=M3w4Mzc5NTV8MHwxfHNlYXJjaHw4fHxkZWxpdmVyeSUyMGRyaXZlciUyMG1vdG9yY3ljbGV8ZW58MHwwfHx8MTc3MDE4NjM2MXww&ixlib=rb-4.1.0&q=80&w=1080"; readonly RIDER_DELIVERY_4: "https://images.unsplash.com/photo-1767114648562-399d88d7362d?crop=entropy&cs=tinysrgb&fit=max&fm=jpg&ixid=M3w4Mzc5NTV8MHwxfHNlYXJjaHwxfHxkZWxpdmVyeSUyMGRyaXZlciUyMG1vdG9yY3ljbGV8ZW58MHwwfHx8MTc3MDE4NjM2MXww&ixlib=rb-4.1.0&q=80&w=1080"; readonly RIDER_DELIVERY_5: "https://images.unsplash.com/photo-1765808172074-702dc0371f93?crop=entropy&cs=tinysrgb&fit=max&fm=jpg&ixid=M3w4Mzc5NTV8MHwxfHNlYXJjaHwyfHxkZWxpdmVyeSUyMGRyaXZlciUyMG1vdG9yY3ljbGV8ZW58MHwwfHx8MTc3MDE4NjM2MXww&ixlib=rb-4.1.0&q=80&w=1080"; readonly RIDER_DELIVERY_6: "https://images.unsplash.com/photo-1766170507518-e7a6ca397e1c?crop=entropy&cs=tinysrgb&fit=max&fm=jpg&ixid=M3w4Mzc5NTV8MHwxfHNlYXJjaHw0fHxkZWxpdmVyeSUyMGRyaXZlciUyMG1vdG9yY3ljbGV8ZW58MHwwfHx8MTc3MDE4NjM2MXww&ixlib=rb-4.1.0&q=80&w=1080"; readonly RIDER_DELIVERY_7: "https://images.unsplash.com/photo-1762944080592-b0d779ef65ae?crop=entropy&cs=tinysrgb&fit=max&fm=jpg&ixid=M3w4Mzc5NTV8MHwxfHNlYXJjaHw2fHxkZWxpdmVyeSUyMGRyaXZlciUyMG1vdG9yY3ljbGV8ZW58MHwwfHx8MTc3MDE4NjM2MXww&ixlib=rb-4.1.0&q=80&w=1080"; readonly RIDER_DELIVERY_8: "https://images.unsplash.com/photo-1758777151107-b4573745d6c0?crop=entropy&cs=tinysrgb&fit=max&fm=jpg&ixid=M3w4Mzc5NTV8MHwxfHNlYXJjaHw3fHxkZWxpdmVyeSUyMGRyaXZlciUyMG1vdG9yY3ljbGV8ZW58MHwwfHx8MTc3MDE4NjM2MXww&ixlib=rb-4.1.0&q=80&w=1080"; readonly RIDER_DELIVERY_9: "https://images.unsplash.com/photo-1766421687400-e7e742d6f39d?crop=entropy&cs=tinysrgb&fit=max&fm=jpg&ixid=M3w4Mzc5NTV8MHwxfHNlYXJjaHw5fHxkZWxpdmVyeSUyMGRyaXZlciUyMG1vdG9yY3ljbGV8ZW58MHwwfHx8MTc3MDE4NjM2MXww&ixlib=rb-4.1.0&q=80&w=1080"; readonly SCREENSHOT1095_123: "/images/Screenshot1095.png"; readonly SCREENSHOT1487_125: "/images/Screenshot1487.png"; readonly SCREENSHOT3252_118: "/images/Screenshot3252.png"; readonly SCREENSHOT3650_120: "/images/Screenshot3650.png"; readonly SCREENSHOT5040_127: "/images/Screenshot5040.png"; readonly SCREENSHOT5867_121: "/images/Screenshot5867.png"; readonly SCREENSHOT5897_122: "/images/Screenshot5897.png"; readonly SCREENSHOT6115_117: "/images/Screenshot6115.png"; readonly SCREENSHOT6534_126: "/images/Screenshot6534.png"; readonly SCREENSHOT8648_119: "/images/Screenshot8648.png"; readonly SCREENSHOT9336_124: "/images/Screenshot9336.png"; readonly TRACKING_DASHBOARD_1: "https://images.unsplash.com/photo-1640552435845-d65c23b75934?crop=entropy&cs=tinysrgb&fit=max&fm=jpg&ixid=M3w4NDU5NTF8MHwxfHNlYXJjaHwxfHxwYWNrYWdlJTIwdHJhY2tpbmclMjBkYXNoYm9hcmQlMjBzY3JlZW58ZW58MHwwfHx8MTc3MDE0MjQ2Mnww&ixlib=rb-4.1.0&q=80&w=1080"; readonly TRACKING_DASHBOARD_2: "https://images.unsplash.com/photo-1728917330520-9456e3f49529?crop=entropy&cs=tinysrgb&fit=max&fm=jpg&ixid=M3w4NDU5NTF8MHwxfHNlYXJjaHw0fHxwYWNrYWdlJTIwdHJhY2tpbmclMjBkYXNoYm9hcmQlMjBzY3JlZW58ZW58MHwwfHx8MTc3MDE0MjQ2Mnww&ixlib=rb-4.1.0&q=80&w=1080"; readonly TRACKING_DASHBOARD_3: "https://images.unsplash.com/photo-1603596155917-4ec2f4324db0?crop=entropy&cs=tinysrgb&fit=max&fm=jpg&ixid=M3w4NDU5NTF8MHwxfHNlYXJjaHwzfHxwYWNrYWdlJTIwdHJhY2tpbmclMjBkYXNoYm9hcmQlMjBzY3JlZW58ZW58MHwwfHx8MTc3MDE0MjQ2Mnww&ixlib=rb-4.1.0&q=80&w=1080"; readonly TRACKING_DASHBOARD_4: "https://images.unsplash.com/photo-1545340914-8557aa9714e6?crop=entropy&cs=tinysrgb&fit=max&fm=jpg&ixid=M3w4NDU5NTF8MHwxfHNlYXJjaHw3fHxwYWNrYWdlJTIwdHJhY2tpbmclMjBkYXNoYm9hcmQlMjBzY3JlZW58ZW58MHwwfHx8MTc3MDE0MjQ2Mnww&ixlib=rb-4.1.0&q=80&w=1080"; readonly TRACKING_DASHBOARD_5: "https://images.unsplash.com/photo-1738499105721-fb2f8038ec8d?crop=entropy&cs=tinysrgb&fit=max&fm=jpg&ixid=M3w4NDU5NTF8MHwxfHNlYXJjaHw4fHxwYWNrYWdlJTIwdHJhY2tpbmclMjBkYXNoYm9hcmQlMjBzY3JlZW58ZW58MHwwfHx8MTc3MDE0MjQ2Mnww&ixlib=rb-4.1.0&q=80&w=1080"; readonly TRACKING_DASHBOARD_6: "https://images.unsplash.com/photo-1723000545910-de8498a26698?crop=entropy&cs=tinysrgb&fit=max&fm=jpg&ixid=M3w4NDU5NTF8MHwxfHNlYXJjaHw2fHxwYWNrYWdlJTIwdHJhY2tpbmclMjBkYXNoYm9hcmQlMjBzY3JlZW58ZW58MHwwfHx8MTc3MDE0MjQ2Mnww&ixlib=rb-4.1.0&q=80&w=1080"; readonly TRACKING_DASHBOARD_7: "https://images.unsplash.com/photo-1768223927969-f08af51cf730?crop=entropy&cs=tinysrgb&fit=max&fm=jpg&ixid=M3w4NDU5NTF8MHwxfHNlYXJjaHwyfHxwYWNrYWdlJTIwdHJhY2tpbmclMjBkYXNoYm9hcmQlMjBzY3JlZW58ZW58MHwwfHx8MTc3MDE0MjQ2Mnww&ixlib=rb-4.1.0&q=80&w=1080"; readonly TRACKING_DASHBOARD_8: "https://images.unsplash.com/photo-1725777634077-e19c68ac1c4e?crop=entropy&cs=tinysrgb&fit=max&fm=jpg&ixid=M3w4NDU5NTF8MHwxfHNlYXJjaHw1fHxwYWNrYWdlJTIwdHJhY2tpbmclMjBkYXNoYm9hcmQlMjBzY3JlZW58ZW58MHwwfHx8MTc3MDE0MjQ2Mnww&ixlib=rb-4.1.0&q=80&w=1080"; readonly WAREHOUSE_OPS_1: "https://images.unsplash.com/photo-1724709162875-fe100dd0e04b?crop=entropy&cs=tinysrgb&fit=max&fm=jpg&ixid=M3w4NDU5NTF8MHwxfHNlYXJjaHw0fHx3YXJlaG91c2UlMjBtYW5hZ2VtZW50JTIwaW52ZW50b3J5fGVufDB8MHx8fDE3NzAxNDI0NjJ8MA&ixlib=rb-4.1.0&q=80&w=1080"; readonly WAREHOUSE_OPS_10: "https://images.unsplash.com/photo-1769698631158-c1f42e6281cc?crop=entropy&cs=tinysrgb&fit=max&fm=jpg&ixid=M3w4MTk0NTh8MHwxfHNlYXJjaHwyfHx3YXJlaG91c2UlMjBsb2dpc3RpY3MlMjBvcGVyYXRpb25zfGVufDB8MHx8fDE3NzAxODYzNjB8MA&ixlib=rb-4.1.0&q=80&w=1080"; readonly WAREHOUSE_OPS_11: "https://images.unsplash.com/photo-1768796372629-a4e7db99e474?crop=entropy&cs=tinysrgb&fit=max&fm=jpg&ixid=M3w4MTk0NTh8MHwxfHNlYXJjaHwzfHx3YXJlaG91c2UlMjBsb2dpc3RpY3MlMjBvcGVyYXRpb25zfGVufDB8MHx8fDE3NzAxODYzNjB8MA&ixlib=rb-4.1.0&q=80&w=1080"; readonly WAREHOUSE_OPS_12: "https://images.unsplash.com/photo-1768796373634-db43bfd5f064?crop=entropy&cs=tinysrgb&fit=max&fm=jpg&ixid=M3w4MTk0NTh8MHwxfHNlYXJjaHw0fHx3YXJlaG91c2UlMjBsb2dpc3RpY3MlMjBvcGVyYXRpb25zfGVufDB8MHx8fDE3NzAxODYzNjB8MA&ixlib=rb-4.1.0&q=80&w=1080"; readonly WAREHOUSE_OPS_13: "https://images.unsplash.com/photo-1769700821886-e10fa7946ceb?crop=entropy&cs=tinysrgb&fit=max&fm=jpg&ixid=M3w4MTk0NTh8MHwxfHNlYXJjaHw1fHx3YXJlaG91c2UlMjBsb2dpc3RpY3MlMjBvcGVyYXRpb25zfGVufDB8MHx8fDE3NzAxODYzNjB8MA&ixlib=rb-4.1.0&q=80&w=1080"; readonly WAREHOUSE_OPS_14: "https://images.unsplash.com/photo-1769698821962-dc7ea5f9b2bc?crop=entropy&cs=tinysrgb&fit=max&fm=jpg&ixid=M3w4MTk0NTh8MHwxfHNlYXJjaHw2fHx3YXJlaG91c2UlMjBsb2dpc3RpY3MlMjBvcGVyYXRpb25zfGVufDB8MHx8fDE3NzAxODYzNjB8MA&ixlib=rb-4.1.0&q=80&w=1080"; readonly WAREHOUSE_OPS_15: "https://images.unsplash.com/photo-1769701164670-e819d92cc602?crop=entropy&cs=tinysrgb&fit=max&fm=jpg&ixid=M3w4MTk0NTh8MHwxfHNlYXJjaHw3fHx3YXJlaG91c2UlMjBsb2dpc3RpY3MlMjBvcGVyYXRpb25zfGVufDB8MHx8fDE3NzAxODYzNjB8MA&ixlib=rb-4.1.0&q=80&w=1080"; readonly WAREHOUSE_OPS_16: "https://images.unsplash.com/photo-1768796372478-f3c46af523a9?crop=entropy&cs=tinysrgb&fit=max&fm=jpg&ixid=M3w4MTk0NTh8MHwxfHNlYXJjaHw4fHx3YXJlaG91c2UlMjBsb2dpc3RpY3MlMjBvcGVyYXRpb25zfGVufDB8MHx8fDE3NzAxODYzNjB8MA&ixlib=rb-4.1.0&q=80&w=1080"; readonly WAREHOUSE_OPS_17: "https://images.unsplash.com/photo-1769700821917-df00d0f3e621?crop=entropy&cs=tinysrgb&fit=max&fm=jpg&ixid=M3w4MTk0NTh8MHwxfHNlYXJjaHw5fHx3YXJlaG91c2UlMjBsb2dpc3RpY3MlMjBvcGVyYXRpb25zfGVufDB8MHx8fDE3NzAxODYzNjB8MA&ixlib=rb-4.1.0&q=80&w=1080"; readonly WAREHOUSE_OPS_18: "https://images.unsplash.com/photo-1768796371989-411938b4d07b?crop=entropy&cs=tinysrgb&fit=max&fm=jpg&ixid=M3w4MTk0NTh8MHwxfHNlYXJjaHwxMHx8d2FyZWhvdXNlJTIwbG9naXN0aWNzJTIwb3BlcmF0aW9uc3xlbnwwfDB8fHwxNzcwMTg2MzYwfDA&ixlib=rb-4.1.0&q=80&w=1080"; readonly WAREHOUSE_OPS_2: "https://images.unsplash.com/photo-1768796372478-f3c46af523a9?crop=entropy&cs=tinysrgb&fit=max&fm=jpg&ixid=M3w4NDU5NTF8MHwxfHNlYXJjaHwxfHx3YXJlaG91c2UlMjBtYW5hZ2VtZW50JTIwaW52ZW50b3J5fGVufDB8MHx8fDE3NzAxNDI0NjJ8MA&ixlib=rb-4.1.0&q=80&w=1080"; readonly WAREHOUSE_OPS_3: "https://images.unsplash.com/photo-1768796373634-db43bfd5f064?crop=entropy&cs=tinysrgb&fit=max&fm=jpg&ixid=M3w4NDU5NTF8MHwxfHNlYXJjaHwyfHx3YXJlaG91c2UlMjBtYW5hZ2VtZW50JTIwaW52ZW50b3J5fGVufDB8MHx8fDE3NzAxNDI0NjJ8MA&ixlib=rb-4.1.0&q=80&w=1080"; readonly WAREHOUSE_OPS_4: "https://images.unsplash.com/photo-1768796373360-95d80c5830fb?crop=entropy&cs=tinysrgb&fit=max&fm=jpg&ixid=M3w4NDU5NTF8MHwxfHNlYXJjaHwzfHx3YXJlaG91c2UlMjBtYW5hZ2VtZW50JTIwaW52ZW50b3J5fGVufDB8MHx8fDE3NzAxNDI0NjJ8MA&ixlib=rb-4.1.0&q=80&w=1080"; readonly WAREHOUSE_OPS_5: "https://images.unsplash.com/photo-1768796373577-2e6e51351165?crop=entropy&cs=tinysrgb&fit=max&fm=jpg&ixid=M3w4NDU5NTF8MHwxfHNlYXJjaHw1fHx3YXJlaG91c2UlMjBtYW5hZ2VtZW50JTIwaW52ZW50b3J5fGVufDB8MHx8fDE3NzAxNDI0NjJ8MA&ixlib=rb-4.1.0&q=80&w=1080"; readonly WAREHOUSE_OPS_6: "https://images.unsplash.com/photo-1768796372882-8b67936af681?crop=entropy&cs=tinysrgb&fit=max&fm=jpg&ixid=M3w4NDU5NTF8MHwxfHNlYXJjaHw2fHx3YXJlaG91c2UlMjBtYW5hZ2VtZW50JTIwaW52ZW50b3J5fGVufDB8MHx8fDE3NzAxNDI0NjJ8MA&ixlib=rb-4.1.0&q=80&w=1080"; readonly WAREHOUSE_OPS_7: "https://images.unsplash.com/photo-1768796373907-418e59aee549?crop=entropy&cs=tinysrgb&fit=max&fm=jpg&ixid=M3w4NDU5NTF8MHwxfHNlYXJjaHw3fHx3YXJlaG91c2UlMjBtYW5hZ2VtZW50JTIwaW52ZW50b3J5fGVufDB8MHx8fDE3NzAxNDI0NjJ8MA&ixlib=rb-4.1.0&q=80&w=1080"; readonly WAREHOUSE_OPS_8: "https://images.unsplash.com/photo-1768796372629-a4e7db99e474?crop=entropy&cs=tinysrgb&fit=max&fm=jpg&ixid=M3w4NDU5NTF8MHwxfHNlYXJjaHw4fHx3YXJlaG91c2UlMjBtYW5hZ2VtZW50JTIwaW52ZW50b3J5fGVufDB8MHx8fDE3NzAxNDI0NjJ8MA&ixlib=rb-4.1.0&q=80&w=1080"; readonly WAREHOUSE_OPS_9: "https://images.unsplash.com/photo-1768796373307-fc2f843660f8?crop=entropy&cs=tinysrgb&fit=max&fm=jpg&ixid=M3w4MTk0NTh8MHwxfHNlYXJjaHwxfHx3YXJlaG91c2UlMjBsb2dpc3RpY3MlMjBvcGVyYXRpb25zfGVufDB8MHx8fDE3NzAxODYzNjB8MA&ixlib=rb-4.1.0&q=80&w=1080"; }'.
src/pages/ParcelPickup.tsx(133,25): error TS2322: Type '{ userType: "merchant" | "customer"; onParcelCreated: (parcel: any) => void; }' is not assignable to type 'IntrinsicAttributes'.
  Property 'userType' does not exist on type 'IntrinsicAttributes'.
src/pages/ParcelPickup.tsx(237,21): error TS2551: Property 'SCREENSHOT5867_2_57' does not exist on type '{ readonly ANALYTICS_DASH_1: "https://images.unsplash.com/photo-1551288049-bebda4e38f71?crop=entropy&cs=tinysrgb&fit=max&fm=jpg&ixid=M3w4Mzc5NTV8MHwxfHNlYXJjaHwxfHxkYXNoYm9hcmQlMjBhbmFseXRpY3MlMjBjaGFydHN8ZW58MHwwfHx8MTc3MDE4NjM2MXww&ixlib=rb-4.1.0&q=80&w=1080"; readonly ANALYTICS_DASH_10: "https://images.unsplash.com/photo-1666537072206-6a7a01ecb7d9?crop=entropy&cs=tinysrgb&fit=max&fm=jpg&ixid=M3w4Mzc5NTV8MHwxfHNlYXJjaHw2fHxkYXNoYm9hcmQlMjBhbmFseXRpY3MlMjBjaGFydHN8ZW58MHwwfHx8MTc3MDE4NjM2MXww&ixlib=rb-4.1.0&q=80&w=1080"; readonly ANALYTICS_DASH_2: "https://images.unsplash.com/photo-1686061593213-98dad7c599b9?crop=entropy&cs=tinysrgb&fit=max&fm=jpg&ixid=M3w4Mzc5NTV8MHwxfHNlYXJjaHw5fHxkYXNoYm9hcmQlMjBhbmFseXRpY3MlMjBjaGFydHN8ZW58MHwwfHx8MTc3MDE4NjM2MXww&ixlib=rb-4.1.0&q=80&w=1080"; readonly ANALYTICS_DASH_3: "https://images.unsplash.com/photo-1686061592689-312bbfb5c055?crop=entropy&cs=tinysrgb&fit=max&fm=jpg&ixid=M3w4Mzc5NTV8MHwxfHNlYXJjaHw3fHxkYXNoYm9hcmQlMjBhbmFseXRpY3MlMjBjaGFydHN8ZW58MHwwfHx8MTc3MDE4NjM2MXww&ixlib=rb-4.1.0&q=80&w=1080"; readonly ANALYTICS_DASH_4: "https://images.unsplash.com/photo-1586448317606-cb1ec00298fc?crop=entropy&cs=tinysrgb&fit=max&fm=jpg&ixid=M3w4Mzc5NTV8MHwxfHNlYXJjaHw4fHxkYXNoYm9hcmQlMjBhbmFseXRpY3MlMjBjaGFydHN8ZW58MHwwfHx8MTc3MDE4NjM2MXww&ixlib=rb-4.1.0&q=80&w=1080"; readonly ANALYTICS_DASH_5: "https://images.unsplash.com/photo-1635236190542-d43e4d4b9e4b?crop=entropy&cs=tinysrgb&fit=max&fm=jpg&ixid=M3w4Mzc5NTV8MHwxfHNlYXJjaHwxMHx8ZGFzaGJvYXJkJTIwYW5hbHl0aWNzJTIwY2hhcnRzfGVufDB8MHx8fDE3NzAxODYzNjF8MA&ixlib=rb-4.1.0&q=80&w=1080"; readonly ANALYTICS_DASH_6: "https://images.unsplash.com/photo-1639825752750-5061ded5503b?crop=entropy&cs=tinysrgb&fit=max&fm=jpg&ixid=M3w4Mzc5NTV8MHwxfHNlYXJjaHw1fHxkYXNoYm9hcmQlMjBhbmFseXRpY3MlMjBjaGFydHN8ZW58MHwwfHx8MTc3MDE4NjM2MXww&ixlib=rb-4.1.0&q=80&w=1080"; readonly ANALYTICS_DASH_7: "https://images.unsplash.com/photo-1721593979313-8661afd501c2?crop=entropy&cs=tinysrgb&fit=max&fm=jpg&ixid=M3w4Mzc5NTV8MHwxfHNlYXJjaHw0fHxkYXNoYm9hcmQlMjBhbmFseXRpY3MlMjBjaGFydHN8ZW58MHwwfHx8MTc3MDE4NjM2MXww&ixlib=rb-4.1.0&q=80&w=1080"; readonly ANALYTICS_DASH_8: "https://images.unsplash.com/photo-1758876202980-0a28b744fb24?crop=entropy&cs=tinysrgb&fit=max&fm=jpg&ixid=M3w4Mzc5NTV8MHwxfHNlYXJjaHwzfHxkYXNoYm9hcmQlMjBhbmFseXRpY3MlMjBjaGFydHN8ZW58MHwwfHx8MTc3MDE4NjM2MXww&ixlib=rb-4.1.0&q=80&w=1080"; readonly ANALYTICS_DASH_9: "https://images.unsplash.com/photo-1763038311036-6d18805537e5?crop=entropy&cs=tinysrgb&fit=max&fm=jpg&ixid=M3w4Mzc5NTV8MHwxfHNlYXJjaHwyfHxkYXNoYm9hcmQlMjBhbmFseXRpY3MlMjBjaGFydHN8ZW58MHwwfHx8MTc3MDE4NjM2MXww&ixlib=rb-4.1.0&q=80&w=1080"; readonly BRITIUM_LOGO_55: "/images/britium-logo.png"; readonly BRITIUM_LOGO_66: "/images/britium-logo.png"; readonly DELIVERY_HERO_1: "https://images.unsplash.com/photo-1580160667723-8f98952d1017?crop=entropy&cs=tinysrgb&fit=max&fm=jpg&ixid=M3w4NDU5NTF8MHwxfHNlYXJjaHw5fHxtb2Rlcm4lMjBkZWxpdmVyeSUyMHRydWNrJTIwbG9naXN0aWNzfGVufDB8MHx8fDE3NzAxODYzNjB8MA&ixlib=rb-4.1.0&q=80&w=1080"; readonly DELIVERY_HERO_10: "https://images.unsplash.com/photo-1760045788252-d8d386ea1d12?crop=entropy&cs=tinysrgb&fit=max&fm=jpg&ixid=M3w4NDU5NTF8MHwxfHNlYXJjaHwzfHxtb2Rlcm4lMjBkZWxpdmVyeSUyMHRydWNrJTIwbG9naXN0aWNzfGVufDB8MHx8fDE3NzAxODYzNjB8MA&ixlib=rb-4.1.0&q=80&w=1080"; readonly DELIVERY_HERO_2: "https://images.unsplash.com/photo-1547116262-a7365d627e61?crop=entropy&cs=tinysrgb&fit=max&fm=jpg&ixid=M3w4NDU5NTF8MHwxfHNlYXJjaHw4fHxtb2Rlcm4lMjBkZWxpdmVyeSUyMHRydWNrJTIwbG9naXN0aWNzfGVufDB8MHx8fDE3NzAxODYzNjB8MA&ixlib=rb-4.1.0&q=80&w=1080"; readonly DELIVERY_HERO_3: "https://images.unsplash.com/photo-1598317940377-d1e5402f1bed?crop=entropy&cs=tinysrgb&fit=max&fm=jpg&ixid=M3w4NDU5NTF8MHwxfHNlYXJjaHw0fHxtb2Rlcm4lMjBkZWxpdmVyeSUyMHRydWNrJTIwbG9naXN0aWNzfGVufDB8MHx8fDE3NzAxODYzNjB8MA&ixlib=rb-4.1.0&q=80&w=1080"; readonly DELIVERY_HERO_4: "https://images.unsplash.com/photo-1633155565182-16c06ed45ec5?crop=entropy&cs=tinysrgb&fit=max&fm=jpg&ixid=M3w4NDU5NTF8MHwxfHNlYXJjaHw3fHxtb2Rlcm4lMjBkZWxpdmVyeSUyMHRydWNrJTIwbG9naXN0aWNzfGVufDB8MHx8fDE3NzAxODYzNjB8MA&ixlib=rb-4.1.0&q=80&w=1080"; readonly DELIVERY_HERO_5: "https://images.unsplash.com/photo-1681514583222-0579e6835666?crop=entropy&cs=tinysrgb&fit=max&fm=jpg&ixid=M3w4NDU5NTF8MHwxfHNlYXJjaHw1fHxtb2Rlcm4lMjBkZWxpdmVyeSUyMHRydWNrJTIwbG9naXN0aWNzfGVufDB8MHx8fDE3NzAxODYzNjB8MA&ixlib=rb-4.1.0&q=80&w=1080"; readonly DELIVERY_HERO_6: "https://images.unsplash.com/photo-1662135426498-72a27149a7dd?crop=entropy&cs=tinysrgb&fit=max&fm=jpg&ixid=M3w4NDU5NTF8MHwxfHNlYXJjaHwxMHx8bW9kZXJuJTIwZGVsaXZlcnklMjB0cnVjayUyMGxvZ2lzdGljc3xlbnwwfDB8fHwxNzcwMTg2MzYwfDA&ixlib=rb-4.1.0&q=80&w=1080"; readonly DELIVERY_HERO_7: "https://images.unsplash.com/photo-1733662095268-7a88cb5fa10e?crop=entropy&cs=tinysrgb&fit=max&fm=jpg&ixid=M3w4NDU5NTF8MHwxfHNlYXJjaHw2fHxtb2Rlcm4lMjBkZWxpdmVyeSUyMHRydWNrJTIwbG9naXN0aWNzfGVufDB8MHx8fDE3NzAxODYzNjB8MA&ixlib=rb-4.1.0&q=80&w=1080"; readonly DELIVERY_HERO_8: "https://images.unsplash.com/photo-1762245752333-c1ef6315a30c?crop=entropy&cs=tinysrgb&fit=max&fm=jpg&ixid=M3w4NDU5NTF8MHwxfHNlYXJjaHwyfHxtb2Rlcm4lMjBkZWxpdmVyeSUyMHRydWNrJTIwbG9naXN0aWNzfGVufDB8MHx8fDE3NzAxODYzNjB8MA&ixlib=rb-4.1.0&q=80&w=1080"; readonly DELIVERY_HERO_9: "https://images.unsplash.com/photo-1746985106190-6c116edec9bc?crop=entropy&cs=tinysrgb&fit=max&fm=jpg&ixid=M3w4NDU5NTF8MHwxfHNlYXJjaHwxfHxtb2Rlcm4lMjBkZWxpdmVyeSUyMHRydWNrJTIwbG9naXN0aWNzfGVufDB8MHx8fDE3NzAxODYzNjB8MA&ixlib=rb-4.1.0&q=80&w=1080"; readonly DELIVERY_RIDER_1: "https://images.unsplash.com/photo-1648394794449-5dbe63f6a8b5?crop=entropy&cs=tinysrgb&fit=max&fm=jpg&ixid=M3w4Mzc5NTV8MHwxfHNlYXJjaHw1fHxjb3VyaWVyJTIwZGVsaXZlcnklMjBwZXJzb24lMjBtb3RvcmN5Y2xlfGVufDB8MHx8fDE3NzAxNDI0NjJ8MA&ixlib=rb-4.1.0&q=80&w=1080"; readonly DELIVERY_RIDER_10: "https://images.unsplash.com/photo-1706994742122-df69c7390a2b?crop=entropy&cs=tinysrgb&fit=max&fm=jpg&ixid=M3w4Mzc5NTV8MHwxfHNlYXJjaHwxMHx8Y291cmllciUyMGRlbGl2ZXJ5JTIwcGVyc29uJTIwbW90b3JjeWNsZXxlbnwwfDB8fHwxNzcwMTQyNDYyfDA&ixlib=rb-4.1.0&q=80&w=1080"; readonly DELIVERY_RIDER_2: "https://images.unsplash.com/photo-1642047291146-7916f38ebde0?crop=entropy&cs=tinysrgb&fit=max&fm=jpg&ixid=M3w4Mzc5NTV8MHwxfHNlYXJjaHw4fHxjb3VyaWVyJTIwZGVsaXZlcnklMjBwZXJzb24lMjBtb3RvcmN5Y2xlfGVufDB8MHx8fDE3NzAxNDI0NjJ8MA&ixlib=rb-4.1.0&q=80&w=1080"; readonly DELIVERY_RIDER_3: "https://images.unsplash.com/photo-1754765542024-c1320f23b75a?crop=entropy&cs=tinysrgb&fit=max&fm=jpg&ixid=M3w4Mzc5NTV8MHwxfHNlYXJjaHw0fHxjb3VyaWVyJTIwZGVsaXZlcnklMjBwZXJzb24lMjBtb3RvcmN5Y2xlfGVufDB8MHx8fDE3NzAxNDI0NjJ8MA&ixlib=rb-4.1.0&q=80&w=1080"; readonly DELIVERY_RIDER_4: "https://images.unsplash.com/photo-1616915939238-2a7a363d45c4?crop=entropy&cs=tinysrgb&fit=max&fm=jpg&ixid=M3w4Mzc5NTV8MHwxfHNlYXJjaHw2fHxjb3VyaWVyJTIwZGVsaXZlcnklMjBwZXJzb24lMjBtb3RvcmN5Y2xlfGVufDB8MHx8fDE3NzAxNDI0NjJ8MA&ixlib=rb-4.1.0&q=80&w=1080"; readonly DELIVERY_RIDER_5: "https://images.unsplash.com/photo-1683553170878-049f180627b0?crop=entropy&cs=tinysrgb&fit=max&fm=jpg&ixid=M3w4Mzc5NTV8MHwxfHNlYXJjaHw5fHxjb3VyaWVyJTIwZGVsaXZlcnklMjBwZXJzb24lMjBtb3RvcmN5Y2xlfGVufDB8MHx8fDE3NzAxNDI0NjJ8MA&ixlib=rb-4.1.0&q=80&w=1080"; readonly DELIVERY_RIDER_6: "https://images.unsplash.com/photo-1767114648562-399d88d7362d?crop=entropy&cs=tinysrgb&fit=max&fm=jpg&ixid=M3w4Mzc5NTV8MHwxfHNlYXJjaHwxfHxjb3VyaWVyJTIwZGVsaXZlcnklMjBwZXJzb24lMjBtb3RvcmN5Y2xlfGVufDB8MHx8fDE3NzAxNDI0NjJ8MA&ixlib=rb-4.1.0&q=80&w=1080"; readonly DELIVERY_RIDER_7: "https://images.unsplash.com/photo-1766421687400-e7e742d6f39d?crop=entropy&cs=tinysrgb&fit=max&fm=jpg&ixid=M3w4Mzc5NTV8MHwxfHNlYXJjaHwyfHxjb3VyaWVyJTIwZGVsaXZlcnklMjBwZXJzb24lMjBtb3RvcmN5Y2xlfGVufDB8MHx8fDE3NzAxNDI0NjJ8MA&ixlib=rb-4.1.0&q=80&w=1080"; readonly DELIVERY_RIDER_8: "https://images.unsplash.com/photo-1758202292832-5e036fd03e25?crop=entropy&cs=tinysrgb&fit=max&fm=jpg&ixid=M3w4Mzc5NTV8MHwxfHNlYXJjaHwzfHxjb3VyaWVyJTIwZGVsaXZlcnklMjBwZXJzb24lMjBtb3RvcmN5Y2xlfGVufDB8MHx8fDE3NzAxNDI0NjJ8MA&ixlib=rb-4.1.0&q=80&w=1080"; readonly DELIVERY_RIDER_9: "https://images.unsplash.com/photo-1754765542364-7def1d509bb8?crop=entropy&cs=tinysrgb&fit=max&fm=jpg&ixid=M3w4Mzc5NTV8MHwxfHNlYXJjaHw3fHxjb3VyaWVyJTIwZGVsaXZlcnklMjBwZXJzb24lMjBtb3RvcmN5Y2xlfGVufDB8MHx8fDE3NzAxNDI0NjJ8MA&ixlib=rb-4.1.0&q=80&w=1080"; readonly IC_LAUNCHER_45: "/images/ic_launcher.webp"; readonly IC_LAUNCHER_47: "/images/ic_launcher.webp"; readonly IC_LAUNCHER_48: "/images/ic_launcher.webp"; readonly IC_LAUNCHER_51: "/images/ic_launcher.webp"; readonly IC_LAUNCHER_53: "/images/ic_launcher.webp"; readonly IC_LAUNCHER_56: "/images/ic_launcher.webp"; readonly IC_LAUNCHER_58: "/images/ic_launcher.webp"; readonly IC_LAUNCHER_59: "/images/ic_launcher.webp"; readonly IC_LAUNCHER_62: "/images/ic_launcher.webp"; readonly IC_LAUNCHER_64: "/images/ic_launcher.webp"; readonly IC_LAUNCHER_ROUND_46: "/images/ic_launcher_round.webp"; readonly IC_LAUNCHER_ROUND_49: "/images/ic_launcher_round.webp"; readonly IC_LAUNCHER_ROUND_50: "/images/ic_launcher_round.webp"; readonly IC_LAUNCHER_ROUND_52: "/images/ic_launcher_round.webp"; readonly IC_LAUNCHER_ROUND_54: "/images/ic_launcher_round.webp"; readonly IC_LAUNCHER_ROUND_57: "/images/ic_launcher_round.webp"; readonly IC_LAUNCHER_ROUND_60: "/images/ic_launcher_round.webp"; readonly IC_LAUNCHER_ROUND_61: "/images/ic_launcher_round.webp"; readonly IC_LAUNCHER_ROUND_63: "/images/ic_launcher_round.webp"; readonly IC_LAUNCHER_ROUND_65: "/images/ic_launcher_round.webp"; readonly LOGISTICS_HERO_1: "https://images.unsplash.com/photo-1532635042-a6f6ad4745f9?crop=entropy&cs=tinysrgb&fit=max&fm=jpg&ixid=M3w4MTk0NTh8MHwxfHNlYXJjaHw3fHxkZWxpdmVyeSUyMHRydWNrJTIwbG9naXN0aWNzJTIwd2FyZWhvdXNlfGVufDB8MHx8fDE3NzAxNDI0NjJ8MA&ixlib=rb-4.1.0&q=80&w=1080"; readonly LOGISTICS_HERO_10: "https://images.unsplash.com/photo-1739863305982-f7354315b2bd?crop=entropy&cs=tinysrgb&fit=max&fm=jpg&ixid=M3w4MTk0NTh8MHwxfHNlYXJjaHwxMHx8ZGVsaXZlcnklMjB0cnVjayUyMGxvZ2lzdGljcyUyMHdhcmVob3VzZXxlbnwwfDB8fHwxNzcwMTQyNDYyfDA&ixlib=rb-4.1.0&q=80&w=1080"; readonly LOGISTICS_HERO_2: "https://images.unsplash.com/photo-1601912552080-0fb89fd08042?crop=entropy&cs=tinysrgb&fit=max&fm=jpg&ixid=M3w4MTk0NTh8MHwxfHNlYXJjaHw1fHxkZWxpdmVyeSUyMHRydWNrJTIwbG9naXN0aWNzJTIwd2FyZWhvdXNlfGVufDB8MHx8fDE3NzAxNDI0NjJ8MA&ixlib=rb-4.1.0&q=80&w=1080"; readonly LOGISTICS_HERO_3: "https://images.unsplash.com/photo-1611938845621-f7d331a14255?crop=entropy&cs=tinysrgb&fit=max&fm=jpg&ixid=M3w4MTk0NTh8MHwxfHNlYXJjaHwyfHxkZWxpdmVyeSUyMHRydWNrJTIwbG9naXN0aWNzJTIwd2FyZWhvdXNlfGVufDB8MHx8fDE3NzAxNDI0NjJ8MA&ixlib=rb-4.1.0&q=80&w=1080"; readonly LOGISTICS_HERO_4: "https://images.unsplash.com/photo-1681514583222-0579e6835666?crop=entropy&cs=tinysrgb&fit=max&fm=jpg&ixid=M3w4MTk0NTh8MHwxfHNlYXJjaHw2fHxkZWxpdmVyeSUyMHRydWNrJTIwbG9naXN0aWNzJTIwd2FyZWhvdXNlfGVufDB8MHx8fDE3NzAxNDI0NjJ8MA&ixlib=rb-4.1.0&q=80&w=1080"; readonly LOGISTICS_HERO_5: "https://images.unsplash.com/photo-1613354382403-28066cf657b3?crop=entropy&cs=tinysrgb&fit=max&fm=jpg&ixid=M3w4MTk0NTh8MHwxfHNlYXJjaHwzfHxkZWxpdmVyeSUyMHRydWNrJTIwbG9naXN0aWNzJTIwd2FyZWhvdXNlfGVufDB8MHx8fDE3NzAxNDI0NjJ8MA&ixlib=rb-4.1.0&q=80&w=1080"; readonly LOGISTICS_HERO_6: "https://images.unsplash.com/photo-1732435527614-8336ebd1e82c?crop=entropy&cs=tinysrgb&fit=max&fm=jpg&ixid=M3w4MTk0NTh8MHwxfHNlYXJjaHw4fHxkZWxpdmVyeSUyMHRydWNrJTIwbG9naXN0aWNzJTIwd2FyZWhvdXNlfGVufDB8MHx8fDE3NzAxNDI0NjJ8MA&ixlib=rb-4.1.0&q=80&w=1080"; readonly LOGISTICS_HERO_7: "https://images.unsplash.com/photo-1762251374590-64962c1a451c?crop=entropy&cs=tinysrgb&fit=max&fm=jpg&ixid=M3w4MTk0NTh8MHwxfHNlYXJjaHwxfHxkZWxpdmVyeSUyMHRydWNrJTIwbG9naXN0aWNzJTIwd2FyZWhvdXNlfGVufDB8MHx8fDE3NzAxNDI0NjJ8MA&ixlib=rb-4.1.0&q=80&w=1080"; readonly LOGISTICS_HERO_8: "https://images.unsplash.com/photo-1681514583213-7b8e47eb1953?crop=entropy&cs=tinysrgb&fit=max&fm=jpg&ixid=M3w4MTk0NTh8MHwxfHNlYXJjaHw0fHxkZWxpdmVyeSUyMHRydWNrJTIwbG9naXN0aWNzJTIwd2FyZWhvdXNlfGVufDB8MHx8fDE3NzAxNDI0NjJ8MA&ixlib=rb-4.1.0&q=80&w=1080"; readonly LOGISTICS_HERO_9: "https://images.unsplash.com/photo-1730309529959-e305b3199c01?crop=entropy&cs=tinysrgb&fit=max&fm=jpg&ixid=M3w4MTk0NTh8MHwxfHNlYXJjaHw5fHxkZWxpdmVyeSUyMHRydWNrJTIwbG9naXN0aWNzJTIwd2FyZWhvdXNlfGVufDB8MHx8fDE3NzAxNDI0NjJ8MA&ixlib=rb-4.1.0&q=80&w=1080"; readonly MOBILE_INTERFACE_1: "https://images.unsplash.com/photo-1592323401640-9c24ed330baf?crop=entropy&cs=tinysrgb&fit=max&fm=jpg&ixid=M3w4NDU2OTd8MHwxfHNlYXJjaHw0fHxtb2JpbGUlMjBhcHAlMjBkZWxpdmVyeSUyMGludGVyZmFjZXxlbnwwfDF8fHwxNzcwMTQyNDYzfDA&ixlib=rb-4.1.0&q=80&w=1080"; readonly MOBILE_INTERFACE_2: "https://images.unsplash.com/photo-1570894808314-677b57f25e45?crop=entropy&cs=tinysrgb&fit=max&fm=jpg&ixid=M3w4NDU2OTd8MHwxfHNlYXJjaHwyfHxtb2JpbGUlMjBhcHAlMjBkZWxpdmVyeSUyMGludGVyZmFjZXxlbnwwfDF8fHwxNzcwMTQyNDYzfDA&ixlib=rb-4.1.0&q=80&w=1080"; readonly MOBILE_INTERFACE_3: "https://images.unsplash.com/photo-1605600659802-1353d7fd3732?crop=entropy&cs=tinysrgb&fit=max&fm=jpg&ixid=M3w4NDU2OTd8MHwxfHNlYXJjaHw3fHxtb2JpbGUlMjBhcHAlMjBkZWxpdmVyeSUyMGludGVyZmFjZXxlbnwwfDF8fHwxNzcwMTQyNDYzfDA&ixlib=rb-4.1.0&q=80&w=1080"; readonly MOBILE_INTERFACE_4: "https://images.unsplash.com/photo-1661358788054-9988c0778447?crop=entropy&cs=tinysrgb&fit=max&fm=jpg&ixid=M3w4NDU2OTd8MHwxfHNlYXJjaHw1fHxtb2JpbGUlMjBhcHAlMjBkZWxpdmVyeSUyMGludGVyZmFjZXxlbnwwfDF8fHwxNzcwMTQyNDYzfDA&ixlib=rb-4.1.0&q=80&w=1080"; readonly MOBILE_INTERFACE_5: "https://images.unsplash.com/photo-1746286721374-cd541e26911a?crop=entropy&cs=tinysrgb&fit=max&fm=jpg&ixid=M3w4NDU2OTd8MHwxfHNlYXJjaHw2fHxtb2JpbGUlMjBhcHAlMjBkZWxpdmVyeSUyMGludGVyZmFjZXxlbnwwfDF8fHwxNzcwMTQyNDYzfDA&ixlib=rb-4.1.0&q=80&w=1080"; readonly MOBILE_INTERFACE_6: "https://images.unsplash.com/photo-1760888549280-4aef010720bd?crop=entropy&cs=tinysrgb&fit=max&fm=jpg&ixid=M3w4NDU2OTd8MHwxfHNlYXJjaHwxfHxtb2JpbGUlMjBhcHAlMjBkZWxpdmVyeSUyMGludGVyZmFjZXxlbnwwfDF8fHwxNzcwMTQyNDYzfDA&ixlib=rb-4.1.0&q=80&w=1080"; readonly MOBILE_INTERFACE_7: "https://images.unsplash.com/photo-1621691187532-bbeb671757ac?crop=entropy&cs=tinysrgb&fit=max&fm=jpg&ixid=M3w4NDU2OTd8MHwxfHNlYXJjaHwzfHxtb2JpbGUlMjBhcHAlMjBkZWxpdmVyeSUyMGludGVyZmFjZXxlbnwwfDF8fHwxNzcwMTQyNDYzfDA&ixlib=rb-4.1.0&q=80&w=1080"; readonly MOBILE_INTERFACE_8: "https://images.unsplash.com/photo-1621691177818-bcd7c032ef26?crop=entropy&cs=tinysrgb&fit=max&fm=jpg&ixid=M3w4NDU2OTd8MHwxfHNlYXJjaHw4fHxtb2JpbGUlMjBhcHAlMjBkZWxpdmVyeSUyMGludGVyZmFjZXxlbnwwfDF8fHwxNzcwMTQyNDYzfDA&ixlib=rb-4.1.0&q=80&w=1080"; readonly MOBILE_TRACKING_1: "https://images.unsplash.com/photo-1570894808314-677b57f25e45?crop=entropy&cs=tinysrgb&fit=max&fm=jpg&ixid=M3w4NDU5NTF8MHwxfHNlYXJjaHw2fHxzbWFydHBob25lJTIwZGVsaXZlcnklMjB0cmFja2luZyUyMGFwcHxlbnwwfDF8fHwxNzcwMTg2MzYwfDA&ixlib=rb-4.1.0&q=80&w=1080"; readonly MOBILE_TRACKING_10: "https://images.unsplash.com/photo-1750179990399-96757d9aa8a0?crop=entropy&cs=tinysrgb&fit=max&fm=jpg&ixid=M3w4NDU5NTF8MHwxfHNlYXJjaHw4fHxzbWFydHBob25lJTIwZGVsaXZlcnklMjB0cmFja2luZyUyMGFwcHxlbnwwfDF8fHwxNzcwMTg2MzYwfDA&ixlib=rb-4.1.0&q=80&w=1080"; readonly MOBILE_TRACKING_2: "https://images.unsplash.com/photo-1651493355781-20b4e12f3231?crop=entropy&cs=tinysrgb&fit=max&fm=jpg&ixid=M3w4NDU5NTF8MHwxfHNlYXJjaHw0fHxzbWFydHBob25lJTIwZGVsaXZlcnklMjB0cmFja2luZyUyMGFwcHxlbnwwfDF8fHwxNzcwMTg2MzYwfDA&ixlib=rb-4.1.0&q=80&w=1080"; readonly MOBILE_TRACKING_3: "https://images.unsplash.com/photo-1607783822349-805fc62715dd?crop=entropy&cs=tinysrgb&fit=max&fm=jpg&ixid=M3w4NDU5NTF8MHwxfHNlYXJjaHwxMHx8c21hcnRwaG9uZSUyMGRlbGl2ZXJ5JTIwdHJhY2tpbmclMjBhcHB8ZW58MHwxfHx8MTc3MDE4NjM2MHww&ixlib=rb-4.1.0&q=80&w=1080"; readonly MOBILE_TRACKING_4: "https://images.unsplash.com/photo-1706814901248-5ac8b312c5f3?crop=entropy&cs=tinysrgb&fit=max&fm=jpg&ixid=M3w4NDU5NTF8MHwxfHNlYXJjaHwxfHxzbWFydHBob25lJTIwZGVsaXZlcnklMjB0cmFja2luZyUyMGFwcHxlbnwwfDF8fHwxNzcwMTg2MzYwfDA&ixlib=rb-4.1.0&q=80&w=1080"; readonly MOBILE_TRACKING_5: "https://images.unsplash.com/photo-1692681157014-2f7ee75c0ea0?crop=entropy&cs=tinysrgb&fit=max&fm=jpg&ixid=M3w4NDU5NTF8MHwxfHNlYXJjaHwyfHxzbWFydHBob25lJTIwZGVsaXZlcnklMjB0cmFja2luZyUyMGFwcHxlbnwwfDF8fHwxNzcwMTg2MzYwfDA&ixlib=rb-4.1.0&q=80&w=1080"; readonly MOBILE_TRACKING_6: "https://images.unsplash.com/photo-1640017438849-15957fd5b277?crop=entropy&cs=tinysrgb&fit=max&fm=jpg&ixid=M3w4NDU5NTF8MHwxfHNlYXJjaHw1fHxzbWFydHBob25lJTIwZGVsaXZlcnklMjB0cmFja2luZyUyMGFwcHxlbnwwfDF8fHwxNzcwMTg2MzYwfDA&ixlib=rb-4.1.0&q=80&w=1080"; readonly MOBILE_TRACKING_7: "https://images.unsplash.com/photo-1661358788054-9988c0778447?crop=entropy&cs=tinysrgb&fit=max&fm=jpg&ixid=M3w4NDU5NTF8MHwxfHNlYXJjaHwzfHxzbWFydHBob25lJTIwZGVsaXZlcnklMjB0cmFja2luZyUyMGFwcHxlbnwwfDF8fHwxNzcwMTg2MzYwfDA&ixlib=rb-4.1.0&q=80&w=1080"; readonly MOBILE_TRACKING_8: "https://images.unsplash.com/photo-1724246981341-bd289296c157?crop=entropy&cs=tinysrgb&fit=max&fm=jpg&ixid=M3w4NDU5NTF8MHwxfHNlYXJjaHw5fHxzbWFydHBob25lJTIwZGVsaXZlcnklMjB0cmFja2luZyUyMGFwcHxlbnwwfDF8fHwxNzcwMTg2MzYwfDA&ixlib=rb-4.1.0&q=80&w=1080"; readonly MOBILE_TRACKING_9: "https://images.unsplash.com/photo-1621691187532-bbeb671757ac?crop=entropy&cs=tinysrgb&fit=max&fm=jpg&ixid=M3w4NDU5NTF8MHwxfHNlYXJjaHw3fHxzbWFydHBob25lJTIwZGVsaXZlcnklMjB0cmFja2luZyUyMGFwcHxlbnwwfDF8fHwxNzcwMTg2MzYwfDA&ixlib=rb-4.1.0&q=80&w=1080"; readonly RIDER_DELIVERY_1: "https://images.unsplash.com/photo-1558899367-3cd83fb31ed8?crop=entropy&cs=tinysrgb&fit=max&fm=jpg&ixid=M3w4Mzc5NTV8MHwxfHNlYXJjaHw1fHxkZWxpdmVyeSUyMGRyaXZlciUyMG1vdG9yY3ljbGV8ZW58MHwwfHx8MTc3MDE4NjM2MXww&ixlib=rb-4.1.0&q=80&w=1080"; readonly RIDER_DELIVERY_10: "https://images.unsplash.com/photo-1763750648120-7e52c57eb26e?crop=entropy&cs=tinysrgb&fit=max&fm=jpg&ixid=M3w4Mzc5NTV8MHwxfHNlYXJjaHwxMHx8ZGVsaXZlcnklMjBkcml2ZXIlMjBtb3RvcmN5Y2xlfGVufDB8MHx8fDE3NzAxODYzNjF8MA&ixlib=rb-4.1.0&q=80&w=1080"; readonly RIDER_DELIVERY_2: "https://images.unsplash.com/photo-1558899293-c6204574fcd4?crop=entropy&cs=tinysrgb&fit=max&fm=jpg&ixid=M3w4Mzc5NTV8MHwxfHNlYXJjaHwzfHxkZWxpdmVyeSUyMGRyaXZlciUyMG1vdG9yY3ljbGV8ZW58MHwwfHx8MTc3MDE4NjM2MXww&ixlib=rb-4.1.0&q=80&w=1080"; readonly RIDER_DELIVERY_3: "https://images.unsplash.com/photo-1765608461706-2678e824ed15?crop=entropy&cs=tinysrgb&fit=max&fm=jpg&ixid=M3w4Mzc5NTV8MHwxfHNlYXJjaHw4fHxkZWxpdmVyeSUyMGRyaXZlciUyMG1vdG9yY3ljbGV8ZW58MHwwfHx8MTc3MDE4NjM2MXww&ixlib=rb-4.1.0&q=80&w=1080"; readonly RIDER_DELIVERY_4: "https://images.unsplash.com/photo-1767114648562-399d88d7362d?crop=entropy&cs=tinysrgb&fit=max&fm=jpg&ixid=M3w4Mzc5NTV8MHwxfHNlYXJjaHwxfHxkZWxpdmVyeSUyMGRyaXZlciUyMG1vdG9yY3ljbGV8ZW58MHwwfHx8MTc3MDE4NjM2MXww&ixlib=rb-4.1.0&q=80&w=1080"; readonly RIDER_DELIVERY_5: "https://images.unsplash.com/photo-1765808172074-702dc0371f93?crop=entropy&cs=tinysrgb&fit=max&fm=jpg&ixid=M3w4Mzc5NTV8MHwxfHNlYXJjaHwyfHxkZWxpdmVyeSUyMGRyaXZlciUyMG1vdG9yY3ljbGV8ZW58MHwwfHx8MTc3MDE4NjM2MXww&ixlib=rb-4.1.0&q=80&w=1080"; readonly RIDER_DELIVERY_6: "https://images.unsplash.com/photo-1766170507518-e7a6ca397e1c?crop=entropy&cs=tinysrgb&fit=max&fm=jpg&ixid=M3w4Mzc5NTV8MHwxfHNlYXJjaHw0fHxkZWxpdmVyeSUyMGRyaXZlciUyMG1vdG9yY3ljbGV8ZW58MHwwfHx8MTc3MDE4NjM2MXww&ixlib=rb-4.1.0&q=80&w=1080"; readonly RIDER_DELIVERY_7: "https://images.unsplash.com/photo-1762944080592-b0d779ef65ae?crop=entropy&cs=tinysrgb&fit=max&fm=jpg&ixid=M3w4Mzc5NTV8MHwxfHNlYXJjaHw2fHxkZWxpdmVyeSUyMGRyaXZlciUyMG1vdG9yY3ljbGV8ZW58MHwwfHx8MTc3MDE4NjM2MXww&ixlib=rb-4.1.0&q=80&w=1080"; readonly RIDER_DELIVERY_8: "https://images.unsplash.com/photo-1758777151107-b4573745d6c0?crop=entropy&cs=tinysrgb&fit=max&fm=jpg&ixid=M3w4Mzc5NTV8MHwxfHNlYXJjaHw3fHxkZWxpdmVyeSUyMGRyaXZlciUyMG1vdG9yY3ljbGV8ZW58MHwwfHx8MTc3MDE4NjM2MXww&ixlib=rb-4.1.0&q=80&w=1080"; readonly RIDER_DELIVERY_9: "https://images.unsplash.com/photo-1766421687400-e7e742d6f39d?crop=entropy&cs=tinysrgb&fit=max&fm=jpg&ixid=M3w4Mzc5NTV8MHwxfHNlYXJjaHw5fHxkZWxpdmVyeSUyMGRyaXZlciUyMG1vdG9yY3ljbGV8ZW58MHwwfHx8MTc3MDE4NjM2MXww&ixlib=rb-4.1.0&q=80&w=1080"; readonly SCREENSHOT1095_123: "/images/Screenshot1095.png"; readonly SCREENSHOT1487_125: "/images/Screenshot1487.png"; readonly SCREENSHOT3252_118: "/images/Screenshot3252.png"; readonly SCREENSHOT3650_120: "/images/Screenshot3650.png"; readonly SCREENSHOT5040_127: "/images/Screenshot5040.png"; readonly SCREENSHOT5867_121: "/images/Screenshot5867.png"; readonly SCREENSHOT5897_122: "/images/Screenshot5897.png"; readonly SCREENSHOT6115_117: "/images/Screenshot6115.png"; readonly SCREENSHOT6534_126: "/images/Screenshot6534.png"; readonly SCREENSHOT8648_119: "/images/Screenshot8648.png"; readonly SCREENSHOT9336_124: "/images/Screenshot9336.png"; readonly TRACKING_DASHBOARD_1: "https://images.unsplash.com/photo-1640552435845-d65c23b75934?crop=entropy&cs=tinysrgb&fit=max&fm=jpg&ixid=M3w4NDU5NTF8MHwxfHNlYXJjaHwxfHxwYWNrYWdlJTIwdHJhY2tpbmclMjBkYXNoYm9hcmQlMjBzY3JlZW58ZW58MHwwfHx8MTc3MDE0MjQ2Mnww&ixlib=rb-4.1.0&q=80&w=1080"; readonly TRACKING_DASHBOARD_2: "https://images.unsplash.com/photo-1728917330520-9456e3f49529?crop=entropy&cs=tinysrgb&fit=max&fm=jpg&ixid=M3w4NDU5NTF8MHwxfHNlYXJjaHw0fHxwYWNrYWdlJTIwdHJhY2tpbmclMjBkYXNoYm9hcmQlMjBzY3JlZW58ZW58MHwwfHx8MTc3MDE0MjQ2Mnww&ixlib=rb-4.1.0&q=80&w=1080"; readonly TRACKING_DASHBOARD_3: "https://images.unsplash.com/photo-1603596155917-4ec2f4324db0?crop=entropy&cs=tinysrgb&fit=max&fm=jpg&ixid=M3w4NDU5NTF8MHwxfHNlYXJjaHwzfHxwYWNrYWdlJTIwdHJhY2tpbmclMjBkYXNoYm9hcmQlMjBzY3JlZW58ZW58MHwwfHx8MTc3MDE0MjQ2Mnww&ixlib=rb-4.1.0&q=80&w=1080"; readonly TRACKING_DASHBOARD_4: "https://images.unsplash.com/photo-1545340914-8557aa9714e6?crop=entropy&cs=tinysrgb&fit=max&fm=jpg&ixid=M3w4NDU5NTF8MHwxfHNlYXJjaHw3fHxwYWNrYWdlJTIwdHJhY2tpbmclMjBkYXNoYm9hcmQlMjBzY3JlZW58ZW58MHwwfHx8MTc3MDE0MjQ2Mnww&ixlib=rb-4.1.0&q=80&w=1080"; readonly TRACKING_DASHBOARD_5: "https://images.unsplash.com/photo-1738499105721-fb2f8038ec8d?crop=entropy&cs=tinysrgb&fit=max&fm=jpg&ixid=M3w4NDU5NTF8MHwxfHNlYXJjaHw4fHxwYWNrYWdlJTIwdHJhY2tpbmclMjBkYXNoYm9hcmQlMjBzY3JlZW58ZW58MHwwfHx8MTc3MDE0MjQ2Mnww&ixlib=rb-4.1.0&q=80&w=1080"; readonly TRACKING_DASHBOARD_6: "https://images.unsplash.com/photo-1723000545910-de8498a26698?crop=entropy&cs=tinysrgb&fit=max&fm=jpg&ixid=M3w4NDU5NTF8MHwxfHNlYXJjaHw2fHxwYWNrYWdlJTIwdHJhY2tpbmclMjBkYXNoYm9hcmQlMjBzY3JlZW58ZW58MHwwfHx8MTc3MDE0MjQ2Mnww&ixlib=rb-4.1.0&q=80&w=1080"; readonly TRACKING_DASHBOARD_7: "https://images.unsplash.com/photo-1768223927969-f08af51cf730?crop=entropy&cs=tinysrgb&fit=max&fm=jpg&ixid=M3w4NDU5NTF8MHwxfHNlYXJjaHwyfHxwYWNrYWdlJTIwdHJhY2tpbmclMjBkYXNoYm9hcmQlMjBzY3JlZW58ZW58MHwwfHx8MTc3MDE0MjQ2Mnww&ixlib=rb-4.1.0&q=80&w=1080"; readonly TRACKING_DASHBOARD_8: "https://images.unsplash.com/photo-1725777634077-e19c68ac1c4e?crop=entropy&cs=tinysrgb&fit=max&fm=jpg&ixid=M3w4NDU5NTF8MHwxfHNlYXJjaHw1fHxwYWNrYWdlJTIwdHJhY2tpbmclMjBkYXNoYm9hcmQlMjBzY3JlZW58ZW58MHwwfHx8MTc3MDE0MjQ2Mnww&ixlib=rb-4.1.0&q=80&w=1080"; readonly WAREHOUSE_OPS_1: "https://images.unsplash.com/photo-1724709162875-fe100dd0e04b?crop=entropy&cs=tinysrgb&fit=max&fm=jpg&ixid=M3w4NDU5NTF8MHwxfHNlYXJjaHw0fHx3YXJlaG91c2UlMjBtYW5hZ2VtZW50JTIwaW52ZW50b3J5fGVufDB8MHx8fDE3NzAxNDI0NjJ8MA&ixlib=rb-4.1.0&q=80&w=1080"; readonly WAREHOUSE_OPS_10: "https://images.unsplash.com/photo-1769698631158-c1f42e6281cc?crop=entropy&cs=tinysrgb&fit=max&fm=jpg&ixid=M3w4MTk0NTh8MHwxfHNlYXJjaHwyfHx3YXJlaG91c2UlMjBsb2dpc3RpY3MlMjBvcGVyYXRpb25zfGVufDB8MHx8fDE3NzAxODYzNjB8MA&ixlib=rb-4.1.0&q=80&w=1080"; readonly WAREHOUSE_OPS_11: "https://images.unsplash.com/photo-1768796372629-a4e7db99e474?crop=entropy&cs=tinysrgb&fit=max&fm=jpg&ixid=M3w4MTk0NTh8MHwxfHNlYXJjaHwzfHx3YXJlaG91c2UlMjBsb2dpc3RpY3MlMjBvcGVyYXRpb25zfGVufDB8MHx8fDE3NzAxODYzNjB8MA&ixlib=rb-4.1.0&q=80&w=1080"; readonly WAREHOUSE_OPS_12: "https://images.unsplash.com/photo-1768796373634-db43bfd5f064?crop=entropy&cs=tinysrgb&fit=max&fm=jpg&ixid=M3w4MTk0NTh8MHwxfHNlYXJjaHw0fHx3YXJlaG91c2UlMjBsb2dpc3RpY3MlMjBvcGVyYXRpb25zfGVufDB8MHx8fDE3NzAxODYzNjB8MA&ixlib=rb-4.1.0&q=80&w=1080"; readonly WAREHOUSE_OPS_13: "https://images.unsplash.com/photo-1769700821886-e10fa7946ceb?crop=entropy&cs=tinysrgb&fit=max&fm=jpg&ixid=M3w4MTk0NTh8MHwxfHNlYXJjaHw1fHx3YXJlaG91c2UlMjBsb2dpc3RpY3MlMjBvcGVyYXRpb25zfGVufDB8MHx8fDE3NzAxODYzNjB8MA&ixlib=rb-4.1.0&q=80&w=1080"; readonly WAREHOUSE_OPS_14: "https://images.unsplash.com/photo-1769698821962-dc7ea5f9b2bc?crop=entropy&cs=tinysrgb&fit=max&fm=jpg&ixid=M3w4MTk0NTh8MHwxfHNlYXJjaHw2fHx3YXJlaG91c2UlMjBsb2dpc3RpY3MlMjBvcGVyYXRpb25zfGVufDB8MHx8fDE3NzAxODYzNjB8MA&ixlib=rb-4.1.0&q=80&w=1080"; readonly WAREHOUSE_OPS_15: "https://images.unsplash.com/photo-1769701164670-e819d92cc602?crop=entropy&cs=tinysrgb&fit=max&fm=jpg&ixid=M3w4MTk0NTh8MHwxfHNlYXJjaHw3fHx3YXJlaG91c2UlMjBsb2dpc3RpY3MlMjBvcGVyYXRpb25zfGVufDB8MHx8fDE3NzAxODYzNjB8MA&ixlib=rb-4.1.0&q=80&w=1080"; readonly WAREHOUSE_OPS_16: "https://images.unsplash.com/photo-1768796372478-f3c46af523a9?crop=entropy&cs=tinysrgb&fit=max&fm=jpg&ixid=M3w4MTk0NTh8MHwxfHNlYXJjaHw4fHx3YXJlaG91c2UlMjBsb2dpc3RpY3MlMjBvcGVyYXRpb25zfGVufDB8MHx8fDE3NzAxODYzNjB8MA&ixlib=rb-4.1.0&q=80&w=1080"; readonly WAREHOUSE_OPS_17: "https://images.unsplash.com/photo-1769700821917-df00d0f3e621?crop=entropy&cs=tinysrgb&fit=max&fm=jpg&ixid=M3w4MTk0NTh8MHwxfHNlYXJjaHw5fHx3YXJlaG91c2UlMjBsb2dpc3RpY3MlMjBvcGVyYXRpb25zfGVufDB8MHx8fDE3NzAxODYzNjB8MA&ixlib=rb-4.1.0&q=80&w=1080"; readonly WAREHOUSE_OPS_18: "https://images.unsplash.com/photo-1768796371989-411938b4d07b?crop=entropy&cs=tinysrgb&fit=max&fm=jpg&ixid=M3w4MTk0NTh8MHwxfHNlYXJjaHwxMHx8d2FyZWhvdXNlJTIwbG9naXN0aWNzJTIwb3BlcmF0aW9uc3xlbnwwfDB8fHwxNzcwMTg2MzYwfDA&ixlib=rb-4.1.0&q=80&w=1080"; readonly WAREHOUSE_OPS_2: "https://images.unsplash.com/photo-1768796372478-f3c46af523a9?crop=entropy&cs=tinysrgb&fit=max&fm=jpg&ixid=M3w4NDU5NTF8MHwxfHNlYXJjaHwxfHx3YXJlaG91c2UlMjBtYW5hZ2VtZW50JTIwaW52ZW50b3J5fGVufDB8MHx8fDE3NzAxNDI0NjJ8MA&ixlib=rb-4.1.0&q=80&w=1080"; readonly WAREHOUSE_OPS_3: "https://images.unsplash.com/photo-1768796373634-db43bfd5f064?crop=entropy&cs=tinysrgb&fit=max&fm=jpg&ixid=M3w4NDU5NTF8MHwxfHNlYXJjaHwyfHx3YXJlaG91c2UlMjBtYW5hZ2VtZW50JTIwaW52ZW50b3J5fGVufDB8MHx8fDE3NzAxNDI0NjJ8MA&ixlib=rb-4.1.0&q=80&w=1080"; readonly WAREHOUSE_OPS_4: "https://images.unsplash.com/photo-1768796373360-95d80c5830fb?crop=entropy&cs=tinysrgb&fit=max&fm=jpg&ixid=M3w4NDU5NTF8MHwxfHNlYXJjaHwzfHx3YXJlaG91c2UlMjBtYW5hZ2VtZW50JTIwaW52ZW50b3J5fGVufDB8MHx8fDE3NzAxNDI0NjJ8MA&ixlib=rb-4.1.0&q=80&w=1080"; readonly WAREHOUSE_OPS_5: "https://images.unsplash.com/photo-1768796373577-2e6e51351165?crop=entropy&cs=tinysrgb&fit=max&fm=jpg&ixid=M3w4NDU5NTF8MHwxfHNlYXJjaHw1fHx3YXJlaG91c2UlMjBtYW5hZ2VtZW50JTIwaW52ZW50b3J5fGVufDB8MHx8fDE3NzAxNDI0NjJ8MA&ixlib=rb-4.1.0&q=80&w=1080"; readonly WAREHOUSE_OPS_6: "https://images.unsplash.com/photo-1768796372882-8b67936af681?crop=entropy&cs=tinysrgb&fit=max&fm=jpg&ixid=M3w4NDU5NTF8MHwxfHNlYXJjaHw2fHx3YXJlaG91c2UlMjBtYW5hZ2VtZW50JTIwaW52ZW50b3J5fGVufDB8MHx8fDE3NzAxNDI0NjJ8MA&ixlib=rb-4.1.0&q=80&w=1080"; readonly WAREHOUSE_OPS_7: "https://images.unsplash.com/photo-1768796373907-418e59aee549?crop=entropy&cs=tinysrgb&fit=max&fm=jpg&ixid=M3w4NDU5NTF8MHwxfHNlYXJjaHw3fHx3YXJlaG91c2UlMjBtYW5hZ2VtZW50JTIwaW52ZW50b3J5fGVufDB8MHx8fDE3NzAxNDI0NjJ8MA&ixlib=rb-4.1.0&q=80&w=1080"; readonly WAREHOUSE_OPS_8: "https://images.unsplash.com/photo-1768796372629-a4e7db99e474?crop=entropy&cs=tinysrgb&fit=max&fm=jpg&ixid=M3w4NDU5NTF8MHwxfHNlYXJjaHw4fHx3YXJlaG91c2UlMjBtYW5hZ2VtZW50JTIwaW52ZW50b3J5fGVufDB8MHx8fDE3NzAxNDI0NjJ8MA&ixlib=rb-4.1.0&q=80&w=1080"; readonly WAREHOUSE_OPS_9: "https://images.unsplash.com/photo-1768796373307-fc2f843660f8?crop=entropy&cs=tinysrgb&fit=max&fm=jpg&ixid=M3w4MTk0NTh8MHwxfHNlYXJjaHwxfHx3YXJlaG91c2UlMjBsb2dpc3RpY3MlMjBvcGVyYXRpb25zfGVufDB8MHx8fDE3NzAxODYzNjB8MA&ixlib=rb-4.1.0&q=80&w=1080"; }'. Did you mean 'SCREENSHOT5867_121'?
src/pages/reports/ReportsHome.tsx(3,10): error TS2305: Module '"@/components/ui/SharedComponents"' has no exported member 'Card'.
src/pages/reports/ReportsHome.tsx(38,29): error TS2339: Property 'REPORTS_DELIVERYMAN' does not exist on type '{ readonly HOME: "/"; readonly LOGIN: "/login"; readonly DASHBOARD: "/admin/dashboard"; readonly WAREHOUSE: "/warehouse"; readonly OPERATIONS: "/operations"; readonly ACCOUNTING: "/accounting"; readonly REPORTS: "/reports"; readonly TRACKING: "/tracking"; readonly WAY_MANAGEMENT: "/admin/way-management"; readonly CREATE_SHIPMENT: "/shipments/create"; readonly SETTINGS: "/settings"; }'.
src/pages/reports/ReportsHome.tsx(43,29): error TS2339: Property 'REPORTS_MERCHANT' does not exist on type '{ readonly HOME: "/"; readonly LOGIN: "/login"; readonly DASHBOARD: "/admin/dashboard"; readonly WAREHOUSE: "/warehouse"; readonly OPERATIONS: "/operations"; readonly ACCOUNTING: "/accounting"; readonly REPORTS: "/reports"; readonly TRACKING: "/tracking"; readonly WAY_MANAGEMENT: "/admin/way-management"; readonly CREATE_SHIPMENT: "/shipments/create"; readonly SETTINGS: "/settings"; }'.
src/pages/reports/ReportsHome.tsx(48,29): error TS2339: Property 'REPORTS_TOWN' does not exist on type '{ readonly HOME: "/"; readonly LOGIN: "/login"; readonly DASHBOARD: "/admin/dashboard"; readonly WAREHOUSE: "/warehouse"; readonly OPERATIONS: "/operations"; readonly ACCOUNTING: "/accounting"; readonly REPORTS: "/reports"; readonly TRACKING: "/tracking"; readonly WAY_MANAGEMENT: "/admin/way-management"; readonly CREATE_SHIPMENT: "/shipments/create"; readonly SETTINGS: "/settings"; }'.
src/pages/reports/ReportsHome.tsx(53,29): error TS2339: Property 'REPORTS_AUDIT' does not exist on type '{ readonly HOME: "/"; readonly LOGIN: "/login"; readonly DASHBOARD: "/admin/dashboard"; readonly WAREHOUSE: "/warehouse"; readonly OPERATIONS: "/operations"; readonly ACCOUNTING: "/accounting"; readonly REPORTS: "/reports"; readonly TRACKING: "/tracking"; readonly WAY_MANAGEMENT: "/admin/way-management"; readonly CREATE_SHIPMENT: "/shipments/create"; readonly SETTINGS: "/settings"; }'.
src/pages/reports/ReportsHome.tsx(58,29): error TS2339: Property 'REPORTS_DELIVERY_WAYS' does not exist on type '{ readonly HOME: "/"; readonly LOGIN: "/login"; readonly DASHBOARD: "/admin/dashboard"; readonly WAREHOUSE: "/warehouse"; readonly OPERATIONS: "/operations"; readonly ACCOUNTING: "/accounting"; readonly REPORTS: "/reports"; readonly TRACKING: "/tracking"; readonly WAY_MANAGEMENT: "/admin/way-management"; readonly CREATE_SHIPMENT: "/shipments/create"; readonly SETTINGS: "/settings"; }'.
src/pages/ReportsHome.tsx(31,29): error TS2339: Property 'REPORTS_DELIVERYMAN' does not exist on type '{ readonly HOME: "/"; readonly LOGIN: "/login"; readonly DASHBOARD: "/admin/dashboard"; readonly WAREHOUSE: "/warehouse"; readonly OPERATIONS: "/operations"; readonly ACCOUNTING: "/accounting"; readonly REPORTS: "/reports"; readonly TRACKING: "/tracking"; readonly WAY_MANAGEMENT: "/admin/way-management"; readonly CREATE_SHIPMENT: "/shipments/create"; readonly SETTINGS: "/settings"; }'.
src/pages/ReportsHome.tsx(38,29): error TS2339: Property 'REPORTS_MERCHANT' does not exist on type '{ readonly HOME: "/"; readonly LOGIN: "/login"; readonly DASHBOARD: "/admin/dashboard"; readonly WAREHOUSE: "/warehouse"; readonly OPERATIONS: "/operations"; readonly ACCOUNTING: "/accounting"; readonly REPORTS: "/reports"; readonly TRACKING: "/tracking"; readonly WAY_MANAGEMENT: "/admin/way-management"; readonly CREATE_SHIPMENT: "/shipments/create"; readonly SETTINGS: "/settings"; }'.
src/pages/ReportsHome.tsx(45,29): error TS2339: Property 'REPORTS_TOWN' does not exist on type '{ readonly HOME: "/"; readonly LOGIN: "/login"; readonly DASHBOARD: "/admin/dashboard"; readonly WAREHOUSE: "/warehouse"; readonly OPERATIONS: "/operations"; readonly ACCOUNTING: "/accounting"; readonly REPORTS: "/reports"; readonly TRACKING: "/tracking"; readonly WAY_MANAGEMENT: "/admin/way-management"; readonly CREATE_SHIPMENT: "/shipments/create"; readonly SETTINGS: "/settings"; }'.
src/pages/ReportsHome.tsx(52,29): error TS2339: Property 'REPORTS_DELIVERY_WAYS' does not exist on type '{ readonly HOME: "/"; readonly LOGIN: "/login"; readonly DASHBOARD: "/admin/dashboard"; readonly WAREHOUSE: "/warehouse"; readonly OPERATIONS: "/operations"; readonly ACCOUNTING: "/accounting"; readonly REPORTS: "/reports"; readonly TRACKING: "/tracking"; readonly WAY_MANAGEMENT: "/admin/way-management"; readonly CREATE_SHIPMENT: "/shipments/create"; readonly SETTINGS: "/settings"; }'.
src/pages/ReportsHome.tsx(64,29): error TS2339: Property 'REPORTS_BALANCE_SHEET' does not exist on type '{ readonly HOME: "/"; readonly LOGIN: "/login"; readonly DASHBOARD: "/admin/dashboard"; readonly WAREHOUSE: "/warehouse"; readonly OPERATIONS: "/operations"; readonly ACCOUNTING: "/accounting"; readonly REPORTS: "/reports"; readonly TRACKING: "/tracking"; readonly WAY_MANAGEMENT: "/admin/way-management"; readonly CREATE_SHIPMENT: "/shipments/create"; readonly SETTINGS: "/settings"; }'.
src/pages/ReportsHome.tsx(71,29): error TS2339: Property 'REPORTS_GENERAL_LEDGER' does not exist on type '{ readonly HOME: "/"; readonly LOGIN: "/login"; readonly DASHBOARD: "/admin/dashboard"; readonly WAREHOUSE: "/warehouse"; readonly OPERATIONS: "/operations"; readonly ACCOUNTING: "/accounting"; readonly REPORTS: "/reports"; readonly TRACKING: "/tracking"; readonly WAY_MANAGEMENT: "/admin/way-management"; readonly CREATE_SHIPMENT: "/shipments/create"; readonly SETTINGS: "/settings"; }'.
src/pages/ReportsHome.tsx(78,29): error TS2339: Property 'REPORTS_INCOME_STATEMENT' does not exist on type '{ readonly HOME: "/"; readonly LOGIN: "/login"; readonly DASHBOARD: "/admin/dashboard"; readonly WAREHOUSE: "/warehouse"; readonly OPERATIONS: "/operations"; readonly ACCOUNTING: "/accounting"; readonly REPORTS: "/reports"; readonly TRACKING: "/tracking"; readonly WAY_MANAGEMENT: "/admin/way-management"; readonly CREATE_SHIPMENT: "/shipments/create"; readonly SETTINGS: "/settings"; }'.
src/pages/ReportsHome.tsx(85,29): error TS2339: Property 'REPORTS_PROFIT_LOSS' does not exist on type '{ readonly HOME: "/"; readonly LOGIN: "/login"; readonly DASHBOARD: "/admin/dashboard"; readonly WAREHOUSE: "/warehouse"; readonly OPERATIONS: "/operations"; readonly ACCOUNTING: "/accounting"; readonly REPORTS: "/reports"; readonly TRACKING: "/tracking"; readonly WAY_MANAGEMENT: "/admin/way-management"; readonly CREATE_SHIPMENT: "/shipments/create"; readonly SETTINGS: "/settings"; }'.
src/pages/ReportsHome.tsx(97,29): error TS2339: Property 'REPORTS_AUDIT' does not exist on type '{ readonly HOME: "/"; readonly LOGIN: "/login"; readonly DASHBOARD: "/admin/dashboard"; readonly WAREHOUSE: "/warehouse"; readonly OPERATIONS: "/operations"; readonly ACCOUNTING: "/accounting"; readonly REPORTS: "/reports"; readonly TRACKING: "/tracking"; readonly WAY_MANAGEMENT: "/admin/way-management"; readonly CREATE_SHIPMENT: "/shipments/create"; readonly SETTINGS: "/settings"; }'.
src/pages/ReportsHome.tsx(104,29): error TS2339: Property 'REPORTS_TICKETS_OPEN' does not exist on type '{ readonly HOME: "/"; readonly LOGIN: "/login"; readonly DASHBOARD: "/admin/dashboard"; readonly WAREHOUSE: "/warehouse"; readonly OPERATIONS: "/operations"; readonly ACCOUNTING: "/accounting"; readonly REPORTS: "/reports"; readonly TRACKING: "/tracking"; readonly WAY_MANAGEMENT: "/admin/way-management"; readonly CREATE_SHIPMENT: "/shipments/create"; readonly SETTINGS: "/settings"; }'.
src/pages/ReportsHome.tsx(111,29): error TS2339: Property 'REPORTS_TICKETS_CLOSED' does not exist on type '{ readonly HOME: "/"; readonly LOGIN: "/login"; readonly DASHBOARD: "/admin/dashboard"; readonly WAREHOUSE: "/warehouse"; readonly OPERATIONS: "/operations"; readonly ACCOUNTING: "/accounting"; readonly REPORTS: "/reports"; readonly TRACKING: "/tracking"; readonly WAY_MANAGEMENT: "/admin/way-management"; readonly CREATE_SHIPMENT: "/shipments/create"; readonly SETTINGS: "/settings"; }'.
src/pages/rider/DeliveryFlow.tsx(20,3): error TS2305: Module '"@/lib/index"' has no exported member 'NDR_REASONS'.
src/pages/rider/DeliveryFlow.tsx(21,3): error TS2305: Module '"@/lib/index"' has no exported member 'PODRecord'.
src/pages/rider/DeliveryFlow.tsx(369,68): error TS2339: Property 'currency' does not exist on type '{ required: boolean; amount?: number; }'.
src/pages/rider/PickupFlow.tsx(19,14): error TS2304: Cannot find name 'QrCode'.
src/pages/rider/TagBatchManagement.tsx(15,22): error TS2724: '"@/lib/index"' has no exported member named 'TagStatus'. Did you mean 'TAG_STATUS'?
src/pages/rider/WarehouseDrop.tsx(41,7): error TS2353: Object literal may only specify known properties, and 'pieces' does not exist in type 'Shipment'.
src/pages/rider/WarehouseDrop.tsx(55,7): error TS2353: Object literal may only specify known properties, and 'pieces' does not exist in type 'Shipment'.
src/pages/rider/WarehouseDrop.tsx(265,97): error TS2339: Property 'type' does not exist on type 'Shipment'.
src/pages/Services.tsx(53,19): error TS2304: Cannot find name 'Button'.
src/pages/Services.tsx(55,20): error TS2304: Cannot find name 'Button'.
src/pages/Services.tsx(79,8): error TS2552: Cannot find name 'Link'. Did you mean 'link'?
src/pages/Services.tsx(79,89): error TS2552: Cannot find name 'Link'. Did you mean 'link'?
src/pages/ServicesPage.tsx(31,35): error TS2339: Property 'CONTACT' does not exist on type '{ readonly HOME: "/"; readonly LOGIN: "/login"; readonly DASHBOARD: "/admin/dashboard"; readonly WAREHOUSE: "/warehouse"; readonly OPERATIONS: "/operations"; readonly ACCOUNTING: "/accounting"; readonly REPORTS: "/reports"; readonly TRACKING: "/tracking"; readonly WAY_MANAGEMENT: "/admin/way-management"; readonly CREATE_SHIPMENT: "/shipments/create"; readonly SETTINGS: "/settings"; }'.
src/pages/Shipments.tsx(2,10): error TS2305: Module '"@/components/Shipments"' has no exported member 'ShipmentsList'.
src/pages/supervisor/TagInventoryManagement.tsx(17,3): error TS2724: '"@/lib/index"' has no exported member named 'TagStatus'. Did you mean 'TAG_STATUS'?
src/pages/supervisor/TagInventoryManagement.tsx(18,3): error TS2305: Module '"@/lib/index"' has no exported member 'USER_ROLES'.
src/pages/supervisor/WayPlanningPage.tsx(2,86): error TS2307: Cannot find module 'react-map-gl' or its corresponding type declarations.
src/pages/supervisor/WayPlanningPage.tsx(24,21): error TS2352: Conversion of type 'Shipment[]' to type 'ShipmentLike[]' may be a mistake because neither type sufficiently overlaps with the other. If this was intentional, convert the expression to 'unknown' first.
  Type 'Shipment' is not comparable to type 'ShipmentLike'.
    Index signature for type 'string' is missing in type 'Shipment'.
src/pages/supervisor/WayPlanningPage.tsx(77,14): error TS2304: Cannot find name 'Button'.
src/pages/supervisor/WayPlanningPage.tsx(86,15): error TS2304: Cannot find name 'Button'.
src/pages/supervisor/WayPlanningPage.tsx(88,14): error TS2304: Cannot find name 'Button'.
src/pages/supervisor/WayPlanningPage.tsx(94,15): error TS2304: Cannot find name 'Button'.
src/pages/supervisor/WayPlanningPage.tsx(109,12): error TS2552: Cannot find name 'ScrollArea'. Did you mean 'scrollbars'?
src/pages/supervisor/WayPlanningPage.tsx(129,13): error TS2552: Cannot find name 'ScrollArea'. Did you mean 'scrollbars'?
src/pages/SupervisorDashboard.tsx(20,3): error TS2305: Module '"@/lib/index"' has no exported member 'FleetVehicle'.
src/pages/SupervisorDashboard.tsx(23,10): error TS2614: Module '"@/components/AuditFeed"' has no exported member 'AuditFeed'. Did you mean to use 'import AuditFeed from "@/components/AuditFeed"' instead?
src/pages/SupervisorDashboard.tsx(24,10): error TS2614: Module '"@/components/FleetStatus"' has no exported member 'FleetStatus'. Did you mean to use 'import FleetStatus from "@/components/FleetStatus"' instead?
src/pages/SupervisorDashboard.tsx(25,10): error TS2614: Module '"@/components/StatusBadge"' has no exported member 'StatusBadge'. Did you mean to use 'import StatusBadge from "@/components/StatusBadge"' instead?
src/pages/SupervisorDashboard.tsx(35,5): error TS2353: Object literal may only specify known properties, and 'trackingNumber' does not exist in type 'Shipment'.
src/pages/SupervisorDashboard.tsx(47,5): error TS2353: Object literal may only specify known properties, and 'trackingNumber' does not exist in type 'Shipment'.
src/pages/SupervisorDashboard.tsx(87,9): error TS2339: Property 'trackingNumber' does not exist on type 'Shipment'.
src/pages/SupervisorDashboard.tsx(216,91): error TS2339: Property 'trackingNumber' does not exist on type 'Shipment'.
src/pages/SupervisorDashboard.tsx(221,45): error TS2339: Property 'origin' does not exist on type 'Shipment'.
src/pages/SupervisorDashboard.tsx(223,45): error TS2339: Property 'destination' does not exist on type 'Shipment'.
src/pages/SupervisorDashboard.tsx(225,87): error TS2551: Property 'created_at' does not exist on type 'Shipment'. Did you mean 'createdAt'?
src/pages/SupervisorDashboard.tsx(230,39): error TS2339: Property 'metadata' does not exist on type 'Shipment'.
src/pages/SupervisorDashboard.tsx(252,27): error TS2339: Property 'DASHBOARD_ANALYTICS_4' does not exist on type '{ readonly ANALYTICS_DASH_1: "https://images.unsplash.com/photo-1551288049-bebda4e38f71?crop=entropy&cs=tinysrgb&fit=max&fm=jpg&ixid=M3w4Mzc5NTV8MHwxfHNlYXJjaHwxfHxkYXNoYm9hcmQlMjBhbmFseXRpY3MlMjBjaGFydHN8ZW58MHwwfHx8MTc3MDE4NjM2MXww&ixlib=rb-4.1.0&q=80&w=1080"; readonly ANALYTICS_DASH_10: "https://images.unsplash.com/photo-1666537072206-6a7a01ecb7d9?crop=entropy&cs=tinysrgb&fit=max&fm=jpg&ixid=M3w4Mzc5NTV8MHwxfHNlYXJjaHw2fHxkYXNoYm9hcmQlMjBhbmFseXRpY3MlMjBjaGFydHN8ZW58MHwwfHx8MTc3MDE4NjM2MXww&ixlib=rb-4.1.0&q=80&w=1080"; readonly ANALYTICS_DASH_2: "https://images.unsplash.com/photo-1686061593213-98dad7c599b9?crop=entropy&cs=tinysrgb&fit=max&fm=jpg&ixid=M3w4Mzc5NTV8MHwxfHNlYXJjaHw5fHxkYXNoYm9hcmQlMjBhbmFseXRpY3MlMjBjaGFydHN8ZW58MHwwfHx8MTc3MDE4NjM2MXww&ixlib=rb-4.1.0&q=80&w=1080"; readonly ANALYTICS_DASH_3: "https://images.unsplash.com/photo-1686061592689-312bbfb5c055?crop=entropy&cs=tinysrgb&fit=max&fm=jpg&ixid=M3w4Mzc5NTV8MHwxfHNlYXJjaHw3fHxkYXNoYm9hcmQlMjBhbmFseXRpY3MlMjBjaGFydHN8ZW58MHwwfHx8MTc3MDE4NjM2MXww&ixlib=rb-4.1.0&q=80&w=1080"; readonly ANALYTICS_DASH_4: "https://images.unsplash.com/photo-1586448317606-cb1ec00298fc?crop=entropy&cs=tinysrgb&fit=max&fm=jpg&ixid=M3w4Mzc5NTV8MHwxfHNlYXJjaHw4fHxkYXNoYm9hcmQlMjBhbmFseXRpY3MlMjBjaGFydHN8ZW58MHwwfHx8MTc3MDE4NjM2MXww&ixlib=rb-4.1.0&q=80&w=1080"; readonly ANALYTICS_DASH_5: "https://images.unsplash.com/photo-1635236190542-d43e4d4b9e4b?crop=entropy&cs=tinysrgb&fit=max&fm=jpg&ixid=M3w4Mzc5NTV8MHwxfHNlYXJjaHwxMHx8ZGFzaGJvYXJkJTIwYW5hbHl0aWNzJTIwY2hhcnRzfGVufDB8MHx8fDE3NzAxODYzNjF8MA&ixlib=rb-4.1.0&q=80&w=1080"; readonly ANALYTICS_DASH_6: "https://images.unsplash.com/photo-1639825752750-5061ded5503b?crop=entropy&cs=tinysrgb&fit=max&fm=jpg&ixid=M3w4Mzc5NTV8MHwxfHNlYXJjaHw1fHxkYXNoYm9hcmQlMjBhbmFseXRpY3MlMjBjaGFydHN8ZW58MHwwfHx8MTc3MDE4NjM2MXww&ixlib=rb-4.1.0&q=80&w=1080"; readonly ANALYTICS_DASH_7: "https://images.unsplash.com/photo-1721593979313-8661afd501c2?crop=entropy&cs=tinysrgb&fit=max&fm=jpg&ixid=M3w4Mzc5NTV8MHwxfHNlYXJjaHw0fHxkYXNoYm9hcmQlMjBhbmFseXRpY3MlMjBjaGFydHN8ZW58MHwwfHx8MTc3MDE4NjM2MXww&ixlib=rb-4.1.0&q=80&w=1080"; readonly ANALYTICS_DASH_8: "https://images.unsplash.com/photo-1758876202980-0a28b744fb24?crop=entropy&cs=tinysrgb&fit=max&fm=jpg&ixid=M3w4Mzc5NTV8MHwxfHNlYXJjaHwzfHxkYXNoYm9hcmQlMjBhbmFseXRpY3MlMjBjaGFydHN8ZW58MHwwfHx8MTc3MDE4NjM2MXww&ixlib=rb-4.1.0&q=80&w=1080"; readonly ANALYTICS_DASH_9: "https://images.unsplash.com/photo-1763038311036-6d18805537e5?crop=entropy&cs=tinysrgb&fit=max&fm=jpg&ixid=M3w4Mzc5NTV8MHwxfHNlYXJjaHwyfHxkYXNoYm9hcmQlMjBhbmFseXRpY3MlMjBjaGFydHN8ZW58MHwwfHx8MTc3MDE4NjM2MXww&ixlib=rb-4.1.0&q=80&w=1080"; readonly BRITIUM_LOGO_55: "/images/britium-logo.png"; readonly BRITIUM_LOGO_66: "/images/britium-logo.png"; readonly DELIVERY_HERO_1: "https://images.unsplash.com/photo-1580160667723-8f98952d1017?crop=entropy&cs=tinysrgb&fit=max&fm=jpg&ixid=M3w4NDU5NTF8MHwxfHNlYXJjaHw5fHxtb2Rlcm4lMjBkZWxpdmVyeSUyMHRydWNrJTIwbG9naXN0aWNzfGVufDB8MHx8fDE3NzAxODYzNjB8MA&ixlib=rb-4.1.0&q=80&w=1080"; readonly DELIVERY_HERO_10: "https://images.unsplash.com/photo-1760045788252-d8d386ea1d12?crop=entropy&cs=tinysrgb&fit=max&fm=jpg&ixid=M3w4NDU5NTF8MHwxfHNlYXJjaHwzfHxtb2Rlcm4lMjBkZWxpdmVyeSUyMHRydWNrJTIwbG9naXN0aWNzfGVufDB8MHx8fDE3NzAxODYzNjB8MA&ixlib=rb-4.1.0&q=80&w=1080"; readonly DELIVERY_HERO_2: "https://images.unsplash.com/photo-1547116262-a7365d627e61?crop=entropy&cs=tinysrgb&fit=max&fm=jpg&ixid=M3w4NDU5NTF8MHwxfHNlYXJjaHw4fHxtb2Rlcm4lMjBkZWxpdmVyeSUyMHRydWNrJTIwbG9naXN0aWNzfGVufDB8MHx8fDE3NzAxODYzNjB8MA&ixlib=rb-4.1.0&q=80&w=1080"; readonly DELIVERY_HERO_3: "https://images.unsplash.com/photo-1598317940377-d1e5402f1bed?crop=entropy&cs=tinysrgb&fit=max&fm=jpg&ixid=M3w4NDU5NTF8MHwxfHNlYXJjaHw0fHxtb2Rlcm4lMjBkZWxpdmVyeSUyMHRydWNrJTIwbG9naXN0aWNzfGVufDB8MHx8fDE3NzAxODYzNjB8MA&ixlib=rb-4.1.0&q=80&w=1080"; readonly DELIVERY_HERO_4: "https://images.unsplash.com/photo-1633155565182-16c06ed45ec5?crop=entropy&cs=tinysrgb&fit=max&fm=jpg&ixid=M3w4NDU5NTF8MHwxfHNlYXJjaHw3fHxtb2Rlcm4lMjBkZWxpdmVyeSUyMHRydWNrJTIwbG9naXN0aWNzfGVufDB8MHx8fDE3NzAxODYzNjB8MA&ixlib=rb-4.1.0&q=80&w=1080"; readonly DELIVERY_HERO_5: "https://images.unsplash.com/photo-1681514583222-0579e6835666?crop=entropy&cs=tinysrgb&fit=max&fm=jpg&ixid=M3w4NDU5NTF8MHwxfHNlYXJjaHw1fHxtb2Rlcm4lMjBkZWxpdmVyeSUyMHRydWNrJTIwbG9naXN0aWNzfGVufDB8MHx8fDE3NzAxODYzNjB8MA&ixlib=rb-4.1.0&q=80&w=1080"; readonly DELIVERY_HERO_6: "https://images.unsplash.com/photo-1662135426498-72a27149a7dd?crop=entropy&cs=tinysrgb&fit=max&fm=jpg&ixid=M3w4NDU5NTF8MHwxfHNlYXJjaHwxMHx8bW9kZXJuJTIwZGVsaXZlcnklMjB0cnVjayUyMGxvZ2lzdGljc3xlbnwwfDB8fHwxNzcwMTg2MzYwfDA&ixlib=rb-4.1.0&q=80&w=1080"; readonly DELIVERY_HERO_7: "https://images.unsplash.com/photo-1733662095268-7a88cb5fa10e?crop=entropy&cs=tinysrgb&fit=max&fm=jpg&ixid=M3w4NDU5NTF8MHwxfHNlYXJjaHw2fHxtb2Rlcm4lMjBkZWxpdmVyeSUyMHRydWNrJTIwbG9naXN0aWNzfGVufDB8MHx8fDE3NzAxODYzNjB8MA&ixlib=rb-4.1.0&q=80&w=1080"; readonly DELIVERY_HERO_8: "https://images.unsplash.com/photo-1762245752333-c1ef6315a30c?crop=entropy&cs=tinysrgb&fit=max&fm=jpg&ixid=M3w4NDU5NTF8MHwxfHNlYXJjaHwyfHxtb2Rlcm4lMjBkZWxpdmVyeSUyMHRydWNrJTIwbG9naXN0aWNzfGVufDB8MHx8fDE3NzAxODYzNjB8MA&ixlib=rb-4.1.0&q=80&w=1080"; readonly DELIVERY_HERO_9: "https://images.unsplash.com/photo-1746985106190-6c116edec9bc?crop=entropy&cs=tinysrgb&fit=max&fm=jpg&ixid=M3w4NDU5NTF8MHwxfHNlYXJjaHwxfHxtb2Rlcm4lMjBkZWxpdmVyeSUyMHRydWNrJTIwbG9naXN0aWNzfGVufDB8MHx8fDE3NzAxODYzNjB8MA&ixlib=rb-4.1.0&q=80&w=1080"; readonly DELIVERY_RIDER_1: "https://images.unsplash.com/photo-1648394794449-5dbe63f6a8b5?crop=entropy&cs=tinysrgb&fit=max&fm=jpg&ixid=M3w4Mzc5NTV8MHwxfHNlYXJjaHw1fHxjb3VyaWVyJTIwZGVsaXZlcnklMjBwZXJzb24lMjBtb3RvcmN5Y2xlfGVufDB8MHx8fDE3NzAxNDI0NjJ8MA&ixlib=rb-4.1.0&q=80&w=1080"; readonly DELIVERY_RIDER_10: "https://images.unsplash.com/photo-1706994742122-df69c7390a2b?crop=entropy&cs=tinysrgb&fit=max&fm=jpg&ixid=M3w4Mzc5NTV8MHwxfHNlYXJjaHwxMHx8Y291cmllciUyMGRlbGl2ZXJ5JTIwcGVyc29uJTIwbW90b3JjeWNsZXxlbnwwfDB8fHwxNzcwMTQyNDYyfDA&ixlib=rb-4.1.0&q=80&w=1080"; readonly DELIVERY_RIDER_2: "https://images.unsplash.com/photo-1642047291146-7916f38ebde0?crop=entropy&cs=tinysrgb&fit=max&fm=jpg&ixid=M3w4Mzc5NTV8MHwxfHNlYXJjaHw4fHxjb3VyaWVyJTIwZGVsaXZlcnklMjBwZXJzb24lMjBtb3RvcmN5Y2xlfGVufDB8MHx8fDE3NzAxNDI0NjJ8MA&ixlib=rb-4.1.0&q=80&w=1080"; readonly DELIVERY_RIDER_3: "https://images.unsplash.com/photo-1754765542024-c1320f23b75a?crop=entropy&cs=tinysrgb&fit=max&fm=jpg&ixid=M3w4Mzc5NTV8MHwxfHNlYXJjaHw0fHxjb3VyaWVyJTIwZGVsaXZlcnklMjBwZXJzb24lMjBtb3RvcmN5Y2xlfGVufDB8MHx8fDE3NzAxNDI0NjJ8MA&ixlib=rb-4.1.0&q=80&w=1080"; readonly DELIVERY_RIDER_4: "https://images.unsplash.com/photo-1616915939238-2a7a363d45c4?crop=entropy&cs=tinysrgb&fit=max&fm=jpg&ixid=M3w4Mzc5NTV8MHwxfHNlYXJjaHw2fHxjb3VyaWVyJTIwZGVsaXZlcnklMjBwZXJzb24lMjBtb3RvcmN5Y2xlfGVufDB8MHx8fDE3NzAxNDI0NjJ8MA&ixlib=rb-4.1.0&q=80&w=1080"; readonly DELIVERY_RIDER_5: "https://images.unsplash.com/photo-1683553170878-049f180627b0?crop=entropy&cs=tinysrgb&fit=max&fm=jpg&ixid=M3w4Mzc5NTV8MHwxfHNlYXJjaHw5fHxjb3VyaWVyJTIwZGVsaXZlcnklMjBwZXJzb24lMjBtb3RvcmN5Y2xlfGVufDB8MHx8fDE3NzAxNDI0NjJ8MA&ixlib=rb-4.1.0&q=80&w=1080"; readonly DELIVERY_RIDER_6: "https://images.unsplash.com/photo-1767114648562-399d88d7362d?crop=entropy&cs=tinysrgb&fit=max&fm=jpg&ixid=M3w4Mzc5NTV8MHwxfHNlYXJjaHwxfHxjb3VyaWVyJTIwZGVsaXZlcnklMjBwZXJzb24lMjBtb3RvcmN5Y2xlfGVufDB8MHx8fDE3NzAxNDI0NjJ8MA&ixlib=rb-4.1.0&q=80&w=1080"; readonly DELIVERY_RIDER_7: "https://images.unsplash.com/photo-1766421687400-e7e742d6f39d?crop=entropy&cs=tinysrgb&fit=max&fm=jpg&ixid=M3w4Mzc5NTV8MHwxfHNlYXJjaHwyfHxjb3VyaWVyJTIwZGVsaXZlcnklMjBwZXJzb24lMjBtb3RvcmN5Y2xlfGVufDB8MHx8fDE3NzAxNDI0NjJ8MA&ixlib=rb-4.1.0&q=80&w=1080"; readonly DELIVERY_RIDER_8: "https://images.unsplash.com/photo-1758202292832-5e036fd03e25?crop=entropy&cs=tinysrgb&fit=max&fm=jpg&ixid=M3w4Mzc5NTV8MHwxfHNlYXJjaHwzfHxjb3VyaWVyJTIwZGVsaXZlcnklMjBwZXJzb24lMjBtb3RvcmN5Y2xlfGVufDB8MHx8fDE3NzAxNDI0NjJ8MA&ixlib=rb-4.1.0&q=80&w=1080"; readonly DELIVERY_RIDER_9: "https://images.unsplash.com/photo-1754765542364-7def1d509bb8?crop=entropy&cs=tinysrgb&fit=max&fm=jpg&ixid=M3w4Mzc5NTV8MHwxfHNlYXJjaHw3fHxjb3VyaWVyJTIwZGVsaXZlcnklMjBwZXJzb24lMjBtb3RvcmN5Y2xlfGVufDB8MHx8fDE3NzAxNDI0NjJ8MA&ixlib=rb-4.1.0&q=80&w=1080"; readonly IC_LAUNCHER_45: "/images/ic_launcher.webp"; readonly IC_LAUNCHER_47: "/images/ic_launcher.webp"; readonly IC_LAUNCHER_48: "/images/ic_launcher.webp"; readonly IC_LAUNCHER_51: "/images/ic_launcher.webp"; readonly IC_LAUNCHER_53: "/images/ic_launcher.webp"; readonly IC_LAUNCHER_56: "/images/ic_launcher.webp"; readonly IC_LAUNCHER_58: "/images/ic_launcher.webp"; readonly IC_LAUNCHER_59: "/images/ic_launcher.webp"; readonly IC_LAUNCHER_62: "/images/ic_launcher.webp"; readonly IC_LAUNCHER_64: "/images/ic_launcher.webp"; readonly IC_LAUNCHER_ROUND_46: "/images/ic_launcher_round.webp"; readonly IC_LAUNCHER_ROUND_49: "/images/ic_launcher_round.webp"; readonly IC_LAUNCHER_ROUND_50: "/images/ic_launcher_round.webp"; readonly IC_LAUNCHER_ROUND_52: "/images/ic_launcher_round.webp"; readonly IC_LAUNCHER_ROUND_54: "/images/ic_launcher_round.webp"; readonly IC_LAUNCHER_ROUND_57: "/images/ic_launcher_round.webp"; readonly IC_LAUNCHER_ROUND_60: "/images/ic_launcher_round.webp"; readonly IC_LAUNCHER_ROUND_61: "/images/ic_launcher_round.webp"; readonly IC_LAUNCHER_ROUND_63: "/images/ic_launcher_round.webp"; readonly IC_LAUNCHER_ROUND_65: "/images/ic_launcher_round.webp"; readonly LOGISTICS_HERO_1: "https://images.unsplash.com/photo-1532635042-a6f6ad4745f9?crop=entropy&cs=tinysrgb&fit=max&fm=jpg&ixid=M3w4MTk0NTh8MHwxfHNlYXJjaHw3fHxkZWxpdmVyeSUyMHRydWNrJTIwbG9naXN0aWNzJTIwd2FyZWhvdXNlfGVufDB8MHx8fDE3NzAxNDI0NjJ8MA&ixlib=rb-4.1.0&q=80&w=1080"; readonly LOGISTICS_HERO_10: "https://images.unsplash.com/photo-1739863305982-f7354315b2bd?crop=entropy&cs=tinysrgb&fit=max&fm=jpg&ixid=M3w4MTk0NTh8MHwxfHNlYXJjaHwxMHx8ZGVsaXZlcnklMjB0cnVjayUyMGxvZ2lzdGljcyUyMHdhcmVob3VzZXxlbnwwfDB8fHwxNzcwMTQyNDYyfDA&ixlib=rb-4.1.0&q=80&w=1080"; readonly LOGISTICS_HERO_2: "https://images.unsplash.com/photo-1601912552080-0fb89fd08042?crop=entropy&cs=tinysrgb&fit=max&fm=jpg&ixid=M3w4MTk0NTh8MHwxfHNlYXJjaHw1fHxkZWxpdmVyeSUyMHRydWNrJTIwbG9naXN0aWNzJTIwd2FyZWhvdXNlfGVufDB8MHx8fDE3NzAxNDI0NjJ8MA&ixlib=rb-4.1.0&q=80&w=1080"; readonly LOGISTICS_HERO_3: "https://images.unsplash.com/photo-1611938845621-f7d331a14255?crop=entropy&cs=tinysrgb&fit=max&fm=jpg&ixid=M3w4MTk0NTh8MHwxfHNlYXJjaHwyfHxkZWxpdmVyeSUyMHRydWNrJTIwbG9naXN0aWNzJTIwd2FyZWhvdXNlfGVufDB8MHx8fDE3NzAxNDI0NjJ8MA&ixlib=rb-4.1.0&q=80&w=1080"; readonly LOGISTICS_HERO_4: "https://images.unsplash.com/photo-1681514583222-0579e6835666?crop=entropy&cs=tinysrgb&fit=max&fm=jpg&ixid=M3w4MTk0NTh8MHwxfHNlYXJjaHw2fHxkZWxpdmVyeSUyMHRydWNrJTIwbG9naXN0aWNzJTIwd2FyZWhvdXNlfGVufDB8MHx8fDE3NzAxNDI0NjJ8MA&ixlib=rb-4.1.0&q=80&w=1080"; readonly LOGISTICS_HERO_5: "https://images.unsplash.com/photo-1613354382403-28066cf657b3?crop=entropy&cs=tinysrgb&fit=max&fm=jpg&ixid=M3w4MTk0NTh8MHwxfHNlYXJjaHwzfHxkZWxpdmVyeSUyMHRydWNrJTIwbG9naXN0aWNzJTIwd2FyZWhvdXNlfGVufDB8MHx8fDE3NzAxNDI0NjJ8MA&ixlib=rb-4.1.0&q=80&w=1080"; readonly LOGISTICS_HERO_6: "https://images.unsplash.com/photo-1732435527614-8336ebd1e82c?crop=entropy&cs=tinysrgb&fit=max&fm=jpg&ixid=M3w4MTk0NTh8MHwxfHNlYXJjaHw4fHxkZWxpdmVyeSUyMHRydWNrJTIwbG9naXN0aWNzJTIwd2FyZWhvdXNlfGVufDB8MHx8fDE3NzAxNDI0NjJ8MA&ixlib=rb-4.1.0&q=80&w=1080"; readonly LOGISTICS_HERO_7: "https://images.unsplash.com/photo-1762251374590-64962c1a451c?crop=entropy&cs=tinysrgb&fit=max&fm=jpg&ixid=M3w4MTk0NTh8MHwxfHNlYXJjaHwxfHxkZWxpdmVyeSUyMHRydWNrJTIwbG9naXN0aWNzJTIwd2FyZWhvdXNlfGVufDB8MHx8fDE3NzAxNDI0NjJ8MA&ixlib=rb-4.1.0&q=80&w=1080"; readonly LOGISTICS_HERO_8: "https://images.unsplash.com/photo-1681514583213-7b8e47eb1953?crop=entropy&cs=tinysrgb&fit=max&fm=jpg&ixid=M3w4MTk0NTh8MHwxfHNlYXJjaHw0fHxkZWxpdmVyeSUyMHRydWNrJTIwbG9naXN0aWNzJTIwd2FyZWhvdXNlfGVufDB8MHx8fDE3NzAxNDI0NjJ8MA&ixlib=rb-4.1.0&q=80&w=1080"; readonly LOGISTICS_HERO_9: "https://images.unsplash.com/photo-1730309529959-e305b3199c01?crop=entropy&cs=tinysrgb&fit=max&fm=jpg&ixid=M3w4MTk0NTh8MHwxfHNlYXJjaHw5fHxkZWxpdmVyeSUyMHRydWNrJTIwbG9naXN0aWNzJTIwd2FyZWhvdXNlfGVufDB8MHx8fDE3NzAxNDI0NjJ8MA&ixlib=rb-4.1.0&q=80&w=1080"; readonly MOBILE_INTERFACE_1: "https://images.unsplash.com/photo-1592323401640-9c24ed330baf?crop=entropy&cs=tinysrgb&fit=max&fm=jpg&ixid=M3w4NDU2OTd8MHwxfHNlYXJjaHw0fHxtb2JpbGUlMjBhcHAlMjBkZWxpdmVyeSUyMGludGVyZmFjZXxlbnwwfDF8fHwxNzcwMTQyNDYzfDA&ixlib=rb-4.1.0&q=80&w=1080"; readonly MOBILE_INTERFACE_2: "https://images.unsplash.com/photo-1570894808314-677b57f25e45?crop=entropy&cs=tinysrgb&fit=max&fm=jpg&ixid=M3w4NDU2OTd8MHwxfHNlYXJjaHwyfHxtb2JpbGUlMjBhcHAlMjBkZWxpdmVyeSUyMGludGVyZmFjZXxlbnwwfDF8fHwxNzcwMTQyNDYzfDA&ixlib=rb-4.1.0&q=80&w=1080"; readonly MOBILE_INTERFACE_3: "https://images.unsplash.com/photo-1605600659802-1353d7fd3732?crop=entropy&cs=tinysrgb&fit=max&fm=jpg&ixid=M3w4NDU2OTd8MHwxfHNlYXJjaHw3fHxtb2JpbGUlMjBhcHAlMjBkZWxpdmVyeSUyMGludGVyZmFjZXxlbnwwfDF8fHwxNzcwMTQyNDYzfDA&ixlib=rb-4.1.0&q=80&w=1080"; readonly MOBILE_INTERFACE_4: "https://images.unsplash.com/photo-1661358788054-9988c0778447?crop=entropy&cs=tinysrgb&fit=max&fm=jpg&ixid=M3w4NDU2OTd8MHwxfHNlYXJjaHw1fHxtb2JpbGUlMjBhcHAlMjBkZWxpdmVyeSUyMGludGVyZmFjZXxlbnwwfDF8fHwxNzcwMTQyNDYzfDA&ixlib=rb-4.1.0&q=80&w=1080"; readonly MOBILE_INTERFACE_5: "https://images.unsplash.com/photo-1746286721374-cd541e26911a?crop=entropy&cs=tinysrgb&fit=max&fm=jpg&ixid=M3w4NDU2OTd8MHwxfHNlYXJjaHw2fHxtb2JpbGUlMjBhcHAlMjBkZWxpdmVyeSUyMGludGVyZmFjZXxlbnwwfDF8fHwxNzcwMTQyNDYzfDA&ixlib=rb-4.1.0&q=80&w=1080"; readonly MOBILE_INTERFACE_6: "https://images.unsplash.com/photo-1760888549280-4aef010720bd?crop=entropy&cs=tinysrgb&fit=max&fm=jpg&ixid=M3w4NDU2OTd8MHwxfHNlYXJjaHwxfHxtb2JpbGUlMjBhcHAlMjBkZWxpdmVyeSUyMGludGVyZmFjZXxlbnwwfDF8fHwxNzcwMTQyNDYzfDA&ixlib=rb-4.1.0&q=80&w=1080"; readonly MOBILE_INTERFACE_7: "https://images.unsplash.com/photo-1621691187532-bbeb671757ac?crop=entropy&cs=tinysrgb&fit=max&fm=jpg&ixid=M3w4NDU2OTd8MHwxfHNlYXJjaHwzfHxtb2JpbGUlMjBhcHAlMjBkZWxpdmVyeSUyMGludGVyZmFjZXxlbnwwfDF8fHwxNzcwMTQyNDYzfDA&ixlib=rb-4.1.0&q=80&w=1080"; readonly MOBILE_INTERFACE_8: "https://images.unsplash.com/photo-1621691177818-bcd7c032ef26?crop=entropy&cs=tinysrgb&fit=max&fm=jpg&ixid=M3w4NDU2OTd8MHwxfHNlYXJjaHw4fHxtb2JpbGUlMjBhcHAlMjBkZWxpdmVyeSUyMGludGVyZmFjZXxlbnwwfDF8fHwxNzcwMTQyNDYzfDA&ixlib=rb-4.1.0&q=80&w=1080"; readonly MOBILE_TRACKING_1: "https://images.unsplash.com/photo-1570894808314-677b57f25e45?crop=entropy&cs=tinysrgb&fit=max&fm=jpg&ixid=M3w4NDU5NTF8MHwxfHNlYXJjaHw2fHxzbWFydHBob25lJTIwZGVsaXZlcnklMjB0cmFja2luZyUyMGFwcHxlbnwwfDF8fHwxNzcwMTg2MzYwfDA&ixlib=rb-4.1.0&q=80&w=1080"; readonly MOBILE_TRACKING_10: "https://images.unsplash.com/photo-1750179990399-96757d9aa8a0?crop=entropy&cs=tinysrgb&fit=max&fm=jpg&ixid=M3w4NDU5NTF8MHwxfHNlYXJjaHw4fHxzbWFydHBob25lJTIwZGVsaXZlcnklMjB0cmFja2luZyUyMGFwcHxlbnwwfDF8fHwxNzcwMTg2MzYwfDA&ixlib=rb-4.1.0&q=80&w=1080"; readonly MOBILE_TRACKING_2: "https://images.unsplash.com/photo-1651493355781-20b4e12f3231?crop=entropy&cs=tinysrgb&fit=max&fm=jpg&ixid=M3w4NDU5NTF8MHwxfHNlYXJjaHw0fHxzbWFydHBob25lJTIwZGVsaXZlcnklMjB0cmFja2luZyUyMGFwcHxlbnwwfDF8fHwxNzcwMTg2MzYwfDA&ixlib=rb-4.1.0&q=80&w=1080"; readonly MOBILE_TRACKING_3: "https://images.unsplash.com/photo-1607783822349-805fc62715dd?crop=entropy&cs=tinysrgb&fit=max&fm=jpg&ixid=M3w4NDU5NTF8MHwxfHNlYXJjaHwxMHx8c21hcnRwaG9uZSUyMGRlbGl2ZXJ5JTIwdHJhY2tpbmclMjBhcHB8ZW58MHwxfHx8MTc3MDE4NjM2MHww&ixlib=rb-4.1.0&q=80&w=1080"; readonly MOBILE_TRACKING_4: "https://images.unsplash.com/photo-1706814901248-5ac8b312c5f3?crop=entropy&cs=tinysrgb&fit=max&fm=jpg&ixid=M3w4NDU5NTF8MHwxfHNlYXJjaHwxfHxzbWFydHBob25lJTIwZGVsaXZlcnklMjB0cmFja2luZyUyMGFwcHxlbnwwfDF8fHwxNzcwMTg2MzYwfDA&ixlib=rb-4.1.0&q=80&w=1080"; readonly MOBILE_TRACKING_5: "https://images.unsplash.com/photo-1692681157014-2f7ee75c0ea0?crop=entropy&cs=tinysrgb&fit=max&fm=jpg&ixid=M3w4NDU5NTF8MHwxfHNlYXJjaHwyfHxzbWFydHBob25lJTIwZGVsaXZlcnklMjB0cmFja2luZyUyMGFwcHxlbnwwfDF8fHwxNzcwMTg2MzYwfDA&ixlib=rb-4.1.0&q=80&w=1080"; readonly MOBILE_TRACKING_6: "https://images.unsplash.com/photo-1640017438849-15957fd5b277?crop=entropy&cs=tinysrgb&fit=max&fm=jpg&ixid=M3w4NDU5NTF8MHwxfHNlYXJjaHw1fHxzbWFydHBob25lJTIwZGVsaXZlcnklMjB0cmFja2luZyUyMGFwcHxlbnwwfDF8fHwxNzcwMTg2MzYwfDA&ixlib=rb-4.1.0&q=80&w=1080"; readonly MOBILE_TRACKING_7: "https://images.unsplash.com/photo-1661358788054-9988c0778447?crop=entropy&cs=tinysrgb&fit=max&fm=jpg&ixid=M3w4NDU5NTF8MHwxfHNlYXJjaHwzfHxzbWFydHBob25lJTIwZGVsaXZlcnklMjB0cmFja2luZyUyMGFwcHxlbnwwfDF8fHwxNzcwMTg2MzYwfDA&ixlib=rb-4.1.0&q=80&w=1080"; readonly MOBILE_TRACKING_8: "https://images.unsplash.com/photo-1724246981341-bd289296c157?crop=entropy&cs=tinysrgb&fit=max&fm=jpg&ixid=M3w4NDU5NTF8MHwxfHNlYXJjaHw5fHxzbWFydHBob25lJTIwZGVsaXZlcnklMjB0cmFja2luZyUyMGFwcHxlbnwwfDF8fHwxNzcwMTg2MzYwfDA&ixlib=rb-4.1.0&q=80&w=1080"; readonly MOBILE_TRACKING_9: "https://images.unsplash.com/photo-1621691187532-bbeb671757ac?crop=entropy&cs=tinysrgb&fit=max&fm=jpg&ixid=M3w4NDU5NTF8MHwxfHNlYXJjaHw3fHxzbWFydHBob25lJTIwZGVsaXZlcnklMjB0cmFja2luZyUyMGFwcHxlbnwwfDF8fHwxNzcwMTg2MzYwfDA&ixlib=rb-4.1.0&q=80&w=1080"; readonly RIDER_DELIVERY_1: "https://images.unsplash.com/photo-1558899367-3cd83fb31ed8?crop=entropy&cs=tinysrgb&fit=max&fm=jpg&ixid=M3w4Mzc5NTV8MHwxfHNlYXJjaHw1fHxkZWxpdmVyeSUyMGRyaXZlciUyMG1vdG9yY3ljbGV8ZW58MHwwfHx8MTc3MDE4NjM2MXww&ixlib=rb-4.1.0&q=80&w=1080"; readonly RIDER_DELIVERY_10: "https://images.unsplash.com/photo-1763750648120-7e52c57eb26e?crop=entropy&cs=tinysrgb&fit=max&fm=jpg&ixid=M3w4Mzc5NTV8MHwxfHNlYXJjaHwxMHx8ZGVsaXZlcnklMjBkcml2ZXIlMjBtb3RvcmN5Y2xlfGVufDB8MHx8fDE3NzAxODYzNjF8MA&ixlib=rb-4.1.0&q=80&w=1080"; readonly RIDER_DELIVERY_2: "https://images.unsplash.com/photo-1558899293-c6204574fcd4?crop=entropy&cs=tinysrgb&fit=max&fm=jpg&ixid=M3w4Mzc5NTV8MHwxfHNlYXJjaHwzfHxkZWxpdmVyeSUyMGRyaXZlciUyMG1vdG9yY3ljbGV8ZW58MHwwfHx8MTc3MDE4NjM2MXww&ixlib=rb-4.1.0&q=80&w=1080"; readonly RIDER_DELIVERY_3: "https://images.unsplash.com/photo-1765608461706-2678e824ed15?crop=entropy&cs=tinysrgb&fit=max&fm=jpg&ixid=M3w4Mzc5NTV8MHwxfHNlYXJjaHw4fHxkZWxpdmVyeSUyMGRyaXZlciUyMG1vdG9yY3ljbGV8ZW58MHwwfHx8MTc3MDE4NjM2MXww&ixlib=rb-4.1.0&q=80&w=1080"; readonly RIDER_DELIVERY_4: "https://images.unsplash.com/photo-1767114648562-399d88d7362d?crop=entropy&cs=tinysrgb&fit=max&fm=jpg&ixid=M3w4Mzc5NTV8MHwxfHNlYXJjaHwxfHxkZWxpdmVyeSUyMGRyaXZlciUyMG1vdG9yY3ljbGV8ZW58MHwwfHx8MTc3MDE4NjM2MXww&ixlib=rb-4.1.0&q=80&w=1080"; readonly RIDER_DELIVERY_5: "https://images.unsplash.com/photo-1765808172074-702dc0371f93?crop=entropy&cs=tinysrgb&fit=max&fm=jpg&ixid=M3w4Mzc5NTV8MHwxfHNlYXJjaHwyfHxkZWxpdmVyeSUyMGRyaXZlciUyMG1vdG9yY3ljbGV8ZW58MHwwfHx8MTc3MDE4NjM2MXww&ixlib=rb-4.1.0&q=80&w=1080"; readonly RIDER_DELIVERY_6: "https://images.unsplash.com/photo-1766170507518-e7a6ca397e1c?crop=entropy&cs=tinysrgb&fit=max&fm=jpg&ixid=M3w4Mzc5NTV8MHwxfHNlYXJjaHw0fHxkZWxpdmVyeSUyMGRyaXZlciUyMG1vdG9yY3ljbGV8ZW58MHwwfHx8MTc3MDE4NjM2MXww&ixlib=rb-4.1.0&q=80&w=1080"; readonly RIDER_DELIVERY_7: "https://images.unsplash.com/photo-1762944080592-b0d779ef65ae?crop=entropy&cs=tinysrgb&fit=max&fm=jpg&ixid=M3w4Mzc5NTV8MHwxfHNlYXJjaHw2fHxkZWxpdmVyeSUyMGRyaXZlciUyMG1vdG9yY3ljbGV8ZW58MHwwfHx8MTc3MDE4NjM2MXww&ixlib=rb-4.1.0&q=80&w=1080"; readonly RIDER_DELIVERY_8: "https://images.unsplash.com/photo-1758777151107-b4573745d6c0?crop=entropy&cs=tinysrgb&fit=max&fm=jpg&ixid=M3w4Mzc5NTV8MHwxfHNlYXJjaHw3fHxkZWxpdmVyeSUyMGRyaXZlciUyMG1vdG9yY3ljbGV8ZW58MHwwfHx8MTc3MDE4NjM2MXww&ixlib=rb-4.1.0&q=80&w=1080"; readonly RIDER_DELIVERY_9: "https://images.unsplash.com/photo-1766421687400-e7e742d6f39d?crop=entropy&cs=tinysrgb&fit=max&fm=jpg&ixid=M3w4Mzc5NTV8MHwxfHNlYXJjaHw5fHxkZWxpdmVyeSUyMGRyaXZlciUyMG1vdG9yY3ljbGV8ZW58MHwwfHx8MTc3MDE4NjM2MXww&ixlib=rb-4.1.0&q=80&w=1080"; readonly SCREENSHOT1095_123: "/images/Screenshot1095.png"; readonly SCREENSHOT1487_125: "/images/Screenshot1487.png"; readonly SCREENSHOT3252_118: "/images/Screenshot3252.png"; readonly SCREENSHOT3650_120: "/images/Screenshot3650.png"; readonly SCREENSHOT5040_127: "/images/Screenshot5040.png"; readonly SCREENSHOT5867_121: "/images/Screenshot5867.png"; readonly SCREENSHOT5897_122: "/images/Screenshot5897.png"; readonly SCREENSHOT6115_117: "/images/Screenshot6115.png"; readonly SCREENSHOT6534_126: "/images/Screenshot6534.png"; readonly SCREENSHOT8648_119: "/images/Screenshot8648.png"; readonly SCREENSHOT9336_124: "/images/Screenshot9336.png"; readonly TRACKING_DASHBOARD_1: "https://images.unsplash.com/photo-1640552435845-d65c23b75934?crop=entropy&cs=tinysrgb&fit=max&fm=jpg&ixid=M3w4NDU5NTF8MHwxfHNlYXJjaHwxfHxwYWNrYWdlJTIwdHJhY2tpbmclMjBkYXNoYm9hcmQlMjBzY3JlZW58ZW58MHwwfHx8MTc3MDE0MjQ2Mnww&ixlib=rb-4.1.0&q=80&w=1080"; readonly TRACKING_DASHBOARD_2: "https://images.unsplash.com/photo-1728917330520-9456e3f49529?crop=entropy&cs=tinysrgb&fit=max&fm=jpg&ixid=M3w4NDU5NTF8MHwxfHNlYXJjaHw0fHxwYWNrYWdlJTIwdHJhY2tpbmclMjBkYXNoYm9hcmQlMjBzY3JlZW58ZW58MHwwfHx8MTc3MDE0MjQ2Mnww&ixlib=rb-4.1.0&q=80&w=1080"; readonly TRACKING_DASHBOARD_3: "https://images.unsplash.com/photo-1603596155917-4ec2f4324db0?crop=entropy&cs=tinysrgb&fit=max&fm=jpg&ixid=M3w4NDU5NTF8MHwxfHNlYXJjaHwzfHxwYWNrYWdlJTIwdHJhY2tpbmclMjBkYXNoYm9hcmQlMjBzY3JlZW58ZW58MHwwfHx8MTc3MDE0MjQ2Mnww&ixlib=rb-4.1.0&q=80&w=1080"; readonly TRACKING_DASHBOARD_4: "https://images.unsplash.com/photo-1545340914-8557aa9714e6?crop=entropy&cs=tinysrgb&fit=max&fm=jpg&ixid=M3w4NDU5NTF8MHwxfHNlYXJjaHw3fHxwYWNrYWdlJTIwdHJhY2tpbmclMjBkYXNoYm9hcmQlMjBzY3JlZW58ZW58MHwwfHx8MTc3MDE0MjQ2Mnww&ixlib=rb-4.1.0&q=80&w=1080"; readonly TRACKING_DASHBOARD_5: "https://images.unsplash.com/photo-1738499105721-fb2f8038ec8d?crop=entropy&cs=tinysrgb&fit=max&fm=jpg&ixid=M3w4NDU5NTF8MHwxfHNlYXJjaHw4fHxwYWNrYWdlJTIwdHJhY2tpbmclMjBkYXNoYm9hcmQlMjBzY3JlZW58ZW58MHwwfHx8MTc3MDE0MjQ2Mnww&ixlib=rb-4.1.0&q=80&w=1080"; readonly TRACKING_DASHBOARD_6: "https://images.unsplash.com/photo-1723000545910-de8498a26698?crop=entropy&cs=tinysrgb&fit=max&fm=jpg&ixid=M3w4NDU5NTF8MHwxfHNlYXJjaHw2fHxwYWNrYWdlJTIwdHJhY2tpbmclMjBkYXNoYm9hcmQlMjBzY3JlZW58ZW58MHwwfHx8MTc3MDE0MjQ2Mnww&ixlib=rb-4.1.0&q=80&w=1080"; readonly TRACKING_DASHBOARD_7: "https://images.unsplash.com/photo-1768223927969-f08af51cf730?crop=entropy&cs=tinysrgb&fit=max&fm=jpg&ixid=M3w4NDU5NTF8MHwxfHNlYXJjaHwyfHxwYWNrYWdlJTIwdHJhY2tpbmclMjBkYXNoYm9hcmQlMjBzY3JlZW58ZW58MHwwfHx8MTc3MDE0MjQ2Mnww&ixlib=rb-4.1.0&q=80&w=1080"; readonly TRACKING_DASHBOARD_8: "https://images.unsplash.com/photo-1725777634077-e19c68ac1c4e?crop=entropy&cs=tinysrgb&fit=max&fm=jpg&ixid=M3w4NDU5NTF8MHwxfHNlYXJjaHw1fHxwYWNrYWdlJTIwdHJhY2tpbmclMjBkYXNoYm9hcmQlMjBzY3JlZW58ZW58MHwwfHx8MTc3MDE0MjQ2Mnww&ixlib=rb-4.1.0&q=80&w=1080"; readonly WAREHOUSE_OPS_1: "https://images.unsplash.com/photo-1724709162875-fe100dd0e04b?crop=entropy&cs=tinysrgb&fit=max&fm=jpg&ixid=M3w4NDU5NTF8MHwxfHNlYXJjaHw0fHx3YXJlaG91c2UlMjBtYW5hZ2VtZW50JTIwaW52ZW50b3J5fGVufDB8MHx8fDE3NzAxNDI0NjJ8MA&ixlib=rb-4.1.0&q=80&w=1080"; readonly WAREHOUSE_OPS_10: "https://images.unsplash.com/photo-1769698631158-c1f42e6281cc?crop=entropy&cs=tinysrgb&fit=max&fm=jpg&ixid=M3w4MTk0NTh8MHwxfHNlYXJjaHwyfHx3YXJlaG91c2UlMjBsb2dpc3RpY3MlMjBvcGVyYXRpb25zfGVufDB8MHx8fDE3NzAxODYzNjB8MA&ixlib=rb-4.1.0&q=80&w=1080"; readonly WAREHOUSE_OPS_11: "https://images.unsplash.com/photo-1768796372629-a4e7db99e474?crop=entropy&cs=tinysrgb&fit=max&fm=jpg&ixid=M3w4MTk0NTh8MHwxfHNlYXJjaHwzfHx3YXJlaG91c2UlMjBsb2dpc3RpY3MlMjBvcGVyYXRpb25zfGVufDB8MHx8fDE3NzAxODYzNjB8MA&ixlib=rb-4.1.0&q=80&w=1080"; readonly WAREHOUSE_OPS_12: "https://images.unsplash.com/photo-1768796373634-db43bfd5f064?crop=entropy&cs=tinysrgb&fit=max&fm=jpg&ixid=M3w4MTk0NTh8MHwxfHNlYXJjaHw0fHx3YXJlaG91c2UlMjBsb2dpc3RpY3MlMjBvcGVyYXRpb25zfGVufDB8MHx8fDE3NzAxODYzNjB8MA&ixlib=rb-4.1.0&q=80&w=1080"; readonly WAREHOUSE_OPS_13: "https://images.unsplash.com/photo-1769700821886-e10fa7946ceb?crop=entropy&cs=tinysrgb&fit=max&fm=jpg&ixid=M3w4MTk0NTh8MHwxfHNlYXJjaHw1fHx3YXJlaG91c2UlMjBsb2dpc3RpY3MlMjBvcGVyYXRpb25zfGVufDB8MHx8fDE3NzAxODYzNjB8MA&ixlib=rb-4.1.0&q=80&w=1080"; readonly WAREHOUSE_OPS_14: "https://images.unsplash.com/photo-1769698821962-dc7ea5f9b2bc?crop=entropy&cs=tinysrgb&fit=max&fm=jpg&ixid=M3w4MTk0NTh8MHwxfHNlYXJjaHw2fHx3YXJlaG91c2UlMjBsb2dpc3RpY3MlMjBvcGVyYXRpb25zfGVufDB8MHx8fDE3NzAxODYzNjB8MA&ixlib=rb-4.1.0&q=80&w=1080"; readonly WAREHOUSE_OPS_15: "https://images.unsplash.com/photo-1769701164670-e819d92cc602?crop=entropy&cs=tinysrgb&fit=max&fm=jpg&ixid=M3w4MTk0NTh8MHwxfHNlYXJjaHw3fHx3YXJlaG91c2UlMjBsb2dpc3RpY3MlMjBvcGVyYXRpb25zfGVufDB8MHx8fDE3NzAxODYzNjB8MA&ixlib=rb-4.1.0&q=80&w=1080"; readonly WAREHOUSE_OPS_16: "https://images.unsplash.com/photo-1768796372478-f3c46af523a9?crop=entropy&cs=tinysrgb&fit=max&fm=jpg&ixid=M3w4MTk0NTh8MHwxfHNlYXJjaHw4fHx3YXJlaG91c2UlMjBsb2dpc3RpY3MlMjBvcGVyYXRpb25zfGVufDB8MHx8fDE3NzAxODYzNjB8MA&ixlib=rb-4.1.0&q=80&w=1080"; readonly WAREHOUSE_OPS_17: "https://images.unsplash.com/photo-1769700821917-df00d0f3e621?crop=entropy&cs=tinysrgb&fit=max&fm=jpg&ixid=M3w4MTk0NTh8MHwxfHNlYXJjaHw5fHx3YXJlaG91c2UlMjBsb2dpc3RpY3MlMjBvcGVyYXRpb25zfGVufDB8MHx8fDE3NzAxODYzNjB8MA&ixlib=rb-4.1.0&q=80&w=1080"; readonly WAREHOUSE_OPS_18: "https://images.unsplash.com/photo-1768796371989-411938b4d07b?crop=entropy&cs=tinysrgb&fit=max&fm=jpg&ixid=M3w4MTk0NTh8MHwxfHNlYXJjaHwxMHx8d2FyZWhvdXNlJTIwbG9naXN0aWNzJTIwb3BlcmF0aW9uc3xlbnwwfDB8fHwxNzcwMTg2MzYwfDA&ixlib=rb-4.1.0&q=80&w=1080"; readonly WAREHOUSE_OPS_2: "https://images.unsplash.com/photo-1768796372478-f3c46af523a9?crop=entropy&cs=tinysrgb&fit=max&fm=jpg&ixid=M3w4NDU5NTF8MHwxfHNlYXJjaHwxfHx3YXJlaG91c2UlMjBtYW5hZ2VtZW50JTIwaW52ZW50b3J5fGVufDB8MHx8fDE3NzAxNDI0NjJ8MA&ixlib=rb-4.1.0&q=80&w=1080"; readonly WAREHOUSE_OPS_3: "https://images.unsplash.com/photo-1768796373634-db43bfd5f064?crop=entropy&cs=tinysrgb&fit=max&fm=jpg&ixid=M3w4NDU5NTF8MHwxfHNlYXJjaHwyfHx3YXJlaG91c2UlMjBtYW5hZ2VtZW50JTIwaW52ZW50b3J5fGVufDB8MHx8fDE3NzAxNDI0NjJ8MA&ixlib=rb-4.1.0&q=80&w=1080"; readonly WAREHOUSE_OPS_4: "https://images.unsplash.com/photo-1768796373360-95d80c5830fb?crop=entropy&cs=tinysrgb&fit=max&fm=jpg&ixid=M3w4NDU5NTF8MHwxfHNlYXJjaHwzfHx3YXJlaG91c2UlMjBtYW5hZ2VtZW50JTIwaW52ZW50b3J5fGVufDB8MHx8fDE3NzAxNDI0NjJ8MA&ixlib=rb-4.1.0&q=80&w=1080"; readonly WAREHOUSE_OPS_5: "https://images.unsplash.com/photo-1768796373577-2e6e51351165?crop=entropy&cs=tinysrgb&fit=max&fm=jpg&ixid=M3w4NDU5NTF8MHwxfHNlYXJjaHw1fHx3YXJlaG91c2UlMjBtYW5hZ2VtZW50JTIwaW52ZW50b3J5fGVufDB8MHx8fDE3NzAxNDI0NjJ8MA&ixlib=rb-4.1.0&q=80&w=1080"; readonly WAREHOUSE_OPS_6: "https://images.unsplash.com/photo-1768796372882-8b67936af681?crop=entropy&cs=tinysrgb&fit=max&fm=jpg&ixid=M3w4NDU5NTF8MHwxfHNlYXJjaHw2fHx3YXJlaG91c2UlMjBtYW5hZ2VtZW50JTIwaW52ZW50b3J5fGVufDB8MHx8fDE3NzAxNDI0NjJ8MA&ixlib=rb-4.1.0&q=80&w=1080"; readonly WAREHOUSE_OPS_7: "https://images.unsplash.com/photo-1768796373907-418e59aee549?crop=entropy&cs=tinysrgb&fit=max&fm=jpg&ixid=M3w4NDU5NTF8MHwxfHNlYXJjaHw3fHx3YXJlaG91c2UlMjBtYW5hZ2VtZW50JTIwaW52ZW50b3J5fGVufDB8MHx8fDE3NzAxNDI0NjJ8MA&ixlib=rb-4.1.0&q=80&w=1080"; readonly WAREHOUSE_OPS_8: "https://images.unsplash.com/photo-1768796372629-a4e7db99e474?crop=entropy&cs=tinysrgb&fit=max&fm=jpg&ixid=M3w4NDU5NTF8MHwxfHNlYXJjaHw4fHx3YXJlaG91c2UlMjBtYW5hZ2VtZW50JTIwaW52ZW50b3J5fGVufDB8MHx8fDE3NzAxNDI0NjJ8MA&ixlib=rb-4.1.0&q=80&w=1080"; readonly WAREHOUSE_OPS_9: "https://images.unsplash.com/photo-1768796373307-fc2f843660f8?crop=entropy&cs=tinysrgb&fit=max&fm=jpg&ixid=M3w4MTk0NTh8MHwxfHNlYXJjaHwxfHx3YXJlaG91c2UlMjBsb2dpc3RpY3MlMjBvcGVyYXRpb25zfGVufDB8MHx8fDE3NzAxODYzNjB8MA&ixlib=rb-4.1.0&q=80&w=1080"; }'.
src/pages/SupervisorDashboard.tsx(318,47): error TS2339: Property 'slow' does not exist on type '{ snappy: Transition; gentle: Transition; bouncy: Transition; smooth: Transition; inertia: Transition; }'.
src/pages/SupervisorDashboard.tsx(332,47): error TS2339: Property 'slow' does not exist on type '{ snappy: Transition; gentle: Transition; bouncy: Transition; smooth: Transition; inertia: Transition; }'.
src/pages/Tracking.tsx(17,41): error TS2339: Property 'tracking_number' does not exist on type 'Shipment'.
src/pages/UserManagement.tsx(50,16): error TS2345: Argument of type '{ id: any; full_name: any; role: any; branch_id: any; is_active: any; is_demo: any; branches: { name: any; }[]; }[]' is not assignable to parameter of type 'SetStateAction<UserProfile[]>'.
  Type '{ id: any; full_name: any; role: any; branch_id: any; is_active: any; is_demo: any; branches: { name: any; }[]; }[]' is not assignable to type 'UserProfile[]'.
    Type '{ id: any; full_name: any; role: any; branch_id: any; is_active: any; is_demo: any; branches: { name: any; }[]; }' is not assignable to type 'UserProfile'.
      Types of property 'branches' are incompatible.
        Property 'name' is missing in type '{ name: any; }[]' but required in type '{ name: string; }'.
src/pages/UserManagement.tsx(81,14): error TS2322: Type '{ children: (string | Element)[]; className: string; requiredPermission: string; }' is not assignable to type 'IntrinsicAttributes & ButtonProps & RefAttributes<HTMLButtonElement>'.
  Property 'requiredPermission' does not exist on type 'IntrinsicAttributes & ButtonProps & RefAttributes<HTMLButtonElement>'.
src/pages/UserManagement.tsx(193,25): error TS2322: Type '{ children: Element; variant: "ghost"; size: "icon"; className: string; requiredPermission: string; }' is not assignable to type 'IntrinsicAttributes & ButtonProps & RefAttributes<HTMLButtonElement>'.
  Property 'requiredPermission' does not exist on type 'IntrinsicAttributes & ButtonProps & RefAttributes<HTMLButtonElement>'.
src/pages/Warehouse.tsx(3,8): error TS1192: Module '"D:/final1_23022026/src/pages/warehouse/ReceivingBay"' has no default export.
src/pages/warehouse/DispatchManagement.tsx(4,40): error TS2305: Module '"@/lib/index"' has no exported member 'MOCK_TOWNSHIPS'.
src/pages/warehouse/ReceivingBay.tsx(2,17): error TS2304: Cannot find name 'useLanguageContext'.
src/pages/warehouse/ReceivingBay.tsx(3,49): error TS2304: Cannot find name 'useState'.
src/pages/warehouse/ReceivingBay.tsx(12,12): error TS2304: Cannot find name 'Card'.
src/pages/warehouse/ReceivingBay.tsx(13,14): error TS2304: Cannot find name 'CardHeader'.
src/pages/warehouse/ReceivingBay.tsx(13,26): error TS2304: Cannot find name 'CardTitle'.
src/pages/warehouse/ReceivingBay.tsx(13,106): error TS2304: Cannot find name 'CardTitle'.
src/pages/warehouse/ReceivingBay.tsx(13,118): error TS2304: Cannot find name 'CardHeader'.
src/pages/warehouse/ReceivingBay.tsx(14,14): error TS2304: Cannot find name 'CardContent'.
src/pages/warehouse/ReceivingBay.tsx(18,22): error TS2304: Cannot find name 'Button'.
src/pages/warehouse/ReceivingBay.tsx(18,79): error TS2304: Cannot find name 'Button'.
src/pages/warehouse/ReceivingBay.tsx(19,22): error TS2304: Cannot find name 'Button'.
src/pages/warehouse/ReceivingBay.tsx(19,82): error TS2304: Cannot find name 'Button'.
src/pages/warehouse/ReceivingBay.tsx(22,15): error TS2304: Cannot find name 'CardContent'.
src/pages/warehouse/ReceivingBay.tsx(23,13): error TS2304: Cannot find name 'Card'.
src/pages/warehouse/WarehouseDashboard.tsx(320,29): error TS2339: Property 'WAREHOUSE_QR_SCANNER' does not exist on type '{ readonly HOME: "/"; readonly LOGIN: "/login"; readonly DASHBOARD: "/admin/dashboard"; readonly WAREHOUSE: "/warehouse"; readonly OPERATIONS: "/operations"; readonly ACCOUNTING: "/accounting"; readonly REPORTS: "/reports"; readonly TRACKING: "/tracking"; readonly WAY_MANAGEMENT: "/admin/way-management"; readonly CREATE_SHIPMENT: "/shipments/create"; readonly SETTINGS: "/settings"; }'.
src/pages/warehouse/WarehouseDashboard.tsx(328,29): error TS2339: Property 'WAREHOUSE_SCAN_IN' does not exist on type '{ readonly HOME: "/"; readonly LOGIN: "/login"; readonly DASHBOARD: "/admin/dashboard"; readonly WAREHOUSE: "/warehouse"; readonly OPERATIONS: "/operations"; readonly ACCOUNTING: "/accounting"; readonly REPORTS: "/reports"; readonly TRACKING: "/tracking"; readonly WAY_MANAGEMENT: "/admin/way-management"; readonly CREATE_SHIPMENT: "/shipments/create"; readonly SETTINGS: "/settings"; }'.
src/pages/warehouse/WarehouseDashboard.tsx(336,29): error TS2339: Property 'WAREHOUSE_SORTING' does not exist on type '{ readonly HOME: "/"; readonly LOGIN: "/login"; readonly DASHBOARD: "/admin/dashboard"; readonly WAREHOUSE: "/warehouse"; readonly OPERATIONS: "/operations"; readonly ACCOUNTING: "/accounting"; readonly REPORTS: "/reports"; readonly TRACKING: "/tracking"; readonly WAY_MANAGEMENT: "/admin/way-management"; readonly CREATE_SHIPMENT: "/shipments/create"; readonly SETTINGS: "/settings"; }'.
src/pages/warehouse/WarehouseDashboard.tsx(344,29): error TS2339: Property 'WAREHOUSE_SCAN_OUT' does not exist on type '{ readonly HOME: "/"; readonly LOGIN: "/login"; readonly DASHBOARD: "/admin/dashboard"; readonly WAREHOUSE: "/warehouse"; readonly OPERATIONS: "/operations"; readonly ACCOUNTING: "/accounting"; readonly REPORTS: "/reports"; readonly TRACKING: "/tracking"; readonly WAY_MANAGEMENT: "/admin/way-management"; readonly CREATE_SHIPMENT: "/shipments/create"; readonly SETTINGS: "/settings"; }'.
src/pages/warehouse/WarehouseDashboard.tsx(352,29): error TS2339: Property 'WAREHOUSE_INVENTORY' does not exist on type '{ readonly HOME: "/"; readonly LOGIN: "/login"; readonly DASHBOARD: "/admin/dashboard"; readonly WAREHOUSE: "/warehouse"; readonly OPERATIONS: "/operations"; readonly ACCOUNTING: "/accounting"; readonly REPORTS: "/reports"; readonly TRACKING: "/tracking"; readonly WAY_MANAGEMENT: "/admin/way-management"; readonly CREATE_SHIPMENT: "/shipments/create"; readonly SETTINGS: "/settings"; }'.
src/pages/warehouse/WarehouseDashboard.tsx(360,29): error TS2339: Property 'WAREHOUSE_MANIFESTS' does not exist on type '{ readonly HOME: "/"; readonly LOGIN: "/login"; readonly DASHBOARD: "/admin/dashboard"; readonly WAREHOUSE: "/warehouse"; readonly OPERATIONS: "/operations"; readonly ACCOUNTING: "/accounting"; readonly REPORTS: "/reports"; readonly TRACKING: "/tracking"; readonly WAY_MANAGEMENT: "/admin/way-management"; readonly CREATE_SHIPMENT: "/shipments/create"; readonly SETTINGS: "/settings"; }'.
src/pages/warehouse/WarehouseOperationsPage.tsx(2,17): error TS2304: Cannot find name 'useLanguageContext'.
src/pages/warehouse/WarehouseOperationsPage.tsx(10,8): error TS2304: Cannot find name 'Tabs'.
src/pages/warehouse/WarehouseOperationsPage.tsx(11,10): error TS2304: Cannot find name 'TabsList'.
src/pages/warehouse/WarehouseOperationsPage.tsx(12,12): error TS2304: Cannot find name 'TabsTrigger'.
src/pages/warehouse/WarehouseOperationsPage.tsx(12,74): error TS2304: Cannot find name 'TabsTrigger'.
src/pages/warehouse/WarehouseOperationsPage.tsx(13,12): error TS2304: Cannot find name 'TabsTrigger'.
src/pages/warehouse/WarehouseOperationsPage.tsx(13,72): error TS2304: Cannot find name 'TabsTrigger'.
src/pages/warehouse/WarehouseOperationsPage.tsx(14,12): error TS2304: Cannot find name 'TabsTrigger'.
src/pages/warehouse/WarehouseOperationsPage.tsx(14,64): error TS2304: Cannot find name 'TabsTrigger'.
src/pages/warehouse/WarehouseOperationsPage.tsx(15,12): error TS2304: Cannot find name 'TabsTrigger'.
src/pages/warehouse/WarehouseOperationsPage.tsx(15,67): error TS2304: Cannot find name 'TabsTrigger'.
src/pages/warehouse/WarehouseOperationsPage.tsx(16,11): error TS2304: Cannot find name 'TabsList'.
src/pages/warehouse/WarehouseOperationsPage.tsx(17,9): error TS2304: Cannot find name 'Tabs'.
src/pages/warehouse/WarehouseSorting.tsx(2,17): error TS2304: Cannot find name 'useLanguageContext'.
src/pages/warehouse/WarehouseSorting.tsx(6,9): error TS2304: Cannot find name 'Card'.
src/pages/warehouse/WarehouseSorting.tsx(7,11): error TS2304: Cannot find name 'CardHeader'.
src/pages/warehouse/WarehouseSorting.tsx(8,14): error TS2304: Cannot find name 'CardTitle'.
src/pages/warehouse/WarehouseSorting.tsx(8,88): error TS2304: Cannot find name 'CardTitle'.
src/pages/warehouse/WarehouseSorting.tsx(9,14): error TS2304: Cannot find name 'CardDescription'.
src/pages/warehouse/WarehouseSorting.tsx(9,132): error TS2304: Cannot find name 'CardDescription'.
src/pages/warehouse/WarehouseSorting.tsx(10,12): error TS2304: Cannot find name 'CardHeader'.
src/pages/warehouse/WarehouseSorting.tsx(11,11): error TS2304: Cannot find name 'CardContent'.
src/pages/warehouse/WarehouseSorting.tsx(12,14): error TS2304: Cannot find name 'Button'.
src/pages/warehouse/WarehouseSorting.tsx(14,15): error TS2304: Cannot find name 'Button'.
src/pages/warehouse/WarehouseSorting.tsx(15,12): error TS2304: Cannot find name 'CardContent'.
src/pages/warehouse/WarehouseSorting.tsx(16,10): error TS2304: Cannot find name 'Card'.
src/pages/WarehouseDashboard.tsx(20,10): error TS2305: Module '"@/components/ui/SharedComponents"' has no exported member 'StatCard'.
src/pages/WarehouseOperations.tsx(53,3): error TS2305: Module '"@/lib/index"' has no exported member 'generateTrackingNumber'.
src/pages/WarehouseOperations.tsx(57,10): error TS2614: Module '"@/components/QRScanner"' has no exported member 'QRScanner'. Did you mean to use 'import QRScanner from "@/components/QRScanner"' instead?
src/pages/WarehouseOperations.tsx(59,10): error TS2614: Module '"@/components/StatusBadge"' has no exported member 'StatusBadge'. Did you mean to use 'import StatusBadge from "@/components/StatusBadge"' instead?
src/pages/WarehouseOperations.tsx(67,5): error TS2353: Object literal may only specify known properties, and 'trackingNumber' does not exist in type 'Shipment'.
src/pages/WarehouseOperations.tsx(79,5): error TS2353: Object literal may only specify known properties, and 'trackingNumber' does not exist in type 'Shipment'.
src/pages/WarehouseOperations.tsx(91,5): error TS2353: Object literal may only specify known properties, and 'trackingNumber' does not exist in type 'Shipment'.
src/pages/WarehouseOperations.tsx(157,12): error TS2339: Property 'trackingNumber' does not exist on type 'Shipment'.
src/pages/WarehouseOperations.tsx(285,85): error TS2339: Property 'trackingNumber' does not exist on type 'Shipment'.
src/pages/WarehouseOperations.tsx(292,38): error TS2339: Property 'destination' does not exist on type 'Shipment'.
src/pages/WarehouseOperations.tsx(297,40): error TS2551: Property 'created_at' does not exist on type 'Shipment'. Did you mean 'createdAt'?
src/pages/WarehouseOperations.tsx(300,44): error TS2339: Property 'cod_amount' does not exist on type 'Shipment'.
src/pages/WarehouseOperations.tsx(367,80): error TS2339: Property 'trackingNumber' does not exist on type 'Shipment'.
src/pages/WarehouseOperations.tsx(368,105): error TS2339: Property 'updated_at' does not exist on type 'Shipment'.
src/pages/WarehouseOperations.tsx(433,60): error TS2339: Property 'trackingNumber' does not exist on type 'Shipment'.
src/pages/WarehouseOperations.tsx(434,38): error TS2339: Property 'destination' does not exist on type 'Shipment'.
